Training fresh full deviations for the selected count...
Training rounds=100000000 speed=4166493 rounds/sec avg|delta Q|=0.18347770 threshold=0.00500000
Training rounds=200000000 speed=4147743 rounds/sec avg|delta Q|=0.03897450 threshold=0.00500000
Training rounds=300000000 speed=4037250 rounds/sec avg|delta Q|=0.02473738 threshold=0.00500000
Training rounds=400000000 speed=4004004 rounds/sec avg|delta Q|=0.01906937 threshold=0.00500000
Training rounds=500000000 speed=3980606 rounds/sec avg|delta Q|=0.01601808 threshold=0.00500000
Training rounds=600000000 speed=3958567 rounds/sec avg|delta Q|=0.01398686 threshold=0.00500000
Training rounds=700000000 speed=3952547 rounds/sec avg|delta Q|=0.01269218 threshold=0.00500000
Training rounds=800000000 speed=3945357 rounds/sec avg|delta Q|=0.01175247 threshold=0.00500000
Training rounds=900000000 speed=3929033 rounds/sec avg|delta Q|=0.01094773 threshold=0.00500000
Training rounds=1000000000 speed=3902074 rounds/sec avg|delta Q|=0.01028003 threshold=0.00500000
Training rounds=1100000000 speed=3896812 rounds/sec avg|delta Q|=0.00974400 threshold=0.00500000
Training rounds=1200000000 speed=3890041 rounds/sec avg|delta Q|=0.00931243 threshold=0.00500000
Training rounds=1300000000 speed=3875449 rounds/sec avg|delta Q|=0.00894614 threshold=0.00500000
Training rounds=1400000000 speed=3860535 rounds/sec avg|delta Q|=0.00860645 threshold=0.00500000
Training rounds=1500000000 speed=3856557 rounds/sec avg|delta Q|=0.00834939 threshold=0.00500000
Training rounds=1600000000 speed=3836001 rounds/sec avg|delta Q|=0.00808450 threshold=0.00500000
Training rounds=1700000000 speed=3835766 rounds/sec avg|delta Q|=0.00780321 threshold=0.00500000
Training rounds=1800000000 speed=3825335 rounds/sec avg|delta Q|=0.00755514 threshold=0.00500000
Training rounds=1900000000 speed=3810188 rounds/sec avg|delta Q|=0.00741797 threshold=0.00500000
Training rounds=2000000000 speed=3807580 rounds/sec avg|delta Q|=0.00724623 threshold=0.00500000
Training rounds=2100000000 speed=3802350 rounds/sec avg|delta Q|=0.00706443 threshold=0.00500000
Training rounds=2200000000 speed=3799235 rounds/sec avg|delta Q|=0.00684398 threshold=0.00500000
Training rounds=2300000000 speed=3794309 rounds/sec avg|delta Q|=0.00671984 threshold=0.00500000
Training rounds=2400000000 speed=3785847 rounds/sec avg|delta Q|=0.00658186 threshold=0.00500000
Training rounds=2500000000 speed=3791458 rounds/sec avg|delta Q|=0.00644518 threshold=0.00500000
Training rounds=2600000000 speed=3791104 rounds/sec avg|delta Q|=0.00628971 threshold=0.00500000
Training rounds=2700000000 speed=3781936 rounds/sec avg|delta Q|=0.00616874 threshold=0.00500000
Training rounds=2800000000 speed=3782547 rounds/sec avg|delta Q|=0.00611203 threshold=0.00500000
Training rounds=2900000000 speed=3782247 rounds/sec avg|delta Q|=0.00596668 threshold=0.00500000
Training rounds=3000000000 speed=3780013 rounds/sec avg|delta Q|=0.00585150 threshold=0.00500000
Training rounds=3100000000 speed=3781742 rounds/sec avg|delta Q|=0.00577645 threshold=0.00500000
Training rounds=3200000000 speed=3778571 rounds/sec avg|delta Q|=0.00567374 threshold=0.00500000
Training rounds=3300000000 speed=3776318 rounds/sec avg|delta Q|=0.00555730 threshold=0.00500000
Training rounds=3400000000 speed=3775227 rounds/sec avg|delta Q|=0.00547976 threshold=0.00500000
Training rounds=3500000000 speed=3774932 rounds/sec avg|delta Q|=0.00540469 threshold=0.00500000
Training rounds=3600000000 speed=3771083 rounds/sec avg|delta Q|=0.00531152 threshold=0.00500000
Training rounds=3700000000 speed=3766651 rounds/sec avg|delta Q|=0.00527696 threshold=0.00500000
Training rounds=3800000000 speed=3762484 rounds/sec avg|delta Q|=0.00516262 threshold=0.00500000
Training rounds=3900000000 speed=3760192 rounds/sec avg|delta Q|=0.00509589 threshold=0.00500000
Training rounds=4000000000 speed=3758106 rounds/sec avg|delta Q|=0.00505572 threshold=0.00500000
Training rounds=4100000000 speed=3756316 rounds/sec avg|delta Q|=0.00495859 threshold=0.00500000

=== EvaluateCountPolicy ===
Command:          /home/pliops/BlackJackCounts/build/bin/EvaluateCountPolicy --game blackjack --count-name ko --policy full-deviations --output-dir /home/pliops/BlackJackCounts/paper_materials/performance-suites/h17c03_5b_named_counts_continuous/bj3-2/ko_d2/full_deviations --decks 2 --penetration 75 --ss17 false --peek true --surr no --das true --sas 4 --don ANY --rsa false --hsa false --bj 1.5 --factor 0.005 --bias -0.0045688 --count-normalization running --initial-count 0 --initial-count-per-deck 0 --continuous-betting-count true --min-count -20 --max-count 30 --num-rounds 5000000000 --stop-mode diff --sample-rounds 100000000 --diff-threshold 0.005 --eval-rounds 5000000000 --kelly-rounds 1000000 --kelly-measurements 1000 --kelly-min 0.50 --kelly-max 1.00 --kelly-step 0.05 --max-total-wager-fraction 1.0 --num-threads 10 --seed 12345
Game:             blackjack
Scenario:         decks=2_ss17=False_das=True_sas=4_don=Any_reSplitAces=False_hitSplitAces=False_surr=no_peek=True_bj-pays=1.5
Penetration:      75.00000000%
Count:            named count ko
Policy:           fresh full deviations trained for the selected count
Spread:           5000000000 rounds, 1:10
Kelly:            1000 x 1000000 rounds per multiplier
Kelly search:     0.50000000 to 1.00000000 step 0.05000000
Total wager cap:  1.00000000 x round-start bankroll
Threads:          10
Seed:             12345
Output:           /home/pliops/BlackJackCounts/paper_materials/performance-suites/h17c03_5b_named_counts_continuous/bj3-2/ko_d2/full_deviations/

Count weights:
   2  1.000000000000
   3  1.000000000000
   4  1.000000000000
   5  1.000000000000
   6  1.000000000000
   7  1.000000000000
   8  0.000000000000
   9  0.000000000000
  10  -1.000000000000
   J  -1.000000000000
   Q  -1.000000000000
   K  -1.000000000000
   A  -1.000000000000
Transform: running = 0.000000000000 + (0.000000000000 * decks) + tags; selected=running_count
Signal f(c) = -0.004568800000 + 0.005000000000 * c

Running spread and Kelly evaluations...

=== Result ===
Spread edge:               0.037164097600
Kelly growth @1:           0.999951722566
Kelly exposure rounds @1: 1000000000
Mean gross wager/bankroll: 0.015700483180
Max gross wager/bankroll:  0.598018400000
Mean |fX|:                 0.014614827641
Max |fX|:                  0.563449600000

Saved results to /home/pliops/BlackJackCounts/paper_materials/performance-suites/h17c03_5b_named_counts_continuous/bj3-2/ko_d2/full_deviations/
