Training fresh full deviations for the selected count...
Training rounds=100000000 speed=4193048 rounds/sec avg|delta Q|=0.18218360 threshold=0.00500000
Training rounds=200000000 speed=4155499 rounds/sec avg|delta Q|=0.03879963 threshold=0.00500000
Training rounds=300000000 speed=4095899 rounds/sec avg|delta Q|=0.02474875 threshold=0.00500000
Training rounds=400000000 speed=4051043 rounds/sec avg|delta Q|=0.01894773 threshold=0.00500000
Training rounds=500000000 speed=4036197 rounds/sec avg|delta Q|=0.01591763 threshold=0.00500000
Training rounds=600000000 speed=4062041 rounds/sec avg|delta Q|=0.01395737 threshold=0.00500000
Training rounds=700000000 speed=4049754 rounds/sec avg|delta Q|=0.01262049 threshold=0.00500000
Training rounds=800000000 speed=4032705 rounds/sec avg|delta Q|=0.01166662 threshold=0.00500000
Training rounds=900000000 speed=4009212 rounds/sec avg|delta Q|=0.01091874 threshold=0.00500000
Training rounds=1000000000 speed=3995333 rounds/sec avg|delta Q|=0.01035418 threshold=0.00500000
Training rounds=1100000000 speed=3956450 rounds/sec avg|delta Q|=0.00967879 threshold=0.00500000
Training rounds=1200000000 speed=3936052 rounds/sec avg|delta Q|=0.00929941 threshold=0.00500000
Training rounds=1300000000 speed=3925571 rounds/sec avg|delta Q|=0.00890549 threshold=0.00500000
Training rounds=1400000000 speed=3906522 rounds/sec avg|delta Q|=0.00856492 threshold=0.00500000
Training rounds=1500000000 speed=3882791 rounds/sec avg|delta Q|=0.00829827 threshold=0.00500000
Training rounds=1600000000 speed=3875331 rounds/sec avg|delta Q|=0.00800793 threshold=0.00500000
Training rounds=1700000000 speed=3868842 rounds/sec avg|delta Q|=0.00774052 threshold=0.00500000
Training rounds=1800000000 speed=3854703 rounds/sec avg|delta Q|=0.00754725 threshold=0.00500000
Training rounds=1900000000 speed=3839260 rounds/sec avg|delta Q|=0.00735709 threshold=0.00500000
Training rounds=2000000000 speed=3821388 rounds/sec avg|delta Q|=0.00718491 threshold=0.00500000
Training rounds=2100000000 speed=3821413 rounds/sec avg|delta Q|=0.00695275 threshold=0.00500000
Training rounds=2200000000 speed=3811933 rounds/sec avg|delta Q|=0.00684308 threshold=0.00500000
Training rounds=2300000000 speed=3803841 rounds/sec avg|delta Q|=0.00664931 threshold=0.00500000
Training rounds=2400000000 speed=3789296 rounds/sec avg|delta Q|=0.00654246 threshold=0.00500000
Training rounds=2500000000 speed=3787477 rounds/sec avg|delta Q|=0.00639192 threshold=0.00500000
Training rounds=2600000000 speed=3774045 rounds/sec avg|delta Q|=0.00633570 threshold=0.00500000
Training rounds=2700000000 speed=3766536 rounds/sec avg|delta Q|=0.00615715 threshold=0.00500000
Training rounds=2800000000 speed=3754760 rounds/sec avg|delta Q|=0.00606594 threshold=0.00500000
Training rounds=2900000000 speed=3749803 rounds/sec avg|delta Q|=0.00591188 threshold=0.00500000
Training rounds=3000000000 speed=3745880 rounds/sec avg|delta Q|=0.00586209 threshold=0.00500000
Training rounds=3100000000 speed=3736295 rounds/sec avg|delta Q|=0.00576851 threshold=0.00500000
Training rounds=3200000000 speed=3730312 rounds/sec avg|delta Q|=0.00566973 threshold=0.00500000
Training rounds=3300000000 speed=3726228 rounds/sec avg|delta Q|=0.00558535 threshold=0.00500000
Training rounds=3400000000 speed=3715770 rounds/sec avg|delta Q|=0.00547552 threshold=0.00500000
Training rounds=3500000000 speed=3715866 rounds/sec avg|delta Q|=0.00537992 threshold=0.00500000
Training rounds=3600000000 speed=3708878 rounds/sec avg|delta Q|=0.00529628 threshold=0.00500000
Training rounds=3700000000 speed=3707318 rounds/sec avg|delta Q|=0.00524993 threshold=0.00500000
Training rounds=3800000000 speed=3702639 rounds/sec avg|delta Q|=0.00520297 threshold=0.00500000
Training rounds=3900000000 speed=3699063 rounds/sec avg|delta Q|=0.00510824 threshold=0.00500000
Training rounds=4000000000 speed=3699579 rounds/sec avg|delta Q|=0.00502369 threshold=0.00500000
Training rounds=4100000000 speed=3693155 rounds/sec avg|delta Q|=0.00498986 threshold=0.00500000

=== EvaluateCountPolicy ===
Command:          /home/pliops/BlackJackCounts/build/bin/EvaluateCountPolicy --game blackjack --count-name ko --policy full-deviations --output-dir /home/pliops/BlackJackCounts/paper_materials/performance-suites/h17c03_5b_named_counts_continuous/bj6-5/ko_d2/full_deviations --decks 2 --penetration 75 --ss17 false --peek true --surr no --das true --sas 4 --don ANY --rsa false --hsa false --bj 1.2 --factor 0.005 --bias -0.0183038 --count-normalization running --initial-count 0 --initial-count-per-deck 0 --continuous-betting-count true --min-count -20 --max-count 30 --num-rounds 5000000000 --stop-mode diff --sample-rounds 100000000 --diff-threshold 0.005 --eval-rounds 5000000000 --kelly-rounds 1000000 --kelly-measurements 1000 --kelly-min 0.50 --kelly-max 1.00 --kelly-step 0.05 --max-total-wager-fraction 1.0 --num-threads 10 --seed 12345
Game:             blackjack
Scenario:         decks=2_ss17=False_das=True_sas=4_don=Any_reSplitAces=False_hitSplitAces=False_surr=no_peek=True_bj-pays=1.2
Penetration:      75.00000000%
Count:            named count ko
Policy:           fresh full deviations trained for the selected count
Spread:           5000000000 rounds, 1:10
Kelly:            1000 x 1000000 rounds per multiplier
Kelly search:     0.50000000 to 1.00000000 step 0.05000000
Total wager cap:  1.00000000 x round-start bankroll
Threads:          10
Seed:             12345
Output:           /home/pliops/BlackJackCounts/paper_materials/performance-suites/h17c03_5b_named_counts_continuous/bj6-5/ko_d2/full_deviations/

Count weights:
   2  1.000000000000
   3  1.000000000000
   4  1.000000000000
   5  1.000000000000
   6  1.000000000000
   7  1.000000000000
   8  0.000000000000
   9  0.000000000000
  10  -1.000000000000
   J  -1.000000000000
   Q  -1.000000000000
   K  -1.000000000000
   A  -1.000000000000
Transform: running = 0.000000000000 + (0.000000000000 * decks) + tags; selected=running_count
Signal f(c) = -0.018303800000 + 0.005000000000 * c

Running spread and Kelly evaluations...

=== Result ===
Spread edge:               -0.014866888546
Kelly growth @1:           0.999948184710
Kelly exposure rounds @1: 1000000000
Mean gross wager/bankroll: 0.007942890189
Max gross wager/bankroll:  0.483481000000
Mean |fX|:                 0.007271288978
Max |fX|:                  0.483481000000

Saved results to /home/pliops/BlackJackCounts/paper_materials/performance-suites/h17c03_5b_named_counts_continuous/bj6-5/ko_d2/full_deviations/
