
=== AlternatingOptimization ===
Command:       /home/neria/Desktop/BlackjaclCpp/build/bin/AlternatingOptimization --game blackjack --penetration 75 --ss17 false --peek true --surr no --das true --sas 4 --don ANY --rsa false --hsa false --bj 1.2 --num-threads 5 --stop-mode diff --sample-rounds 100000000 --diff-threshold 0.005 --num-rounds 5000000000 --eval-rounds 5000000000 --graph-rounds 500000000 --kelly-measurements 1000 --kelly-fraction-step 0.05 --iterations 3 --sample-every 5 --decks 1 --count-quadratic-kelly --count-sum-zero-fixed-b1 --checkpoint-name h17c03_5b_bj6-5_qk_b1
Scenario:      decks=1_ss17=False_das=True_sas=4_don=Any_reSplitAces=False_hitSplitAces=False_surr=no_peek=True_bj-pays=1.2_penetration=75%
Policy stop:   diff  sample=100000000  threshold=0.005  Threads: 5
Count rounds:  25000000000  (record every 5 => target 5000000000 recorded samples)
Eval rounds:   5000000000
Graph rounds:  500000000
Iterations:    3  (each iteration learns P_k then W_{k+1})
Count objective: quadratic_kelly
Count constraint: sum_zero_fixed_w1_bias
Penetration:   75%
Sample-every:  5
Kelly sweep:  centered at fitted-signal multiplier 1.0 +/- 0.25 (minimum 0)  step 0.05
Folder:        /home/neria/Desktop/BlackjaclCpp/checkpoints/alternating-checkpoints/h17c03_5b_bj6-5_qk_b1_decks=1_ss17=False_das=True_surr=no_peek=True/
Initial count: none (all zeros)
Count scaling:  average 10/J/Q/K tag = -1
===============================
P0 sample rounds=100000000  speed=6462036 hands/sec  avg|ΔQ|=0.405010  threshold=0.005000
P0 sample rounds=200000000  speed=6343769 hands/sec  avg|ΔQ|=0.016042  threshold=0.005000
P0 sample rounds=300000000  speed=6225100 hands/sec  avg|ΔQ|=0.012334  threshold=0.005000
P0 sample rounds=400000000  speed=6171506 hands/sec  avg|ΔQ|=0.010661  threshold=0.005000
P0 sample rounds=500000000  speed=6127376 hands/sec  avg|ΔQ|=0.009941  threshold=0.005000
P0 sample rounds=600000000  speed=6075888 hands/sec  avg|ΔQ|=0.008753  threshold=0.005000
P0 sample rounds=700000000  speed=6047255 hands/sec  avg|ΔQ|=0.007958  threshold=0.005000
P0 sample rounds=800000000  speed=6018613 hands/sec  avg|ΔQ|=0.006832  threshold=0.005000
P0 sample rounds=900000000  speed=5996123 hands/sec  avg|ΔQ|=0.006590  threshold=0.005000
P0 sample rounds=1000000000  speed=5977501 hands/sec  avg|ΔQ|=0.006189  threshold=0.005000
P0 sample rounds=1100000000  speed=5959508 hands/sec  avg|ΔQ|=0.005969  threshold=0.005000
P0 sample rounds=1200000000  speed=5936627 hands/sec  avg|ΔQ|=0.005353  threshold=0.005000
P0 sample rounds=1300000000  speed=5921985 hands/sec  avg|ΔQ|=0.005463  threshold=0.005000
P0 sample rounds=1400000000  speed=5901297 hands/sec  avg|ΔQ|=0.004880  threshold=0.005000

--- P0 ---
Training rounds: 1400000000
Training speed: 5901297 hands/sec
Training flat edge:   -0.111902
Evaluation flat edge (5000000000 rounds): -0.015596  std(X): 1.144648  E[X^2]: 1.310462
Spread/Kelly evaluation skipped for P0: W0 is the zero count, so no positive-count betting signal is expected.

=== P0 Strategy ===

========== Count: 0 ==========

Hard
       2   3   4   5   6   7   8   9  10   A
  5    H   H   H   H   H   H   H   H   H   H
  6    H   H   H   H   H   H   H   H   H   H
  7    H   H   H   H   H   H   H   H   H   H
  8    H   H   H  Dh  Dh   H   H   H   H   H
  9   Dh  Dh  Dh  Dh  Dh   H   H   H   H   H
 10   Dh  Dh  Dh  Dh  Dh  Dh  Dh  Dh   H   H
 11   Dh  Dh  Dh  Dh  Dh  Dh  Dh  Dh  Dh  Dh
 12    H   H   S   S   S   H   H   H   H   H
 13    S   S   S   S   S   H   H   H   H   H
 14    S   S   S   S   S   H   H   H   H   H
 15    S   S   S   S   S   H   H   H   H   H
 16    S   S   S   S   S   H   H   H   H   H
 17    S   S   S   S   S   S   S   S   S   S
 18    S   S   S   S   S   S   S   S   S   S
 19    S   S   S   S   S   S   S   S   S   S
 20    S   S   S   S   S   S   S   S   S   S
 21    S   S   S   S   S   S   S   S   S   S

Soft
       2   3   4   5   6   7   8   9  10   A
 12    S   S   S   S   S   S   S   S   S   S
 13    H   H   H  Dh  Dh   H   H   H   H   H
 14    H   H   H  Dh  Dh   H   H   H   H   H
 15    H   H   H  Dh  Dh   H   H   H   H   H
 16    H   H  Dh  Dh  Dh   H   H   H   H   H
 17   Dh  Dh  Dh  Dh  Dh   H   H   H   H   H
 18   Ds  Ds  Ds  Ds  Ds   S   S   H   H   H
 19    S   S   S   S  Ds   S   S   S   S   S
 20    S   S   S   S   S   S   S   S   S   S
 21    S   S   S   S   S   S   S   S   S   S

Pair
       2   3   4   5   6   7   8   9  10   A
  2    P   P   P   P   P   P   H   H   H   H
  3    P   P   P   P   P   P   H   H   H   H
  4    H   H   H   P   P   H   H   H   H   H
  5   Dh  Dh  Dh  Dh  Dh  Dh  Dh  Dh   H   H
  6    P   P   P   P   P   P   H   H   H   H
  7    P   P   P   P   P   P   P   H   H   H
  8    P   P   P   P   P   P   P   P   P   P
  9    P   P   P   P   P   S   P   P   S   S
 10    S   S   S   S   S   S   S   S   S   S
 11    P   P   P   P   P   P   P   P   P   P

One card
       2   3   4   5   6   7   8   9  10   A
  2    H   H   H   H   H   H   H   H   H   H
  3    H   H   H   H   H   H   H   H   H   H
  4    H   H   H   H   H   H   H   H   H   H
  5    H   H   H   H   H   H   H   H   H   H
  6    H   H   H   H   H   H   H   H   H   H
  7    H   H   H   H   H   H   H   H   H   H
  8    H   H   H   H   H   H   H   H   H   H
  9    H   H   H   H   H   H   H   H   H   H
 10    H   H   H   H   H   H   H   H   H   H
  A    H   H   H   H   H   H   H   H   H   H

BlackJack
       2   3   4   5   6   7   8   9  10   A
 21    S   S   S   S   S   S   S   S   S   S
========================

--- W1 ---
Recorded rounds: 5000000000  speed: 11244956 hands/sec
Count table:
  Card      Original      Used          
  --------------------------------------
  2         0.6731        0.6731        
  3         0.7854        0.7854        
  4         1.0782        1.0782        
  5         1.2944        1.2944        
  6         0.8094        0.8094        
  7         0.4021        0.4021        
  8         -0.0960       -0.0960       
  9         -0.4673       -0.4673       
  10        -1.0032       -1.0000       
  J         -0.9997       -1.0000       
  Q         -0.9993       -1.0000       
  K         -0.9978       -1.0000       
  A         -0.4793       -0.4793       
  Bias      -0.009778   
  Bet>0 TC  2.733937    
  Factor    0.003576    

Spread 1:10 evaluation edge (5000000000 rounds): 0.011703  std(X): 5.231865  E[X^2]: 27.372552
Optimal Kelly multiplier:    0.800000  fitted-signal target: 1.000000
Optimal Kelly growth/round:  1.000024  stddev: 0.000008
Sanity checks:
  Sum(weights): -0.000000  (PASS, expected near 0)
  10-value consistency: mean=-1.000000  max_dev=0.003178  rel=0.317838%  (PASS)
  Bias vs flat edge: bias=-0.009778  flat_edge=-0.015596  diff=0.005818  rel_to_0.5%=116.356578%
  Bias constraint: free
EV-count graph:         41 points  res=0.250000  speed: 9961945 hands/sec
Count histogram:        total=371199046  symmetry_rel_diff=6.2694%  (PASS, expected roughly symmetric)
P1 sample rounds=100000000  speed=5209419 hands/sec  avg|ΔQ|=0.366861  threshold=0.005000
P1 sample rounds=200000000  speed=5087117 hands/sec  avg|ΔQ|=0.041388  threshold=0.005000
P1 sample rounds=300000000  speed=5000083 hands/sec  avg|ΔQ|=0.027988  threshold=0.005000
P1 sample rounds=400000000  speed=4924471 hands/sec  avg|ΔQ|=0.023150  threshold=0.005000
P1 sample rounds=500000000  speed=4866180 hands/sec  avg|ΔQ|=0.020590  threshold=0.005000
P1 sample rounds=600000000  speed=4808656 hands/sec  avg|ΔQ|=0.018997  threshold=0.005000
P1 sample rounds=700000000  speed=4758635 hands/sec  avg|ΔQ|=0.017816  threshold=0.005000
P1 sample rounds=800000000  speed=4719319 hands/sec  avg|ΔQ|=0.016803  threshold=0.005000
P1 sample rounds=900000000  speed=4681453 hands/sec  avg|ΔQ|=0.015947  threshold=0.005000
P1 sample rounds=1000000000  speed=4649346 hands/sec  avg|ΔQ|=0.015337  threshold=0.005000
P1 sample rounds=1100000000  speed=4621810 hands/sec  avg|ΔQ|=0.014638  threshold=0.005000
P1 sample rounds=1200000000  speed=4596715 hands/sec  avg|ΔQ|=0.014126  threshold=0.005000
P1 sample rounds=1300000000  speed=4574775 hands/sec  avg|ΔQ|=0.013299  threshold=0.005000
P1 sample rounds=1400000000  speed=4547344 hands/sec  avg|ΔQ|=0.012969  threshold=0.005000
P1 sample rounds=1500000000  speed=4528480 hands/sec  avg|ΔQ|=0.012492  threshold=0.005000
P1 sample rounds=1600000000  speed=4508681 hands/sec  avg|ΔQ|=0.012020  threshold=0.005000
P1 sample rounds=1700000000  speed=4493562 hands/sec  avg|ΔQ|=0.011734  threshold=0.005000
P1 sample rounds=1800000000  speed=4479194 hands/sec  avg|ΔQ|=0.011380  threshold=0.005000
P1 sample rounds=1900000000  speed=4463814 hands/sec  avg|ΔQ|=0.011059  threshold=0.005000
P1 sample rounds=2000000000  speed=4448112 hands/sec  avg|ΔQ|=0.010415  threshold=0.005000
P1 sample rounds=2100000000  speed=4436285 hands/sec  avg|ΔQ|=0.010386  threshold=0.005000
P1 sample rounds=2200000000  speed=4425144 hands/sec  avg|ΔQ|=0.009976  threshold=0.005000
P1 sample rounds=2300000000  speed=4411954 hands/sec  avg|ΔQ|=0.009578  threshold=0.005000
P1 sample rounds=2400000000  speed=4402192 hands/sec  avg|ΔQ|=0.009510  threshold=0.005000
P1 sample rounds=2500000000  speed=4392222 hands/sec  avg|ΔQ|=0.009145  threshold=0.005000
P1 sample rounds=2600000000  speed=4379759 hands/sec  avg|ΔQ|=0.008963  threshold=0.005000
P1 sample rounds=2700000000  speed=4368147 hands/sec  avg|ΔQ|=0.008826  threshold=0.005000
P1 sample rounds=2800000000  speed=4358981 hands/sec  avg|ΔQ|=0.008456  threshold=0.005000
P1 sample rounds=2900000000  speed=4350572 hands/sec  avg|ΔQ|=0.008346  threshold=0.005000
P1 sample rounds=3000000000  speed=4342697 hands/sec  avg|ΔQ|=0.008230  threshold=0.005000
P1 sample rounds=3100000000  speed=4331285 hands/sec  avg|ΔQ|=0.007945  threshold=0.005000
P1 sample rounds=3200000000  speed=4324365 hands/sec  avg|ΔQ|=0.007951  threshold=0.005000
P1 sample rounds=3300000000  speed=4316027 hands/sec  avg|ΔQ|=0.007695  threshold=0.005000
P1 sample rounds=3400000000  speed=4308422 hands/sec  avg|ΔQ|=0.007525  threshold=0.005000
P1 sample rounds=3500000000  speed=4300674 hands/sec  avg|ΔQ|=0.007311  threshold=0.005000
P1 sample rounds=3600000000  speed=4293381 hands/sec  avg|ΔQ|=0.007167  threshold=0.005000
P1 sample rounds=3700000000  speed=4287002 hands/sec  avg|ΔQ|=0.007063  threshold=0.005000
P1 sample rounds=3800000000  speed=4280089 hands/sec  avg|ΔQ|=0.006878  threshold=0.005000
P1 sample rounds=3900000000  speed=4273921 hands/sec  avg|ΔQ|=0.006852  threshold=0.005000
P1 sample rounds=4000000000  speed=4268752 hands/sec  avg|ΔQ|=0.006724  threshold=0.005000
P1 sample rounds=4100000000  speed=4262548 hands/sec  avg|ΔQ|=0.006561  threshold=0.005000
P1 sample rounds=4200000000  speed=4257480 hands/sec  avg|ΔQ|=0.006468  threshold=0.005000
P1 sample rounds=4300000000  speed=4252550 hands/sec  avg|ΔQ|=0.006392  threshold=0.005000
P1 sample rounds=4400000000  speed=4246662 hands/sec  avg|ΔQ|=0.006222  threshold=0.005000
P1 sample rounds=4500000000  speed=4240554 hands/sec  avg|ΔQ|=0.006232  threshold=0.005000
P1 sample rounds=4600000000  speed=4235096 hands/sec  avg|ΔQ|=0.006094  threshold=0.005000
P1 sample rounds=4700000000  speed=4230514 hands/sec  avg|ΔQ|=0.005992  threshold=0.005000
P1 sample rounds=4800000000  speed=4225985 hands/sec  avg|ΔQ|=0.005900  threshold=0.005000
P1 sample rounds=4900000000  speed=4220427 hands/sec  avg|ΔQ|=0.005779  threshold=0.005000
P1 sample rounds=5000000000  speed=4216321 hands/sec  avg|ΔQ|=0.005776  threshold=0.005000
P1 sample rounds=5100000000  speed=4211729 hands/sec  avg|ΔQ|=0.005633  threshold=0.005000
P1 sample rounds=5200000000  speed=4206967 hands/sec  avg|ΔQ|=0.005520  threshold=0.005000
P1 sample rounds=5300000000  speed=4203163 hands/sec  avg|ΔQ|=0.005374  threshold=0.005000
P1 sample rounds=5400000000  speed=4199309 hands/sec  avg|ΔQ|=0.005355  threshold=0.005000
P1 sample rounds=5500000000  speed=4194919 hands/sec  avg|ΔQ|=0.005300  threshold=0.005000
P1 sample rounds=5600000000  speed=4191105 hands/sec  avg|ΔQ|=0.005223  threshold=0.005000
P1 sample rounds=5700000000  speed=4186882 hands/sec  avg|ΔQ|=0.005084  threshold=0.005000
P1 sample rounds=5800000000  speed=4183605 hands/sec  avg|ΔQ|=0.005037  threshold=0.005000
P1 sample rounds=5900000000  speed=4179311 hands/sec  avg|ΔQ|=0.005019  threshold=0.005000
P1 sample rounds=6000000000  speed=4176342 hands/sec  avg|ΔQ|=0.004973  threshold=0.005000

--- P1 ---
Training rounds: 6000000000
Training speed: 4176342 hands/sec
Training flat edge:   -0.153108
Evaluation flat edge (5000000000 rounds): -0.009119  std(X): 1.147932  E[X^2]: 1.317830
Spread 1:10 evaluation edge (5000000000 rounds): 0.044414  std(X): 5.665328  E[X^2]: 32.097913
Kelly growth per round:      1.000087  stddev: 0.000011

=== P1 Strategy ===

========== Count: -5 ==========

Hard
       2   3   4   5   6   7   8   9  10   A
  5    H   H   H   H   H   H   H   H   H   H
  6    H   H   H   H   H   H   H   H   H   H
  7    H   H   H   H   H   H   H   H   H   H
  8    H   H   H   H   H   H   H   H   H   H
  9    H   H   H   H   H   H   H   H   H   H
 10    H  Dh   H  Dh  Dh   H   H   H   H   H
 11   Dh  Dh  Dh  Dh  Dh   H   H   H   H   H
 12    H   H   H   H   H   H   H   H   H   H
 13    H   H   H   H   H   H   H   H   H   H
 14    H   H   H   H   H   H   H   H   H   H
 15    H   H   H   H   S   H   H   H   H   H
 16    H   H   S   S   S   H   H   H   H   H
 17    S   S   S   S   S   S   S   S   S   H
 18    S   S   S   S   S   S   S   S   S   S
 19    S   S   S   S   S   S   S   S   S   S
 20    S   S   S   S   S   S   S   S   S   S
 21    S   S   S   S   S   S   S   S   S   S

Soft
       2   3   4   5   6   7   8   9  10   A
 12    S   S   S   S   S   S   S   S   S   S
 13    H   H   H   H   H   H   H   H   H   H
 14    H   H   H   H   H   H   H   H   H   H
 15    H   H   H   H   H   H   H   H   H   H
 16    H   H   H   H  Dh   H   H   H   H   H
 17    H   H   H  Dh  Dh   H   H   H   H   H
 18    S   S   S   S  Ds   S   S   H   H   H
 19    S   S   S   S   S   S   S   S   S   S
 20    S   S   S   S   S   S   S   S   S   S
 21    S   S   S   S   S   S   S   S   S   S

Pair
       2   3   4   5   6   7   8   9  10   A
  2    H   H   H   P   P   P   H   H   H   H
  3    H   P   P   P   P   P   H   H   H   H
  4    H   H   H   H   H   H   H   H   H   H
  5    H   H  Dh  Dh  Dh   H   H   H   H   H
  6    P   H   P   P   P   P   P   H   H   H
  7    P   P   P   P   P   P   H   H   H   H
  8    P   P   P   P   P   P   P   P   P   H
  9    S   S   S   S   P   S   P   P   S   S
 10    S   S   S   S   S   S   S   S   S   S
 11    P   P   P   P   P   P   P   P   P   H

One card
       2   3   4   5   6   7   8   9  10   A
  2    H   H   H   H   H   H   H   H   H   H
  3    H   H   H   H   H   H   H   H   H   H
  4    H   H   H   H   H   H   H   H   H   H
  5    H   H   H   H   H   H   H   H   H   H
  6    H   H   H   H   H   H   H   H   H   H
  7    H   H   H   H   H   H   H   H   H   H
  8    H   H   H   H   H   H   H   H   H   H
  9    H   H   H   H   H   H   H   H   H   H
 10    H   H   H   H   H   H   H   H   H   H
  A    H   H   H   H   H   H   H   H   H   H

BlackJack
       2   3   4   5   6   7   8   9  10   A
 21    S   S   S   S   S   S   S   S   S   S

========== Count: -4 ==========

Hard
       2   3   4   5   6   7   8   9  10   A
  5    H   H   H   H   H   H   H   H   H   H
  6    H   H   H   H   H   H   H   H   H   H
  7    H   H   H   H   H   H   H   H   H   H
  8    H   H   H   H   H   H   H   H   H   H
  9    H   H   H   H  Dh   H   H   H   H   H
 10   Dh  Dh  Dh  Dh  Dh  Dh  Dh   H   H   H
 11   Dh  Dh  Dh  Dh  Dh  Dh  Dh   H   H   H
 12    H   H   H   H   H   H   H   H   H   H
 13    H   H   H   H   S   H   H   H   H   H
 14    H   H   S   S   S   H   H   H   H   H
 15    S   S   S   S   S   H   H   H   H   H
 16    S   S   S   S   S   H   H   H   H   H
 17    S   S   S   S   S   S   S   S   S   S
 18    S   S   S   S   S   S   S   S   S   S
 19    S   S   S   S   S   S   S   S   S   S
 20    S   S   S   S   S   S   S   S   S   S
 21    S   S   S   S   S   S   S   S   S   S

Soft
       2   3   4   5   6   7   8   9  10   A
 12    S   S   S   S   S   S   S   S   S   S
 13    H   H   H   H  Dh   H   H   H   H   H
 14    H   H   H   H  Dh   H   H   H   H   H
 15    H   H   H   H  Dh   H   H   H   H   H
 16    H   H   H   H  Dh   H   H   H   H   H
 17   Dh   H  Dh  Dh  Dh   H   H   H   H   H
 18    S   S  Ds  Ds  Ds   S   S   H   H   H
 19    S   S   S   S   S   S   S   S   S   S
 20    S   S   S   S   S   S   S   S   S   S
 21    S   S   S   S   S   S   S   S   S   S

Pair
       2   3   4   5   6   7   8   9  10   A
  2    H   H   P   P   P   P   H   H   H   H
  3    P   P   P   P   P   P   H   H   H   H
  4    H   H   H   P   P   H   H   H   H   H
  5   Dh  Dh  Dh  Dh  Dh   H  Dh   H   H   H
  6    P   P   P   P   P   P   P   H   H   H
  7    P   P   P   P   P   P   P   H   H   H
  8    P   P   P   P   P   P   P   P   P   H
  9    S   P   P   P   P   S   P   P   S   S
 10    S   S   S   S   S   S   S   S   S   S
 11    P   P   P   P   P   P   P   P   P   P

One card
       2   3   4   5   6   7   8   9  10   A
  2    H   H   H   H   H   H   H   H   H   H
  3    H   H   H   H   H   H   H   H   H   H
  4    H   H   H   H   H   H   H   H   H   H
  5    H   H   H   H   H   H   H   H   H   H
  6    H   H   H   H   H   H   H   H   H   H
  7    H   H   H   H   H   H   H   H   H   H
  8    H   H   H   H   H   H   H   H   H   H
  9    H   H   H   H   H   H   H   H   H   H
 10    H   H   H   H   H   H   H   H   H   H
  A    H   H   H   H   H   H   H   H   H   H

BlackJack
       2   3   4   5   6   7   8   9  10   A
 21    S   S   S   S   S   S   S   S   S   S

========== Count: -3 ==========

Hard
       2   3   4   5   6   7   8   9  10   A
  5    H   H   H   H   H   H   H   H   H   H
  6    H   H   H   H   H   H   H   H   H   H
  7    H   H   H   H   H   H   H   H   H   H
  8    H   H   H   H   H   H   H   H   H   H
  9    H   H   H  Dh  Dh   H   H   H   H   H
 10   Dh  Dh  Dh  Dh  Dh  Dh  Dh   H   H   H
 11   Dh  Dh  Dh  Dh  Dh  Dh  Dh  Dh  Dh   H
 12    H   H   H   H   H   H   H   H   H   H
 13    H   H   H   S   S   H   H   H   H   H
 14    H   S   S   S   S   H   H   H   H   H
 15    S   S   S   S   S   H   H   H   H   H
 16    S   S   S   S   S   H   H   H   H   H
 17    S   S   S   S   S   S   S   S   S   S
 18    S   S   S   S   S   S   S   S   S   S
 19    S   S   S   S   S   S   S   S   S   S
 20    S   S   S   S   S   S   S   S   S   S
 21    S   S   S   S   S   S   S   S   S   S

Soft
       2   3   4   5   6   7   8   9  10   A
 12    S   S   S   S   S   S   S   S   S   S
 13    H   H   H   H   H   H   H   H   H   H
 14    H   H   H   H  Dh   H   H   H   H   H
 15    H   H  Dh   H  Dh   H   H   H   H   H
 16    H   H  Dh  Dh  Dh   H   H   H   H   H
 17    H  Dh  Dh  Dh  Dh   H   H   H   H   H
 18    S   S  Ds  Ds  Ds   S   S   H   H   H
 19    S   S   S   S   S   S   S   S   S   S
 20    S   S   S   S   S   S   S   S   S   S
 21    S   S   S   S   S   S   S   S   S   S

Pair
       2   3   4   5   6   7   8   9  10   A
  2    P   P   P   P   P   P   H   H   H   H
  3    P   P   P   P   P   P   H   H   H   H
  4    H   H   H   P   P   H   H   H   H   H
  5   Dh  Dh  Dh  Dh  Dh  Dh   H   H   H   H
  6    P   P   P   P   P   P   P   H   H   H
  7    P   P   P   P   P   P   P   H   H   H
  8    P   P   P   P   P   P   P   P   P   H
  9    S   P   P   P   P   S   P   P   S   S
 10    S   S   S   S   S   S   S   S   S   S
 11    P   P   P   P   P   P   P   P   P   P

One card
       2   3   4   5   6   7   8   9  10   A
  2    H   H   H   H   H   H   H   H   H   H
  3    H   H   H   H   H   H   H   H   H   H
  4    H   H   H   H   H   H   H   H   H   H
  5    H   H   H   H   H   H   H   H   H   H
  6    H   H   H   H   H   H   H   H   H   H
  7    H   H   H   H   H   H   H   H   H   H
  8    H   H   H   H   H   H   H   H   H   H
  9    H   H   H   H   H   H   H   H   H   H
 10    H   H   H   H   H   H   H   H   H   H
  A    H   H   H   H   H   H   H   H   H   H

BlackJack
       2   3   4   5   6   7   8   9  10   A
 21    S   S   S   S   S   S   S   S   S   S

========== Count: -2 ==========

Hard
       2   3   4   5   6   7   8   9  10   A
  5    H   H   H   H   H   H   H   H   H   H
  6    H   H   H   H   H   H   H   H   H   H
  7    H   H   H   H   H   H   H   H   H   H
  8    H   H   H   H   H   H   H   H   H   H
  9    H   H  Dh  Dh  Dh   H   H   H   H   H
 10   Dh  Dh  Dh  Dh  Dh  Dh  Dh   H   H   H
 11   Dh  Dh  Dh  Dh  Dh  Dh  Dh  Dh  Dh   H
 12    H   H   H   H   S   H   H   H   H   H
 13    H   H   S   S   S   H   H   H   H   H
 14    S   S   S   S   S   H   H   H   H   H
 15    S   S   S   S   S   H   H   H   H   H
 16    S   S   S   S   S   H   H   H   H   H
 17    S   S   S   S   S   S   S   S   S   S
 18    S   S   S   S   S   S   S   S   S   S
 19    S   S   S   S   S   S   S   S   S   S
 20    S   S   S   S   S   S   S   S   S   S
 21    S   S   S   S   S   S   S   S   S   S

Soft
       2   3   4   5   6   7   8   9  10   A
 12    S   S   S   S   S   S   S   S   S   S
 13    H   H   H   H  Dh   H   H   H   H   H
 14    H   H  Dh   H  Dh   H   H   H   H   H
 15    H   H   H   H  Dh   H   H   H   H   H
 16    H   H  Dh  Dh  Dh   H   H   H   H   H
 17   Dh  Dh  Dh  Dh  Dh   H   H   H   H   H
 18    S   S  Ds  Ds  Ds   S   S   H   H   H
 19    S   S   S   S   S   S   S   S   S   S
 20    S   S   S   S   S   S   S   S   S   S
 21    S   S   S   S   S   S   S   S   S   S

Pair
       2   3   4   5   6   7   8   9  10   A
  2    P   P   P   P   P   P   H   H   H   H
  3    P   P   P   P   P   P   H   H   H   H
  4    H   H   H   P   P   H   H   H   H   H
  5   Dh  Dh  Dh  Dh  Dh  Dh  Dh  Dh   H   H
  6    P   P   P   P   P   P   P   H   H   H
  7    P   P   P   P   P   P   P   H   H   H
  8    P   P   P   P   P   P   P   P   P   P
  9    P   P   P   P   P   S   P   P   S   S
 10    S   S   S   S   S   S   S   S   S   S
 11    P   P   P   P   P   P   P   P   P   P

One card
       2   3   4   5   6   7   8   9  10   A
  2    H   H   H   H   H   H   H   H   H   H
  3    H   H   H   H   H   H   H   H   H   H
  4    H   H   H   H   H   H   H   H   H   H
  5    H   H   H   H   H   H   H   H   H   H
  6    H   H   H   H   H   H   H   H   H   H
  7    H   H   H   H   H   H   H   H   H   H
  8    H   H   H   H   H   H   H   H   H   H
  9    H   H   H   H   H   H   H   H   H   H
 10    H   H   H   H   H   H   H   H   H   H
  A    H   H   H   H   H   H   H   H   H   H

BlackJack
       2   3   4   5   6   7   8   9  10   A
 21    S   S   S   S   S   S   S   S   S   S

========== Count: -1 ==========

Hard
       2   3   4   5   6   7   8   9  10   A
  5    H   H   H   H   H   H   H   H   H   H
  6    H   H   H   H   H   H   H   H   H   H
  7    H   H   H   H   H   H   H   H   H   H
  8    H   H   H   H   H   H   H   H   H   H
  9    H   H  Dh  Dh  Dh   H   H   H   H   H
 10   Dh  Dh  Dh  Dh  Dh  Dh  Dh  Dh   H   H
 11   Dh  Dh  Dh  Dh  Dh  Dh  Dh  Dh  Dh  Dh
 12    H   H   H   H   S   H   H   H   H   H
 13    H   H   S   S   S   H   H   H   H   H
 14    S   S   S   S   S   H   H   H   H   H
 15    S   S   S   S   S   H   H   H   H   H
 16    S   S   S   S   S   H   H   H   H   H
 17    S   S   S   S   S   S   S   S   S   S
 18    S   S   S   S   S   S   S   S   S   S
 19    S   S   S   S   S   S   S   S   S   S
 20    S   S   S   S   S   S   S   S   S   S
 21    S   S   S   S   S   S   S   S   S   S

Soft
       2   3   4   5   6   7   8   9  10   A
 12    S   S   S   S   S   S   S   S   S   S
 13    H   H   H   H  Dh   H   H   H   H   H
 14    H   H   H   H  Dh   H   H   H   H   H
 15    H   H   H  Dh  Dh   H   H   H   H   H
 16    H   H   H   H  Dh   H   H   H   H   H
 17    H   H  Dh  Dh  Dh   H   H   H   H   H
 18    S  Ds  Ds  Ds  Ds   S   S   H   H   H
 19    S   S   S   S   S   S   S   S   S   S
 20    S   S   S   S   S   S   S   S   S   S
 21    S   S   S   S   S   S   S   S   S   S

Pair
       2   3   4   5   6   7   8   9  10   A
  2    P   P   P   P   P   P   H   H   H   H
  3    P   P   P   P   P   P   H   H   H   H
  4    H   H   H   P   P   H   H   H   H   H
  5   Dh  Dh  Dh  Dh  Dh  Dh  Dh  Dh  Dh   H
  6    P   P   P   P   P   P   H   H   H   H
  7    P   P   P   P   P   P   P   H   H   H
  8    P   P   P   P   P   P   P   P   P   P
  9    P   P   P   P   P   S   P   P   S   S
 10    S   S   S   S   S   S   S   S   S   S
 11    P   P   P   P   P   P   P   P   P   P

One card
       2   3   4   5   6   7   8   9  10   A
  2    H   H   H   H   H   H   H   H   H   H
  3    H   H   H   H   H   H   H   H   H   H
  4    H   H   H   H   H   H   H   H   H   H
  5    H   H   H   H   H   H   H   H   H   H
  6    H   H   H   H   H   H   H   H   H   H
  7    H   H   H   H   H   H   H   H   H   H
  8    H   H   H   H   H   H   H   H   H   H
  9    H   H   H   H   H   H   H   H   H   H
 10    H   H   H   H   H   H   H   H   H   H
  A    H   H   H   H   H   H   H   H   H   H

BlackJack
       2   3   4   5   6   7   8   9  10   A
 21    S   S   S   S   S   S   S   S   S   S

========== Count: 0 ==========

Hard
       2   3   4   5   6   7   8   9  10   A
  5    H   H   H   H   H   H   H   H   H   H
  6    H   H   H   H   H   H   H   H   H   H
  7    H   H   H   H   H   H   H   H   H   H
  8    H   H   H   H   H   H   H   H   H   H
  9    H   H  Dh  Dh  Dh   H   H   H   H   H
 10   Dh  Dh  Dh  Dh  Dh  Dh  Dh  Dh   H   H
 11   Dh  Dh  Dh  Dh  Dh  Dh  Dh  Dh  Dh  Dh
 12    H   H   H   S   S   H   H   H   H   H
 13    H   S   S   S   S   H   H   H   H   H
 14    S   S   S   S   S   H   H   H   H   H
 15    S   S   S   S   S   H   H   H   H   H
 16    S   S   S   S   S   H   H   H   H   H
 17    S   S   S   S   S   S   S   S   S   S
 18    S   S   S   S   S   S   S   S   S   S
 19    S   S   S   S   S   S   S   S   S   S
 20    S   S   S   S   S   S   S   S   S   S
 21    S   S   S   S   S   S   S   S   S   S

Soft
       2   3   4   5   6   7   8   9  10   A
 12    S   S   S   S   S   S   S   S   S   S
 13    H   H   H  Dh  Dh   H   H   H   H   H
 14    H   H   H  Dh  Dh   H   H   H   H   H
 15    H   H   H  Dh  Dh   H   H   H   H   H
 16    H   H  Dh  Dh  Dh   H   H   H   H   H
 17   Dh  Dh  Dh  Dh  Dh   H   H   H   H   H
 18   Ds  Ds  Ds  Ds  Ds   S   S   H   H   H
 19    S   S   S   S  Ds   S   S   S   S   S
 20    S   S   S   S   S   S   S   S   S   S
 21    S   S   S   S   S   S   S   S   S   S

Pair
       2   3   4   5   6   7   8   9  10   A
  2    P   P   P   P   P   P   H   H   H   H
  3    P   P   P   P   P   P   H   H   H   H
  4    H   H   P   P   P   H   H   H   H   H
  5   Dh  Dh  Dh  Dh  Dh  Dh  Dh  Dh   H   H
  6    P   P   P   P   P   P   H   H   H   H
  7    P   P   P   P   P   P   P   H   S   H
  8    P   P   P   P   P   P   P   P   P   P
  9    P   P   P   P   P   S   P   P   S   S
 10    S   S   S   S   S   S   S   S   S   S
 11    P   P   P   P   P   P   P   P   P   P

One card
       2   3   4   5   6   7   8   9  10   A
  2    H   H   H   H   H   H   H   H   H   H
  3    H   H   H   H   H   H   H   H   H   H
  4    H   H   H   H   H   H   H   H   H   H
  5    H   H   H   H   H   H   H   H   H   H
  6    H   H   H   H   H   H   H   H   H   H
  7    H   H   H   H   H   H   H   H   H   H
  8    H   H   H   H   H   H   H   H   H   H
  9    H   H   H   H   H   H   H   H   H   H
 10    H   H   H   H   H   H   H   H   H   H
  A    H   H   H   H   H   H   H   H   H   H

BlackJack
       2   3   4   5   6   7   8   9  10   A
 21    S   S   S   S   S   S   S   S   S   S

========== Count: 1 ==========

Hard
       2   3   4   5   6   7   8   9  10   A
  5    H   H   H   H   H   H   H   H   H   H
  6    H   H   H   H   H   H   H   H   H   H
  7    H   H   H   H   H   H   H   H   H   H
  8    H   H   H   H   H   H   H   H   H   H
  9    H  Dh  Dh  Dh  Dh   H   H   H   H   H
 10   Dh  Dh  Dh  Dh  Dh  Dh  Dh  Dh   H   H
 11   Dh  Dh  Dh  Dh  Dh  Dh  Dh  Dh  Dh  Dh
 12    H   H   H   S   S   H   H   H   H   H
 13    S   S   S   S   S   H   H   H   H   H
 14    S   S   S   S   S   H   H   H   H   H
 15    S   S   S   S   S   H   H   H   H   H
 16    S   S   S   S   S   H   H   H   S   H
 17    S   S   S   S   S   S   S   S   S   S
 18    S   S   S   S   S   S   S   S   S   S
 19    S   S   S   S   S   S   S   S   S   S
 20    S   S   S   S   S   S   S   S   S   S
 21    S   S   S   S   S   S   S   S   S   S

Soft
       2   3   4   5   6   7   8   9  10   A
 12    S   S   S   S   S   S   S   S   S   S
 13    H   H   H  Dh  Dh   H   H   H   H   H
 14    H   H  Dh  Dh  Dh   H   H   H   H   H
 15    H   H   H  Dh  Dh   H   H   H   H   H
 16    H   H  Dh  Dh  Dh   H   H   H   H   H
 17   Dh  Dh  Dh  Dh  Dh   H   H   H   H   H
 18   Ds  Ds  Ds  Ds  Ds   S   S   H   H   H
 19    S   S   S   S  Ds   S   S   S   S   S
 20    S   S   S   S   S   S   S   S   S   S
 21    S   S   S   S   S   S   S   S   S   S

Pair
       2   3   4   5   6   7   8   9  10   A
  2    P   P   P   P   P   P   H   H   H   H
  3    P   P   P   P   P   P   H   H   H   H
  4    H   H   P   P   P   H   H   H   H   H
  5   Dh  Dh  Dh  Dh  Dh  Dh  Dh  Dh   H   H
  6    P   P   P   P   P   P   H   H   H   H
  7    P   P   P   P   P   P   P   H   S   H
  8    P   P   P   P   P   P   P   P   P   P
  9    P   P   P   P   P   S   P   P   S   S
 10    S   S   S   S   S   S   S   S   S   S
 11    P   P   P   P   P   P   P   P   P   P

One card
       2   3   4   5   6   7   8   9  10   A
  2    H   H   H   H   H   H   H   H   H   H
  3    H   H   H   H   H   H   H   H   H   H
  4    H   H   H   H   H   H   H   H   H   H
  5    H   H   H   H   H   H   H   H   H   H
  6    H   H   H   H   H   H   H   H   H   H
  7    H   H   H   H   H   H   H   H   H   H
  8    H   H   H   H   H   H   H   H   H   H
  9    H   H   H   H   H   H   H   H   H   H
 10    H   H   H   H   H   H   H   H   H   H
  A    H   H   H   H   H   H   H   H   H   H

BlackJack
       2   3   4   5   6   7   8   9  10   A
 21    S   S   S   S   S   S   S   S   S   S

========== Count: 2 ==========

Hard
       2   3   4   5   6   7   8   9  10   A
  5    H   H   H   H   H   H   H   H   H   H
  6    H   H   H   H   H   H   H   H   H   H
  7    H   H   H   H   H   H   H   H   H   H
  8    H   H   H   H   H   H   H   H   H   H
  9    H  Dh  Dh  Dh  Dh   H   H   H   H   H
 10   Dh  Dh  Dh  Dh  Dh  Dh  Dh  Dh   H  Dh
 11   Dh  Dh  Dh  Dh  Dh  Dh  Dh  Dh  Dh  Dh
 12    H   H   S   S   S   H   H   H   H   H
 13    S   S   S   S   S   H   H   H   H   H
 14    S   S   S   S   S   H   H   H   H   H
 15    S   S   S   S   S   H   H   H   H   H
 16    S   S   S   S   S   H   H   H   S   H
 17    S   S   S   S   S   S   S   S   S   S
 18    S   S   S   S   S   S   S   S   S   S
 19    S   S   S   S   S   S   S   S   S   S
 20    S   S   S   S   S   S   S   S   S   S
 21    S   S   S   S   S   S   S   S   S   S

Soft
       2   3   4   5   6   7   8   9  10   A
 12    S   S   S   S   S   S   S   S   S   S
 13    H   H  Dh  Dh  Dh   H   H   H   H   H
 14    H   H   H  Dh  Dh   H   H   H   H   H
 15    H   H  Dh  Dh  Dh   H   H   H   H   H
 16    H  Dh  Dh  Dh  Dh   H   H   H   H   H
 17   Dh  Dh  Dh  Dh  Dh   H   H   H   H   H
 18   Ds  Ds  Ds  Ds  Ds   S   S   H   H   H
 19    S   S   S  Ds  Ds   S   S   S   S   S
 20    S   S   S   S   S   S   S   S   S   S
 21    S   S   S   S   S   S   S   S   S   S

Pair
       2   3   4   5   6   7   8   9  10   A
  2    P   P   P   P   P   P   H   H   H   H
  3    P   P   P   P   P   P   H   H   H   H
  4    H   H   P   P   P   H   H   H   H   H
  5   Dh  Dh  Dh  Dh  Dh  Dh  Dh  Dh   H   H
  6    P   P   P   P   P   P   H   H   H   H
  7    P   P   P   P   P   P   P   H   S   H
  8    P   P   P   P   P   P   P   P   P   P
  9    P   P   P   P   P   S   P   P   S   S
 10    S   S   S   S   S   S   S   S   S   S
 11    P   P   P   P   P   P   P   P   P   P

One card
       2   3   4   5   6   7   8   9  10   A
  2    H   H   H   H   H   H   H   H   H   H
  3    H   H   H   H   H   H   H   H   H   H
  4    H   H   H   H   H   H   H   H   H   H
  5    H   H   H   H   H   H   H   H   H   H
  6    H   H   H   H   H   H   H   H   H   H
  7    H   H   H   H   H   H   H   H   H   H
  8    H   H   H   H   H   H   H   H   H   H
  9    H   H   H   H   H   H   H   H   H   H
 10    H   H   H   H   H   H   H   H   H   H
  A    H   H   H   H   H   H   H   H   H   H

BlackJack
       2   3   4   5   6   7   8   9  10   A
 21    S   S   S   S   S   S   S   S   S   S

========== Count: 3 ==========

Hard
       2   3   4   5   6   7   8   9  10   A
  5    H   H   H   H   H   H   H   H   H   H
  6    H   H   H   H   H   H   H   H   H   H
  7    H   H   H   H   H   H   H   H   H   H
  8    H   H   H   H  Dh   H   H   H   H   H
  9   Dh  Dh  Dh  Dh  Dh   H   H   H   H   H
 10   Dh  Dh  Dh  Dh  Dh  Dh  Dh  Dh  Dh  Dh
 11   Dh  Dh  Dh  Dh  Dh  Dh  Dh  Dh  Dh  Dh
 12    H   H   S   S   S   H   H   H   H   H
 13    S   S   S   S   S   H   H   H   H   H
 14    S   S   S   S   S   H   H   H   H   H
 15    S   S   S   S   S   H   H   H   S   H
 16    S   S   S   S   S   H   H   S   S   S
 17    S   S   S   S   S   S   S   S   S   S
 18    S   S   S   S   S   S   S   S   S   S
 19    S   S   S   S   S   S   S   S   S   S
 20    S   S   S   S   S   S   S   S   S   S
 21    S   S   S   S   S   S   S   S   S   S

Soft
       2   3   4   5   6   7   8   9  10   A
 12    S   S   S   S   S   S   S   S   S   S
 13    H   H  Dh  Dh  Dh   H   H   H   H   H
 14    H   H  Dh  Dh  Dh   H   H   H   H   H
 15    H   H  Dh  Dh  Dh   H   H   H   H   H
 16    H   H  Dh  Dh  Dh   H   H   H   H   H
 17    H  Dh  Dh  Dh  Dh   H   H   H   H   H
 18   Ds  Ds  Ds  Ds  Ds   S   S   H   H   H
 19    S  Ds  Ds  Ds  Ds   S   S   S   S   S
 20    S   S   S   S   S   S   S   S   S   S
 21    S   S   S   S   S   S   S   S   S   S

Pair
       2   3   4   5   6   7   8   9  10   A
  2    P   P   P   P   P   P   H   H   H   H
  3    P   P   P   P   P   P   H   H   H   H
  4    H   P   P   P   P   H   H   H   H   H
  5   Dh  Dh  Dh  Dh  Dh  Dh  Dh  Dh   H  Dh
  6    P   P   P   P   P   P   H   H   H   H
  7    P   P   P   P   P   P   P   H   S   H
  8    P   P   P   P   P   P   P   P   P   P
  9    P   P   P   P   P   S   P   P   S   P
 10    S   S   S   P   P   S   S   S   S   S
 11    P   P   P   P   P   P   P   P   P   P

One card
       2   3   4   5   6   7   8   9  10   A
  2    H   H   H   H   H   H   H   H   H   H
  3    H   H   H   H   H   H   H   H   H   H
  4    H   H   H   H   H   H   H   H   H   H
  5    H   H   H   H   H   H   H   H   H   H
  6    H   H   H   H   H   H   H   H   H   H
  7    H   H   H   H   H   H   H   H   H   H
  8    H   H   H   H   H   H   H   H   H   H
  9    H   H   H   H   H   H   H   H   H   H
 10    H   H   H   H   H   H   H   H   H   H
  A    H   H   H   H   H   H   H   H   H   H

BlackJack
       2   3   4   5   6   7   8   9  10   A
 21    S   S   S   S   S   S   S   S   S   S

========== Count: 4 ==========

Hard
       2   3   4   5   6   7   8   9  10   A
  5    H   H   H   H   H   H   H   H   H   H
  6    H   H   H   H   H   H   H   H   H   H
  7    H   H   H   H   H   H   H   H   H   H
  8    H   H   H   H  Dh   H   H   H   H   H
  9   Dh  Dh  Dh  Dh  Dh  Dh   H   H   H   H
 10   Dh  Dh  Dh  Dh  Dh  Dh  Dh  Dh  Dh  Dh
 11   Dh  Dh  Dh  Dh  Dh  Dh  Dh  Dh  Dh  Dh
 12    H   S   S   S   S   H   H   H   H   H
 13    S   S   S   S   S   H   H   H   H   H
 14    S   S   S   S   S   H   H   H   H   H
 15    S   S   S   S   S   H   H   H   S   H
 16    S   S   S   S   S   H   H   S   S   S
 17    S   S   S   S   S   S   S   S   S   S
 18    S   S   S   S   S   S   S   S   S   S
 19    S   S   S   S   S   S   S   S   S   S
 20    S   S   S   S   S   S   S   S   S   S
 21    S   S   S   S   S   S   S   S   S   S

Soft
       2   3   4   5   6   7   8   9  10   A
 12    S   S   S   S   S   S   S   S   S   S
 13    H   H  Dh  Dh  Dh   H   H   H   H   H
 14    H   H  Dh  Dh  Dh   H   H   H   H   H
 15    H   H   H  Dh  Dh   H   H   H   H   H
 16    H   H  Dh  Dh  Dh   H   H   H   H   H
 17    H  Dh  Dh  Dh  Dh   H   H   H   H   H
 18   Ds  Ds  Ds  Ds  Ds   S   S   H   H   H
 19    S  Ds  Ds  Ds  Ds   S   S   S   S   S
 20    S   S   S   S  Ds   S   S   S   S   S
 21    S   S   S   S   S   S   S   S   S   S

Pair
       2   3   4   5   6   7   8   9  10   A
  2    P   P   P   P   P   P   H   H   H   H
  3    P   P   P   P   P   P   H   H   H   H
  4    H   P   P   P   P   H   H   H   H   H
  5   Dh  Dh  Dh  Dh  Dh  Dh  Dh  Dh   H  Dh
  6    P   P   P   P   P   P   H   H   H   H
  7    P   P   P   P   P   P   P   H   S   S
  8    P   P   P   P   P   P   P   P   P   P
  9    P   P   P   P   P   S   P   P   S   P
 10    S   S   P   P   P   S   S   S   S   S
 11    P   P   P   P   P   P   P   P   P   P

One card
       2   3   4   5   6   7   8   9  10   A
  2    H   H   H   H   H   H   H   H   H   H
  3    H   H   H   H   H   H   H   H   H   H
  4    H   H   H   H   H   H   H   H   H   H
  5    H   H   H   H   H   H   H   H   H   H
  6    H   H   H   H   H   H   H   H   H   H
  7    H   H   H   H   H   H   H   H   H   H
  8    H   H   H   H   H   H   H   H   H   H
  9    H   H   H   H   H   H   H   H   H   H
 10    H   H   H   H   H   H   H   H   H   H
  A    H   H   H   H   H   H   H   H   H   H

BlackJack
       2   3   4   5   6   7   8   9  10   A
 21    S   S   S   S   S   S   S   S   S   S

========== Count: 5 ==========

Hard
       2   3   4   5   6   7   8   9  10   A
  5    H   H   H   H   H   H   H   H   H   H
  6    H   H   H   H   H   H   H   H   H   H
  7    H   H   H  Dh  Dh   H   H   H   H   H
  8    H  Dh  Dh  Dh  Dh   H   H   H   H   H
  9   Dh  Dh  Dh  Dh  Dh  Dh   H   H   H   H
 10   Dh  Dh  Dh  Dh  Dh  Dh  Dh  Dh  Dh  Dh
 11   Dh  Dh  Dh  Dh  Dh  Dh  Dh  Dh  Dh  Dh
 12    S   S   S   S   S   H   H   H   H   H
 13    S   S   S   S   S   H   H   H   H   H
 14    S   S   S   S   S   H   H   H   H   S
 15    S   S   S   S   S   H   H   S   S   S
 16    S   S   S   S   S   S   S   S   S   S
 17    S   S   S   S   S   S   S   S   S   S
 18    S   S   S   S   S   S   S   S   S   S
 19    S   S   S   S   S   S   S   S   S   S
 20    S   S   S   S   S   S   S   S   S   S
 21    S   S   S   S   S   S   S   S   S   S

Soft
       2   3   4   5   6   7   8   9  10   A
 12    S   S   S   S   S   S   S   S   S   S
 13    H  Dh  Dh  Dh  Dh   H   H   H   H   H
 14    H  Dh  Dh  Dh  Dh   H   H   H   H   H
 15    H  Dh  Dh  Dh  Dh   H   H   H   H   H
 16    H  Dh  Dh  Dh  Dh   H   H   H   H   H
 17   Dh  Dh  Dh  Dh  Dh   H   H   H   H   H
 18   Ds  Ds  Ds  Ds  Ds   S   S   H   H   H
 19   Ds  Ds  Ds  Ds  Ds   S   S   S   S   S
 20   Ds  Ds  Ds  Ds  Ds   S   S   S   S   S
 21    S  Ds  Ds  Ds  Ds   S   S   S   S   S

Pair
       2   3   4   5   6   7   8   9  10   A
  2    P   P   P   P   P   P   H   H   H   H
  3    P   P   P   P   P   P   H   H   H   H
  4    H   P   P   P   P   H   H   H   H   H
  5   Dh  Dh  Dh  Dh  Dh  Dh  Dh  Dh  Dh  Dh
  6    P   P   P   P   P   H   H   H   H   H
  7    P   P   P   P   P   P   P   H   S   S
  8    P   P   P   P   P   P   P   P   P   P
  9    P   P   P   P   P   P   P   P   S   P
 10    S   P   P   P   P   S   S   S   S   S
 11    P   P   P   P   P   P   P   P   P   P

One card
       2   3   4   5   6   7   8   9  10   A
  2    H   H   H   H   H   H   H   H   H   H
  3    H   H   H   H   H   H   H   H   H   H
  4    H   H   H   H   H   H   H   H   H   H
  5    H   H   H   H   H   H   H   H   H   H
  6    H   H   H   H   H   H   H   H   H   H
  7    H   H   H   H   H   H   H   H   H   H
  8    H   H   H   H   H   H   H   H   H   H
  9    H   H   H   H   H   H   H   H   H   H
 10    H   H   H   H   H   H   H   H   H   H
  A    H   H   H   H   H   H   H   H   H   H

BlackJack
       2   3   4   5   6   7   8   9  10   A
 21    S   S   S   S   S   S   S   S   S   S
========================

--- W2 ---
Recorded rounds: 5000000000  speed: 9964260 hands/sec
Count table:
  Card      Original      Used          
  --------------------------------------
  2         0.6070        0.6070        
  3         0.7670        0.7670        
  4         1.1242        1.1242        
  5         1.4105        1.4105        
  6         0.8016        0.8016        
  7         0.4614        0.4614        
  8         -0.0729       -0.0729       
  9         -0.4223       -0.4223       
  10        -0.9978       -1.0000       
  J         -1.0012       -1.0000       
  Q         -1.0032       -1.0000       
  K         -0.9979       -1.0000       
  A         -0.6765       -0.6765       
  Bias      -0.009778   
  Bet>0 TC  2.791756    
  Factor    0.003502    

Spread 1:10 evaluation edge (5000000000 rounds): 0.043715  std(X): 5.697412  E[X^2]: 32.462416
Optimal Kelly multiplier:    1.150000  fitted-signal target: 1.000000
Optimal Kelly growth/round:  1.000092  stddev: 0.000013
Sanity checks:
  Sum(weights): 0.000000  (PASS, expected near 0)
  10-value consistency: mean=-1.000000  max_dev=0.003154  rel=0.315389%  (PASS)
  Bias vs flat edge: bias=-0.009778  flat_edge=-0.009119  diff=0.000658  rel_to_0.5%=13.166555%
  Bias constraint: fixed to W1 bias
EV-count graph:         41 points  res=0.250000  speed: 8922039 hands/sec
Count histogram:        total=366751382  symmetry_rel_diff=5.9679%  (PASS, expected roughly symmetric)
P2 sample rounds=100000000  speed=5233136 hands/sec  avg|ΔQ|=0.366409  threshold=0.005000
P2 sample rounds=200000000  speed=5076142 hands/sec  avg|ΔQ|=0.041612  threshold=0.005000
P2 sample rounds=300000000  speed=4963847 hands/sec  avg|ΔQ|=0.027584  threshold=0.005000
P2 sample rounds=400000000  speed=4911833 hands/sec  avg|ΔQ|=0.022954  threshold=0.005000
P2 sample rounds=500000000  speed=4851778 hands/sec  avg|ΔQ|=0.020340  threshold=0.005000
P2 sample rounds=600000000  speed=4801998 hands/sec  avg|ΔQ|=0.019013  threshold=0.005000
P2 sample rounds=700000000  speed=4765341 hands/sec  avg|ΔQ|=0.018015  threshold=0.005000
P2 sample rounds=800000000  speed=4734036 hands/sec  avg|ΔQ|=0.017083  threshold=0.005000
P2 sample rounds=900000000  speed=4700549 hands/sec  avg|ΔQ|=0.016019  threshold=0.005000
P2 sample rounds=1000000000  speed=4673880 hands/sec  avg|ΔQ|=0.015452  threshold=0.005000
P2 sample rounds=1100000000  speed=4649669 hands/sec  avg|ΔQ|=0.014830  threshold=0.005000
P2 sample rounds=1200000000  speed=4624527 hands/sec  avg|ΔQ|=0.013878  threshold=0.005000
P2 sample rounds=1300000000  speed=4595621 hands/sec  avg|ΔQ|=0.013581  threshold=0.005000
P2 sample rounds=1400000000  speed=4567357 hands/sec  avg|ΔQ|=0.012881  threshold=0.005000
P2 sample rounds=1500000000  speed=4550087 hands/sec  avg|ΔQ|=0.012475  threshold=0.005000
P2 sample rounds=1600000000  speed=4533811 hands/sec  avg|ΔQ|=0.012130  threshold=0.005000
P2 sample rounds=1700000000  speed=4519606 hands/sec  avg|ΔQ|=0.011744  threshold=0.005000
P2 sample rounds=1800000000  speed=4503378 hands/sec  avg|ΔQ|=0.011306  threshold=0.005000
P2 sample rounds=1900000000  speed=4485925 hands/sec  avg|ΔQ|=0.010963  threshold=0.005000
P2 sample rounds=2000000000  speed=4471022 hands/sec  avg|ΔQ|=0.010523  threshold=0.005000
P2 sample rounds=2100000000  speed=4458646 hands/sec  avg|ΔQ|=0.010247  threshold=0.005000
P2 sample rounds=2200000000  speed=4446484 hands/sec  avg|ΔQ|=0.009996  threshold=0.005000
P2 sample rounds=2300000000  speed=4436703 hands/sec  avg|ΔQ|=0.009763  threshold=0.005000
P2 sample rounds=2400000000  speed=4427187 hands/sec  avg|ΔQ|=0.009582  threshold=0.005000
P2 sample rounds=2500000000  speed=4415526 hands/sec  avg|ΔQ|=0.009097  threshold=0.005000
P2 sample rounds=2600000000  speed=4404137 hands/sec  avg|ΔQ|=0.009021  threshold=0.005000
P2 sample rounds=2700000000  speed=4394038 hands/sec  avg|ΔQ|=0.008758  threshold=0.005000
P2 sample rounds=2800000000  speed=4386109 hands/sec  avg|ΔQ|=0.008462  threshold=0.005000
P2 sample rounds=2900000000  speed=4376592 hands/sec  avg|ΔQ|=0.008422  threshold=0.005000
P2 sample rounds=3000000000  speed=4368128 hands/sec  avg|ΔQ|=0.008282  threshold=0.005000
P2 sample rounds=3100000000  speed=4360847 hands/sec  avg|ΔQ|=0.008056  threshold=0.005000
P2 sample rounds=3200000000  speed=4353155 hands/sec  avg|ΔQ|=0.007929  threshold=0.005000
P2 sample rounds=3300000000  speed=4346480 hands/sec  avg|ΔQ|=0.007667  threshold=0.005000
P2 sample rounds=3400000000  speed=4339796 hands/sec  avg|ΔQ|=0.007607  threshold=0.005000
P2 sample rounds=3500000000  speed=4333775 hands/sec  avg|ΔQ|=0.007366  threshold=0.005000
P2 sample rounds=3600000000  speed=4327969 hands/sec  avg|ΔQ|=0.007244  threshold=0.005000
P2 sample rounds=3700000000  speed=4321935 hands/sec  avg|ΔQ|=0.006960  threshold=0.005000
P2 sample rounds=3800000000  speed=4316333 hands/sec  avg|ΔQ|=0.007029  threshold=0.005000
P2 sample rounds=3900000000  speed=4309916 hands/sec  avg|ΔQ|=0.006777  threshold=0.005000
P2 sample rounds=4000000000  speed=4303815 hands/sec  avg|ΔQ|=0.006627  threshold=0.005000
P2 sample rounds=4100000000  speed=4298870 hands/sec  avg|ΔQ|=0.006549  threshold=0.005000
P2 sample rounds=4200000000  speed=4293074 hands/sec  avg|ΔQ|=0.006553  threshold=0.005000
P2 sample rounds=4300000000  speed=4287626 hands/sec  avg|ΔQ|=0.006369  threshold=0.005000
P2 sample rounds=4400000000  speed=4282885 hands/sec  avg|ΔQ|=0.006239  threshold=0.005000
P2 sample rounds=4500000000  speed=4277408 hands/sec  avg|ΔQ|=0.006193  threshold=0.005000
P2 sample rounds=4600000000  speed=4272818 hands/sec  avg|ΔQ|=0.006070  threshold=0.005000
P2 sample rounds=4700000000  speed=4268788 hands/sec  avg|ΔQ|=0.005969  threshold=0.005000
P2 sample rounds=4800000000  speed=4264771 hands/sec  avg|ΔQ|=0.005822  threshold=0.005000
P2 sample rounds=4900000000  speed=4259706 hands/sec  avg|ΔQ|=0.005883  threshold=0.005000
P2 sample rounds=5000000000  speed=4254711 hands/sec  avg|ΔQ|=0.005693  threshold=0.005000
P2 sample rounds=5100000000  speed=4251183 hands/sec  avg|ΔQ|=0.005680  threshold=0.005000
P2 sample rounds=5200000000  speed=4247224 hands/sec  avg|ΔQ|=0.005479  threshold=0.005000
P2 sample rounds=5300000000  speed=4243177 hands/sec  avg|ΔQ|=0.005377  threshold=0.005000
P2 sample rounds=5400000000  speed=4239870 hands/sec  avg|ΔQ|=0.005322  threshold=0.005000
P2 sample rounds=5500000000  speed=4236524 hands/sec  avg|ΔQ|=0.005275  threshold=0.005000
P2 sample rounds=5600000000  speed=4232679 hands/sec  avg|ΔQ|=0.005265  threshold=0.005000
P2 sample rounds=5700000000  speed=4228979 hands/sec  avg|ΔQ|=0.005159  threshold=0.005000
P2 sample rounds=5800000000  speed=4226059 hands/sec  avg|ΔQ|=0.005085  threshold=0.005000
P2 sample rounds=5900000000  speed=4221411 hands/sec  avg|ΔQ|=0.005074  threshold=0.005000
P2 sample rounds=6000000000  speed=4217662 hands/sec  avg|ΔQ|=0.004902  threshold=0.005000

--- P2 ---
Training rounds: 6000000000
Training speed: 4217662 hands/sec
Training flat edge:   -0.152789
Evaluation flat edge (5000000000 rounds): -0.009409  std(X): 1.147214  E[X^2]: 1.316187
Spread 1:10 evaluation edge (5000000000 rounds): 0.044053  std(X): 5.677676  E[X^2]: 32.237947
Kelly growth per round:      1.000088  stddev: 0.000011

=== P2 Strategy ===

========== Count: -5 ==========

Hard
       2   3   4   5   6   7   8   9  10   A
  5    H   H   H   H   H   H   H   H   H   H
  6    H   H   H   H   H   H   H   H   H   H
  7    H   H   H   H   H   H   H   H   H   H
  8    H   H   H   H   H   H   H   H   H   H
  9    H   H   H   H   H   H   H   H   H   H
 10   Dh  Dh   H  Dh  Dh   H   H   H   H   H
 11   Dh  Dh  Dh  Dh  Dh   H   H   H   H   H
 12    H   H   H   H   H   H   H   H   H   H
 13    H   H   H   H   H   H   H   H   H   H
 14    H   H   H   H   H   H   H   H   H   H
 15    H   H   H   H   S   H   H   H   H   H
 16    H   H   S   S   S   H   H   H   H   H
 17    S   S   S   S   S   S   S   S   S   H
 18    S   S   S   S   S   S   S   S   S   S
 19    S   S   S   S   S   S   S   S   S   S
 20    S   S   S   S   S   S   S   S   S   S
 21    S   S   S   S   S   S   S   S   S   S

Soft
       2   3   4   5   6   7   8   9  10   A
 12    S   S   S   S   S   S   S   S   S   S
 13    H   H   H   H   H   H   H   H   H   H
 14    H   H   H   H   H   H   H   H   H   H
 15    H   H   H   H   H   H   H   H   H   H
 16    H   H   H   H  Dh   H   H   H   H   H
 17    H   H   H  Dh  Dh   H   H   H   H   H
 18    S   S   S   S  Ds   S   S   H   H   H
 19    S   S   S   S   S   S   S   S   S   S
 20    S   S   S   S   S   S   S   S   S   S
 21    S   S   S   S   S   S   S   S   S   S

Pair
       2   3   4   5   6   7   8   9  10   A
  2    H   H   H   P   P   P   H   H   H   H
  3    H   P   P   P   P   P   H   H   H   H
  4    H   H   H   H   H   H   H   H   H   H
  5    H   H  Dh  Dh  Dh   H   H   H   H   H
  6    H   H   P   P   P   P   P   H   H   H
  7    P   P   P   P   P   P   H   H   H   H
  8    P   P   P   P   P   P   P   P   P   H
  9    S   S   S   P   P   S   P   P   S   S
 10    S   S   S   S   S   S   S   S   S   S
 11    P   P   P   P   P   P   P   P   P   H

One card
       2   3   4   5   6   7   8   9  10   A
  2    H   H   H   H   H   H   H   H   H   H
  3    H   H   H   H   H   H   H   H   H   H
  4    H   H   H   H   H   H   H   H   H   H
  5    H   H   H   H   H   H   H   H   H   H
  6    H   H   H   H   H   H   H   H   H   H
  7    H   H   H   H   H   H   H   H   H   H
  8    H   H   H   H   H   H   H   H   H   H
  9    H   H   H   H   H   H   H   H   H   H
 10    H   H   H   H   H   H   H   H   H   H
  A    H   H   H   H   H   H   H   H   H   H

BlackJack
       2   3   4   5   6   7   8   9  10   A
 21    S   S   S   S   S   S   S   S   S   S

========== Count: -4 ==========

Hard
       2   3   4   5   6   7   8   9  10   A
  5    H   H   H   H   H   H   H   H   H   H
  6    H   H   H   H   H   H   H   H   H   H
  7    H   H   H   H   H   H   H   H   H   H
  8    H   H   H   H   H   H   H   H   H   H
  9    H   H   H  Dh  Dh   H   H   H   H   H
 10   Dh  Dh  Dh  Dh  Dh  Dh   H   H   H   H
 11   Dh  Dh  Dh  Dh  Dh  Dh  Dh  Dh   H   H
 12    H   H   H   H   H   H   H   H   H   H
 13    H   H   H   H   S   H   H   H   H   H
 14    H   H   S   S   S   H   H   H   H   H
 15    S   S   S   S   S   H   H   H   H   H
 16    S   S   S   S   S   H   H   H   H   H
 17    S   S   S   S   S   S   S   S   S   S
 18    S   S   S   S   S   S   S   S   S   S
 19    S   S   S   S   S   S   S   S   S   S
 20    S   S   S   S   S   S   S   S   S   S
 21    S   S   S   S   S   S   S   S   S   S

Soft
       2   3   4   5   6   7   8   9  10   A
 12    S   S   S   S   S   S   S   S   S   S
 13    H   H   H   H  Dh   H   H   H   H   H
 14    H   H   H  Dh  Dh   H   H   H   H   H
 15    H   H   H   H  Dh   H   H   H   H   H
 16    H   H   H   H  Dh   H   H   H   H   H
 17    H  Dh  Dh  Dh  Dh   H   H   H   H   H
 18    S   S  Ds  Ds  Ds   S   S   H   H   H
 19    S   S   S   S   S   S   S   S   S   S
 20    S   S   S   S   S   S   S   S   S   S
 21    S   S   S   S   S   S   S   S   S   S

Pair
       2   3   4   5   6   7   8   9  10   A
  2    H   H   P   P   P   P   H   H   H   H
  3    P   P   P   P   P   P   H   H   H   H
  4    H   H   P   P   P   H   H   H   H   H
  5   Dh  Dh  Dh  Dh  Dh   H   H   H   H   H
  6    P   P   P   P   P   P   P   H   H   H
  7    P   P   P   P   P   P   P   H   H   H
  8    P   P   P   P   P   P   P   P   P   H
  9    S   P   P   P   P   S   P   P   S   S
 10    S   S   S   S   S   S   S   S   S   S
 11    P   P   P   P   P   P   P   P   P   P

One card
       2   3   4   5   6   7   8   9  10   A
  2    H   H   H   H   H   H   H   H   H   H
  3    H   H   H   H   H   H   H   H   H   H
  4    H   H   H   H   H   H   H   H   H   H
  5    H   H   H   H   H   H   H   H   H   H
  6    H   H   H   H   H   H   H   H   H   H
  7    H   H   H   H   H   H   H   H   H   H
  8    H   H   H   H   H   H   H   H   H   H
  9    H   H   H   H   H   H   H   H   H   H
 10    H   H   H   H   H   H   H   H   H   H
  A    H   H   H   H   H   H   H   H   H   H

BlackJack
       2   3   4   5   6   7   8   9  10   A
 21    S   S   S   S   S   S   S   S   S   S

========== Count: -3 ==========

Hard
       2   3   4   5   6   7   8   9  10   A
  5    H   H   H   H   H   H   H   H   H   H
  6    H   H   H   H   H   H   H   H   H   H
  7    H   H   H   H   H   H   H   H   H   H
  8    H   H   H   H   H   H   H   H   H   H
  9    H   H   H  Dh  Dh   H   H   H   H   H
 10   Dh  Dh  Dh  Dh  Dh  Dh  Dh   H   H   H
 11   Dh  Dh  Dh  Dh  Dh  Dh  Dh  Dh  Dh   H
 12    H   H   H   H   H   H   H   H   H   H
 13    H   H   H   S   S   H   H   H   H   H
 14    H   S   S   S   S   H   H   H   H   H
 15    S   S   S   S   S   H   H   H   H   H
 16    S   S   S   S   S   H   H   H   H   H
 17    S   S   S   S   S   S   S   S   S   S
 18    S   S   S   S   S   S   S   S   S   S
 19    S   S   S   S   S   S   S   S   S   S
 20    S   S   S   S   S   S   S   S   S   S
 21    S   S   S   S   S   S   S   S   S   S

Soft
       2   3   4   5   6   7   8   9  10   A
 12    S   S   S   S   S   S   S   S   S   S
 13    H   H   H   H  Dh   H   H   H   H   H
 14    H   H   H  Dh  Dh   H   H   H   H   H
 15    H   H   H  Dh  Dh   H   H   H   H   H
 16    H   H   H   H  Dh   H   H   H   H   H
 17   Dh  Dh  Dh  Dh  Dh   H   H   H   H   H
 18    S   S  Ds  Ds  Ds   S   S   H   H   H
 19    S   S   S   S   S   S   S   S   S   S
 20    S   S   S   S   S   S   S   S   S   S
 21    S   S   S   S   S   S   S   S   S   S

Pair
       2   3   4   5   6   7   8   9  10   A
  2    P   P   P   P   P   P   H   H   H   H
  3    P   P   P   P   P   P   H   H   H   H
  4    H   H   H   P   P   H   H   H   H   H
  5   Dh  Dh  Dh  Dh  Dh  Dh  Dh   H   H   H
  6    P   P   P   P   P   P   P   H   H   H
  7    P   P   P   P   P   P   P   H   H   H
  8    P   P   P   P   P   P   P   P   P   H
  9    S   P   P   P   P   S   P   P   S   S
 10    S   S   S   S   S   S   S   S   S   S
 11    P   P   P   P   P   P   P   P   P   P

One card
       2   3   4   5   6   7   8   9  10   A
  2    H   H   H   H   H   H   H   H   H   H
  3    H   H   H   H   H   H   H   H   H   H
  4    H   H   H   H   H   H   H   H   H   H
  5    H   H   H   H   H   H   H   H   H   H
  6    H   H   H   H   H   H   H   H   H   H
  7    H   H   H   H   H   H   H   H   H   H
  8    H   H   H   H   H   H   H   H   H   H
  9    H   H   H   H   H   H   H   H   H   H
 10    H   H   H   H   H   H   H   H   H   H
  A    H   H   H   H   H   H   H   H   H   H

BlackJack
       2   3   4   5   6   7   8   9  10   A
 21    S   S   S   S   S   S   S   S   S   S

========== Count: -2 ==========

Hard
       2   3   4   5   6   7   8   9  10   A
  5    H   H   H   H   H   H   H   H   H   H
  6    H   H   H   H   H   H   H   H   H   H
  7    H   H   H   H   H   H   H   H   H   H
  8    H   H   H   H   H   H   H   H   H   H
  9    H   H   H  Dh  Dh   H   H   H   H   H
 10   Dh  Dh  Dh  Dh  Dh  Dh  Dh   H   H   H
 11   Dh  Dh  Dh  Dh  Dh  Dh  Dh  Dh  Dh  Dh
 12    H   H   H   H   S   H   H   H   H   H
 13    H   H   S   S   S   H   H   H   H   H
 14    S   S   S   S   S   H   H   H   H   H
 15    S   S   S   S   S   H   H   H   H   H
 16    S   S   S   S   S   H   H   H   H   H
 17    S   S   S   S   S   S   S   S   S   S
 18    S   S   S   S   S   S   S   S   S   S
 19    S   S   S   S   S   S   S   S   S   S
 20    S   S   S   S   S   S   S   S   S   S
 21    S   S   S   S   S   S   S   S   S   S

Soft
       2   3   4   5   6   7   8   9  10   A
 12    S   S   S   S   S   S   S   S   S   S
 13    H   H   H  Dh  Dh   H   H   H   H   H
 14    H   H   H   H  Dh   H   H   H   H   H
 15    H   H   H  Dh  Dh   H   H   H   H   H
 16    H   H   H  Dh  Dh   H   H   H   H   H
 17   Dh  Dh  Dh  Dh  Dh   H   H   H   H   H
 18    S  Ds  Ds  Ds  Ds   S   S   H   H   H
 19    S   S   S   S   S   S   S   S   S   S
 20    S   S   S   S   S   S   S   S   S   S
 21    S   S   S   S   S   S   S   S   S   S

Pair
       2   3   4   5   6   7   8   9  10   A
  2    P   P   P   P   P   P   H   H   H   H
  3    P   P   P   P   P   P   H   H   H   H
  4    H   H   H   P   P   H   H   H   H   H
  5   Dh  Dh  Dh  Dh  Dh  Dh  Dh   H   H   H
  6    P   P   P   P   P   P   H   H   H   H
  7    P   P   P   P   P   P   P   H   H   H
  8    P   P   P   P   P   P   P   P   P   H
  9    P   P   P   P   P   S   P   P   S   S
 10    S   S   S   S   S   S   S   S   S   S
 11    P   P   P   P   P   P   P   P   P   P

One card
       2   3   4   5   6   7   8   9  10   A
  2    H   H   H   H   H   H   H   H   H   H
  3    H   H   H   H   H   H   H   H   H   H
  4    H   H   H   H   H   H   H   H   H   H
  5    H   H   H   H   H   H   H   H   H   H
  6    H   H   H   H   H   H   H   H   H   H
  7    H   H   H   H   H   H   H   H   H   H
  8    H   H   H   H   H   H   H   H   H   H
  9    H   H   H   H   H   H   H   H   H   H
 10    H   H   H   H   H   H   H   H   H   H
  A    H   H   H   H   H   H   H   H   H   H

BlackJack
       2   3   4   5   6   7   8   9  10   A
 21    S   S   S   S   S   S   S   S   S   S

========== Count: -1 ==========

Hard
       2   3   4   5   6   7   8   9  10   A
  5    H   H   H   H   H   H   H   H   H   H
  6    H   H   H   H   H   H   H   H   H   H
  7    H   H   H   H   H   H   H   H   H   H
  8    H   H   H   H   H   H   H   H   H   H
  9    H   H  Dh  Dh  Dh   H   H   H   H   H
 10   Dh  Dh  Dh  Dh  Dh  Dh  Dh  Dh   H   H
 11   Dh  Dh  Dh  Dh  Dh  Dh  Dh  Dh  Dh  Dh
 12    H   H   H   H   S   H   H   H   H   H
 13    H   S   S   S   S   H   H   H   H   H
 14    S   S   S   S   S   H   H   H   H   H
 15    S   S   S   S   S   H   H   H   H   H
 16    S   S   S   S   S   H   H   H   H   H
 17    S   S   S   S   S   S   S   S   S   S
 18    S   S   S   S   S   S   S   S   S   S
 19    S   S   S   S   S   S   S   S   S   S
 20    S   S   S   S   S   S   S   S   S   S
 21    S   S   S   S   S   S   S   S   S   S

Soft
       2   3   4   5   6   7   8   9  10   A
 12    S   S   S   S   S   S   S   S   S   S
 13    H   H   H  Dh  Dh   H   H   H   H   H
 14    H   H   H  Dh  Dh   H   H   H   H   H
 15    H   H   H  Dh  Dh   H   H   H   H   H
 16    H   H   H  Dh  Dh   H   H   H   H   H
 17    H  Dh  Dh  Dh  Dh   H   H   H   H   H
 18   Ds   S  Ds  Ds  Ds   S   S   H   H   H
 19    S   S   S   S  Ds   S   S   S   S   S
 20    S   S   S   S   S   S   S   S   S   S
 21    S   S   S   S   S   S   S   S   S   S

Pair
       2   3   4   5   6   7   8   9  10   A
  2    P   P   P   P   P   P   H   H   H   H
  3    P   P   P   P   P   P   H   H   H   H
  4    H   H   H   P   P   H   H   H   H   H
  5   Dh  Dh  Dh  Dh  Dh  Dh  Dh  Dh   H   H
  6    P   P   P   P   P   P   H   H   H   H
  7    P   P   P   P   P   P   P   H   S   H
  8    P   P   P   P   P   P   P   P   P   P
  9    P   P   P   P   P   S   P   P   S   S
 10    S   S   S   S   S   S   S   S   S   S
 11    P   P   P   P   P   P   P   P   P   P

One card
       2   3   4   5   6   7   8   9  10   A
  2    H   H   H   H   H   H   H   H   H   H
  3    H   H   H   H   H   H   H   H   H   H
  4    H   H   H   H   H   H   H   H   H   H
  5    H   H   H   H   H   H   H   H   H   H
  6    H   H   H   H   H   H   H   H   H   H
  7    H   H   H   H   H   H   H   H   H   H
  8    H   H   H   H   H   H   H   H   H   H
  9    H   H   H   H   H   H   H   H   H   H
 10    H   H   H   H   H   H   H   H   H   H
  A    H   H   H   H   H   H   H   H   H   H

BlackJack
       2   3   4   5   6   7   8   9  10   A
 21    S   S   S   S   S   S   S   S   S   S

========== Count: 0 ==========

Hard
       2   3   4   5   6   7   8   9  10   A
  5    H   H   H   H   H   H   H   H   H   H
  6    H   H   H   H   H   H   H   H   H   H
  7    H   H   H   H   H   H   H   H   H   H
  8    H   H   H   H   H   H   H   H   H   H
  9    H   H  Dh  Dh  Dh   H   H   H   H   H
 10   Dh  Dh  Dh  Dh  Dh  Dh  Dh  Dh   H   H
 11   Dh  Dh  Dh  Dh  Dh  Dh  Dh  Dh  Dh  Dh
 12    H   H   H   S   S   H   H   H   H   H
 13    H   S   S   S   S   H   H   H   H   H
 14    S   S   S   S   S   H   H   H   H   H
 15    S   S   S   S   S   H   H   H   H   H
 16    S   S   S   S   S   H   H   H   H   H
 17    S   S   S   S   S   S   S   S   S   S
 18    S   S   S   S   S   S   S   S   S   S
 19    S   S   S   S   S   S   S   S   S   S
 20    S   S   S   S   S   S   S   S   S   S
 21    S   S   S   S   S   S   S   S   S   S

Soft
       2   3   4   5   6   7   8   9  10   A
 12    S   S   S   S   S   S   S   S   S   S
 13    H   H   H  Dh  Dh   H   H   H   H   H
 14    H   H   H  Dh  Dh   H   H   H   H   H
 15    H   H  Dh  Dh  Dh   H   H   H   H   H
 16    H   H  Dh  Dh  Dh   H   H   H   H   H
 17   Dh  Dh  Dh  Dh  Dh   H   H   H   H   H
 18    S  Ds  Ds  Ds  Ds   S   S   H   H   H
 19    S   S   S   S   S   S   S   S   S   S
 20    S   S   S   S   S   S   S   S   S   S
 21    S   S   S   S   S   S   S   S   S   S

Pair
       2   3   4   5   6   7   8   9  10   A
  2    P   P   P   P   P   P   H   H   H   H
  3    P   P   P   P   P   P   H   H   H   H
  4    H   H   H   P   P   H   H   H   H   H
  5   Dh  Dh  Dh  Dh  Dh  Dh  Dh  Dh   H   H
  6    P   P   P   P   P   P   H   H   H   H
  7    P   P   P   P   P   P   P   H   H   H
  8    P   P   P   P   P   P   P   P   P   P
  9    P   P   P   P   P   S   P   P   S   S
 10    S   S   S   S   S   S   S   S   S   S
 11    P   P   P   P   P   P   P   P   P   P

One card
       2   3   4   5   6   7   8   9  10   A
  2    H   H   H   H   H   H   H   H   H   H
  3    H   H   H   H   H   H   H   H   H   H
  4    H   H   H   H   H   H   H   H   H   H
  5    H   H   H   H   H   H   H   H   H   H
  6    H   H   H   H   H   H   H   H   H   H
  7    H   H   H   H   H   H   H   H   H   H
  8    H   H   H   H   H   H   H   H   H   H
  9    H   H   H   H   H   H   H   H   H   H
 10    H   H   H   H   H   H   H   H   H   H
  A    H   H   H   H   H   H   H   H   H   H

BlackJack
       2   3   4   5   6   7   8   9  10   A
 21    S   S   S   S   S   S   S   S   S   S

========== Count: 1 ==========

Hard
       2   3   4   5   6   7   8   9  10   A
  4    -   -   -   -   -   -   H   -   -   -
  5    H   H   H   H   H   H   H   H   H   H
  6    H   H   H   H   H   H   H   H   H   H
  7    H   H   H   H   H   H   H   H   H   H
  8    H   H   H   H   H   H   H   H   H   H
  9    H   H  Dh  Dh  Dh   H   H   H   H   H
 10   Dh  Dh  Dh  Dh  Dh  Dh  Dh  Dh   H   H
 11   Dh  Dh  Dh  Dh  Dh  Dh  Dh  Dh  Dh  Dh
 12    H   H   H   S   S   H   H   H   H   H
 13    S   S   S   S   S   H   H   H   H   H
 14    S   S   S   S   S   H   H   H   H   H
 15    S   S   S   S   S   H   H   H   H   H
 16    S   S   S   S   S   H   H   H   S   H
 17    S   S   S   S   S   S   S   S   S   S
 18    S   S   S   S   S   S   S   S   S   S
 19    S   S   S   S   S   S   S   S   S   S
 20    S   S   S   S   S   S   S   S   S   S
 21    S   S   S   S   S   S   S   S   S   S

Soft
       2   3   4   5   6   7   8   9  10   A
 12    S   S   S   S   S   S   S   S   S   S
 13    H   H   H  Dh  Dh   H   H   H   H   H
 14    H   H  Dh  Dh  Dh   H   H   H   H   H
 15    H   H  Dh  Dh  Dh   H   H   H   H   H
 16    H   H   H  Dh  Dh   H   H   H   H   H
 17   Dh  Dh  Dh  Dh  Dh   H   H   H   H   H
 18    S  Ds  Ds  Ds  Ds   S   S   H   H   H
 19    S   S   S   S  Ds   S   S   S   S   S
 20    S   S   S   S   S   S   S   S   S   S
 21    S   S   S   S   S   S   S   S   S   S

Pair
       2   3   4   5   6   7   8   9  10   A
  2    P   P   P   P   P   P   H   H   H   H
  3    P   P   P   P   P   P   H   H   H   H
  4    H   H   P   P   P   H   H   H   H   H
  5   Dh  Dh  Dh  Dh  Dh  Dh  Dh  Dh   H   H
  6    P   P   P   P   P   P   H   H   H   H
  7    P   P   P   P   P   P   P   H   S   H
  8    P   P   P   P   P   P   P   P   P   P
  9    P   P   P   P   P   S   P   P   S   S
 10    S   S   S   S   S   S   S   S   S   S
 11    P   P   P   P   P   P   P   P   P   P

One card
       2   3   4   5   6   7   8   9  10   A
  2    H   H   H   H   H   H   H   H   H   H
  3    H   H   H   H   H   H   H   H   H   H
  4    H   H   H   H   H   H   H   H   H   H
  5    H   H   H   H   H   H   H   H   H   H
  6    H   H   H   H   H   H   H   H   H   H
  7    H   H   H   H   H   H   H   H   H   H
  8    H   H   H   H   H   H   H   H   H   H
  9    H   H   H   H   H   H   H   H   H   H
 10    H   H   H   H   H   H   H   H   H   H
  A    H   H   H   H   H   H   H   H   H   H

BlackJack
       2   3   4   5   6   7   8   9  10   A
 21    S   S   S   S   S   S   S   S   S   S

========== Count: 2 ==========

Hard
       2   3   4   5   6   7   8   9  10   A
  5    H   H   H   H   H   H   H   H   H   H
  6    H   H   H   H   H   H   H   H   H   H
  7    H   H   H   H   H   H   H   H   H   H
  8    H   H   H   H   H   H   H   H   H   H
  9    H  Dh  Dh  Dh  Dh   H   H   H   H   H
 10   Dh  Dh  Dh  Dh  Dh  Dh  Dh  Dh   H   H
 11   Dh  Dh  Dh  Dh  Dh  Dh  Dh  Dh  Dh  Dh
 12    H   H   S   S   S   H   H   H   H   H
 13    S   S   S   S   S   H   H   H   H   H
 14    S   S   S   S   S   H   H   H   H   H
 15    S   S   S   S   S   H   H   H   S   H
 16    S   S   S   S   S   H   H   H   S   H
 17    S   S   S   S   S   S   S   S   S   S
 18    S   S   S   S   S   S   S   S   S   S
 19    S   S   S   S   S   S   S   S   S   S
 20    S   S   S   S   S   S   S   S   S   S
 21    S   S   S   S   S   S   S   S   S   S

Soft
       2   3   4   5   6   7   8   9  10   A
 12    S   S   S   S   S   S   S   S   S   S
 13    H   H   H  Dh  Dh   H   H   H   H   H
 14    H   H  Dh  Dh  Dh   H   H   H   H   H
 15    H   H  Dh  Dh  Dh   H   H   H   H   H
 16    H   H  Dh  Dh  Dh   H   H   H   H   H
 17   Dh  Dh  Dh  Dh  Dh   H   H   H   H   H
 18   Ds  Ds  Ds  Ds  Ds   S   S   H   H   H
 19    S  Ds  Ds  Ds  Ds   S   S   S   S   S
 20    S   S   S   S   S   S   S   S   S   S
 21    S   S   S   S   S   S   S   S   S   S

Pair
       2   3   4   5   6   7   8   9  10   A
  2    P   P   P   P   P   P   H   H   H   H
  3    P   P   P   P   P   P   H   H   H   H
  4    H   H   P   P   P   H   H   H   H   H
  5   Dh  Dh  Dh  Dh  Dh  Dh  Dh  Dh   H   H
  6    P   P   P   P   P   P   H   H   H   H
  7    P   P   P   P   P   P   P   H   S   S
  8    P   P   P   P   P   P   P   P   P   P
  9    P   P   P   P   P   S   P   P   S   P
 10    S   S   S   S   S   S   S   S   S   S
 11    P   P   P   P   P   P   P   P   P   P

One card
       2   3   4   5   6   7   8   9  10   A
  2    H   H   H   H   H   H   H   H   H   H
  3    H   H   H   H   H   H   H   H   H   H
  4    H   H   H   H   H   H   H   H   H   H
  5    H   H   H   H   H   H   H   H   H   H
  6    H   H   H   H   H   H   H   H   H   H
  7    H   H   H   H   H   H   H   H   H   H
  8    H   H   H   H   H   H   H   H   H   H
  9    H   H   H   H   H   H   H   H   H   H
 10    H   H   H   H   H   H   H   H   H   H
  A    H   H   H   H   H   H   H   H   H   H

BlackJack
       2   3   4   5   6   7   8   9  10   A
 21    S   S   S   S   S   S   S   S   S   S

========== Count: 3 ==========

Hard
       2   3   4   5   6   7   8   9  10   A
  5    H   H   H   H   H   H   H   H   H   H
  6    H   H   H   H   H   H   H   H   H   H
  7    H   H   H   H   H   H   H   H   H   H
  8    H   H   H   H  Dh   H   H   H   H   H
  9    H  Dh  Dh  Dh  Dh  Dh   H   H   H   H
 10   Dh  Dh  Dh  Dh  Dh  Dh  Dh  Dh  Dh  Dh
 11   Dh  Dh  Dh  Dh  Dh  Dh  Dh  Dh  Dh  Dh
 12    H   H   S   S   S   H   H   H   H   H
 13    S   S   S   S   S   H   H   H   H   H
 14    S   S   S   S   S   H   H   H   H   H
 15    S   S   S   S   S   H   H   H   S   H
 16    S   S   S   S   S   H   H   H   S   S
 17    S   S   S   S   S   S   S   S   S   S
 18    S   S   S   S   S   S   S   S   S   S
 19    S   S   S   S   S   S   S   S   S   S
 20    S   S   S   S   S   S   S   S   S   S
 21    S   S   S   S   S   S   S   S   S   S

Soft
       2   3   4   5   6   7   8   9  10   A
 12    S   S   S   S   S   S   S   S   S   S
 13    H   H   H  Dh  Dh   H   H   H   H   H
 14    H   H   H  Dh  Dh   H   H   H   H   H
 15    H  Dh  Dh  Dh  Dh   H   H   H   H   H
 16    H   H  Dh  Dh  Dh   H   H   H   H   H
 17   Dh  Dh  Dh  Dh  Dh   H   H   H   H   H
 18   Ds  Ds  Ds  Ds  Ds   S   S   H   H   H
 19    S   S   S  Ds  Ds   S   S   S   S   S
 20    S   S   S   S  Ds   S   S   S   S   S
 21    S   S   S   S   S   S   S   S   S   S

Pair
       2   3   4   5   6   7   8   9  10   A
  2    P   P   P   P   P   P   H   H   H   H
  3    P   P   P   P   P   P   H   H   H   H
  4    H   P   P   P   P   H   H   H   H   H
  5   Dh  Dh  Dh  Dh  Dh  Dh  Dh  Dh  Dh  Dh
  6    P   P   P   P   P   P   H   H   H   H
  7    P   P   P   P   P   P   P   H   S   S
  8    P   P   P   P   P   P   P   P   P   P
  9    P   P   P   P   P   S   P   P   S   S
 10    S   S   S   S   P   S   S   S   S   S
 11    P   P   P   P   P   P   P   P   P   P

One card
       2   3   4   5   6   7   8   9  10   A
  2    H   H   H   H   H   H   H   H   H   H
  3    H   H   H   H   H   H   H   H   H   H
  4    H   H   H   H   H   H   H   H   H   H
  5    H   H   H   H   H   H   H   H   H   H
  6    H   H   H   H   H   H   H   H   H   H
  7    H   H   H   H   H   H   H   H   H   H
  8    H   H   H   H   H   H   H   H   H   H
  9    H   H   H   H   H   H   H   H   H   H
 10    H   H   H   H   H   H   H   H   H   H
  A    H   H   H   H   H   H   H   H   H   H

BlackJack
       2   3   4   5   6   7   8   9  10   A
 21    S   S   S   S   S   S   S   S   S   S

========== Count: 4 ==========

Hard
       2   3   4   5   6   7   8   9  10   A
  5    H   H   H   H   H   H   H   H   H   H
  6    H   H   H   H   H   H   H   H   H   H
  7    H   H   H   H   H   H   H   H   H   H
  8    H   H   H   H  Dh   H   H   H   H   H
  9   Dh  Dh  Dh  Dh  Dh  Dh   H   H   H   H
 10   Dh  Dh  Dh  Dh  Dh  Dh  Dh  Dh  Dh  Dh
 11   Dh  Dh  Dh  Dh  Dh  Dh  Dh  Dh  Dh  Dh
 12    H   H   S   S   S   H   H   H   H   H
 13    S   S   S   S   S   H   H   H   H   H
 14    S   S   S   S   S   H   H   H   H   H
 15    S   S   S   S   S   H   H   H   S   H
 16    S   S   S   S   S   H   H   H   S   S
 17    S   S   S   S   S   S   S   S   S   S
 18    S   S   S   S   S   S   S   S   S   S
 19    S   S   S   S   S   S   S   S   S   S
 20    S   S   S   S   S   S   S   S   S   S
 21    S   S   S   S   S   S   S   S   S   S

Soft
       2   3   4   5   6   7   8   9  10   A
 12    S   S   S   S   S   S   S   S   S   S
 13    H   H   H  Dh  Dh   H   H   H   H   H
 14    H  Dh  Dh  Dh  Dh   H   H   H   H   H
 15    H   H   H  Dh  Dh   H   H   H   H   H
 16    H  Dh  Dh  Dh  Dh   H   H   H   H   H
 17   Dh  Dh  Dh  Dh  Dh   H   H   H   H   H
 18   Ds  Ds  Ds  Ds  Ds   S   S   H   H   H
 19    S  Ds  Ds  Ds  Ds   S   S   S   S   S
 20    S   S   S   S  Ds   S   S   S   S   S
 21    S   S   S   S   S   S   S   S   S   S

Pair
       2   3   4   5   6   7   8   9  10   A
  2    P   P   P   P   P   P   H   H   H   H
  3    P   P   P   P   P   P   H   H   H   H
  4    H   P   P   P   P   H   H   H   H   H
  5   Dh  Dh  Dh  Dh  Dh  Dh  Dh  Dh   H   H
  6    P   P   P   P   P   P   H   H   H   H
  7    P   P   P   P   P   P   P   H   S   S
  8    P   P   P   P   P   P   P   P   P   P
  9    P   P   P   P   P   S   P   P   S   P
 10    S   S   P   P   P   S   S   S   S   S
 11    P   P   P   P   P   P   P   P   P   P

One card
       2   3   4   5   6   7   8   9  10   A
  2    H   H   H   H   H   H   H   H   H   H
  3    H   H   H   H   H   H   H   H   H   H
  4    H   H   H   H   H   H   H   H   H   H
  5    H   H   H   H   H   H   H   H   H   H
  6    H   H   H   H   H   H   H   H   H   H
  7    H   H   H   H   H   H   H   H   H   H
  8    H   H   H   H   H   H   H   H   H   H
  9    H   H   H   H   H   H   H   H   H   H
 10    H   H   H   H   H   H   H   H   H   H
  A    H   H   H   H   H   H   H   H   H   H

BlackJack
       2   3   4   5   6   7   8   9  10   A
 21    S   S   S   S   S   S   S   S   S   S

========== Count: 5 ==========

Hard
       2   3   4   5   6   7   8   9  10   A
  5    H   H   H   H   H   H   H   H   H   H
  6    H   H   H   H   H   H   H   H   H   H
  7    H   H   H  Dh  Dh   H   H   H   H   H
  8    H  Dh  Dh  Dh  Dh   H   H   H   H   H
  9   Dh  Dh  Dh  Dh  Dh  Dh   H   H   H   H
 10   Dh  Dh  Dh  Dh  Dh  Dh  Dh  Dh  Dh  Dh
 11   Dh  Dh  Dh  Dh  Dh  Dh  Dh  Dh  Dh  Dh
 12    S   S   S   S   S   H   H   H   H   H
 13    S   S   S   S   S   H   H   H   H   H
 14    S   S   S   S   S   H   H   H   H   S
 15    S   S   S   S   S   H   H   S   S   S
 16    S   S   S   S   S   S   S   S   S   S
 17    S   S   S   S   S   S   S   S   S   S
 18    S   S   S   S   S   S   S   S   S   S
 19    S   S   S   S   S   S   S   S   S   S
 20    S   S   S   S   S   S   S   S   S   S
 21    S   S   S   S   S   S   S   S   S   S

Soft
       2   3   4   5   6   7   8   9  10   A
 12    S   S   S   S   S   S   S   S   S   S
 13    H  Dh  Dh  Dh  Dh   H   H   H   H   H
 14    H  Dh  Dh  Dh  Dh   H   H   H   H   H
 15    H  Dh  Dh  Dh  Dh   H   H   H   H   H
 16    H  Dh  Dh  Dh  Dh   H   H   H   H   H
 17   Dh  Dh  Dh  Dh  Dh   H   H   H   H   H
 18   Ds  Ds  Ds  Ds  Ds   S   S   H   H   H
 19   Ds  Ds  Ds  Ds  Ds   S   S   S   S   S
 20   Ds  Ds  Ds  Ds  Ds   S   S   S   S   S
 21    S   S  Ds  Ds  Ds   S   S   S   S   S

Pair
       2   3   4   5   6   7   8   9  10   A
  2    P   P   P   P   P   P   H   H   H   H
  3    P   P   P   P   P   P   H   H   H   H
  4    H   P   P   P   P   H   H   H   H   H
  5   Dh  Dh  Dh  Dh  Dh  Dh  Dh  Dh  Dh  Dh
  6    P   P   P   P   P   P   H   H   H   H
  7    P   P   P   P   P   P   P   H   S   S
  8    P   P   P   P   P   P   P   P   P   P
  9    P   P   P   P   P   P   P   P   S   P
 10    S   P   P   P   P   S   S   S   S   S
 11    P   P   P   P   P   P   P   P   P   P

One card
       2   3   4   5   6   7   8   9  10   A
  2    H   H   H   H   H   H   H   H   H   H
  3    H   H   H   H   H   H   H   H   H   H
  4    H   H   H   H   H   H   H   H   H   H
  5    H   H   H   H   H   H   H   H   H   H
  6    H   H   H   H   H   H   H   H   H   H
  7    H   H   H   H   H   H   H   H   H   H
  8    H   H   H   H   H   H   H   H   H   H
  9    H   H   H   H   H   H   H   H   H   H
 10    H   H   H   H   H   H   H   H   H   H
  A    H   H   H   H   H   H   H   H   H   H

BlackJack
       2   3   4   5   6   7   8   9  10   A
 21    S   S   S   S   S   S   S   S   S   S
========================

--- W3 ---
Recorded rounds: 5000000000  speed: 9688661 hands/sec
Count table:
  Card      Original      Used          
  --------------------------------------
  2         0.6022        0.6022        
  3         0.7645        0.7645        
  4         1.1268        1.1268        
  5         1.4146        1.4146        
  6         0.8112        0.8112        
  7         0.4593        0.4593        
  8         -0.0738       -0.0738       
  9         -0.4272       -0.4272       
  10        -1.0011       -1.0000       
  J         -1.0033       -1.0000       
  Q         -0.9992       -1.0000       
  K         -0.9963       -1.0000       
  A         -0.6775       -0.6775       
  Bias      -0.009778   
  Bet>0 TC  2.781249    
  Factor    0.003516    

Spread 1:10 evaluation edge (5000000000 rounds): 0.044128  std(X): 5.688838  E[X^2]: 32.364825
Optimal Kelly multiplier:    1.200000  fitted-signal target: 1.000000
Optimal Kelly growth/round:  1.000092  stddev: 0.000014
Sanity checks:
  Sum(weights): -0.000000  (PASS, expected near 0)
  10-value consistency: mean=-1.000000  max_dev=0.003679  rel=0.367917%  (PASS)
  Bias vs flat edge: bias=-0.009778  flat_edge=-0.009409  diff=0.000368  rel_to_0.5%=7.367242%
  Bias constraint: fixed to W1 bias
EV-count graph:         41 points  res=0.250000  speed: 8883993 hands/sec
Count histogram:        total=366569433  symmetry_rel_diff=5.8079%  (PASS, expected roughly symmetric)
