Training fresh full deviations for the selected count...
Training rounds=100000000 speed=4663744 rounds/sec avg|delta Q|=0.33752704 threshold=0.00500000
Training rounds=200000000 speed=4655385 rounds/sec avg|delta Q|=0.04380433 threshold=0.00500000
Training rounds=300000000 speed=4605182 rounds/sec avg|delta Q|=0.02686333 threshold=0.00500000
Training rounds=400000000 speed=4540501 rounds/sec avg|delta Q|=0.02080124 threshold=0.00500000
Training rounds=500000000 speed=4553900 rounds/sec avg|delta Q|=0.01769962 threshold=0.00500000
Training rounds=600000000 speed=4492464 rounds/sec avg|delta Q|=0.01570062 threshold=0.00500000
Training rounds=700000000 speed=4474244 rounds/sec avg|delta Q|=0.01446894 threshold=0.00500000
Training rounds=800000000 speed=4441114 rounds/sec avg|delta Q|=0.01344087 threshold=0.00500000
Training rounds=900000000 speed=4413236 rounds/sec avg|delta Q|=0.01266717 threshold=0.00500000
Training rounds=1000000000 speed=4419069 rounds/sec avg|delta Q|=0.01206598 threshold=0.00500000
Training rounds=1100000000 speed=4412142 rounds/sec avg|delta Q|=0.01153189 threshold=0.00500000
Training rounds=1200000000 speed=4399004 rounds/sec avg|delta Q|=0.01129314 threshold=0.00500000
Training rounds=1300000000 speed=4377723 rounds/sec avg|delta Q|=0.01069027 threshold=0.00500000
Training rounds=1400000000 speed=4377503 rounds/sec avg|delta Q|=0.01028896 threshold=0.00500000
Training rounds=1500000000 speed=4376342 rounds/sec avg|delta Q|=0.01004262 threshold=0.00500000
Training rounds=1600000000 speed=4347106 rounds/sec avg|delta Q|=0.00978065 threshold=0.00500000
Training rounds=1700000000 speed=4341785 rounds/sec avg|delta Q|=0.00945036 threshold=0.00500000
Training rounds=1800000000 speed=4341115 rounds/sec avg|delta Q|=0.00919714 threshold=0.00500000
Training rounds=1900000000 speed=4326047 rounds/sec avg|delta Q|=0.00883962 threshold=0.00500000
Training rounds=2000000000 speed=4305418 rounds/sec avg|delta Q|=0.00872292 threshold=0.00500000
Training rounds=2100000000 speed=4301251 rounds/sec avg|delta Q|=0.00849554 threshold=0.00500000
Training rounds=2200000000 speed=4290565 rounds/sec avg|delta Q|=0.00834152 threshold=0.00500000
Training rounds=2300000000 speed=4289060 rounds/sec avg|delta Q|=0.00818442 threshold=0.00500000
Training rounds=2400000000 speed=4274646 rounds/sec avg|delta Q|=0.00789436 threshold=0.00500000
Training rounds=2500000000 speed=4271401 rounds/sec avg|delta Q|=0.00761799 threshold=0.00500000
Training rounds=2600000000 speed=4263120 rounds/sec avg|delta Q|=0.00754953 threshold=0.00500000
Training rounds=2700000000 speed=4247173 rounds/sec avg|delta Q|=0.00735531 threshold=0.00500000
Training rounds=2800000000 speed=4247631 rounds/sec avg|delta Q|=0.00718449 threshold=0.00500000
Training rounds=2900000000 speed=4240746 rounds/sec avg|delta Q|=0.00710868 threshold=0.00500000
Training rounds=3000000000 speed=4230142 rounds/sec avg|delta Q|=0.00691993 threshold=0.00500000
Training rounds=3100000000 speed=4227517 rounds/sec avg|delta Q|=0.00680311 threshold=0.00500000
Training rounds=3200000000 speed=4214963 rounds/sec avg|delta Q|=0.00672068 threshold=0.00500000
Training rounds=3300000000 speed=4210225 rounds/sec avg|delta Q|=0.00656991 threshold=0.00500000
Training rounds=3400000000 speed=4201416 rounds/sec avg|delta Q|=0.00639726 threshold=0.00500000
Training rounds=3500000000 speed=4200234 rounds/sec avg|delta Q|=0.00635148 threshold=0.00500000
Training rounds=3600000000 speed=4195442 rounds/sec avg|delta Q|=0.00618259 threshold=0.00500000
Training rounds=3700000000 speed=4188287 rounds/sec avg|delta Q|=0.00604455 threshold=0.00500000
Training rounds=3800000000 speed=4181863 rounds/sec avg|delta Q|=0.00603721 threshold=0.00500000
Training rounds=3900000000 speed=4180454 rounds/sec avg|delta Q|=0.00588791 threshold=0.00500000
Training rounds=4000000000 speed=4170368 rounds/sec avg|delta Q|=0.00578943 threshold=0.00500000
Training rounds=4100000000 speed=4165122 rounds/sec avg|delta Q|=0.00567187 threshold=0.00500000
Training rounds=4200000000 speed=4158931 rounds/sec avg|delta Q|=0.00556323 threshold=0.00500000
Training rounds=4300000000 speed=4153498 rounds/sec avg|delta Q|=0.00555434 threshold=0.00500000
Training rounds=4400000000 speed=4143645 rounds/sec avg|delta Q|=0.00542736 threshold=0.00500000
Training rounds=4500000000 speed=4139339 rounds/sec avg|delta Q|=0.00531768 threshold=0.00500000
Training rounds=4600000000 speed=4137048 rounds/sec avg|delta Q|=0.00524497 threshold=0.00500000
Training rounds=4700000000 speed=4129646 rounds/sec avg|delta Q|=0.00514785 threshold=0.00500000
Training rounds=4800000000 speed=4124650 rounds/sec avg|delta Q|=0.00509695 threshold=0.00500000
Training rounds=4900000000 speed=4120303 rounds/sec avg|delta Q|=0.00502575 threshold=0.00500000
Training rounds=5000000000 speed=4117799 rounds/sec avg|delta Q|=0.00490421 threshold=0.00500000

=== EvaluateCountPolicy ===
Command:          /home/pliops/BlackJackCounts/build/bin/EvaluateCountPolicy --game blackjack --count-name halves --policy full-deviations --output-dir /home/pliops/BlackJackCounts/paper_materials/performance-suites/h17c03_5b_named_counts_continuous/bj6-5/halves_d6/full_deviations --decks 6 --penetration 75 --ss17 false --peek true --surr no --das true --sas 4 --don ANY --rsa false --hsa false --bj 1.2 --factor 0.005 --bias -0.0199842 --count-normalization true --continuous-betting-count true --min-count -5 --max-count 5 --num-rounds 5000000000 --stop-mode diff --sample-rounds 100000000 --diff-threshold 0.005 --eval-rounds 5000000000 --kelly-rounds 1000000 --kelly-measurements 1000 --kelly-min 0.50 --kelly-max 1.00 --kelly-step 0.05 --max-total-wager-fraction 1.0 --num-threads 10 --seed 12345
Game:             blackjack
Scenario:         decks=6_ss17=False_das=True_sas=4_don=Any_reSplitAces=False_hitSplitAces=False_surr=no_peek=True_bj-pays=1.2
Penetration:      75.00000000%
Count:            named count halves
Policy:           fresh full deviations trained for the selected count
Spread:           5000000000 rounds, 1:10
Kelly:            1000 x 1000000 rounds per multiplier
Kelly search:     0.50000000 to 1.00000000 step 0.05000000
Total wager cap:  1.00000000 x round-start bankroll
Threads:          10
Seed:             12345
Output:           /home/pliops/BlackJackCounts/paper_materials/performance-suites/h17c03_5b_named_counts_continuous/bj6-5/halves_d6/full_deviations/

Count weights:
   2  0.500000000000
   3  1.000000000000
   4  1.000000000000
   5  1.500000000000
   6  1.000000000000
   7  0.500000000000
   8  0.000000000000
   9  -0.500000000000
  10  -1.000000000000
   J  -1.000000000000
   Q  -1.000000000000
   K  -1.000000000000
   A  -1.000000000000
Transform: running = 0.000000000000 + (0.000000000000 * decks) + tags; selected=true_count
Signal f(c) = -0.019984200000 + 0.005000000000 * c

Running spread and Kelly evaluations...

=== Result ===
Spread edge:               -0.015298796291
Kelly growth @1:           1.000002306943
Kelly exposure rounds @1: 1000000000
Mean gross wager/bankroll: 0.000512307330
Max gross wager/bankroll:  0.363026162963
Mean |fX|:                 0.000466004361
Max |fX|:                  0.363026162963

Saved results to /home/pliops/BlackJackCounts/paper_materials/performance-suites/h17c03_5b_named_counts_continuous/bj6-5/halves_d6/full_deviations/
