Training fresh full deviations for the selected count...
Training rounds=100000000 speed=8147303 rounds/sec avg|delta Q|=0.33291274 threshold=0.00500000
Training rounds=200000000 speed=8016675 rounds/sec avg|delta Q|=0.04336705 threshold=0.00500000
Training rounds=300000000 speed=7905763 rounds/sec avg|delta Q|=0.02665955 threshold=0.00500000
Training rounds=400000000 speed=7827789 rounds/sec avg|delta Q|=0.02115611 threshold=0.00500000
Training rounds=500000000 speed=7765784 rounds/sec avg|delta Q|=0.01805341 threshold=0.00500000
Training rounds=600000000 speed=7708812 rounds/sec avg|delta Q|=0.01589254 threshold=0.00500000
Training rounds=700000000 speed=7640337 rounds/sec avg|delta Q|=0.01477204 threshold=0.00500000
Training rounds=800000000 speed=7592150 rounds/sec avg|delta Q|=0.01349104 threshold=0.00500000
Training rounds=900000000 speed=7540594 rounds/sec avg|delta Q|=0.01281145 threshold=0.00500000
Training rounds=1000000000 speed=7503789 rounds/sec avg|delta Q|=0.01228203 threshold=0.00500000
Training rounds=1100000000 speed=7489770 rounds/sec avg|delta Q|=0.01187732 threshold=0.00500000
Training rounds=1200000000 speed=7453925 rounds/sec avg|delta Q|=0.01130962 threshold=0.00500000
Training rounds=1300000000 speed=7422760 rounds/sec avg|delta Q|=0.01088980 threshold=0.00500000
Training rounds=1400000000 speed=7391373 rounds/sec avg|delta Q|=0.01026326 threshold=0.00500000
Training rounds=1500000000 speed=7380255 rounds/sec avg|delta Q|=0.01009102 threshold=0.00500000
Training rounds=1600000000 speed=7350374 rounds/sec avg|delta Q|=0.00984589 threshold=0.00500000
Training rounds=1700000000 speed=7325818 rounds/sec avg|delta Q|=0.00956238 threshold=0.00500000
Training rounds=1800000000 speed=7300632 rounds/sec avg|delta Q|=0.00928566 threshold=0.00500000
Training rounds=1900000000 speed=7277992 rounds/sec avg|delta Q|=0.00895132 threshold=0.00500000
Training rounds=2000000000 speed=7269502 rounds/sec avg|delta Q|=0.00874857 threshold=0.00500000
Training rounds=2100000000 speed=7247052 rounds/sec avg|delta Q|=0.00853292 threshold=0.00500000
Training rounds=2200000000 speed=7224745 rounds/sec avg|delta Q|=0.00817327 threshold=0.00500000
Training rounds=2300000000 speed=7207501 rounds/sec avg|delta Q|=0.00800894 threshold=0.00500000
Training rounds=2400000000 speed=7187070 rounds/sec avg|delta Q|=0.00798253 threshold=0.00500000
Training rounds=2500000000 speed=7170001 rounds/sec avg|delta Q|=0.00767374 threshold=0.00500000
Training rounds=2600000000 speed=7151246 rounds/sec avg|delta Q|=0.00755160 threshold=0.00500000
Training rounds=2700000000 speed=7136212 rounds/sec avg|delta Q|=0.00740503 threshold=0.00500000
Training rounds=2800000000 speed=7118469 rounds/sec avg|delta Q|=0.00729203 threshold=0.00500000
Training rounds=2900000000 speed=7103752 rounds/sec avg|delta Q|=0.00715760 threshold=0.00500000
Training rounds=3000000000 speed=7090690 rounds/sec avg|delta Q|=0.00702252 threshold=0.00500000
Training rounds=3100000000 speed=7075735 rounds/sec avg|delta Q|=0.00682357 threshold=0.00500000
Training rounds=3200000000 speed=7063316 rounds/sec avg|delta Q|=0.00668048 threshold=0.00500000
Training rounds=3300000000 speed=7050800 rounds/sec avg|delta Q|=0.00663823 threshold=0.00500000
Training rounds=3400000000 speed=7037443 rounds/sec avg|delta Q|=0.00649631 threshold=0.00500000
Training rounds=3500000000 speed=7024487 rounds/sec avg|delta Q|=0.00630551 threshold=0.00500000
Training rounds=3600000000 speed=7011749 rounds/sec avg|delta Q|=0.00625908 threshold=0.00500000
Training rounds=3700000000 speed=7000920 rounds/sec avg|delta Q|=0.00610611 threshold=0.00500000
Training rounds=3800000000 speed=6990666 rounds/sec avg|delta Q|=0.00604443 threshold=0.00500000
Training rounds=3900000000 speed=6984316 rounds/sec avg|delta Q|=0.00587168 threshold=0.00500000
Training rounds=4000000000 speed=6973768 rounds/sec avg|delta Q|=0.00589039 threshold=0.00500000
Training rounds=4100000000 speed=6963091 rounds/sec avg|delta Q|=0.00581970 threshold=0.00500000
Training rounds=4200000000 speed=6952008 rounds/sec avg|delta Q|=0.00567010 threshold=0.00500000
Training rounds=4300000000 speed=6942561 rounds/sec avg|delta Q|=0.00557995 threshold=0.00500000
Training rounds=4400000000 speed=6933753 rounds/sec avg|delta Q|=0.00552976 threshold=0.00500000
Training rounds=4500000000 speed=6924877 rounds/sec avg|delta Q|=0.00543757 threshold=0.00500000
Training rounds=4600000000 speed=6915432 rounds/sec avg|delta Q|=0.00540896 threshold=0.00500000
Training rounds=4700000000 speed=6907326 rounds/sec avg|delta Q|=0.00516587 threshold=0.00500000
Training rounds=4800000000 speed=6899417 rounds/sec avg|delta Q|=0.00517927 threshold=0.00500000
Training rounds=4900000000 speed=6891111 rounds/sec avg|delta Q|=0.00508777 threshold=0.00500000
Training rounds=5000000000 speed=6882294 rounds/sec avg|delta Q|=0.00509139 threshold=0.00500000
Training rounds=5100000000 speed=6874307 rounds/sec avg|delta Q|=0.00502814 threshold=0.00500000
Training rounds=5200000000 speed=6865974 rounds/sec avg|delta Q|=0.00497819 threshold=0.00500000

=== EvaluateCountPolicy ===
Command:          /home/neria/Desktop/BlackjaclCpp/build/bin/EvaluateCountPolicy --game blackjack --count-name hilo --policy full-deviations --output-dir /home/neria/Desktop/BlackjaclCpp/checkpoints/performance-suites/h17c03_5b_hilo_bias_continuous/bj3-2/fixed_0p5pct_d1/full_deviations --penetration 75 --ss17 false --peek true --surr no --das true --sas 4 --don ANY --rsa false --hsa false --bj 1.5 --num-rounds 5000000000 --stop-mode diff --sample-rounds 100000000 --diff-threshold 0.005 --eval-rounds 5000000000 --kelly-rounds 1000000 --kelly-measurements 1000 --kelly-min 0.50 --kelly-max 1.00 --kelly-step 0.05 --num-threads 10 --seed 12345 --decks 1 --factor 0.005 --bias -0.005 --continuous-betting-count true
Game:             blackjack
Scenario:         decks=1_ss17=False_das=True_sas=4_don=Any_reSplitAces=False_hitSplitAces=False_surr=no_peek=True_bj-pays=1.5
Penetration:      75.00000000%
Count:            named count hilo
Policy:           fresh full deviations trained for the selected count
Spread:           5000000000 rounds, 1:10
Kelly:            1000 x 1000000 rounds per multiplier
Kelly search:     0.50000000 to 1.00000000 step 0.05000000
Threads:          10
Seed:             12345
Output:           /home/neria/Desktop/BlackjaclCpp/checkpoints/performance-suites/h17c03_5b_hilo_bias_continuous/bj3-2/fixed_0p5pct_d1/full_deviations/

Count weights:
   2  1.000000000000
   3  1.000000000000
   4  1.000000000000
   5  1.000000000000
   6  1.000000000000
   7  0.000000000000
   8  0.000000000000
   9  0.000000000000
  10  -1.000000000000
   J  -1.000000000000
   Q  -1.000000000000
   K  -1.000000000000
   A  -1.000000000000
Transform: running = 0.000000000000 + (0.000000000000 * decks) + tags; selected=true_count
Signal f(c) = -0.005000000000 + 0.005000000000 * c

Running spread and Kelly evaluations...

=== Result ===
Spread edge:               0.101871914600
Kelly growth @1:           1.000178955425
Kelly exposure rounds @1: 1000000000
Mean gross wager/bankroll: 0.008265218525
Max gross wager/bankroll:  0.996428571429
Mean |fX|:                 0.007693696682
Max |fX|:                  0.996428571429

Saved results to /home/neria/Desktop/BlackjaclCpp/checkpoints/performance-suites/h17c03_5b_hilo_bias_continuous/bj3-2/fixed_0p5pct_d1/full_deviations/
