
=== AlternatingOptimization ===
Command:       /home/neria/Desktop/BlackjaclCpp/build/bin/AlternatingOptimization --game blackjack --penetration 75 --ss17 false --peek true --surr no --das true --sas 4 --don ANY --rsa false --hsa false --bj 1.5 --num-threads 5 --stop-mode diff --sample-rounds 100000000 --diff-threshold 0.005 --num-rounds 5000000000 --eval-rounds 5000000000 --graph-rounds 500000000 --kelly-measurements 1000 --kelly-fraction-step 0.05 --iterations 3 --sample-every 5 --decks 6 --count-quadratic-kelly --count-sum-zero-fixed-p0-edge --checkpoint-name h17c03_5b_qk_p0
Scenario:      decks=6_ss17=False_das=True_sas=4_don=Any_reSplitAces=False_hitSplitAces=False_surr=no_peek=True_bj-pays=1.5_penetration=75%
Policy stop:   diff  sample=100000000  threshold=0.005  Threads: 5
Count rounds:  25000000000  (record every 5 => target 5000000000 recorded samples)
Eval rounds:   5000000000
Graph rounds:  500000000
Iterations:    3  (each iteration learns P_k then W_{k+1})
Count objective: quadratic_kelly
Count constraint: sum_zero_fixed_p0_flat_edge
Penetration:   75%
Sample-every:  5
Kelly sweep:  centered at fitted-signal multiplier 1.0 +/- 0.25 (minimum 0)  step 0.05
Folder:        /home/neria/Desktop/BlackjaclCpp/checkpoints/alternating-checkpoints/h17c03_5b_qk_p0_decks=6_ss17=False_das=True_surr=no_peek=True/
Initial count: none (all zeros)
Count scaling:  average 10/J/Q/K tag = -1
===============================
P0 sample rounds=100000000  speed=6352433 hands/sec  avg|ΔQ|=0.405496  threshold=0.005000
P0 sample rounds=200000000  speed=6305568 hands/sec  avg|ΔQ|=0.014077  threshold=0.005000
P0 sample rounds=300000000  speed=6236747 hands/sec  avg|ΔQ|=0.011152  threshold=0.005000
P0 sample rounds=400000000  speed=6174078 hands/sec  avg|ΔQ|=0.010087  threshold=0.005000
P0 sample rounds=500000000  speed=6109183 hands/sec  avg|ΔQ|=0.008529  threshold=0.005000
P0 sample rounds=600000000  speed=6059749 hands/sec  avg|ΔQ|=0.007660  threshold=0.005000
P0 sample rounds=700000000  speed=6012713 hands/sec  avg|ΔQ|=0.007133  threshold=0.005000
P0 sample rounds=800000000  speed=5985157 hands/sec  avg|ΔQ|=0.006801  threshold=0.005000
P0 sample rounds=900000000  speed=5961765 hands/sec  avg|ΔQ|=0.006239  threshold=0.005000
P0 sample rounds=1000000000  speed=5940112 hands/sec  avg|ΔQ|=0.005773  threshold=0.005000
P0 sample rounds=1100000000  speed=5920822 hands/sec  avg|ΔQ|=0.005393  threshold=0.005000
P0 sample rounds=1200000000  speed=5903565 hands/sec  avg|ΔQ|=0.005291  threshold=0.005000
P0 sample rounds=1300000000  speed=5880836 hands/sec  avg|ΔQ|=0.004764  threshold=0.005000

--- P0 ---
Training rounds: 1300000000
Training speed: 5880836 hands/sec
Training flat edge:   -0.109528
Evaluation flat edge (5000000000 rounds): -0.006422  std(X): 1.156704  E[X^2]: 1.338005
Spread/Kelly evaluation skipped for P0: W0 is the zero count, so no positive-count betting signal is expected.

=== P0 Strategy ===

========== Count: 0 ==========

Hard
       2   3   4   5   6   7   8   9  10   A
  4    H   H   H   H   H   H   S  Dh   H   H
  5    H   H   H   H   H   H   H   H   H   H
  6    H   H   H   H   H   H   H   H   H   H
  7    H   H   H   H   H   H   H   H   H   H
  8    H   H   H   H   H   H   H   H   H   H
  9    H  Dh  Dh  Dh  Dh   H   H   H   H   H
 10   Dh  Dh  Dh  Dh  Dh  Dh  Dh  Dh   H   H
 11   Dh  Dh  Dh  Dh  Dh  Dh  Dh  Dh  Dh  Dh
 12    H   H   S   S   S   H   H   H   H   H
 13    S   S   S   S   S   H   H   H   H   H
 14    S   S   S   S   S   H   H   H   H   H
 15    S   S   S   S   S   H   H   H   H   H
 16    S   S   S   S   S   H   H   H   H   H
 17    S   S   S   S   S   S   S   S   S   S
 18    S   S   S   S   S   S   S   S   S   S
 19    S   S   S   S   S   S   S   S   S   S
 20    S   S   S   S   S   S   S   S   S   S
 21    S   S   S   S   S   S   S   S   S   S

Soft
       2   3   4   5   6   7   8   9  10   A
 12    S   S   S   S   S   S   S   S   S   S
 13    H   H   H   H  Dh   H   H   H   H   H
 14    H   H   H  Dh  Dh   H   H   H   H   H
 15    H   H   H  Dh  Dh   H   H   H   H   H
 16    H   H  Dh  Dh  Dh   H   H   H   H   H
 17    H  Dh  Dh  Dh  Dh   H   H   H   H   H
 18    S  Ds  Ds  Ds  Ds   S   S   H   H   H
 19    S   S   S   S  Ds   S   S   S   S   S
 20    S   S   S   S   S   S   S   S   S   S
 21    S   S   S   S   S   S   S   S   S   S

Pair
       2   3   4   5   6   7   8   9  10   A
  2    P   P   P   P   P   P   H   H   H   H
  3    P   P   P   P   P   P   H   H   H   H
  4    H   H   H   P   P   H   H   H   H   H
  5   Dh  Dh  Dh  Dh  Dh  Dh  Dh  Dh   H   H
  6    P   P   P   P   P   H   H   H   H   H
  7    P   P   P   P   P   P   H   H   H   H
  8    P   P   P   P   P   P   P   P   P   P
  9    P   P   P   P   P   S   P   P   S   S
 10    S   S   S   S   S   S   S   S   S   S
 11    P   P   P   P   P   P   P   P   P   P

One card
       2   3   4   5   6   7   8   9  10   A
  2    H   H   H   H   H   H   H   H   H   H
  3    H   H   H   H   H   H   H   H   H   H
  4    H   H   H   H   H   H   H   H   H   H
  5    H   H   H   H   H   H   H   H   H   H
  6    H   H   H   H   H   H   H   H   H   H
  7    H   H   H   H   H   H   H   H   H   H
  8    H   H   H   H   H   H   H   H   H   H
  9    H   H   H   H   H   H   H   H   H   H
 10    H   H   H   H   H   H   H   H   H   H
  A    H   H   H   H   H   H   H   H   H   H

BlackJack
       2   3   4   5   6   7   8   9  10   A
 21    S   S   S   S   S   S   S   S   S   S
========================

--- W1 ---
Recorded rounds: 5000000000  speed: 11152579 hands/sec
Count table:
  Card      Original      Used          
  --------------------------------------
  2         0.7390        0.7390        
  3         0.8625        0.8625        
  4         1.1590        1.1590        
  5         1.3757        1.3757        
  6         0.8925        0.8925        
  7         0.4776        0.4776        
  8         -0.0770       -0.0770       
  9         -0.4273       -0.4273       
  10        -0.9958       -1.0000       
  J         -1.0001       -1.0000       
  Q         -0.9977       -1.0000       
  K         -1.0064       -1.0000       
  A         -1.0020       -1.0020       
  Bias      -0.006422   
  Bet>0 TC  1.680296    
  Factor    0.003822    

Spread 1:10 evaluation edge (5000000000 rounds): 0.011719  std(X): 5.002911  E[X^2]: 25.029258
Optimal Kelly multiplier:    1.100000  fitted-signal target: 1.000000
Optimal Kelly growth/round:  1.000012  stddev: 0.000005
Sanity checks:
  Sum(weights): -0.000000  (PASS, expected near 0)
  10-value consistency: mean=-1.000000  max_dev=0.006438  rel=0.643795%  (PASS)
  Bias vs flat edge: bias=-0.006422  flat_edge=-0.006422  diff=0.000000  rel_to_0.5%=0.000000%
  Bias constraint: fixed to P0 flat edge
EV-count graph:         41 points  res=0.250000  speed: 9584236 hands/sec
Count histogram:        total=473015801  symmetry_rel_diff=2.5386%  (PASS, expected roughly symmetric)
P1 sample rounds=100000000  speed=5294087 hands/sec  avg|ΔQ|=0.372911  threshold=0.005000
P1 sample rounds=200000000  speed=5223159 hands/sec  avg|ΔQ|=0.040657  threshold=0.005000
P1 sample rounds=300000000  speed=5151718 hands/sec  avg|ΔQ|=0.027403  threshold=0.005000
P1 sample rounds=400000000  speed=5088282 hands/sec  avg|ΔQ|=0.022962  threshold=0.005000
P1 sample rounds=500000000  speed=5022349 hands/sec  avg|ΔQ|=0.020431  threshold=0.005000
P1 sample rounds=600000000  speed=4983885 hands/sec  avg|ΔQ|=0.019010  threshold=0.005000
P1 sample rounds=700000000  speed=4941688 hands/sec  avg|ΔQ|=0.017676  threshold=0.005000
P1 sample rounds=800000000  speed=4911983 hands/sec  avg|ΔQ|=0.016733  threshold=0.005000
P1 sample rounds=900000000  speed=4885490 hands/sec  avg|ΔQ|=0.015920  threshold=0.005000
P1 sample rounds=1000000000  speed=4855052 hands/sec  avg|ΔQ|=0.015115  threshold=0.005000
P1 sample rounds=1100000000  speed=4833635 hands/sec  avg|ΔQ|=0.014528  threshold=0.005000
P1 sample rounds=1200000000  speed=4807981 hands/sec  avg|ΔQ|=0.013910  threshold=0.005000
P1 sample rounds=1300000000  speed=4789713 hands/sec  avg|ΔQ|=0.013531  threshold=0.005000
P1 sample rounds=1400000000  speed=4768636 hands/sec  avg|ΔQ|=0.012953  threshold=0.005000
P1 sample rounds=1500000000  speed=4753273 hands/sec  avg|ΔQ|=0.012393  threshold=0.005000
P1 sample rounds=1600000000  speed=4733392 hands/sec  avg|ΔQ|=0.012100  threshold=0.005000
P1 sample rounds=1700000000  speed=4716706 hands/sec  avg|ΔQ|=0.011584  threshold=0.005000
P1 sample rounds=1800000000  speed=4702809 hands/sec  avg|ΔQ|=0.011463  threshold=0.005000
P1 sample rounds=1900000000  speed=4690200 hands/sec  avg|ΔQ|=0.010855  threshold=0.005000
P1 sample rounds=2000000000  speed=4674929 hands/sec  avg|ΔQ|=0.010635  threshold=0.005000
P1 sample rounds=2100000000  speed=4660308 hands/sec  avg|ΔQ|=0.010260  threshold=0.005000
P1 sample rounds=2200000000  speed=4646565 hands/sec  avg|ΔQ|=0.009913  threshold=0.005000
P1 sample rounds=2300000000  speed=4637424 hands/sec  avg|ΔQ|=0.009726  threshold=0.005000
P1 sample rounds=2400000000  speed=4627791 hands/sec  avg|ΔQ|=0.009301  threshold=0.005000
P1 sample rounds=2500000000  speed=4616728 hands/sec  avg|ΔQ|=0.009262  threshold=0.005000
P1 sample rounds=2600000000  speed=4608181 hands/sec  avg|ΔQ|=0.008937  threshold=0.005000
P1 sample rounds=2700000000  speed=4597858 hands/sec  avg|ΔQ|=0.008805  threshold=0.005000
P1 sample rounds=2800000000  speed=4588494 hands/sec  avg|ΔQ|=0.008457  threshold=0.005000
P1 sample rounds=2900000000  speed=4580664 hands/sec  avg|ΔQ|=0.008139  threshold=0.005000
P1 sample rounds=3000000000  speed=4570976 hands/sec  avg|ΔQ|=0.008134  threshold=0.005000
P1 sample rounds=3100000000  speed=4561809 hands/sec  avg|ΔQ|=0.007957  threshold=0.005000
P1 sample rounds=3200000000  speed=4555491 hands/sec  avg|ΔQ|=0.007706  threshold=0.005000
P1 sample rounds=3300000000  speed=4547070 hands/sec  avg|ΔQ|=0.007590  threshold=0.005000
P1 sample rounds=3400000000  speed=4540616 hands/sec  avg|ΔQ|=0.007504  threshold=0.005000
P1 sample rounds=3500000000  speed=4534877 hands/sec  avg|ΔQ|=0.007305  threshold=0.005000
P1 sample rounds=3600000000  speed=4527835 hands/sec  avg|ΔQ|=0.007189  threshold=0.005000
P1 sample rounds=3700000000  speed=4520580 hands/sec  avg|ΔQ|=0.007003  threshold=0.005000
P1 sample rounds=3800000000  speed=4514126 hands/sec  avg|ΔQ|=0.006816  threshold=0.005000
P1 sample rounds=3900000000  speed=4505332 hands/sec  avg|ΔQ|=0.006729  threshold=0.005000
P1 sample rounds=4000000000  speed=4498942 hands/sec  avg|ΔQ|=0.006623  threshold=0.005000
P1 sample rounds=4100000000  speed=4493323 hands/sec  avg|ΔQ|=0.006522  threshold=0.005000
P1 sample rounds=4200000000  speed=4487438 hands/sec  avg|ΔQ|=0.006334  threshold=0.005000
P1 sample rounds=4300000000  speed=4483412 hands/sec  avg|ΔQ|=0.006310  threshold=0.005000
P1 sample rounds=4400000000  speed=4477692 hands/sec  avg|ΔQ|=0.006149  threshold=0.005000
P1 sample rounds=4500000000  speed=4472472 hands/sec  avg|ΔQ|=0.006106  threshold=0.005000
P1 sample rounds=4600000000  speed=4467321 hands/sec  avg|ΔQ|=0.005951  threshold=0.005000
P1 sample rounds=4700000000  speed=4462260 hands/sec  avg|ΔQ|=0.005790  threshold=0.005000
P1 sample rounds=4800000000  speed=4457408 hands/sec  avg|ΔQ|=0.005809  threshold=0.005000
P1 sample rounds=4900000000  speed=4452578 hands/sec  avg|ΔQ|=0.005624  threshold=0.005000
P1 sample rounds=5000000000  speed=4449016 hands/sec  avg|ΔQ|=0.005470  threshold=0.005000
P1 sample rounds=5100000000  speed=4445704 hands/sec  avg|ΔQ|=0.005459  threshold=0.005000
P1 sample rounds=5200000000  speed=4442235 hands/sec  avg|ΔQ|=0.005369  threshold=0.005000
P1 sample rounds=5300000000  speed=4438794 hands/sec  avg|ΔQ|=0.005331  threshold=0.005000
P1 sample rounds=5400000000  speed=4435074 hands/sec  avg|ΔQ|=0.005264  threshold=0.005000
P1 sample rounds=5500000000  speed=4432053 hands/sec  avg|ΔQ|=0.005153  threshold=0.005000
P1 sample rounds=5600000000  speed=4428050 hands/sec  avg|ΔQ|=0.005059  threshold=0.005000
P1 sample rounds=5700000000  speed=4423903 hands/sec  avg|ΔQ|=0.005051  threshold=0.005000
P1 sample rounds=5800000000  speed=4419428 hands/sec  avg|ΔQ|=0.004986  threshold=0.005000

--- P1 ---
Training rounds: 5800000000
Training speed: 4419428 hands/sec
Training flat edge:   -0.151747
Evaluation flat edge (5000000000 rounds): -0.005583  std(X): 1.153131  E[X^2]: 1.329743
Spread 1:10 evaluation edge (5000000000 rounds): 0.016475  std(X): 5.139313  E[X^2]: 26.412813
Kelly growth per round:      1.000017  stddev: 0.000005

=== P1 Strategy ===

========== Count: -5 ==========

Hard
       2   3   4   5   6   7   8   9  10   A
  4   Dh   H   S   H   H   H   S   H   H   S
  5    H   H   H   H   H   H   H   H   H   H
  6    H   H   H   H   H   H   H   H   H   H
  7    H   H   H   H   H   H   H   H   H   H
  8    H   H   H   H   H   H   H   H   H   H
  9    H   H   H   H   H   H   H   H   H   H
 10   Dh  Dh  Dh  Dh  Dh   H   H   H   H   H
 11   Dh  Dh  Dh  Dh  Dh  Dh  Dh  Dh   H   H
 12    H   H   H   H   H   H   H   H   H   H
 13    H   H   H   H   S   H   H   H   H   H
 14    H   H   H   S   S   H   H   H   H   H
 15    S   S   S   S   S   H   H   H   H   H
 16    S   S   S   S   S   H   H   H   H   H
 17    S   S   S   S   S   S   S   S   S   H
 18    S   S   S   S   S   S   S   S   S   S
 19    S   S   S   S   S   S   S   S   S   S
 20    S   S   S   S   S   S   S   S   S   S
 21    S   S   S   S   S   S   S   S   S   S

Soft
       2   3   4   5   6   7   8   9  10   A
 12    S   S   S   S   S   S   S   S   S   S
 13    H   H   H   H   H   H   H   H   H   H
 14    H   H   H   H   H   H   H   H   H   H
 15    H   H   H   H   H   H   H   H   H   H
 16    H   H  Dh   H  Dh   H   H   H   H   H
 17    H   H   H  Dh   H   H   H   H   H   H
 18    S   S   S  Ds  Ds   S   S   H   H   H
 19    S   S   S   S   S   S   S   S   S   S
 20    S   S   S   S   S   S   S   S   S   S
 21    S   S   S   S   S   S   S   S   S   S

Pair
       2   3   4   5   6   7   8   9  10   A
  2    H   H   P   P   P   P   H   H   H   H
  3    H   P   P   P   P   P   H   H   H   H
  4    H   H   H   H   H   H   H   H   H   H
  5   Dh  Dh  Dh  Dh  Dh   H  Dh   H   H   H
  6    H   H   P   P   P   H   H   H   H   H
  7    P   P   P   P   P   P   H   H   H   H
  8    P   P   P   P   P   P   P   P   P   H
  9    S   P   P   P   P   S   P   P   S   S
 10    S   S   S   S   S   S   S   S   S   S
 11    P   P   P   P   P   P   P   P   P   H

One card
       2   3   4   5   6   7   8   9  10   A
  2    H   H   H   H   H   H   H   H   H   H
  3    H   H   H   H   H   H   H   H   H   H
  4    H   H   H   H   H   H   H   H   H   H
  5    H   H   H   H   H   H   H   H   H   H
  6    H   H   H   H   H   H   H   H   H   H
  7    H   H   H   H   H   H   H   H   H   H
  8    H   H   H   H   H   H   H   H   H   H
  9    H   H   H   H   H   H   H   H   H   H
 10    H   H   H   H   H   H   H   H   H   H
  A    H   H   H   H   H   H   H   H   H   H

BlackJack
       2   3   4   5   6   7   8   9  10   A
 21    S   S   S   S   S   S   S   S   S   S

========== Count: -4 ==========

Hard
       2   3   4   5   6   7   8   9  10   A
  4    H   H   S   H  Dh   H   H   H   H   H
  5    H   H   H   H   H   H   H   H   H   H
  6    H   H   H   H   H   H   H   H   H   H
  7    H   H   H   H   H   H   H   H   H   H
  8    H   H   H   H   H   H   H   H   H   H
  9    H   H   H   H  Dh   H   H   H   H   H
 10   Dh  Dh  Dh  Dh  Dh  Dh  Dh   H   H   H
 11   Dh  Dh  Dh  Dh  Dh  Dh  Dh  Dh   H   H
 12    H   H   H   H   H   H   H   H   H   H
 13    H   H   H   S   S   H   H   H   H   H
 14    H   S   S   S   S   H   H   H   H   H
 15    S   S   S   S   S   H   H   H   H   H
 16    S   S   S   S   S   H   H   H   H   H
 17    S   S   S   S   S   S   S   S   S   S
 18    S   S   S   S   S   S   S   S   S   S
 19    S   S   S   S   S   S   S   S   S   S
 20    S   S   S   S   S   S   S   S   S   S
 21    S   S   S   S   S   S   S   S   S   S

Soft
       2   3   4   5   6   7   8   9  10   A
 12    S   S   S   S   S   S   S   S   S   S
 13    H   H   H   H  Dh   H   H   H   H   H
 14    H   H   H   H  Dh   H   H   H   H   H
 15    H   H   H  Dh   H   H   H   H   H   H
 16    H   H  Dh   H  Dh   H   H   H   H   H
 17    H   H   H  Dh  Dh   H   H   H   H   H
 18    S   S  Ds  Ds  Ds   S   S   H   H   H
 19    S   S   S   S   S   S   S   S   S   S
 20    S   S   S   S   S   S   S   S   S   S
 21    S   S   S   S   S   S   S   S   S   S

Pair
       2   3   4   5   6   7   8   9  10   A
  2    H   P   P   P   P   P   H   H   H   H
  3    P   P   P   P   P   P   H   H   H   H
  4    H   H   H   H   P   H   H   H   H   H
  5   Dh  Dh  Dh  Dh  Dh  Dh  Dh   H   H   H
  6    H   P   P   P   P   H   H   H   H   H
  7    P   P   P   P   P   P   H   H   H   H
  8    P   P   P   P   P   P   P   P   P   H
  9    P   P   P   P   P   S   P   P   S   S
 10    S   S   S   S   S   S   S   S   S   S
 11    P   P   P   P   P   P   P   P   P   P

One card
       2   3   4   5   6   7   8   9  10   A
  2    H   H   H   H   H   H   H   H   H   H
  3    H   H   H   H   H   H   H   H   H   H
  4    H   H   H   H   H   H   H   H   H   H
  5    H   H   H   H   H   H   H   H   H   H
  6    H   H   H   H   H   H   H   H   H   H
  7    H   H   H   H   H   H   H   H   H   H
  8    H   H   H   H   H   H   H   H   H   H
  9    H   H   H   H   H   H   H   H   H   H
 10    H   H   H   H   H   H   H   H   H   H
  A    H   H   H   H   H   H   H   H   H   H

BlackJack
       2   3   4   5   6   7   8   9  10   A
 21    S   S   S   S   S   S   S   S   S   S

========== Count: -3 ==========

Hard
       2   3   4   5   6   7   8   9  10   A
  4    H   H   H   H   H   H   H   H   S   H
  5    H   H   H   H   H   H   H   H   H   H
  6    H   H   H   H   H   H   H   H   H   H
  7    H   H   H   H   H   H   H   H   H   H
  8    H   H   H   H   H   H   H   H   H   H
  9    H   H   H  Dh  Dh   H   H   H   H   H
 10   Dh  Dh  Dh  Dh  Dh  Dh  Dh   H   H   H
 11   Dh  Dh  Dh  Dh  Dh  Dh  Dh  Dh  Dh   H
 12    H   H   H   H   S   H   H   H   H   H
 13    H   H   S   S   S   H   H   H   H   H
 14    S   S   S   S   S   H   H   H   H   H
 15    S   S   S   S   S   H   H   H   H   H
 16    S   S   S   S   S   H   H   H   H   H
 17    S   S   S   S   S   S   S   S   S   S
 18    S   S   S   S   S   S   S   S   S   S
 19    S   S   S   S   S   S   S   S   S   S
 20    S   S   S   S   S   S   S   S   S   S
 21    S   S   S   S   S   S   S   S   S   S

Soft
       2   3   4   5   6   7   8   9  10   A
 12    S   S   S   S   S   S   S   S   S   S
 13    H   H   H   H  Dh   H   H   H   H   H
 14    H   H   H   H  Dh   H   H   H   H   H
 15    H   H   H  Dh  Dh   H   H   H   H   H
 16    H   H   H  Dh  Dh   H   H   H   H   H
 17    H  Dh  Dh  Dh  Dh   H   H   H   H   H
 18    S   S   S  Ds  Ds   S   S   H   H   H
 19    S   S   S   S   S   S   S   S   S   S
 20    S   S   S   S   S   S   S   S   S   S
 21    S   S   S   S   S   S   S   S   S   S

Pair
       2   3   4   5   6   7   8   9  10   A
  2    H   P   P   P   P   P   H   H   H   H
  3    H   P   P   P   P   P   H   H   H   H
  4    H   H   H   H   P   H   H   H   H   H
  5   Dh  Dh  Dh  Dh  Dh  Dh  Dh   H   H   H
  6    H   P   P   P   P   H   H   H   H   H
  7    P   P   P   P   P   P   H   H   H   H
  8    P   P   P   P   P   P   P   P   P   H
  9    P   P   P   P   P   S   P   P   S   S
 10    S   S   S   S   S   S   S   S   S   S
 11    P   P   P   P   P   P   P   P   P   P

One card
       2   3   4   5   6   7   8   9  10   A
  2    H   H   H   H   H   H   H   H   H   H
  3    H   H   H   H   H   H   H   H   H   H
  4    H   H   H   H   H   H   H   H   H   H
  5    H   H   H   H   H   H   H   H   H   H
  6    H   H   H   H   H   H   H   H   H   H
  7    H   H   H   H   H   H   H   H   H   H
  8    H   H   H   H   H   H   H   H   H   H
  9    H   H   H   H   H   H   H   H   H   H
 10    H   H   H   H   H   H   H   H   H   H
  A    H   H   H   H   H   H   H   H   H   H

BlackJack
       2   3   4   5   6   7   8   9  10   A
 21    S   S   S   S   S   S   S   S   S   S

========== Count: -2 ==========

Hard
       2   3   4   5   6   7   8   9  10   A
  4    H   H   H   H   H   H   S   H   H   H
  5    H   H   H   H   H   H   H   H   H   H
  6    H   H   H   H   H   H   H   H   H   H
  7    H   H   H   H   H   H   H   H   H   H
  8    H   H   H   H   H   H   H   H   H   H
  9    H   H   H  Dh  Dh   H   H   H   H   H
 10   Dh  Dh  Dh  Dh  Dh  Dh  Dh   H   H   H
 11   Dh  Dh  Dh  Dh  Dh  Dh  Dh  Dh  Dh   H
 12    H   H   H   H   S   H   H   H   H   H
 13    H   S   S   S   S   H   H   H   H   H
 14    S   S   S   S   S   H   H   H   H   H
 15    S   S   S   S   S   H   H   H   H   H
 16    S   S   S   S   S   H   H   H   H   H
 17    S   S   S   S   S   S   S   S   S   S
 18    S   S   S   S   S   S   S   S   S   S
 19    S   S   S   S   S   S   S   S   S   S
 20    S   S   S   S   S   S   S   S   S   S
 21    S   S   S   S   S   S   S   S   S   S

Soft
       2   3   4   5   6   7   8   9  10   A
 12    S   S   S   S   S   S   S   S   S   S
 13    H   H   H   H   H   H   H   H   H   H
 14    H   H   H   H  Dh   H   H   H   H   H
 15    H   H   H  Dh  Dh   H   H   H   H   H
 16    H   H   H  Dh  Dh   H   H   H   H   H
 17    H   H  Dh  Dh  Dh   H   H   H   H   H
 18    S   S  Ds  Ds  Ds   S   S   H   H   H
 19    S   S   S   S   S   S   S   S   S   S
 20    S   S   S   S   S   S   S   S   S   S
 21    S   S   S   S   S   S   S   S   S   S

Pair
       2   3   4   5   6   7   8   9  10   A
  2    P   P   P   P   P   P   H   H   H   H
  3    H   P   P   P   P   P   H   H   H   H
  4    H   H   H   H   P   H   H   H   H   H
  5   Dh  Dh  Dh  Dh  Dh  Dh  Dh   H   H   H
  6    P   P   P   P   P   H   H   H   H   H
  7    P   P   P   P   P   P   H   H   H   H
  8    P   P   P   P   P   P   P   P   P   H
  9    P   P   P   P   P   S   P   P   S   S
 10    S   S   S   S   S   S   S   S   S   S
 11    P   P   P   P   P   P   P   P   P   P

One card
       2   3   4   5   6   7   8   9  10   A
  2    H   H   H   H   H   H   H   H   H   H
  3    H   H   H   H   H   H   H   H   H   H
  4    H   H   H   H   H   H   H   H   H   H
  5    H   H   H   H   H   H   H   H   H   H
  6    H   H   H   H   H   H   H   H   H   H
  7    H   H   H   H   H   H   H   H   H   H
  8    H   H   H   H   H   H   H   H   H   H
  9    H   H   H   H   H   H   H   H   H   H
 10    H   H   H   H   H   H   H   H   H   H
  A    H   H   H   H   H   H   H   H   H   H

BlackJack
       2   3   4   5   6   7   8   9  10   A
 21    S   S   S   S   S   S   S   S   S   S

========== Count: -1 ==========

Hard
       2   3   4   5   6   7   8   9  10   A
  4    S   H   H   H   H   H   H   H   H   S
  5    H   H   H   H   H   H   H   H   H   H
  6    H   H   H   H   H   H   H   H   H   H
  7    H   H   H   H   H   H   H   H   H   H
  8    H   H   H   H   H   H   H   H   H   H
  9    H   H  Dh  Dh  Dh   H   H   H   H   H
 10   Dh  Dh  Dh  Dh  Dh  Dh  Dh   H   H   H
 11   Dh  Dh  Dh  Dh  Dh  Dh  Dh  Dh  Dh   H
 12    H   H   H   S   S   H   H   H   H   H
 13    H   S   S   S   S   H   H   H   H   H
 14    S   S   S   S   S   H   H   H   H   H
 15    S   S   S   S   S   H   H   H   H   H
 16    S   S   S   S   S   H   H   H   H   H
 17    S   S   S   S   S   S   S   S   S   S
 18    S   S   S   S   S   S   S   S   S   S
 19    S   S   S   S   S   S   S   S   S   S
 20    S   S   S   S   S   S   S   S   S   S
 21    S   S   S   S   S   S   S   S   S   S

Soft
       2   3   4   5   6   7   8   9  10   A
 12    S   S   S   S   S   S   S   S   S   S
 13    H   H   H   H  Dh   H   H   H   H   H
 14    H   H   H  Dh  Dh   H   H   H   H   H
 15    H   H   H  Dh  Dh   H   H   H   H   H
 16    H   H  Dh  Dh  Dh   H   H   H   H   H
 17   Dh  Dh  Dh  Dh  Dh   H   H   H   H   H
 18    S  Ds  Ds  Ds  Ds   S   S   H   H   H
 19    S   S   S   S   S   S   S   S   S   S
 20    S   S   S   S   S   S   S   S   S   S
 21    S   S   S   S   S   S   S   S   S   S

Pair
       2   3   4   5   6   7   8   9  10   A
  2    P   P   P   P   P   P   H   H   H   H
  3    P   P   P   P   P   P   H   H   H   H
  4    H   H   H   P   P   H   H   H   H   H
  5   Dh  Dh  Dh  Dh  Dh  Dh  Dh   H   H   H
  6    P   P   P   P   P   H   H   H   H   H
  7    P   P   P   P   P   P   H   H   H   H
  8    P   P   P   P   P   P   P   P   P   P
  9    P   P   P   P   P   S   P   P   S   S
 10    S   S   S   S   S   S   S   S   S   S
 11    P   P   P   P   P   P   P   P   P   P

One card
       2   3   4   5   6   7   8   9  10   A
  2    H   H   H   H   H   H   H   H   H   H
  3    H   H   H   H   H   H   H   H   H   H
  4    H   H   H   H   H   H   H   H   H   H
  5    H   H   H   H   H   H   H   H   H   H
  6    H   H   H   H   H   H   H   H   H   H
  7    H   H   H   H   H   H   H   H   H   H
  8    H   H   H   H   H   H   H   H   H   H
  9    H   H   H   H   H   H   H   H   H   H
 10    H   H   H   H   H   H   H   H   H   H
  A    H   H   H   H   H   H   H   H   H   H

BlackJack
       2   3   4   5   6   7   8   9  10   A
 21    S   S   S   S   S   S   S   S   S   S

========== Count: 0 ==========

Hard
       2   3   4   5   6   7   8   9  10   A
  4    H   H   H   H   H   H   H   S   S   S
  5    H   H   H   H   H   H   H   H   H   H
  6    H   H   H   H   H   H   H   H   H   H
  7    H   H   H   H   H   H   H   H   H   H
  8    H   H   H   H   H   H   H   H   H   H
  9    H  Dh  Dh  Dh  Dh   H   H   H   H   H
 10   Dh  Dh  Dh  Dh  Dh  Dh  Dh  Dh   H   H
 11   Dh  Dh  Dh  Dh  Dh  Dh  Dh  Dh  Dh   H
 12    H   H   S   S   S   H   H   H   H   H
 13    S   S   S   S   S   H   H   H   H   H
 14    S   S   S   S   S   H   H   H   H   H
 15    S   S   S   S   S   H   H   H   H   H
 16    S   S   S   S   S   H   H   H   H   H
 17    S   S   S   S   S   S   S   S   S   S
 18    S   S   S   S   S   S   S   S   S   S
 19    S   S   S   S   S   S   S   S   S   S
 20    S   S   S   S   S   S   S   S   S   S
 21    S   S   S   S   S   S   S   S   S   S

Soft
       2   3   4   5   6   7   8   9  10   A
 12    S   S   S   S   S   S   S   S   S   S
 13    H   H   H   H  Dh   H   H   H   H   H
 14    H   H   H  Dh  Dh   H   H   H   H   H
 15    H   H  Dh  Dh  Dh   H   H   H   H   H
 16    H   H   H  Dh  Dh   H   H   H   H   H
 17    H  Dh  Dh  Dh  Dh   H   H   H   H   H
 18    S  Ds  Ds  Ds  Ds   S   S   H   H   H
 19    S   S   S   S   S   S   S   S   S   S
 20    S   S   S   S   S   S   S   S   S   S
 21    S   S   S   S   S   S   S   S   S   S

Pair
       2   3   4   5   6   7   8   9  10   A
  2    P   P   P   P   P   P   H   H   H   H
  3    P   P   P   P   P   P   H   H   H   H
  4    H   H   H   P   P   H   H   H   H   H
  5   Dh  Dh  Dh  Dh  Dh  Dh  Dh  Dh   H   H
  6    P   P   P   P   P   H   H   H   H   H
  7    P   P   P   P   P   P   P   H   H   H
  8    P   P   P   P   P   P   P   P   P   P
  9    P   P   P   P   P   S   P   P   S   S
 10    S   S   S   S   S   S   S   S   S   S
 11    P   P   P   P   P   P   P   P   P   P

One card
       2   3   4   5   6   7   8   9  10   A
  2    H   H   H   H   H   H   H   H   H   H
  3    H   H   H   H   H   H   H   H   H   H
  4    H   H   H   H   H   H   H   H   H   H
  5    H   H   H   H   H   H   H   H   H   H
  6    H   H   H   H   H   H   H   H   H   H
  7    H   H   H   H   H   H   H   H   H   H
  8    H   H   H   H   H   H   H   H   H   H
  9    H   H   H   H   H   H   H   H   H   H
 10    H   H   H   H   H   H   H   H   H   H
  A    H   H   H   H   H   H   H   H   H   H

BlackJack
       2   3   4   5   6   7   8   9  10   A
 21    S   S   S   S   S   S   S   S   S   S

========== Count: 1 ==========

Hard
       2   3   4   5   6   7   8   9  10   A
  4    S   H   H   H   H   H   H   S  Dh   H
  5    H   H   H   H   H   H   H   H   H   H
  6    H   H   H   H   H   H   H   H   H   H
  7    H   H   H   H   H   H   H   H   H   H
  8    H   H   H   H   H   H   H   H   H   H
  9    H  Dh  Dh  Dh  Dh   H   H   H   H   H
 10   Dh  Dh  Dh  Dh  Dh  Dh  Dh  Dh   H   H
 11   Dh  Dh  Dh  Dh  Dh  Dh  Dh  Dh  Dh  Dh
 12    H   H   S   S   S   H   H   H   H   H
 13    S   S   S   S   S   H   H   H   H   H
 14    S   S   S   S   S   H   H   H   H   H
 15    S   S   S   S   S   H   H   H   H   H
 16    S   S   S   S   S   H   H   H   S   H
 17    S   S   S   S   S   S   S   S   S   S
 18    S   S   S   S   S   S   S   S   S   S
 19    S   S   S   S   S   S   S   S   S   S
 20    S   S   S   S   S   S   S   S   S   S
 21    S   S   S   S   S   S   S   S   S   S

Soft
       2   3   4   5   6   7   8   9  10   A
 12    S   S   S   S   S   S   S   S   S   S
 13    H   H   H  Dh  Dh   H   H   H   H   H
 14    H   H   H  Dh  Dh   H   H   H   H   H
 15    H   H   H  Dh  Dh   H   H   H   H   H
 16    H   H   H  Dh  Dh   H   H   H   H   H
 17    H  Dh  Dh  Dh  Dh   H   H   H   H   H
 18   Ds  Ds  Ds  Ds  Ds   S   S   H   H   H
 19    S   S   S   S  Ds   S   S   S   S   S
 20    S   S   S   S   S   S   S   S   S   S
 21    S   S   S   S   S   S   S   S   S   S

Pair
       2   3   4   5   6   7   8   9  10   A
  2    P   P   P   P   P   P   H   H   H   H
  3    P   P   P   P   P   P   H   H   H   H
  4    H   H   H   P   P   H   H   H   H   H
  5   Dh  Dh  Dh  Dh  Dh  Dh  Dh  Dh   H   H
  6    P   P   P   P   P   H   H   H   H   H
  7    P   P   P   P   P   P   H   H   H   H
  8    P   P   P   P   P   P   P   P   P   P
  9    P   P   P   P   P   S   P   P   S   S
 10    S   S   S   S   S   S   S   S   S   S
 11    P   P   P   P   P   P   P   P   P   P

One card
       2   3   4   5   6   7   8   9  10   A
  2    H   H   H   H   H   H   H   H   H   H
  3    H   H   H   H   H   H   H   H   H   H
  4    H   H   H   H   H   H   H   H   H   H
  5    H   H   H   H   H   H   H   H   H   H
  6    H   H   H   H   H   H   H   H   H   H
  7    H   H   H   H   H   H   H   H   H   H
  8    H   H   H   H   H   H   H   H   H   H
  9    H   H   H   H   H   H   H   H   H   H
 10    H   H   H   H   H   H   H   H   H   H
  A    H   H   H   H   H   H   H   H   H   H

BlackJack
       2   3   4   5   6   7   8   9  10   A
 21    S   S   S   S   S   S   S   S   S   S

========== Count: 2 ==========

Hard
       2   3   4   5   6   7   8   9  10   A
  4    H  Dh   H   H   H   H   H   S   H   H
  5    H   H   H   H   H   H   H   H   H   H
  6    H   H   H   H   H   H   H   H   H   H
  7    H   H   H   H   H   H   H   H   H   H
  8    H   H   H   H   H   H   H   H   H   H
  9    H  Dh  Dh  Dh  Dh   H   H   H   H   H
 10   Dh  Dh  Dh  Dh  Dh  Dh  Dh  Dh   H   H
 11   Dh  Dh  Dh  Dh  Dh  Dh  Dh  Dh  Dh  Dh
 12    H   S   S   S   S   H   H   H   H   H
 13    S   S   S   S   S   H   H   H   H   H
 14    S   S   S   S   S   H   H   H   H   H
 15    S   S   S   S   S   H   H   H   H   H
 16    S   S   S   S   S   H   H   H   S   H
 17    S   S   S   S   S   S   S   S   S   S
 18    S   S   S   S   S   S   S   S   S   S
 19    S   S   S   S   S   S   S   S   S   S
 20    S   S   S   S   S   S   S   S   S   S
 21    S   S   S   S   S   S   S   S   S   S

Soft
       2   3   4   5   6   7   8   9  10   A
 12    S   S   S   S   S   S   S   S   S   S
 13    H   H   H  Dh  Dh   H   H   H   H   H
 14    H   H  Dh  Dh  Dh   H   H   H   H   H
 15    H   H   H  Dh  Dh   H   H   H   H   H
 16    H   H  Dh  Dh  Dh   H   H   H   H   H
 17    H  Dh  Dh  Dh  Dh   H   H   H   H   H
 18   Ds  Ds  Ds  Ds  Ds   S   S   H   H   H
 19    S   S   S   S  Ds   S   S   S   S   S
 20    S   S   S   S   S   S   S   S   S   S
 21    S   S   S   S   S   S   S   S   S   S

Pair
       2   3   4   5   6   7   8   9  10   A
  2    P   P   P   P   P   P   H   H   H   H
  3    P   P   P   P   P   P   H   H   H   H
  4    H   H   H   P   P   H   H   H   H   H
  5   Dh  Dh  Dh  Dh  Dh  Dh  Dh  Dh   H   H
  6    P   P   P   P   P   H   H   H   H   H
  7    P   P   P   P   P   P   P   H   H   H
  8    P   P   P   P   P   P   P   P   P   P
  9    P   P   P   P   P   S   P   P   S   P
 10    S   S   S   S   S   S   S   S   S   S
 11    P   P   P   P   P   P   P   P   P   P

One card
       2   3   4   5   6   7   8   9  10   A
  2    H   H   H   H   H   H   H   H   H   H
  3    H   H   H   H   H   H   H   H   H   H
  4    H   H   H   H   H   H   H   H   H   H
  5    H   H   H   H   H   H   H   H   H   H
  6    H   H   H   H   H   H   H   H   H   H
  7    H   H   H   H   H   H   H   H   H   H
  8    H   H   H   H   H   H   H   H   H   H
  9    H   H   H   H   H   H   H   H   H   H
 10    H   H   H   H   H   H   H   H   H   H
  A    H   H   H   H   H   H   H   H   H   H

BlackJack
       2   3   4   5   6   7   8   9  10   A
 21    S   S   S   S   S   S   S   S   S   S

========== Count: 3 ==========

Hard
       2   3   4   5   6   7   8   9  10   A
  4    H   H   H   H   H   S   H  Ds   H   H
  5    H   H   H   H   H   H   H   H   H   H
  6    H   H   H   H   H   H   H   H   H   H
  7    H   H   H   H   H   H   H   H   H   H
  8    H   H   H   H  Dh   H   H   H   H   H
  9   Dh  Dh  Dh  Dh  Dh   H   H   H   H   H
 10   Dh  Dh  Dh  Dh  Dh  Dh  Dh  Dh   H   H
 11   Dh  Dh  Dh  Dh  Dh  Dh  Dh  Dh  Dh  Dh
 12    H   S   S   S   S   H   H   H   H   H
 13    S   S   S   S   S   H   H   H   H   H
 14    S   S   S   S   S   H   H   H   H   H
 15    S   S   S   S   S   H   H   H   H   H
 16    S   S   S   S   S   H   H   H   S   H
 17    S   S   S   S   S   S   S   S   S   S
 18    S   S   S   S   S   S   S   S   S   S
 19    S   S   S   S   S   S   S   S   S   S
 20    S   S   S   S   S   S   S   S   S   S
 21    S   S   S   S   S   S   S   S   S   S

Soft
       2   3   4   5   6   7   8   9  10   A
 12    S   S   S   S   S   S   S   S   S   S
 13    H   H  Dh  Dh  Dh   H   H   H   H   H
 14    H   H  Dh  Dh  Dh   H   H   H   H   H
 15    H   H  Dh  Dh  Dh   H   H   H   H   H
 16    H   H   H  Dh  Dh   H   H   H   H   H
 17   Dh  Dh  Dh  Dh  Dh   H   H   H   H   H
 18   Ds  Ds  Ds  Ds  Ds   S   S   H   H   H
 19    S   S  Ds  Ds  Ds   S   S   S   S   S
 20    S   S   S   S   S   S   S   S   S   S
 21    S   S   S   S   S   S   S   S   S   S

Pair
       2   3   4   5   6   7   8   9  10   A
  2    P   P   P   P   P   P   H   H   H   H
  3    P   P   P   P   P   P   H   H   H   H
  4    H   H   P   P   P   H   H   H   H   H
  5   Dh  Dh  Dh  Dh  Dh  Dh  Dh  Dh   H   H
  6    P   P   P   P   P   H   H   H   H   H
  7    P   P   P   P   P   P   H   H   H   H
  8    P   P   P   P   P   P   P   P   P   P
  9    P   P   P   P   P   P   P   P   S   S
 10    S   S   S   S   S   S   S   S   S   S
 11    P   P   P   P   P   P   P   P   P   P

One card
       2   3   4   5   6   7   8   9  10   A
  2    H   H   H   H   H   H   H   H   H   H
  3    H   H   H   H   H   H   H   H   H   H
  4    H   H   H   H   H   H   H   H   H   H
  5    H   H   H   H   H   H   H   H   H   H
  6    H   H   H   H   H   H   H   H   H   H
  7    H   H   H   H   H   H   H   H   H   H
  8    H   H   H   H   H   H   H   H   H   H
  9    H   H   H   H   H   H   H   H   H   H
 10    H   H   H   H   H   H   H   H   H   H
  A    H   H   H   H   H   H   H   H   H   H

BlackJack
       2   3   4   5   6   7   8   9  10   A
 21    S   S   S   S   S   S   S   S   S   S

========== Count: 4 ==========

Hard
       2   3   4   5   6   7   8   9  10   A
  4    H   H  Dh   H  Ds   H   H  Dh   S   H
  5    H   H   H   H   H   H   H   H   H   H
  6    H   H   H   H   H   H   H   H   H   H
  7    H   H   H   H   H   H   H   H   H   H
  8    H   H   H   H  Dh   H   H   H   H   H
  9   Dh  Dh  Dh  Dh  Dh   H   H   H   H   H
 10   Dh  Dh  Dh  Dh  Dh  Dh  Dh  Dh   H  Dh
 11   Dh  Dh  Dh  Dh  Dh  Dh  Dh  Dh  Dh  Dh
 12    S   S   S   S   S   H   H   H   H   H
 13    S   S   S   S   S   H   H   H   H   H
 14    S   S   S   S   S   H   H   H   H   H
 15    S   S   S   S   S   H   H   H   H   H
 16    S   S   S   S   S   H   H   H   S   S
 17    S   S   S   S   S   S   S   S   S   S
 18    S   S   S   S   S   S   S   S   S   S
 19    S   S   S   S   S   S   S   S   S   S
 20    S   S   S   S   S   S   S   S   S   S
 21    S   S   S   S   S   S   S   S   S   S

Soft
       2   3   4   5   6   7   8   9  10   A
 12    S   S   S   S   S   S   S   S   S   S
 13    H   H  Dh  Dh  Dh   H   H   H   H   H
 14    H  Dh  Dh  Dh  Dh   H   H   H   H   H
 15    H   H   H  Dh  Dh   H   H   H   H   H
 16   Dh   H   H  Dh  Dh   H   H   H   H   H
 17   Dh  Dh  Dh  Dh  Dh   H   H   H   H   H
 18   Ds  Ds  Ds  Ds  Ds   S   S   H   H   H
 19    S   S  Ds  Ds  Ds   S   S   S   S   S
 20    S   S   S   S  Ds   S   S   S   S   S
 21    S   S   S   S   S   S   S   S   S   S

Pair
       2   3   4   5   6   7   8   9  10   A
  2    P   P   P   P   P   P   P   H   H   H
  3    P   P   P   P   P   P   H   H   H   H
  4    H   H   P   P   P   H   H   H   H   H
  5   Dh  Dh  Dh  Dh  Dh  Dh  Dh  Dh   H  Dh
  6    P   P   P   P   P   H   H   H   H   H
  7    P   P   P   P   P   P   P   H   H   H
  8    P   P   P   P   P   P   P   P   P   P
  9    P   P   P   P   P   P   P   P   S   P
 10    S   S   S   S   P   S   S   S   S   S
 11    P   P   P   P   P   P   P   P   P   P

One card
       2   3   4   5   6   7   8   9  10   A
  2    H   H   H   H   H   H   H   H   H   H
  3    H   H   H   H   H   H   H   H   H   H
  4    H   H   H   H   H   H   H   H   H   H
  5    H   H   H   H   H   H   H   H   H   H
  6    H   H   H   H   H   H   H   H   H   H
  7    H   H   H   H   H   H   H   H   H   H
  8    H   H   H   H   H   H   H   H   H   H
  9    H   H   H   H   H   H   H   H   H   H
 10    H   H   H   H   H   H   H   H   H   H
  A    H   H   H   H   H   H   H   H   H   H

BlackJack
       2   3   4   5   6   7   8   9  10   A
 21    S   S   S   S   S   S   S   S   S   S

========== Count: 5 ==========

Hard
       2   3   4   5   6   7   8   9  10   A
  4    S  Dh   S  Dh  Dh   S  Ds   S   H   H
  5    H   H   H   H   H   H   H   H   H   H
  6    H   H   H   H   H   H   H   H   H   H
  7    H   H   H   H   H   H   H   H   H   H
  8    H   H   H  Dh  Dh   H   H   H   H   H
  9   Dh  Dh  Dh  Dh  Dh  Dh   H   H   H   H
 10   Dh  Dh  Dh  Dh  Dh  Dh  Dh  Dh  Dh  Dh
 11   Dh  Dh  Dh  Dh  Dh  Dh  Dh  Dh  Dh  Dh
 12    S   S   S   S   S   H   H   H   H   H
 13    S   S   S   S   S   H   H   H   H   H
 14    S   S   S   S   S   H   H   H   H   H
 15    S   S   S   S   S   H   H   H   S   S
 16    S   S   S   S   S   H   H   S   S   S
 17    S   S   S   S   S   S   S   S   S   S
 18    S   S   S   S   S   S   S   S   S   S
 19    S   S   S   S   S   S   S   S   S   S
 20    S   S   S   S   S   S   S   S   S   S
 21    S   S   S   S   S   S   S   S   S   S

Soft
       2   3   4   5   6   7   8   9  10   A
 12    S   S   S   S   S   S   S   S   S   S
 13    H   H  Dh  Dh  Dh   H   H   H   H   H
 14    H   H  Dh  Dh  Dh   H   H   H   H   H
 15    H  Dh  Dh  Dh  Dh   H   H   H   H   H
 16    H   H  Dh  Dh  Dh   H   H   H   H   H
 17    H  Dh  Dh  Dh  Dh   H   H   H   H   H
 18   Ds  Ds  Ds  Ds  Ds   S   S   H   H   H
 19    S  Ds  Ds  Ds  Ds   S   S   S   S   S
 20    S   S   S  Ds  Ds   S   S   S   S   S
 21    S   S   S   S   S   S   S   S   S   S

Pair
       2   3   4   5   6   7   8   9  10   A
  2    P   P   P   P   P   P   P   H   H   H
  3    P   P   P   P   P   P   H   H   H   H
  4    H   H   P   P   P   H   H   H   H   H
  5   Dh  Dh  Dh  Dh  Dh  Dh  Dh  Dh  Dh  Dh
  6    P   P   P   P   P   H   H   H   H   H
  7    P   P   P   P   P   P   P   H   H   H
  8    P   P   P   P   P   P   P   P   P   P
  9    P   P   P   P   P   P   P   P   S   P
 10    S   S   S   P   P   S   S   S   S   S
 11    P   P   P   P   P   P   P   P   P   P

One card
       2   3   4   5   6   7   8   9  10   A
  2    H   H   H   H   H   H   H   H   H   H
  3    H   H   H   H   H   H   H   H   H   H
  4    H   H   H   H   H   H   H   H   H   H
  5    H   H   H   H   H   H   H   H   H   H
  6    H   H   H   H   H   H   H   H   H   H
  7    H   H   H   H   H   H   H   H   H   H
  8    H   H   H   H   H   H   H   H   H   H
  9    H   H   H   H   H   H   H   H   H   H
 10    H   H   H   H   H   H   H   H   H   H
  A    H   H   H   H   H   H   H   H   H   H

BlackJack
       2   3   4   5   6   7   8   9  10   A
 21    S   S   S   S   S   S   S   S   S   S
========================

--- W2 ---
Recorded rounds: 5000000000  speed: 9951548 hands/sec
Count table:
  Card      Original      Used          
  --------------------------------------
  2         0.7305        0.7305        
  3         0.8803        0.8803        
  4         1.2088        1.2088        
  5         1.4485        1.4485        
  6         0.8316        0.8316        
  7         0.4557        0.4557        
  8         -0.1055       -0.1055       
  9         -0.4161       -0.4161       
  10        -0.9997       -1.0000       
  J         -0.9934       -1.0000       
  Q         -1.0056       -1.0000       
  K         -1.0013       -1.0000       
  A         -1.0338       -1.0338       
  Bias      -0.006422   
  Bet>0 TC  1.614785    
  Factor    0.003977    

Spread 1:10 evaluation edge (5000000000 rounds): 0.016877  std(X): 5.260921  E[X^2]: 27.677576
Optimal Kelly multiplier:    1.150000  fitted-signal target: 1.000000
Optimal Kelly growth/round:  1.000017  stddev: 0.000006
Sanity checks:
  Sum(weights): -0.000000  (PASS, expected near 0)
  10-value consistency: mean=-1.000000  max_dev=0.006599  rel=0.659924%  (PASS)
  Bias vs flat edge: bias=-0.006422  flat_edge=-0.005583  diff=0.000839  rel_to_0.5%=16.787606%
  Bias constraint: fixed to P0 flat edge
EV-count graph:         41 points  res=0.250000  speed: 9126253 hands/sec
Count histogram:        total=472014971  symmetry_rel_diff=2.3323%  (PASS, expected roughly symmetric)
P2 sample rounds=100000000  speed=5320564 hands/sec  avg|ΔQ|=0.373197  threshold=0.005000
P2 sample rounds=200000000  speed=5240541 hands/sec  avg|ΔQ|=0.040780  threshold=0.005000
P2 sample rounds=300000000  speed=5141212 hands/sec  avg|ΔQ|=0.027365  threshold=0.005000
P2 sample rounds=400000000  speed=5064445 hands/sec  avg|ΔQ|=0.023051  threshold=0.005000
P2 sample rounds=500000000  speed=5016857 hands/sec  avg|ΔQ|=0.020527  threshold=0.005000
P2 sample rounds=600000000  speed=4976197 hands/sec  avg|ΔQ|=0.018980  threshold=0.005000
P2 sample rounds=700000000  speed=4943398 hands/sec  avg|ΔQ|=0.017650  threshold=0.005000
P2 sample rounds=800000000  speed=4914307 hands/sec  avg|ΔQ|=0.016635  threshold=0.005000
P2 sample rounds=900000000  speed=4884668 hands/sec  avg|ΔQ|=0.015771  threshold=0.005000
P2 sample rounds=1000000000  speed=4855854 hands/sec  avg|ΔQ|=0.015019  threshold=0.005000
P2 sample rounds=1100000000  speed=4827759 hands/sec  avg|ΔQ|=0.014631  threshold=0.005000
P2 sample rounds=1200000000  speed=4810410 hands/sec  avg|ΔQ|=0.013965  threshold=0.005000
P2 sample rounds=1300000000  speed=4789254 hands/sec  avg|ΔQ|=0.013369  threshold=0.005000
P2 sample rounds=1400000000  speed=4769205 hands/sec  avg|ΔQ|=0.012867  threshold=0.005000
P2 sample rounds=1500000000  speed=4748293 hands/sec  avg|ΔQ|=0.012440  threshold=0.005000
P2 sample rounds=1600000000  speed=4729977 hands/sec  avg|ΔQ|=0.012047  threshold=0.005000
P2 sample rounds=1700000000  speed=4714064 hands/sec  avg|ΔQ|=0.011600  threshold=0.005000
P2 sample rounds=1800000000  speed=4698230 hands/sec  avg|ΔQ|=0.011125  threshold=0.005000
P2 sample rounds=1900000000  speed=4687527 hands/sec  avg|ΔQ|=0.010792  threshold=0.005000
P2 sample rounds=2000000000  speed=4676481 hands/sec  avg|ΔQ|=0.010513  threshold=0.005000
P2 sample rounds=2100000000  speed=4661498 hands/sec  avg|ΔQ|=0.010273  threshold=0.005000
P2 sample rounds=2200000000  speed=4651595 hands/sec  avg|ΔQ|=0.009969  threshold=0.005000
P2 sample rounds=2300000000  speed=4641354 hands/sec  avg|ΔQ|=0.009569  threshold=0.005000
P2 sample rounds=2400000000  speed=4630264 hands/sec  avg|ΔQ|=0.009451  threshold=0.005000
P2 sample rounds=2500000000  speed=4622414 hands/sec  avg|ΔQ|=0.009083  threshold=0.005000
P2 sample rounds=2600000000  speed=4611998 hands/sec  avg|ΔQ|=0.008906  threshold=0.005000
P2 sample rounds=2700000000  speed=4603808 hands/sec  avg|ΔQ|=0.008574  threshold=0.005000
P2 sample rounds=2800000000  speed=4596773 hands/sec  avg|ΔQ|=0.008542  threshold=0.005000
P2 sample rounds=2900000000  speed=4588913 hands/sec  avg|ΔQ|=0.008284  threshold=0.005000
P2 sample rounds=3000000000  speed=4582216 hands/sec  avg|ΔQ|=0.008125  threshold=0.005000
P2 sample rounds=3100000000  speed=4573863 hands/sec  avg|ΔQ|=0.007746  threshold=0.005000
P2 sample rounds=3200000000  speed=4565402 hands/sec  avg|ΔQ|=0.007843  threshold=0.005000
P2 sample rounds=3300000000  speed=4557740 hands/sec  avg|ΔQ|=0.007620  threshold=0.005000
P2 sample rounds=3400000000  speed=4551911 hands/sec  avg|ΔQ|=0.007352  threshold=0.005000
P2 sample rounds=3500000000  speed=4544375 hands/sec  avg|ΔQ|=0.007316  threshold=0.005000
P2 sample rounds=3600000000  speed=4537325 hands/sec  avg|ΔQ|=0.007268  threshold=0.005000
P2 sample rounds=3700000000  speed=4530422 hands/sec  avg|ΔQ|=0.007022  threshold=0.005000
P2 sample rounds=3800000000  speed=4525350 hands/sec  avg|ΔQ|=0.006916  threshold=0.005000
P2 sample rounds=3900000000  speed=4519088 hands/sec  avg|ΔQ|=0.006644  threshold=0.005000
P2 sample rounds=4000000000  speed=4510997 hands/sec  avg|ΔQ|=0.006582  threshold=0.005000
P2 sample rounds=4100000000  speed=4505465 hands/sec  avg|ΔQ|=0.006546  threshold=0.005000
P2 sample rounds=4200000000  speed=4501096 hands/sec  avg|ΔQ|=0.006353  threshold=0.005000
P2 sample rounds=4300000000  speed=4495768 hands/sec  avg|ΔQ|=0.006268  threshold=0.005000
P2 sample rounds=4400000000  speed=4490474 hands/sec  avg|ΔQ|=0.006196  threshold=0.005000
P2 sample rounds=4500000000  speed=4484502 hands/sec  avg|ΔQ|=0.005988  threshold=0.005000
P2 sample rounds=4600000000  speed=4479270 hands/sec  avg|ΔQ|=0.005957  threshold=0.005000
P2 sample rounds=4700000000  speed=4474026 hands/sec  avg|ΔQ|=0.005875  threshold=0.005000
P2 sample rounds=4800000000  speed=4469082 hands/sec  avg|ΔQ|=0.005812  threshold=0.005000
P2 sample rounds=4900000000  speed=4465348 hands/sec  avg|ΔQ|=0.005601  threshold=0.005000
P2 sample rounds=5000000000  speed=4461569 hands/sec  avg|ΔQ|=0.005569  threshold=0.005000
P2 sample rounds=5100000000  speed=4458315 hands/sec  avg|ΔQ|=0.005468  threshold=0.005000
P2 sample rounds=5200000000  speed=4454042 hands/sec  avg|ΔQ|=0.005407  threshold=0.005000
P2 sample rounds=5300000000  speed=4449605 hands/sec  avg|ΔQ|=0.005356  threshold=0.005000
P2 sample rounds=5400000000  speed=4446417 hands/sec  avg|ΔQ|=0.005179  threshold=0.005000
P2 sample rounds=5500000000  speed=4442610 hands/sec  avg|ΔQ|=0.005146  threshold=0.005000
P2 sample rounds=5600000000  speed=4439424 hands/sec  avg|ΔQ|=0.005142  threshold=0.005000
P2 sample rounds=5700000000  speed=4435111 hands/sec  avg|ΔQ|=0.005063  threshold=0.005000
P2 sample rounds=5800000000  speed=4431815 hands/sec  avg|ΔQ|=0.004946  threshold=0.005000

--- P2 ---
Training rounds: 5800000000
Training speed: 4431815 hands/sec
Training flat edge:   -0.152091
Evaluation flat edge (5000000000 rounds): -0.005597  std(X): 1.154283  E[X^2]: 1.332401
Spread 1:10 evaluation edge (5000000000 rounds): 0.016710  std(X): 5.267065  E[X^2]: 27.742248
Kelly growth per round:      1.000017  stddev: 0.000005

=== P2 Strategy ===

========== Count: -5 ==========

Hard
       2   3   4   5   6   7   8   9  10   A
  4    S   H   H  Ds   H   H   S  Dh   H   H
  5    H   H   H   H   H   H   H   H   H   H
  6    H   H   H   H   H   H   H   H   H   H
  7    H   H   H   H   H   H   H   H   H   H
  8    H   H   H   H   H   H   H   H   H   H
  9    H   H   H   H   H   H   H   H   H   H
 10   Dh  Dh  Dh  Dh  Dh   H   H   H   H   H
 11   Dh  Dh  Dh  Dh  Dh  Dh  Dh   H   H   H
 12    H   H   H   H   H   H   H   H   H   H
 13    H   H   H   H   S   H   H   H   H   H
 14    H   H   S   S   S   H   H   H   H   H
 15    S   S   S   S   S   H   H   H   H   H
 16    S   S   S   S   S   H   H   H   H   H
 17    S   S   S   S   S   S   S   S   S   H
 18    S   S   S   S   S   S   S   S   S   S
 19    S   S   S   S   S   S   S   S   S   S
 20    S   S   S   S   S   S   S   S   S   S
 21    S   S   S   S   S   S   S   S   S   S

Soft
       2   3   4   5   6   7   8   9  10   A
 12    S   S   S   S   S   S   S   S   S   S
 13    H   H   H   H   H   H   H   H   H   H
 14    H   H   H   H  Dh   H   H   H   H   H
 15    H   H   H   H  Dh   H   H   H   H   H
 16    H   H   H  Dh  Dh   H   H   H   H   H
 17    H   H   H  Dh  Dh   H   H   H   H   H
 18    S   S  Ds   S   S   S   S   H   H   H
 19    S   S   S   S   S   S   S   S   S   S
 20    S   S   S   S   S   S   S   S   S   S
 21    S   S   S   S   S   S   S   S   S   S

Pair
       2   3   4   5   6   7   8   9  10   A
  2    H   H   P   P   P   P   H   H   H   H
  3    H   H   P   P   P   P   H   H   H   H
  4    H   H   H   H   H   H   H   H   H   H
  5   Dh  Dh  Dh  Dh  Dh   H   H  Dh   H   H
  6    H   H   P   P   P   H   H   H   H   H
  7    P   P   P   P   P   P   H   H   H   H
  8    P   P   P   P   P   P   P   P   P   H
  9    S   S   S   P   P   S   P   P   S   S
 10    S   S   S   S   S   S   S   S   S   S
 11    P   P   P   P   P   P   P   P   P   H

One card
       2   3   4   5   6   7   8   9  10   A
  2    H   H   H   H   H   H   H   H   H   H
  3    H   H   H   H   H   H   H   H   H   H
  4    H   H   H   H   H   H   H   H   H   H
  5    H   H   H   H   H   H   H   H   H   H
  6    H   H   H   H   H   H   H   H   H   H
  7    H   H   H   H   H   H   H   H   H   H
  8    H   H   H   H   H   H   H   H   H   H
  9    H   H   H   H   H   H   H   H   H   H
 10    H   H   H   H   H   H   H   H   H   H
  A    H   H   H   H   H   H   H   H   H   H

BlackJack
       2   3   4   5   6   7   8   9  10   A
 21    S   S   S   S   S   S   S   S   S   S

========== Count: -4 ==========

Hard
       2   3   4   5   6   7   8   9  10   A
  4    H   H  Ds  Dh   H   H   S  Dh   H   S
  5    H   H   H   H   H   H   H   H   H   H
  6    H   H   H   H   H   H   H   H   H   H
  7    H   H   H   H   H   H   H   H   H   H
  8    H   H   H   H   H   H   H   H   H   H
  9    H   H   H   H  Dh   H   H   H   H   H
 10   Dh  Dh  Dh  Dh  Dh  Dh  Dh   H   H   H
 11   Dh  Dh  Dh  Dh  Dh  Dh  Dh   H  Dh   H
 12    H   H   H   H   H   H   H   H   H   H
 13    H   H   S   S   S   H   H   H   H   H
 14    H   S   S   S   S   H   H   H   H   H
 15    S   S   S   S   S   H   H   H   H   H
 16    S   S   S   S   S   H   H   H   H   H
 17    S   S   S   S   S   S   S   S   S   S
 18    S   S   S   S   S   S   S   S   S   S
 19    S   S   S   S   S   S   S   S   S   S
 20    S   S   S   S   S   S   S   S   S   S
 21    S   S   S   S   S   S   S   S   S   S

Soft
       2   3   4   5   6   7   8   9  10   A
 12    S   S   S   S   S   S   S   S   S   S
 13    H   H   H   H   H   H   H   H   H   H
 14    H   H   H   H  Dh   H   H   H   H   H
 15    H   H   H   H  Dh   H   H   H   H   H
 16    H   H  Dh  Dh  Dh   H   H   H   H   H
 17    H   H   H  Dh  Dh   H   H   H   H   H
 18    S   S  Ds  Ds  Ds   S   S   H   H   H
 19    S   S   S   S   S   S   S   S   S   S
 20    S   S   S   S   S   S   S   S   S   S
 21    S   S   S   S   S   S   S   S   S   S

Pair
       2   3   4   5   6   7   8   9  10   A
  2    H   P   P   P   P   P   H   H   H   H
  3    H   P   P   P   P   P   H   H   H   H
  4    H   H   H   H   P   H   H   H   H   H
  5   Dh  Dh  Dh  Dh  Dh  Dh   H  Dh   H   H
  6    H   P   P   P   P   H   H   H   H   H
  7    P   P   P   P   P   P   H   H   H   H
  8    P   P   P   P   P   P   P   P   P   H
  9    P   P   P   P   P   S   P   P   S   S
 10    S   S   S   S   S   S   S   S   S   S
 11    P   P   P   P   P   P   P   P   P   P

One card
       2   3   4   5   6   7   8   9  10   A
  2    H   H   H   H   H   H   H   H   H   H
  3    H   H   H   H   H   H   H   H   H   H
  4    H   H   H   H   H   H   H   H   H   H
  5    H   H   H   H   H   H   H   H   H   H
  6    H   H   H   H   H   H   H   H   H   H
  7    H   H   H   H   H   H   H   H   H   H
  8    H   H   H   H   H   H   H   H   H   H
  9    H   H   H   H   H   H   H   H   H   H
 10    H   H   H   H   H   H   H   H   H   H
  A    H   H   H   H   H   H   H   H   H   H

BlackJack
       2   3   4   5   6   7   8   9  10   A
 21    S   S   S   S   S   S   S   S   S   S

========== Count: -3 ==========

Hard
       2   3   4   5   6   7   8   9  10   A
  4    H  Dh   S   H   H   H   H   H  Dh   H
  5    H   H   H   H   H   H   H   H   H   H
  6    H   H   H   H   H   H   H   H   H   H
  7    H   H   H   H   H   H   H   H   H   H
  8    H   H   H   H   H   H   H   H   H   H
  9    H   H   H  Dh  Dh   H   H   H   H   H
 10   Dh  Dh  Dh  Dh  Dh  Dh  Dh   H   H   H
 11   Dh  Dh  Dh  Dh  Dh  Dh  Dh  Dh  Dh   H
 12    H   H   H   H   S   H   H   H   H   H
 13    H   H   S   S   S   H   H   H   H   H
 14    S   S   S   S   S   H   H   H   H   H
 15    S   S   S   S   S   H   H   H   H   H
 16    S   S   S   S   S   H   H   H   H   H
 17    S   S   S   S   S   S   S   S   S   S
 18    S   S   S   S   S   S   S   S   S   S
 19    S   S   S   S   S   S   S   S   S   S
 20    S   S   S   S   S   S   S   S   S   S
 21    S   S   S   S   S   S   S   S   S   S

Soft
       2   3   4   5   6   7   8   9  10   A
 12    S   S   S   S   S   S   S   S   S   S
 13    H   H   H   H  Dh   H   H   H   H   H
 14    H   H   H  Dh  Dh   H   H   H   H   H
 15    H   H   H   H  Dh   H   H   H   H   H
 16    H   H   H  Dh  Dh   H   H   H   H   H
 17    H   H   H  Dh  Dh   H   H   H   H   H
 18    S   S   S  Ds  Ds   S   S   H   H   H
 19    S   S   S   S   S   S   S   S   S   S
 20    S   S   S   S   S   S   S   S   S   S
 21    S   S   S   S   S   S   S   S   S   S

Pair
       2   3   4   5   6   7   8   9  10   A
  2    P   P   P   P   P   P   H   H   H   H
  3    H   P   P   P   P   P   H   H   H   H
  4    H   H   H   H   P   H   H   H   H   H
  5   Dh  Dh  Dh  Dh  Dh  Dh   H   H   H   H
  6    P   P   P   P   P   H   H   H   H   H
  7    P   P   P   P   P   P   H   H   H   H
  8    P   P   P   P   P   P   P   P   P   H
  9    P   P   P   P   P   S   P   P   S   S
 10    S   S   S   S   S   S   S   S   S   S
 11    P   P   P   P   P   P   P   P   P   P

One card
       2   3   4   5   6   7   8   9  10   A
  2    H   H   H   H   H   H   H   H   H   H
  3    H   H   H   H   H   H   H   H   H   H
  4    H   H   H   H   H   H   H   H   H   H
  5    H   H   H   H   H   H   H   H   H   H
  6    H   H   H   H   H   H   H   H   H   H
  7    H   H   H   H   H   H   H   H   H   H
  8    H   H   H   H   H   H   H   H   H   H
  9    H   H   H   H   H   H   H   H   H   H
 10    H   H   H   H   H   H   H   H   H   H
  A    H   H   H   H   H   H   H   H   H   H

BlackJack
       2   3   4   5   6   7   8   9  10   A
 21    S   S   S   S   S   S   S   S   S   S

========== Count: -2 ==========

Hard
       2   3   4   5   6   7   8   9  10   A
  4   Dh   H   H   H   H   H   H   H   S   H
  5    H   H   H   H   H   H   H   H   H   H
  6    H   H   H   H   H   H   H   H   H   H
  7    H   H   H   H   H   H   H   H   H   H
  8    H   H   H   H   H   H   H   H   H   H
  9    H   H   H  Dh  Dh   H   H   H   H   H
 10   Dh  Dh  Dh  Dh  Dh  Dh  Dh   H   H   H
 11   Dh  Dh  Dh  Dh  Dh  Dh  Dh  Dh  Dh   H
 12    H   H   H   H   S   H   H   H   H   H
 13    H   S   S   S   S   H   H   H   H   H
 14    S   S   S   S   S   H   H   H   H   H
 15    S   S   S   S   S   H   H   H   H   H
 16    S   S   S   S   S   H   H   H   H   H
 17    S   S   S   S   S   S   S   S   S   S
 18    S   S   S   S   S   S   S   S   S   S
 19    S   S   S   S   S   S   S   S   S   S
 20    S   S   S   S   S   S   S   S   S   S
 21    S   S   S   S   S   S   S   S   S   S

Soft
       2   3   4   5   6   7   8   9  10   A
 12    S   S   S   S   S   S   S   S   S   S
 13    H   H   H   H  Dh   H   H   H   H   H
 14    H   H   H   H  Dh   H   H   H   H   H
 15    H   H   H  Dh  Dh   H   H   H   H   H
 16    H   H   H  Dh  Dh   H   H   H   H   H
 17    H  Dh  Dh  Dh  Dh   H   H   H   H   H
 18    S   S  Ds  Ds  Ds   S   S   H   H   H
 19    S   S   S   S   S   S   S   S   S   S
 20    S   S   S   S   S   S   S   S   S   S
 21    S   S   S   S   S   S   S   S   S   S

Pair
       2   3   4   5   6   7   8   9  10   A
  2    P   P   P   P   P   P   H   H   H   H
  3    H   P   P   P   P   P   H   H   H   H
  4    H   H   H   H   P   H   H   H   H   H
  5   Dh  Dh  Dh  Dh  Dh  Dh  Dh   H   H   H
  6    P   P   P   P   P   H   H   H   H   H
  7    P   P   P   P   P   P   H   H   H   H
  8    P   P   P   P   P   P   P   P   P   P
  9    P   P   P   P   P   S   P   P   S   S
 10    S   S   S   S   S   S   S   S   S   S
 11    P   P   P   P   P   P   P   P   P   P

One card
       2   3   4   5   6   7   8   9  10   A
  2    H   H   H   H   H   H   H   H   H   H
  3    H   H   H   H   H   H   H   H   H   H
  4    H   H   H   H   H   H   H   H   H   H
  5    H   H   H   H   H   H   H   H   H   H
  6    H   H   H   H   H   H   H   H   H   H
  7    H   H   H   H   H   H   H   H   H   H
  8    H   H   H   H   H   H   H   H   H   H
  9    H   H   H   H   H   H   H   H   H   H
 10    H   H   H   H   H   H   H   H   H   H
  A    H   H   H   H   H   H   H   H   H   H

BlackJack
       2   3   4   5   6   7   8   9  10   A
 21    S   S   S   S   S   S   S   S   S   S

========== Count: -1 ==========

Hard
       2   3   4   5   6   7   8   9  10   A
  4    H   S   H   H   H   H   H   H  Ds   H
  5    H   H   H   H   H   H   H   H   H   H
  6    H   H   H   H   H   H   H   H   H   H
  7    H   H   H   H   H   H   H   H   H   H
  8    H   H   H   H   H   H   H   H   H   H
  9    H   H  Dh  Dh  Dh   H   H   H   H   H
 10   Dh  Dh  Dh  Dh  Dh  Dh  Dh   H   H   H
 11   Dh  Dh  Dh  Dh  Dh  Dh  Dh  Dh  Dh   H
 12    H   H   H   S   S   H   H   H   H   H
 13    H   S   S   S   S   H   H   H   H   H
 14    S   S   S   S   S   H   H   H   H   H
 15    S   S   S   S   S   H   H   H   H   H
 16    S   S   S   S   S   H   H   H   H   H
 17    S   S   S   S   S   S   S   S   S   S
 18    S   S   S   S   S   S   S   S   S   S
 19    S   S   S   S   S   S   S   S   S   S
 20    S   S   S   S   S   S   S   S   S   S
 21    S   S   S   S   S   S   S   S   S   S

Soft
       2   3   4   5   6   7   8   9  10   A
 12    S   S   S   S   S   S   S   S   S   S
 13    H   H   H   H  Dh   H   H   H   H   H
 14    H   H   H   H  Dh   H   H   H   H   H
 15    H   H   H  Dh  Dh   H   H   H   H   H
 16    H   H  Dh  Dh  Dh   H   H   H   H   H
 17    H   H  Dh  Dh  Dh   H   H   H   H   H
 18    S  Ds  Ds  Ds  Ds   S   S   H   H   H
 19    S   S   S   S   S   S   S   S   S   S
 20    S   S   S   S   S   S   S   S   S   S
 21    S   S   S   S   S   S   S   S   S   S

Pair
       2   3   4   5   6   7   8   9  10   A
  2    P   P   P   P   P   P   H   H   H   H
  3    P   P   P   P   P   P   H   H   H   H
  4    H   H   H   P   P   H   H   H   H   H
  5   Dh  Dh  Dh  Dh  Dh  Dh  Dh   H   H   H
  6    P   P   P   P   P   H   H   H   H   H
  7    P   P   P   P   P   P   H   H   H   H
  8    P   P   P   P   P   P   P   P   P   P
  9    P   P   P   P   P   S   P   P   S   S
 10    S   S   S   S   S   S   S   S   S   S
 11    P   P   P   P   P   P   P   P   P   P

One card
       2   3   4   5   6   7   8   9  10   A
  2    H   H   H   H   H   H   H   H   H   H
  3    H   H   H   H   H   H   H   H   H   H
  4    H   H   H   H   H   H   H   H   H   H
  5    H   H   H   H   H   H   H   H   H   H
  6    H   H   H   H   H   H   H   H   H   H
  7    H   H   H   H   H   H   H   H   H   H
  8    H   H   H   H   H   H   H   H   H   H
  9    H   H   H   H   H   H   H   H   H   H
 10    H   H   H   H   H   H   H   H   H   H
  A    H   H   H   H   H   H   H   H   H   H

BlackJack
       2   3   4   5   6   7   8   9  10   A
 21    S   S   S   S   S   S   S   S   S   S

========== Count: 0 ==========

Hard
       2   3   4   5   6   7   8   9  10   A
  4    H   H   H   H   H   H  Dh   H   H   H
  5    H   H   H   H   H   H   H   H   H   H
  6    H   H   H   H   H   H   H   H   H   H
  7    H   H   H   H   H   H   H   H   H   H
  8    H   H   H   H   H   H   H   H   H   H
  9    H  Dh  Dh  Dh  Dh   H   H   H   H   H
 10   Dh  Dh  Dh  Dh  Dh  Dh  Dh  Dh   H   H
 11   Dh  Dh  Dh  Dh  Dh  Dh  Dh  Dh  Dh  Dh
 12    H   H   S   S   S   H   H   H   H   H
 13    S   S   S   S   S   H   H   H   H   H
 14    S   S   S   S   S   H   H   H   H   H
 15    S   S   S   S   S   H   H   H   H   H
 16    S   S   S   S   S   H   H   H   H   H
 17    S   S   S   S   S   S   S   S   S   S
 18    S   S   S   S   S   S   S   S   S   S
 19    S   S   S   S   S   S   S   S   S   S
 20    S   S   S   S   S   S   S   S   S   S
 21    S   S   S   S   S   S   S   S   S   S

Soft
       2   3   4   5   6   7   8   9  10   A
 12    S   S   S   S   S   S   S   S   S   S
 13    H   H   H   H  Dh   H   H   H   H   H
 14    H   H   H  Dh  Dh   H   H   H   H   H
 15    H   H   H  Dh  Dh   H   H   H   H   H
 16    H   H  Dh  Dh  Dh   H   H   H   H   H
 17    H  Dh  Dh  Dh  Dh   H   H   H   H   H
 18    S  Ds  Ds  Ds  Ds   S   S   H   H   H
 19    S   S   S   S  Ds   S   S   S   S   S
 20    S   S   S   S   S   S   S   S   S   S
 21    S   S   S   S   S   S   S   S   S   S

Pair
       2   3   4   5   6   7   8   9  10   A
  2    P   P   P   P   P   P   H   H   H   H
  3    P   P   P   P   P   P   H   H   H   H
  4    H   H   H   P   P   H   H   H   H   H
  5   Dh  Dh  Dh  Dh  Dh  Dh  Dh  Dh   H   H
  6    P   P   P   P   P   H   H   H   H   H
  7    P   P   P   P   P   P   H   H   H   H
  8    P   P   P   P   P   P   P   P   P   P
  9    P   P   P   P   P   S   P   P   S   S
 10    S   S   S   S   S   S   S   S   S   S
 11    P   P   P   P   P   P   P   P   P   P

One card
       2   3   4   5   6   7   8   9  10   A
  2    H   H   H   H   H   H   H   H   H   H
  3    H   H   H   H   H   H   H   H   H   H
  4    H   H   H   H   H   H   H   H   H   H
  5    H   H   H   H   H   H   H   H   H   H
  6    H   H   H   H   H   H   H   H   H   H
  7    H   H   H   H   H   H   H   H   H   H
  8    H   H   H   H   H   H   H   H   H   H
  9    H   H   H   H   H   H   H   H   H   H
 10    H   H   H   H   H   H   H   H   H   H
  A    H   H   H   H   H   H   H   H   H   H

BlackJack
       2   3   4   5   6   7   8   9  10   A
 21    S   S   S   S   S   S   S   S   S   S

========== Count: 1 ==========

Hard
       2   3   4   5   6   7   8   9  10   A
  4    H   H   H   H   H   H  Dh   S   H   S
  5    H   H   H   H   H   H   H   H   H   H
  6    H   H   H   H   H   H   H   H   H   H
  7    H   H   H   H   H   H   H   H   H   H
  8    H   H   H   H   H   H   H   H   H   H
  9    H  Dh  Dh  Dh  Dh   H   H   H   H   H
 10   Dh  Dh  Dh  Dh  Dh  Dh  Dh  Dh   H   H
 11   Dh  Dh  Dh  Dh  Dh  Dh  Dh  Dh  Dh  Dh
 12    H   H   S   S   S   H   H   H   H   H
 13    S   S   S   S   S   H   H   H   H   H
 14    S   S   S   S   S   H   H   H   H   H
 15    S   S   S   S   S   H   H   H   H   H
 16    S   S   S   S   S   H   H   H   S   H
 17    S   S   S   S   S   S   S   S   S   S
 18    S   S   S   S   S   S   S   S   S   S
 19    S   S   S   S   S   S   S   S   S   S
 20    S   S   S   S   S   S   S   S   S   S
 21    S   S   S   S   S   S   S   S   S   S

Soft
       2   3   4   5   6   7   8   9  10   A
 12    S   S   S   S   S   S   S   S   S   S
 13    H   H   H  Dh  Dh   H   H   H   H   H
 14    H   H   H  Dh  Dh   H   H   H   H   H
 15    H   H   H  Dh  Dh   H   H   H   H   H
 16    H   H   H  Dh  Dh   H   H   H   H   H
 17    H  Dh  Dh  Dh  Dh   H   H   H   H   H
 18    S  Ds  Ds  Ds  Ds   S   S   H   H   H
 19    S   S   S   S  Ds   S   S   S   S   S
 20    S   S   S   S   S   S   S   S   S   S
 21    S   S   S   S   S   S   S   S   S   S

Pair
       2   3   4   5   6   7   8   9  10   A
  2    P   P   P   P   P   P   H   H   H   H
  3    P   P   P   P   P   P   H   H   H   H
  4    H   H   H   P   P   H   H   H   H   H
  5   Dh  Dh  Dh  Dh  Dh  Dh  Dh  Dh   H   H
  6    P   P   P   P   P   H   H   H   H   H
  7    P   P   P   P   P   P   H   H   H   H
  8    P   P   P   P   P   P   P   P   P   P
  9    P   P   P   P   P   S   P   P   S   S
 10    S   S   S   S   S   S   S   S   S   S
 11    P   P   P   P   P   P   P   P   P   P

One card
       2   3   4   5   6   7   8   9  10   A
  2    H   H   H   H   H   H   H   H   H   H
  3    H   H   H   H   H   H   H   H   H   H
  4    H   H   H   H   H   H   H   H   H   H
  5    H   H   H   H   H   H   H   H   H   H
  6    H   H   H   H   H   H   H   H   H   H
  7    H   H   H   H   H   H   H   H   H   H
  8    H   H   H   H   H   H   H   H   H   H
  9    H   H   H   H   H   H   H   H   H   H
 10    H   H   H   H   H   H   H   H   H   H
  A    H   H   H   H   H   H   H   H   H   H

BlackJack
       2   3   4   5   6   7   8   9  10   A
 21    S   S   S   S   S   S   S   S   S   S

========== Count: 2 ==========

Hard
       2   3   4   5   6   7   8   9  10   A
  4    H   H   H   H   H   H   H   S   H   H
  5    H   H   H   H   H   H   H   H   H   H
  6    H   H   H   H   H   H   H   H   H   H
  7    H   H   H   H   H   H   H   H   H   H
  8    H   H   H   H   H   H   H   H   H   H
  9   Dh  Dh  Dh  Dh  Dh   H   H   H   H   H
 10   Dh  Dh  Dh  Dh  Dh  Dh  Dh  Dh   H   H
 11   Dh  Dh  Dh  Dh  Dh  Dh  Dh  Dh  Dh  Dh
 12    H   H   S   S   S   H   H   H   H   H
 13    S   S   S   S   S   H   H   H   H   H
 14    S   S   S   S   S   H   H   H   H   H
 15    S   S   S   S   S   H   H   H   H   H
 16    S   S   S   S   S   H   H   H   S   H
 17    S   S   S   S   S   S   S   S   S   S
 18    S   S   S   S   S   S   S   S   S   S
 19    S   S   S   S   S   S   S   S   S   S
 20    S   S   S   S   S   S   S   S   S   S
 21    S   S   S   S   S   S   S   S   S   S

Soft
       2   3   4   5   6   7   8   9  10   A
 12    S   S   S   S   S   S   S   S   S   S
 13    H   H   H   H  Dh   H   H   H   H   H
 14    H   H   H  Dh  Dh   H   H   H   H   H
 15    H   H   H  Dh  Dh   H   H   H   H   H
 16    H   H  Dh  Dh  Dh   H   H   H   H   H
 17    H  Dh  Dh  Dh  Dh   H   H   H   H   H
 18   Ds  Ds  Ds  Ds  Ds   S   S   H   H   H
 19    S   S   S  Ds  Ds   S   S   S   S   S
 20    S   S   S   S   S   S   S   S   S   S
 21    S   S   S   S   S   S   S   S   S   S

Pair
       2   3   4   5   6   7   8   9  10   A
  2    P   P   P   P   P   P   H   H   H   H
  3    P   P   P   P   P   P   H   H   H   H
  4    H   H   H   P   P   H   H   H   H   H
  5   Dh  Dh  Dh  Dh  Dh  Dh  Dh  Dh   H   H
  6    P   P   P   P   P   H   H   H   H   H
  7    P   P   P   P   P   P   P   H   H   H
  8    P   P   P   P   P   P   P   P   P   P
  9    P   P   P   P   P   S   P   P   S   S
 10    S   S   S   S   S   S   S   S   S   S
 11    P   P   P   P   P   P   P   P   P   P

One card
       2   3   4   5   6   7   8   9  10   A
  2    H   H   H   H   H   H   H   H   H   H
  3    H   H   H   H   H   H   H   H   H   H
  4    H   H   H   H   H   H   H   H   H   H
  5    H   H   H   H   H   H   H   H   H   H
  6    H   H   H   H   H   H   H   H   H   H
  7    H   H   H   H   H   H   H   H   H   H
  8    H   H   H   H   H   H   H   H   H   H
  9    H   H   H   H   H   H   H   H   H   H
 10    H   H   H   H   H   H   H   H   H   H
  A    H   H   H   H   H   H   H   H   H   H

BlackJack
       2   3   4   5   6   7   8   9  10   A
 21    S   S   S   S   S   S   S   S   S   S

========== Count: 3 ==========

Hard
       2   3   4   5   6   7   8   9  10   A
  4    H   H  Ds  Dh  Dh   H   H   S   S  Dh
  5    H   H   H   H   H   H   H   H   H   H
  6    H   H   H   H   H   H   H   H   H   H
  7    H   H   H   H   H   H   H   H   H   H
  8    H   H   H   H   H   H   H   H   H   H
  9   Dh  Dh  Dh  Dh  Dh  Dh   H   H   H   H
 10   Dh  Dh  Dh  Dh  Dh  Dh  Dh  Dh   H   H
 11   Dh  Dh  Dh  Dh  Dh  Dh  Dh  Dh  Dh  Dh
 12    H   S   S   S   S   H   H   H   H   H
 13    S   S   S   S   S   H   H   H   H   H
 14    S   S   S   S   S   H   H   H   H   H
 15    S   S   S   S   S   H   H   H   H   H
 16    S   S   S   S   S   H   H   H   S   H
 17    S   S   S   S   S   S   S   S   S   S
 18    S   S   S   S   S   S   S   S   S   S
 19    S   S   S   S   S   S   S   S   S   S
 20    S   S   S   S   S   S   S   S   S   S
 21    S   S   S   S   S   S   S   S   S   S

Soft
       2   3   4   5   6   7   8   9  10   A
 12    S   S   S   S   S   S   S   S   S   S
 13    H   H   H   H  Dh   H   H   H   H   H
 14    H   H   H  Dh  Dh   H   H   H   H   H
 15    H   H  Dh  Dh  Dh   H   H   H   H   H
 16    H   H  Dh  Dh  Dh   H   H   H   H   H
 17   Dh  Dh  Dh  Dh  Dh   H   H   H   H   H
 18   Ds  Ds  Ds  Ds  Ds   S   S   H   H   H
 19    S   S  Ds   S  Ds   S   S   S   S   S
 20    S   S   S   S   S   S   S   S   S   S
 21    S   S   S   S   S   S   S   S   S   S

Pair
       2   3   4   5   6   7   8   9  10   A
  2    P   P   P   P   P   P   P   H   H   H
  3    P   P   P   P   P   P   H   H   H   H
  4    H   H   P   P   P   H   H   H   H   H
  5   Dh  Dh  Dh  Dh  Dh  Dh  Dh  Dh  Dh   H
  6    P   P   P   P   P   H   H   H   H   H
  7    P   P   P   P   P   P   P   H   H   H
  8    P   P   P   P   P   P   P   P   P   P
  9    P   P   P   P   P   P   P   P   S   P
 10    S   S   S   S   S   S   S   S   S   S
 11    P   P   P   P   P   P   P   P   P   P

One card
       2   3   4   5   6   7   8   9  10   A
  2    H   H   H   H   H   H   H   H   H   H
  3    H   H   H   H   H   H   H   H   H   H
  4    H   H   H   H   H   H   H   H   H   H
  5    H   H   H   H   H   H   H   H   H   H
  6    H   H   H   H   H   H   H   H   H   H
  7    H   H   H   H   H   H   H   H   H   H
  8    H   H   H   H   H   H   H   H   H   H
  9    H   H   H   H   H   H   H   H   H   H
 10    H   H   H   H   H   H   H   H   H   H
  A    H   H   H   H   H   H   H   H   H   H

BlackJack
       2   3   4   5   6   7   8   9  10   A
 21    S   S   S   S   S   S   S   S   S   S

========== Count: 4 ==========

Hard
       2   3   4   5   6   7   8   9  10   A
  4    H   H  Dh   H   H  Dh   H  Dh   H   S
  5    H   H   H   H   H   H   H   H   H   H
  6    H   H   H   H   H   H   H   H   H   H
  7    H   H   H   H   H   H   H   H   H   H
  8    H   H   H  Dh   H   H   H   H   H   H
  9   Dh  Dh  Dh  Dh  Dh   H   H   H   H   H
 10   Dh  Dh  Dh  Dh  Dh  Dh  Dh  Dh  Dh  Dh
 11   Dh  Dh  Dh  Dh  Dh  Dh  Dh  Dh  Dh  Dh
 12    S   S   S   S   S   H   H   H   H   H
 13    S   S   S   S   S   H   H   H   H   H
 14    S   S   S   S   S   H   H   H   H   H
 15    S   S   S   S   S   H   H   H   S   H
 16    S   S   S   S   S   H   H   H   S   S
 17    S   S   S   S   S   S   S   S   S   S
 18    S   S   S   S   S   S   S   S   S   S
 19    S   S   S   S   S   S   S   S   S   S
 20    S   S   S   S   S   S   S   S   S   S
 21    S   S   S   S   S   S   S   S   S   S

Soft
       2   3   4   5   6   7   8   9  10   A
 12    S   S   S   S   S   S   S   S   S   S
 13    H   H  Dh  Dh  Dh   H   H   H   H   H
 14    H   H  Dh   H  Dh   H   H   H   H   H
 15    H   H  Dh  Dh  Dh   H   H   H   H   H
 16    H  Dh  Dh  Dh  Dh   H   H   H   H   H
 17    H  Dh  Dh  Dh  Dh   H   H   H   H   H
 18   Ds  Ds  Ds  Ds  Ds   S   S   H   H   H
 19    S   S  Ds  Ds  Ds   S   S   S   S   S
 20    S   S   S  Ds   S   S   S   S   S   S
 21    S   S   S   S   S   S   S   S   S   S

Pair
       2   3   4   5   6   7   8   9  10   A
  2    P   P   P   P   P   P   P   H   H   H
  3    P   P   P   P   P   P   H   H   H   H
  4    H   H   P   P   P   H   H   H   H   H
  5   Dh  Dh  Dh  Dh  Dh  Dh  Dh  Dh  Dh   H
  6    P   P   P   P   P   H   H   H   H   H
  7    P   P   P   P   P   P   H   H   H   H
  8    P   P   P   P   P   P   P   P   P   P
  9    P   P   P   P   P   P   P   P   S   P
 10    S   S   S   S   P   S   S   S   S   S
 11    P   P   P   P   P   P   P   P   P   P

One card
       2   3   4   5   6   7   8   9  10   A
  2    H   H   H   H   H   H   H   H   H   H
  3    H   H   H   H   H   H   H   H   H   H
  4    H   H   H   H   H   H   H   H   H   H
  5    H   H   H   H   H   H   H   H   H   H
  6    H   H   H   H   H   H   H   H   H   H
  7    H   H   H   H   H   H   H   H   H   H
  8    H   H   H   H   H   H   H   H   H   H
  9    H   H   H   H   H   H   H   H   H   H
 10    H   H   H   H   H   H   H   H   H   H
  A    H   H   H   H   H   H   H   H   H   H

BlackJack
       2   3   4   5   6   7   8   9  10   A
 21    S   S   S   S   S   S   S   S   S   S

========== Count: 5 ==========

Hard
       2   3   4   5   6   7   8   9  10   A
  4    S   H   H   H  Dh   H   H  Ds  Ds   H
  5    H   H   H   H   H   H   H   H   H   H
  6    H   H   H   H   H   H   H   H   H   H
  7    H   H   H   H   H   H   H   H   H   H
  8    H   H   H  Dh  Dh   H   H   H   H   H
  9   Dh  Dh  Dh  Dh  Dh  Dh   H   H   H   H
 10   Dh  Dh  Dh  Dh  Dh  Dh  Dh  Dh  Dh  Dh
 11   Dh  Dh  Dh  Dh  Dh  Dh  Dh  Dh  Dh  Dh
 12    S   S   S   S   S   H   H   H   H   H
 13    S   S   S   S   S   H   H   H   H   H
 14    S   S   S   S   S   H   H   H   H   H
 15    S   S   S   S   S   H   H   H   S   S
 16    S   S   S   S   S   H   H   S   S   S
 17    S   S   S   S   S   S   S   S   S   S
 18    S   S   S   S   S   S   S   S   S   S
 19    S   S   S   S   S   S   S   S   S   S
 20    S   S   S   S   S   S   S   S   S   S
 21    S   S   S   S   S   S   S   S   S   S

Soft
       2   3   4   5   6   7   8   9  10   A
 12    S   S   S   S   S   S   S   S   S   S
 13    H   H  Dh  Dh  Dh   H   H   H   H   H
 14    H  Dh  Dh  Dh  Dh   H   H   H   H   H
 15    H   H  Dh  Dh  Dh   H   H   H   H   H
 16    H   H  Dh  Dh  Dh   H   H   H   H   H
 17    H  Dh  Dh  Dh  Dh   H   H   H   H   H
 18   Ds  Ds  Ds  Ds  Ds   S   S   H   H   H
 19    S  Ds  Ds  Ds  Ds   S   S   S   S   S
 20    S   S   S  Ds  Ds   S   S   S   S   S
 21    S   S   S   S   S   S   S   S   S   S

Pair
       2   3   4   5   6   7   8   9  10   A
  2    P   P   P   P   P   P   P   H   H   H
  3    P   P   P   P   P   P   H   H   H   H
  4    H   H   P   P   P   H   H   H   H   H
  5   Dh  Dh  Dh  Dh  Dh  Dh  Dh  Dh   H  Dh
  6    P   P   P   P   P   H   H   H   H   H
  7    P   P   P   P   P   P   H   H   H   H
  8    P   P   P   P   P   P   P   P   P   P
  9    P   P   P   P   P   P   P   P   S   P
 10    S   S   S   P   P   S   S   S   S   S
 11    P   P   P   P   P   P   P   P   P   P

One card
       2   3   4   5   6   7   8   9  10   A
  2    H   H   H   H   H   H   H   H   H   H
  3    H   H   H   H   H   H   H   H   H   H
  4    H   H   H   H   H   H   H   H   H   H
  5    H   H   H   H   H   H   H   H   H   H
  6    H   H   H   H   H   H   H   H   H   H
  7    H   H   H   H   H   H   H   H   H   H
  8    H   H   H   H   H   H   H   H   H   H
  9    H   H   H   H   H   H   H   H   H   H
 10    H   H   H   H   H   H   H   H   H   H
  A    H   H   H   H   H   H   H   H   H   H

BlackJack
       2   3   4   5   6   7   8   9  10   A
 21    S   S   S   S   S   S   S   S   S   S
========================

--- W3 ---
Recorded rounds: 5000000000  speed: 9777056 hands/sec
Count table:
  Card      Original      Used          
  --------------------------------------
  2         0.7232        0.7232        
  3         0.8870        0.8870        
  4         1.2091        1.2091        
  5         1.4600        1.4600        
  6         0.8302        0.8302        
  7         0.4617        0.4617        
  8         -0.1120       -0.1120       
  9         -0.4182       -0.4182       
  10        -1.0020       -1.0000       
  J         -0.9960       -1.0000       
  Q         -0.9996       -1.0000       
  K         -1.0024       -1.0000       
  A         -1.0411       -1.0411       
  Bias      -0.006422   
  Bet>0 TC  1.615795    
  Factor    0.003975    

Spread 1:10 evaluation edge (5000000000 rounds): 0.016782  std(X): 5.272194  E[X^2]: 27.796315
Optimal Kelly multiplier:    1.150000  fitted-signal target: 1.000000
Optimal Kelly growth/round:  1.000018  stddev: 0.000006
Sanity checks:
  Sum(weights): -0.000000  (PASS, expected near 0)
  10-value consistency: mean=-1.000000  max_dev=0.003972  rel=0.397198%  (PASS)
  Bias vs flat edge: bias=-0.006422  flat_edge=-0.005597  diff=0.000825  rel_to_0.5%=16.497092%
  Bias constraint: fixed to P0 flat edge
EV-count graph:         41 points  res=0.250000  speed: 9231053 hands/sec
Count histogram:        total=471789913  symmetry_rel_diff=2.3314%  (PASS, expected roughly symmetric)
