
=== AlternatingOptimization ===
Command:       /home/neria/Desktop/BlackjaclCpp/build/bin/AlternatingOptimization --game blackjack --penetration 75 --ss17 false --peek true --surr no --das true --sas 4 --don ANY --rsa false --hsa false --bj 1.5 --num-threads 5 --stop-mode diff --sample-rounds 100000000 --diff-threshold 0.005 --num-rounds 5000000000 --eval-rounds 5000000000 --graph-rounds 500000000 --kelly-measurements 1000 --kelly-fraction-step 0.05 --iterations 3 --sample-every 5 --decks 2 --count-quadratic-kelly --count-sum-zero-fixed-p0-edge --checkpoint-name h17c03_5b_qk_p0
Scenario:      decks=2_ss17=False_das=True_sas=4_don=Any_reSplitAces=False_hitSplitAces=False_surr=no_peek=True_bj-pays=1.5_penetration=75%
Policy stop:   diff  sample=100000000  threshold=0.005  Threads: 5
Count rounds:  25000000000  (record every 5 => target 5000000000 recorded samples)
Eval rounds:   5000000000
Graph rounds:  500000000
Iterations:    3  (each iteration learns P_k then W_{k+1})
Count objective: quadratic_kelly
Count constraint: sum_zero_fixed_p0_flat_edge
Penetration:   75%
Sample-every:  5
Kelly sweep:  centered at fitted-signal multiplier 1.0 +/- 0.25 (minimum 0)  step 0.05
Folder:        /home/neria/Desktop/BlackjaclCpp/checkpoints/alternating-checkpoints/h17c03_5b_qk_p0_decks=2_ss17=False_das=True_surr=no_peek=True/
Initial count: none (all zeros)
Count scaling:  average 10/J/Q/K tag = -1
===============================
P0 sample rounds=100000000  speed=6459114 hands/sec  avg|ΔQ|=0.407625  threshold=0.005000
P0 sample rounds=200000000  speed=6362740 hands/sec  avg|ΔQ|=0.014861  threshold=0.005000
P0 sample rounds=300000000  speed=6280618 hands/sec  avg|ΔQ|=0.012082  threshold=0.005000
P0 sample rounds=400000000  speed=6191663 hands/sec  avg|ΔQ|=0.009856  threshold=0.005000
P0 sample rounds=500000000  speed=6121899 hands/sec  avg|ΔQ|=0.009099  threshold=0.005000
P0 sample rounds=600000000  speed=6086304 hands/sec  avg|ΔQ|=0.008009  threshold=0.005000
P0 sample rounds=700000000  speed=6051594 hands/sec  avg|ΔQ|=0.007454  threshold=0.005000
P0 sample rounds=800000000  speed=6022146 hands/sec  avg|ΔQ|=0.006652  threshold=0.005000
P0 sample rounds=900000000  speed=5998400 hands/sec  avg|ΔQ|=0.006108  threshold=0.005000
P0 sample rounds=1000000000  speed=5974929 hands/sec  avg|ΔQ|=0.005682  threshold=0.005000
P0 sample rounds=1100000000  speed=5956958 hands/sec  avg|ΔQ|=0.005260  threshold=0.005000
P0 sample rounds=1200000000  speed=5939212 hands/sec  avg|ΔQ|=0.004973  threshold=0.005000

--- P0 ---
Training rounds: 1200000000
Training speed: 5939212 hands/sec
Training flat edge:   -0.110562
Evaluation flat edge (5000000000 rounds): -0.004566  std(X): 1.158408  E[X^2]: 1.341930
Spread/Kelly evaluation skipped for P0: W0 is the zero count, so no positive-count betting signal is expected.

=== P0 Strategy ===

========== Count: 0 ==========

Hard
       2   3   4   5   6   7   8   9  10   A
  4    H   H   H   H   H   H   H   H   H   H
  5    H   H   H   H   H   H   H   H   H   H
  6    H   H   H   H   H   H   H   H   H   H
  7    H   H   H   H   H   H   H   H   H   H
  8    H   H   H   H   H   H   H   H   H   H
  9   Dh  Dh  Dh  Dh  Dh   H   H   H   H   H
 10   Dh  Dh  Dh  Dh  Dh  Dh  Dh  Dh   H   H
 11   Dh  Dh  Dh  Dh  Dh  Dh  Dh  Dh  Dh  Dh
 12    H   H   S   S   S   H   H   H   H   H
 13    S   S   S   S   S   H   H   H   H   H
 14    S   S   S   S   S   H   H   H   H   H
 15    S   S   S   S   S   H   H   H   H   H
 16    S   S   S   S   S   H   H   H   H   H
 17    S   S   S   S   S   S   S   S   S   S
 18    S   S   S   S   S   S   S   S   S   S
 19    S   S   S   S   S   S   S   S   S   S
 20    S   S   S   S   S   S   S   S   S   S
 21    S   S   S   S   S   S   S   S   S   S

Soft
       2   3   4   5   6   7   8   9  10   A
 12    S   S   S   S   S   S   S   S   S   S
 13    H   H   H  Dh  Dh   H   H   H   H   H
 14    H   H   H  Dh  Dh   H   H   H   H   H
 15    H   H  Dh  Dh  Dh   H   H   H   H   H
 16    H   H   H  Dh  Dh   H   H   H   H   H
 17    H  Dh  Dh  Dh  Dh   H   H   H   H   H
 18    S  Ds  Ds  Ds  Ds   S   S   H   H   H
 19    S   S   S   S  Ds   S   S   S   S   S
 20    S   S   S   S   S   S   S   S   S   S
 21    S   S   S   S   S   S   S   S   S   S

Pair
       2   3   4   5   6   7   8   9  10   A
  2    P   P   P   P   P   P   H   H   H   H
  3    P   P   P   P   P   P   H   H   H   H
  4    H   H   H   P   P   H   H   H   H   H
  5   Dh  Dh  Dh  Dh  Dh  Dh  Dh  Dh   H   H
  6    P   P   P   P   P   H   H   H   H   H
  7    P   P   P   P   P   P   P   H   H   H
  8    P   P   P   P   P   P   P   P   P   P
  9    P   P   P   P   P   S   P   P   S   S
 10    S   S   S   S   S   S   S   S   S   S
 11    P   P   P   P   P   P   P   P   P   P

One card
       2   3   4   5   6   7   8   9  10   A
  2    H   H   H   H   H   H   H   H   H   H
  3    H   H   H   H   H   H   H   H   H   H
  4    H   H   H   H   H   H   H   H   H   H
  5    H   H   H   H   H   H   H   H   H   H
  6    H   H   H   H   H   H   H   H   H   H
  7    H   H   H   H   H   H   H   H   H   H
  8    H   H   H   H   H   H   H   H   H   H
  9    H   H   H   H   H   H   H   H   H   H
 10    H   H   H   H   H   H   H   H   H   H
  A    H   H   H   H   H   H   H   H   H   H

BlackJack
       2   3   4   5   6   7   8   9  10   A
 21    S   S   S   S   S   S   S   S   S   S
========================

--- W1 ---
Recorded rounds: 5000000000  speed: 10820492 hands/sec
Count table:
  Card      Original      Used          
  --------------------------------------
  2         0.7329        0.7329        
  3         0.8553        0.8553        
  4         1.1266        1.1266        
  5         1.3529        1.3529        
  6         0.8794        0.8794        
  7         0.4771        0.4771        
  8         -0.0407       -0.0407       
  9         -0.3864       -0.3864       
  10        -0.9982       -1.0000       
  J         -1.0029       -1.0000       
  Q         -1.0014       -1.0000       
  K         -0.9974       -1.0000       
  A         -0.9970       -0.9970       
  Bias      -0.004566   
  Bet>0 TC  1.195540    
  Factor    0.003819    

Spread 1:10 evaluation edge (5000000000 rounds): 0.042903  std(X): 6.378785  E[X^2]: 40.690734
Optimal Kelly multiplier:    1.100000  fitted-signal target: 1.000000
Optimal Kelly growth/round:  1.000051  stddev: 0.000011
Sanity checks:
  Sum(weights): 0.000000  (PASS, expected near 0)
  10-value consistency: mean=-1.000000  max_dev=0.002937  rel=0.293734%  (PASS)
  Bias vs flat edge: bias=-0.004566  flat_edge=-0.004566  diff=0.000000  rel_to_0.5%=0.000000%
  Bias constraint: fixed to P0 flat edge
EV-count graph:         41 points  res=0.250000  speed: 9925164 hands/sec
Count histogram:        total=411404340  symmetry_rel_diff=4.2041%  (PASS, expected roughly symmetric)
P1 sample rounds=100000000  speed=5181616 hands/sec  avg|ΔQ|=0.379686  threshold=0.005000
P1 sample rounds=200000000  speed=5074983 hands/sec  avg|ΔQ|=0.039003  threshold=0.005000
P1 sample rounds=300000000  speed=4997751 hands/sec  avg|ΔQ|=0.026545  threshold=0.005000
P1 sample rounds=400000000  speed=4936504 hands/sec  avg|ΔQ|=0.022478  threshold=0.005000
P1 sample rounds=500000000  speed=4881525 hands/sec  avg|ΔQ|=0.020315  threshold=0.005000
P1 sample rounds=600000000  speed=4832163 hands/sec  avg|ΔQ|=0.018835  threshold=0.005000
P1 sample rounds=700000000  speed=4792518 hands/sec  avg|ΔQ|=0.017854  threshold=0.005000
P1 sample rounds=800000000  speed=4758110 hands/sec  avg|ΔQ|=0.016589  threshold=0.005000
P1 sample rounds=900000000  speed=4725178 hands/sec  avg|ΔQ|=0.015775  threshold=0.005000
P1 sample rounds=1000000000  speed=4692544 hands/sec  avg|ΔQ|=0.015175  threshold=0.005000
P1 sample rounds=1100000000  speed=4666138 hands/sec  avg|ΔQ|=0.014229  threshold=0.005000
P1 sample rounds=1200000000  speed=4640694 hands/sec  avg|ΔQ|=0.013719  threshold=0.005000
P1 sample rounds=1300000000  speed=4616658 hands/sec  avg|ΔQ|=0.013093  threshold=0.005000
P1 sample rounds=1400000000  speed=4592859 hands/sec  avg|ΔQ|=0.012615  threshold=0.005000
P1 sample rounds=1500000000  speed=4574007 hands/sec  avg|ΔQ|=0.012097  threshold=0.005000
P1 sample rounds=1600000000  speed=4556678 hands/sec  avg|ΔQ|=0.011779  threshold=0.005000
P1 sample rounds=1700000000  speed=4541071 hands/sec  avg|ΔQ|=0.011477  threshold=0.005000
P1 sample rounds=1800000000  speed=4526309 hands/sec  avg|ΔQ|=0.010862  threshold=0.005000
P1 sample rounds=1900000000  speed=4510225 hands/sec  avg|ΔQ|=0.010501  threshold=0.005000
P1 sample rounds=2000000000  speed=4496595 hands/sec  avg|ΔQ|=0.010251  threshold=0.005000
P1 sample rounds=2100000000  speed=4481998 hands/sec  avg|ΔQ|=0.009977  threshold=0.005000
P1 sample rounds=2200000000  speed=4470300 hands/sec  avg|ΔQ|=0.009588  threshold=0.005000
P1 sample rounds=2300000000  speed=4457425 hands/sec  avg|ΔQ|=0.009345  threshold=0.005000
P1 sample rounds=2400000000  speed=4446791 hands/sec  avg|ΔQ|=0.009137  threshold=0.005000
P1 sample rounds=2500000000  speed=4434590 hands/sec  avg|ΔQ|=0.008889  threshold=0.005000
P1 sample rounds=2600000000  speed=4422626 hands/sec  avg|ΔQ|=0.008683  threshold=0.005000
P1 sample rounds=2700000000  speed=4413741 hands/sec  avg|ΔQ|=0.008315  threshold=0.005000
P1 sample rounds=2800000000  speed=4403374 hands/sec  avg|ΔQ|=0.008119  threshold=0.005000
P1 sample rounds=2900000000  speed=4394665 hands/sec  avg|ΔQ|=0.008105  threshold=0.005000
P1 sample rounds=3000000000  speed=4386690 hands/sec  avg|ΔQ|=0.007764  threshold=0.005000
P1 sample rounds=3100000000  speed=4377740 hands/sec  avg|ΔQ|=0.007578  threshold=0.005000
P1 sample rounds=3200000000  speed=4369454 hands/sec  avg|ΔQ|=0.007530  threshold=0.005000
P1 sample rounds=3300000000  speed=4362171 hands/sec  avg|ΔQ|=0.007267  threshold=0.005000
P1 sample rounds=3400000000  speed=4355105 hands/sec  avg|ΔQ|=0.007071  threshold=0.005000
P1 sample rounds=3500000000  speed=4348485 hands/sec  avg|ΔQ|=0.006945  threshold=0.005000
P1 sample rounds=3600000000  speed=4340974 hands/sec  avg|ΔQ|=0.006780  threshold=0.005000
P1 sample rounds=3700000000  speed=4334872 hands/sec  avg|ΔQ|=0.006527  threshold=0.005000
P1 sample rounds=3800000000  speed=4328585 hands/sec  avg|ΔQ|=0.006655  threshold=0.005000
P1 sample rounds=3900000000  speed=4322235 hands/sec  avg|ΔQ|=0.006371  threshold=0.005000
P1 sample rounds=4000000000  speed=4316168 hands/sec  avg|ΔQ|=0.006209  threshold=0.005000
P1 sample rounds=4100000000  speed=4310875 hands/sec  avg|ΔQ|=0.006104  threshold=0.005000
P1 sample rounds=4200000000  speed=4305573 hands/sec  avg|ΔQ|=0.005978  threshold=0.005000
P1 sample rounds=4300000000  speed=4299561 hands/sec  avg|ΔQ|=0.005910  threshold=0.005000
P1 sample rounds=4400000000  speed=4294459 hands/sec  avg|ΔQ|=0.005863  threshold=0.005000
P1 sample rounds=4500000000  speed=4289955 hands/sec  avg|ΔQ|=0.005713  threshold=0.005000
P1 sample rounds=4600000000  speed=4285368 hands/sec  avg|ΔQ|=0.005659  threshold=0.005000
P1 sample rounds=4700000000  speed=4281188 hands/sec  avg|ΔQ|=0.005536  threshold=0.005000
P1 sample rounds=4800000000  speed=4275697 hands/sec  avg|ΔQ|=0.005481  threshold=0.005000
P1 sample rounds=4900000000  speed=4270402 hands/sec  avg|ΔQ|=0.005350  threshold=0.005000
P1 sample rounds=5000000000  speed=4266248 hands/sec  avg|ΔQ|=0.005292  threshold=0.005000
P1 sample rounds=5100000000  speed=4262147 hands/sec  avg|ΔQ|=0.005230  threshold=0.005000
P1 sample rounds=5200000000  speed=4258281 hands/sec  avg|ΔQ|=0.005097  threshold=0.005000
P1 sample rounds=5300000000  speed=4254171 hands/sec  avg|ΔQ|=0.005090  threshold=0.005000
P1 sample rounds=5400000000  speed=4249837 hands/sec  avg|ΔQ|=0.005007  threshold=0.005000
P1 sample rounds=5500000000  speed=4246117 hands/sec  avg|ΔQ|=0.004911  threshold=0.005000

--- P1 ---
Training rounds: 5500000000
Training speed: 4246117 hands/sec
Training flat edge:   -0.157738
Evaluation flat edge (5000000000 rounds): -0.001814  std(X): 1.158852  E[X^2]: 1.342941
Spread 1:10 evaluation edge (5000000000 rounds): 0.058820  std(X): 6.653406  E[X^2]: 44.271267
Kelly growth per round:      1.000079  stddev: 0.000011

=== P1 Strategy ===

========== Count: -5 ==========

Hard
       2   3   4   5   6   7   8   9  10   A
  4   Dh   -   H   H   S   H  Dh   H   H   H
  5    H   H   H   H   H   H   H   H   H   H
  6    H   H   H   H   H   H   H   H   H   H
  7    H   H   H   H   H   H   H   H   H   H
  8    H   H   H   H   H   H   H   H   H   H
  9    H   H   H   H   H   H   H   H   H   H
 10   Dh  Dh  Dh  Dh  Dh   H   H   H   H   H
 11   Dh  Dh  Dh  Dh  Dh  Dh   H   H   H   H
 12    H   H   H   H   H   H   H   H   H   H
 13    H   H   H   H   H   H   H   H   H   H
 14    H   H   H   H   S   H   H   H   H   H
 15    H   H   S   S   S   H   H   H   H   H
 16    S   S   S   S   S   H   H   H   H   H
 17    S   S   S   S   S   S   S   S   S   H
 18    S   S   S   S   S   S   S   S   S   S
 19    S   S   S   S   S   S   S   S   S   S
 20    S   S   S   S   S   S   S   S   S   S
 21    S   S   S   S   S   S   S   S   S   S

Soft
       2   3   4   5   6   7   8   9  10   A
 12    S   S   S   S   S   S   S   S   S   S
 13    H   H   H   H   H   H   H   H   H   H
 14    H   H   H   H   H   H   H   H   H   H
 15    H   H   H   H   H   H   H   H   H   H
 16    H   H   H   H  Dh   H   H   H   H   H
 17    H   H   H  Dh  Dh   H   H   H   H   H
 18    S   S   S  Ds  Ds   S   S   H   H   H
 19    S   S   S   S   S   S   S   S   S   S
 20    S   S   S   S   S   S   S   S   S   S
 21    S   S   S   S   S   S   S   S   S   S

Pair
       2   3   4   5   6   7   8   9  10   A
  2    H   H   H   P   P   P   H   H   H   H
  3    H   P   P   P   P   P   H   H   H   H
  4    H   H   H   H   H   H   H   H   H   H
  5   Dh  Dh  Dh  Dh  Dh   H   H   H   H   H
  6    H   H   P   P   P   P   H   H   H   H
  7    P   P   P   P   P   P   H   H   H   H
  8    P   P   P   P   P   P   P   P   P   H
  9    S   S   S   P   P   S   P   P   S   S
 10    S   S   S   S   S   S   S   S   S   S
 11    P   P   P   P   P   P   P   P   P   H

One card
       2   3   4   5   6   7   8   9  10   A
  2    H   H   H   H   H   H   H   H   H   H
  3    H   H   H   H   H   H   H   H   H   H
  4    H   H   H   H   H   H   H   H   H   H
  5    H   H   H   H   H   H   H   H   H   H
  6    H   H   H   H   H   H   H   H   H   H
  7    H   H   H   H   H   H   H   H   H   H
  8    H   H   H   H   H   H   H   H   H   H
  9    H   H   H   H   H   H   H   H   H   H
 10    H   H   H   H   H   H   H   H   H   H
  A    H   H   H   H   H   H   H   H   H   H

BlackJack
       2   3   4   5   6   7   8   9  10   A
 21    S   S   S   S   S   S   S   S   S   S

========== Count: -4 ==========

Hard
       2   3   4   5   6   7   8   9  10   A
  4    -   S  Ds   H   H   H   -   S   S   -
  5    H   H   H   H   H   H   H   H   H   H
  6    H   H   H   H   H   H   H   H   H   H
  7    H   H   H   H   H   H   H   H   H   H
  8    H   H   H   H   H   H   H   H   H   H
  9    H   H   H   H  Dh   H   H   H   H   H
 10   Dh  Dh  Dh  Dh  Dh  Dh  Dh   H   H   H
 11   Dh  Dh  Dh  Dh  Dh  Dh  Dh  Dh   H   H
 12    H   H   H   H   H   H   H   H   H   H
 13    H   H   H   S   S   H   H   H   H   H
 14    H   S   S   S   S   H   H   H   H   H
 15    S   S   S   S   S   H   H   H   H   H
 16    S   S   S   S   S   H   H   H   H   H
 17    S   S   S   S   S   S   S   S   S   S
 18    S   S   S   S   S   S   S   S   S   S
 19    S   S   S   S   S   S   S   S   S   S
 20    S   S   S   S   S   S   S   S   S   S
 21    S   S   S   S   S   S   S   S   S   S

Soft
       2   3   4   5   6   7   8   9  10   A
 12    S   S   S   S   S   S   S   S   S   S
 13    H   H   H   H  Dh   H   H   H   H   H
 14    H   H   H  Dh  Dh   H   H   H   H   H
 15    H   H   H   H  Dh   H   H   H   H   H
 16    H   H  Dh  Dh  Dh   H   H   H   H   H
 17    H  Dh  Dh  Dh  Dh   H   H   H   H   H
 18    S   S   S  Ds  Ds   S   S   H   H   H
 19    S   S   S   S   S   S   S   S   S   S
 20    S   S   S   S   S   S   S   S   S   S
 21    S   S   S   S   S   S   S   S   S   S

Pair
       2   3   4   5   6   7   8   9  10   A
  2    H   P   P   P   P   P   H   H   H   H
  3    P   P   P   P   P   P   H   H   H   H
  4    H   H   H   H   P   H   H   H   H   H
  5   Dh  Dh  Dh  Dh  Dh  Dh  Dh   H   H   H
  6    H   P   P   P   P   P   H   H   H   H
  7    P   P   P   P   P   P   H   H   H   H
  8    P   P   P   P   P   P   P   P   P   H
  9    S   P   P   P   P   S   P   P   S   S
 10    S   S   S   S   S   S   S   S   S   S
 11    P   P   P   P   P   P   P   P   P   P

One card
       2   3   4   5   6   7   8   9  10   A
  2    H   H   H   H   H   H   H   H   H   H
  3    H   H   H   H   H   H   H   H   H   H
  4    H   H   H   H   H   H   H   H   H   H
  5    H   H   H   H   H   H   H   H   H   H
  6    H   H   H   H   H   H   H   H   H   H
  7    H   H   H   H   H   H   H   H   H   H
  8    H   H   H   H   H   H   H   H   H   H
  9    H   H   H   H   H   H   H   H   H   H
 10    H   H   H   H   H   H   H   H   H   H
  A    H   H   H   H   H   H   H   H   H   H

BlackJack
       2   3   4   5   6   7   8   9  10   A
 21    S   S   S   S   S   S   S   S   S   S

========== Count: -3 ==========

Hard
       2   3   4   5   6   7   8   9  10   A
  4    -   H   S   H  Dh   H   -   -   H   -
  5    H   H   H   H   H   H   H   H   H   H
  6    H   H   H   H   H   H   H   H   H   H
  7    H   H   H   H   H   H   H   H   H   H
  8    H   H   H   H   H   H   H   H   H   H
  9    H   H   H  Dh  Dh   H   H   H   H   H
 10   Dh  Dh  Dh  Dh  Dh  Dh  Dh   H   H   H
 11   Dh  Dh  Dh  Dh  Dh  Dh  Dh  Dh  Dh   H
 12    H   H   H   H   S   H   H   H   H   H
 13    H   H   H   S   S   H   H   H   H   H
 14    S   S   S   S   S   H   H   H   H   H
 15    S   S   S   S   S   H   H   H   H   H
 16    S   S   S   S   S   H   H   H   H   H
 17    S   S   S   S   S   S   S   S   S   S
 18    S   S   S   S   S   S   S   S   S   S
 19    S   S   S   S   S   S   S   S   S   S
 20    S   S   S   S   S   S   S   S   S   S
 21    S   S   S   S   S   S   S   S   S   S

Soft
       2   3   4   5   6   7   8   9  10   A
 12    S   S   S   S   S   S   S   S   S   S
 13    H   H   H   H  Dh   H   H   H   H   H
 14    H   H   H   H  Dh   H   H   H   H   H
 15    H   H   H  Dh  Dh   H   H   H   H   H
 16    H   H   H  Dh  Dh   H   H   H   H   H
 17    H  Dh  Dh  Dh  Dh   H   H   H   H   H
 18    S   S  Ds  Ds  Ds   S   S   H   H   H
 19    S   S   S   S   S   S   S   S   S   S
 20    S   S   S   S   S   S   S   S   S   S
 21    S   S   S   S   S   S   S   S   S   S

Pair
       2   3   4   5   6   7   8   9  10   A
  2    P   P   P   P   P   P   H   H   H   H
  3    P   P   P   P   P   P   H   H   H   H
  4    H   H   H   H   P   H   H   H   H   H
  5   Dh  Dh  Dh  Dh  Dh  Dh  Dh   H   H   H
  6    P   P   P   P   P   P   H   H   H   H
  7    P   P   P   P   P   P   P   H   H   H
  8    P   P   P   P   P   P   P   P   P   H
  9    P   P   P   P   P   S   P   P   S   S
 10    S   S   S   S   S   S   S   S   S   S
 11    P   P   P   P   P   P   P   P   P   P

One card
       2   3   4   5   6   7   8   9  10   A
  2    H   H   H   H   H   H   H   H   H   H
  3    H   H   H   H   H   H   H   H   H   H
  4    H   H   H   H   H   H   H   H   H   H
  5    H   H   H   H   H   H   H   H   H   H
  6    H   H   H   H   H   H   H   H   H   H
  7    H   H   H   H   H   H   H   H   H   H
  8    H   H   H   H   H   H   H   H   H   H
  9    H   H   H   H   H   H   H   H   H   H
 10    H   H   H   H   H   H   H   H   H   H
  A    H   H   H   H   H   H   H   H   H   H

BlackJack
       2   3   4   5   6   7   8   9  10   A
 21    S   S   S   S   S   S   S   S   S   S

========== Count: -2 ==========

Hard
       2   3   4   5   6   7   8   9  10   A
  4    H   H   H   S   H   S   H  Ds   H  Dh
  5    H   H   H   H   H   H   H   H   H   H
  6    H   H   H   H   H   H   H   H   H   H
  7    H   H   H   H   H   H   H   H   H   H
  8    H   H   H   H   H   H   H   H   H   H
  9    H   H   H  Dh  Dh   H   H   H   H   H
 10   Dh  Dh  Dh  Dh  Dh  Dh  Dh   H   H   H
 11   Dh  Dh  Dh  Dh  Dh  Dh  Dh  Dh  Dh   H
 12    H   H   H   H   S   H   H   H   H   H
 13    H   H   S   S   S   H   H   H   H   H
 14    S   S   S   S   S   H   H   H   H   H
 15    S   S   S   S   S   H   H   H   H   H
 16    S   S   S   S   S   H   H   H   H   H
 17    S   S   S   S   S   S   S   S   S   S
 18    S   S   S   S   S   S   S   S   S   S
 19    S   S   S   S   S   S   S   S   S   S
 20    S   S   S   S   S   S   S   S   S   S
 21    S   S   S   S   S   S   S   S   S   S

Soft
       2   3   4   5   6   7   8   9  10   A
 12    S   S   S   S   S   S   S   S   S   S
 13    H   H   H   H  Dh   H   H   H   H   H
 14    H   H   H   H  Dh   H   H   H   H   H
 15    H   H  Dh   H  Dh   H   H   H   H   H
 16    H   H  Dh   H  Dh   H   H   H   H   H
 17    H  Dh  Dh  Dh  Dh   H   H   H   H   H
 18    S   S  Ds  Ds  Ds   S   S   H   H   H
 19    S   S   S   S   S   S   S   S   S   S
 20    S   S   S   S   S   S   S   S   S   S
 21    S   S   S   S   S   S   S   S   S   S

Pair
       2   3   4   5   6   7   8   9  10   A
  2    P   P   P   P   P   P   H   H   H   H
  3    P   P   P   P   P   P   H   H   H   H
  4    H   H   H   H   P   H   H   H   H   H
  5   Dh  Dh  Dh  Dh  Dh  Dh  Dh  Dh   H   H
  6    P   P   P   P   P   P   H   H   H   H
  7    P   P   P   P   P   P   H   H   H   H
  8    P   P   P   P   P   P   P   P   P   P
  9    P   P   P   P   P   S   P   P   S   S
 10    S   S   S   S   S   S   S   S   S   S
 11    P   P   P   P   P   P   P   P   P   P

One card
       2   3   4   5   6   7   8   9  10   A
  2    H   H   H   H   H   H   H   H   H   H
  3    H   H   H   H   H   H   H   H   H   H
  4    H   H   H   H   H   H   H   H   H   H
  5    H   H   H   H   H   H   H   H   H   H
  6    H   H   H   H   H   H   H   H   H   H
  7    H   H   H   H   H   H   H   H   H   H
  8    H   H   H   H   H   H   H   H   H   H
  9    H   H   H   H   H   H   H   H   H   H
 10    H   H   H   H   H   H   H   H   H   H
  A    H   H   H   H   H   H   H   H   H   H

BlackJack
       2   3   4   5   6   7   8   9  10   A
 21    S   S   S   S   S   S   S   S   S   S

========== Count: -1 ==========

Hard
       2   3   4   5   6   7   8   9  10   A
  4    H   H   H   H   S   H   S   H   H   S
  5    H   H   H   H   H   H   H   H   H   H
  6    H   H   H   H   H   H   H   H   H   H
  7    H   H   H   H   H   H   H   H   H   H
  8    H   H   H   H   H   H   H   H   H   H
  9    H   H  Dh  Dh  Dh   H   H   H   H   H
 10   Dh  Dh  Dh  Dh  Dh  Dh  Dh  Dh   H   H
 11   Dh  Dh  Dh  Dh  Dh  Dh  Dh  Dh  Dh  Dh
 12    H   H   H   H   S   H   H   H   H   H
 13    H   S   S   S   S   H   H   H   H   H
 14    S   S   S   S   S   H   H   H   H   H
 15    S   S   S   S   S   H   H   H   H   H
 16    S   S   S   S   S   H   H   H   H   H
 17    S   S   S   S   S   S   S   S   S   S
 18    S   S   S   S   S   S   S   S   S   S
 19    S   S   S   S   S   S   S   S   S   S
 20    S   S   S   S   S   S   S   S   S   S
 21    S   S   S   S   S   S   S   S   S   S

Soft
       2   3   4   5   6   7   8   9  10   A
 12    S   S   S   S   S   S   S   S   S   S
 13    H   H   H   H  Dh   H   H   H   H   H
 14    H   H  Dh  Dh  Dh   H   H   H   H   H
 15    H   H  Dh  Dh  Dh   H   H   H   H   H
 16    H   H  Dh  Dh  Dh   H   H   H   H   H
 17    H  Dh  Dh  Dh  Dh   H   H   H   H   H
 18    S  Ds  Ds  Ds  Ds   S   S   H   H   H
 19    S   S   S   S   S   S   S   S   S   S
 20    S   S   S   S   S   S   S   S   S   S
 21    S   S   S   S   S   S   S   S   S   S

Pair
       2   3   4   5   6   7   8   9  10   A
  2    P   P   P   P   P   P   H   H   H   H
  3    P   P   P   P   P   P   H   H   H   H
  4    H   H   H   P   P   H   H   H   H   H
  5   Dh  Dh  Dh  Dh  Dh  Dh  Dh   H   H   H
  6    P   P   P   P   P   P   H   H   H   H
  7    P   P   P   P   P   P   P   H   H   H
  8    P   P   P   P   P   P   P   P   P   P
  9    P   P   P   P   P   S   P   P   S   S
 10    S   S   S   S   S   S   S   S   S   S
 11    P   P   P   P   P   P   P   P   P   P

One card
       2   3   4   5   6   7   8   9  10   A
  2    H   H   H   H   H   H   H   H   H   H
  3    H   H   H   H   H   H   H   H   H   H
  4    H   H   H   H   H   H   H   H   H   H
  5    H   H   H   H   H   H   H   H   H   H
  6    H   H   H   H   H   H   H   H   H   H
  7    H   H   H   H   H   H   H   H   H   H
  8    H   H   H   H   H   H   H   H   H   H
  9    H   H   H   H   H   H   H   H   H   H
 10    H   H   H   H   H   H   H   H   H   H
  A    H   H   H   H   H   H   H   H   H   H

BlackJack
       2   3   4   5   6   7   8   9  10   A
 21    S   S   S   S   S   S   S   S   S   S

========== Count: 0 ==========

Hard
       2   3   4   5   6   7   8   9  10   A
  4    S   H   S   H   H   H   -   S   H   H
  5    H   H   H   H   H   H   H   H   H   H
  6    H   H   H   H   H   H   H   H   H   H
  7    H   H   H   H   H   H   H   H   H   H
  8    H   H   H   H   H   H   H   H   H   H
  9    H  Dh  Dh  Dh  Dh   H   H   H   H   H
 10   Dh  Dh  Dh  Dh  Dh  Dh  Dh  Dh   H   H
 11   Dh  Dh  Dh  Dh  Dh  Dh  Dh  Dh  Dh  Dh
 12    H   H   H   S   S   H   H   H   H   H
 13    S   S   S   S   S   H   H   H   H   H
 14    S   S   S   S   S   H   H   H   H   H
 15    S   S   S   S   S   H   H   H   H   H
 16    S   S   S   S   S   H   H   H   H   H
 17    S   S   S   S   S   S   S   S   S   S
 18    S   S   S   S   S   S   S   S   S   S
 19    S   S   S   S   S   S   S   S   S   S
 20    S   S   S   S   S   S   S   S   S   S
 21    S   S   S   S   S   S   S   S   S   S

Soft
       2   3   4   5   6   7   8   9  10   A
 12    S   S   S   S   S   S   S   S   S   S
 13    H   H   H  Dh  Dh   H   H   H   H   H
 14    H   H  Dh  Dh  Dh   H   H   H   H   H
 15    H   H  Dh  Dh  Dh   H   H   H   H   H
 16    H   H  Dh  Dh  Dh   H   H   H   H   H
 17    H   H  Dh  Dh  Dh   H   H   H   H   H
 18   Ds   S  Ds  Ds  Ds   S   S   H   H   H
 19    S   S   S   S  Ds   S   S   S   S   S
 20    S   S   S   S   S   S   S   S   S   S
 21    S   S   S   S   S   S   S   S   S   S

Pair
       2   3   4   5   6   7   8   9  10   A
  2    P   P   P   P   P   P   H   H   H   H
  3    P   P   P   P   P   P   H   H   H   H
  4    H   H   H   P   P   H   H   H   H   H
  5   Dh  Dh  Dh  Dh  Dh  Dh  Dh   H   H   H
  6    P   P   P   P   P   P   H   H   H   H
  7    P   P   P   P   P   P   P   H   H   H
  8    P   P   P   P   P   P   P   P   P   P
  9    P   P   P   P   P   S   P   P   S   S
 10    S   S   S   S   S   S   S   S   S   S
 11    P   P   P   P   P   P   P   P   P   P

One card
       2   3   4   5   6   7   8   9  10   A
  2    H   H   H   H   H   H   H   H   H   H
  3    H   H   H   H   H   H   H   H   H   H
  4    H   H   H   H   H   H   H   H   H   H
  5    H   H   H   H   H   H   H   H   H   H
  6    H   H   H   H   H   H   H   H   H   H
  7    H   H   H   H   H   H   H   H   H   H
  8    H   H   H   H   H   H   H   H   H   H
  9    H   H   H   H   H   H   H   H   H   H
 10    H   H   H   H   H   H   H   H   H   H
  A    H   H   H   H   H   H   H   H   H   H

BlackJack
       2   3   4   5   6   7   8   9  10   A
 21    S   S   S   S   S   S   S   S   S   S

========== Count: 1 ==========

Hard
       2   3   4   5   6   7   8   9  10   A
  4    S   H   H   H   S   H  Dh  Dh   S   H
  5    H   H   H   H   H   H   H   H   H   H
  6    H   H   H   H   H   H   H   H   H   H
  7    H   H   H   H   H   H   H   H   H   H
  8    H   H   H   H   H   H   H   H   H   H
  9    H  Dh  Dh  Dh  Dh   H   H   H   H   H
 10   Dh  Dh  Dh  Dh  Dh  Dh  Dh  Dh   H   H
 11   Dh  Dh  Dh  Dh  Dh  Dh  Dh  Dh  Dh  Dh
 12    H   H   S   S   S   H   H   H   H   H
 13    S   S   S   S   S   H   H   H   H   H
 14    S   S   S   S   S   H   H   H   H   H
 15    S   S   S   S   S   H   H   H   H   H
 16    S   S   S   S   S   H   H   H   S   H
 17    S   S   S   S   S   S   S   S   S   S
 18    S   S   S   S   S   S   S   S   S   S
 19    S   S   S   S   S   S   S   S   S   S
 20    S   S   S   S   S   S   S   S   S   S
 21    S   S   S   S   S   S   S   S   S   S

Soft
       2   3   4   5   6   7   8   9  10   A
 12    S   S   S   S   S   S   S   S   S   S
 13    H   H   H   H  Dh   H   H   H   H   H
 14    H   H  Dh  Dh  Dh   H   H   H   H   H
 15    H   H  Dh  Dh  Dh   H   H   H   H   H
 16    H   H  Dh  Dh  Dh   H   H   H   H   H
 17    H  Dh  Dh  Dh  Dh   H   H   H   H   H
 18   Ds  Ds  Ds  Ds  Ds   S   S   H   H   H
 19    S   S   S  Ds  Ds   S   S   S   S   S
 20    S   S   S   S   S   S   S   S   S   S
 21    S   S   S   S   S   S   S   S   S   S

Pair
       2   3   4   5   6   7   8   9  10   A
  2    P   P   P   P   P   P   H   H   H   H
  3    P   P   P   P   P   P   H   H   H   H
  4    H   H   H   P   P   H   H   H   H   H
  5   Dh  Dh  Dh  Dh  Dh  Dh  Dh  Dh   H   H
  6    P   P   P   P   P   P   H   H   H   H
  7    P   P   P   P   P   P   P   H   H   H
  8    P   P   P   P   P   P   P   P   P   P
  9    P   P   P   P   P   S   P   P   S   S
 10    S   S   S   S   S   S   S   S   S   S
 11    P   P   P   P   P   P   P   P   P   P

One card
       2   3   4   5   6   7   8   9  10   A
  2    H   H   H   H   H   H   H   H   H   H
  3    H   H   H   H   H   H   H   H   H   H
  4    H   H   H   H   H   H   H   H   H   H
  5    H   H   H   H   H   H   H   H   H   H
  6    H   H   H   H   H   H   H   H   H   H
  7    H   H   H   H   H   H   H   H   H   H
  8    H   H   H   H   H   H   H   H   H   H
  9    H   H   H   H   H   H   H   H   H   H
 10    H   H   H   H   H   H   H   H   H   H
  A    H   H   H   H   H   H   H   H   H   H

BlackJack
       2   3   4   5   6   7   8   9  10   A
 21    S   S   S   S   S   S   S   S   S   S

========== Count: 2 ==========

Hard
       2   3   4   5   6   7   8   9  10   A
  4    H   H   H  Dh   H   H   H   S   H   H
  5    H   H   H   H   H   H   H   H   H   H
  6    H   H   H   H   H   H   H   H   H   H
  7    H   H   H   H   H   H   H   H   H   H
  8    H   H   H   H   H   H   H   H   H   H
  9    H  Dh  Dh  Dh  Dh   H   H   H   H   H
 10   Dh  Dh  Dh  Dh  Dh  Dh  Dh  Dh   H   H
 11   Dh  Dh  Dh  Dh  Dh  Dh  Dh  Dh  Dh  Dh
 12    H   H   S   S   S   H   H   H   H   H
 13    S   S   S   S   S   H   H   H   H   H
 14    S   S   S   S   S   H   H   H   H   H
 15    S   S   S   S   S   H   H   H   H   H
 16    S   S   S   S   S   H   H   H   S   H
 17    S   S   S   S   S   S   S   S   S   S
 18    S   S   S   S   S   S   S   S   S   S
 19    S   S   S   S   S   S   S   S   S   S
 20    S   S   S   S   S   S   S   S   S   S
 21    S   S   S   S   S   S   S   S   S   S

Soft
       2   3   4   5   6   7   8   9  10   A
 12    S   S   S   S   S   S   S   S   S   S
 13    H   H  Dh  Dh  Dh   H   H   H   H   H
 14    H   H  Dh  Dh  Dh   H   H   H   H   H
 15    H   H  Dh  Dh  Dh   H   H   H   H   H
 16    H   H  Dh  Dh  Dh   H   H   H   H   H
 17    H  Dh  Dh  Dh  Dh   H   H   H   H   H
 18    S  Ds  Ds  Ds  Ds   S   S   H   H   H
 19    S   S   S  Ds  Ds   S   S   S   S   S
 20    S   S   S   S   S   S   S   S   S   S
 21    S   S   S   S   S   S   S   S   S   S

Pair
       2   3   4   5   6   7   8   9  10   A
  2    P   P   P   P   P   P   H   H   H   H
  3    P   P   P   P   P   P   H   H   H   H
  4    H   H   H   P   P   H   H   H   H   H
  5   Dh  Dh  Dh  Dh  Dh  Dh  Dh  Dh   H  Dh
  6    P   P   P   P   P   P   H   H   H   H
  7    P   P   P   P   P   P   P   H   H   H
  8    P   P   P   P   P   P   P   P   P   P
  9    P   P   P   P   P   S   P   P   S   S
 10    S   S   S   S   S   S   S   S   S   S
 11    P   P   P   P   P   P   P   P   P   P

One card
       2   3   4   5   6   7   8   9  10   A
  2    H   H   H   H   H   H   H   H   H   H
  3    H   H   H   H   H   H   H   H   H   H
  4    H   H   H   H   H   H   H   H   H   H
  5    H   H   H   H   H   H   H   H   H   H
  6    H   H   H   H   H   H   H   H   H   H
  7    H   H   H   H   H   H   H   H   H   H
  8    H   H   H   H   H   H   H   H   H   H
  9    H   H   H   H   H   H   H   H   H   H
 10    H   H   H   H   H   H   H   H   H   H
  A    H   H   H   H   H   H   H   H   H   H

BlackJack
       2   3   4   5   6   7   8   9  10   A
 21    S   S   S   S   S   S   S   S   S   S

========== Count: 3 ==========

Hard
       2   3   4   5   6   7   8   9  10   A
  4    H   H   H   H   H   H   S   H   H   H
  5    H   H   H   H   H   H   H   H   H   H
  6    H   H   H   H   H   H   H   H   H   H
  7    H   H   H   H   H   H   H   H   H   H
  8    H   H   H   H   H   H   H   H   H   H
  9   Dh  Dh  Dh  Dh  Dh   H   H   H   H   H
 10   Dh  Dh  Dh  Dh  Dh  Dh  Dh  Dh   H  Dh
 11   Dh  Dh  Dh  Dh  Dh  Dh  Dh  Dh  Dh  Dh
 12    H   S   S   S   S   H   H   H   H   H
 13    S   S   S   S   S   H   H   H   H   H
 14    S   S   S   S   S   H   H   H   H   H
 15    S   S   S   S   S   H   H   H   H   H
 16    S   S   S   S   S   H   H   H   S   S
 17    S   S   S   S   S   S   S   S   S   S
 18    S   S   S   S   S   S   S   S   S   S
 19    S   S   S   S   S   S   S   S   S   S
 20    S   S   S   S   S   S   S   S   S   S
 21    S   S   S   S   S   S   S   S   S   S

Soft
       2   3   4   5   6   7   8   9  10   A
 12    S   S   S   S   S   S   S   S   S   S
 13    H   H   H  Dh  Dh   H   H   H   H   H
 14    H   H   H  Dh  Dh   H   H   H   H   H
 15    H   H  Dh  Dh  Dh   H   H   H   H   H
 16    H   H  Dh  Dh  Dh   H   H   H   H   H
 17    H  Dh  Dh  Dh  Dh   H   H   H   H   H
 18   Ds  Ds  Ds  Ds  Ds   S   S   H   H   H
 19    S   S  Ds  Ds  Ds   S   S   S   S   S
 20    S   S   S   S   S   S   S   S   S   S
 21    S   S   S   S   S   S   S   S   S   S

Pair
       2   3   4   5   6   7   8   9  10   A
  2    P   P   P   P   P   P   H   H   H   H
  3    P   P   P   P   P   P   H   H   H   H
  4    H   H   P   P   P   H   H   H   H   H
  5   Dh  Dh  Dh  Dh  Dh  Dh  Dh  Dh  Dh  Dh
  6    P   P   P   P   P   P   H   H   H   H
  7    P   P   P   P   P   P   P   H   H   H
  8    P   P   P   P   P   P   P   P   P   P
  9    P   P   P   P   P   P   P   P   S   P
 10    S   S   S   S   S   S   S   S   S   S
 11    P   P   P   P   P   P   P   P   P   P

One card
       2   3   4   5   6   7   8   9  10   A
  2    H   H   H   H   H   H   H   H   H   H
  3    H   H   H   H   H   H   H   H   H   H
  4    H   H   H   H   H   H   H   H   H   H
  5    H   H   H   H   H   H   H   H   H   H
  6    H   H   H   H   H   H   H   H   H   H
  7    H   H   H   H   H   H   H   H   H   H
  8    H   H   H   H   H   H   H   H   H   H
  9    H   H   H   H   H   H   H   H   H   H
 10    H   H   H   H   H   H   H   H   H   H
  A    H   H   H   H   H   H   H   H   H   H

BlackJack
       2   3   4   5   6   7   8   9  10   A
 21    S   S   S   S   S   S   S   S   S   S

========== Count: 4 ==========

Hard
       2   3   4   5   6   7   8   9  10   A
  4    S   H   H   H   S   H   H   S   H   H
  5    H   H   H   H   H   H   H   H   H   H
  6    H   H   H   H   H   H   H   H   H   H
  7    H   H   H   H   H   H   H   H   H   H
  8    H   H   H  Dh  Dh   H   H   H   H   H
  9    H  Dh  Dh  Dh  Dh   H   H   H   H   H
 10   Dh  Dh  Dh  Dh  Dh  Dh  Dh  Dh  Dh  Dh
 11   Dh  Dh  Dh  Dh  Dh  Dh  Dh  Dh  Dh  Dh
 12    H   S   S   S   S   H   H   H   H   H
 13    S   S   S   S   S   H   H   H   H   H
 14    S   S   S   S   S   H   H   H   H   H
 15    S   S   S   S   S   H   H   H   S   H
 16    S   S   S   S   S   H   H   S   S   S
 17    S   S   S   S   S   S   S   S   S   S
 18    S   S   S   S   S   S   S   S   S   S
 19    S   S   S   S   S   S   S   S   S   S
 20    S   S   S   S   S   S   S   S   S   S
 21    S   S   S   S   S   S   S   S   S   S

Soft
       2   3   4   5   6   7   8   9  10   A
 12    S   S   S   S   S   S   S   S   S   S
 13    H   H  Dh  Dh  Dh   H   H   H   H   H
 14    H   H  Dh  Dh  Dh   H   H   H   H   H
 15    H   H  Dh  Dh  Dh   H   H   H   H   H
 16    H  Dh  Dh  Dh  Dh   H   H   H   H   H
 17   Dh  Dh  Dh  Dh  Dh   H   H   H   H   H
 18   Ds  Ds  Ds  Ds  Ds   S   S   H   H   H
 19    S  Ds  Ds  Ds  Ds   S   S   S   S   S
 20    S   S   S   S  Ds   S   S   S   S   S
 21    S   S   S   S   S   S   S   S   S   S

Pair
       2   3   4   5   6   7   8   9  10   A
  2    P   P   P   P   P   P   H   H   H   H
  3    P   P   P   P   P   P   H   H   H   H
  4    H   H   P   P   P   H   H   H   H   H
  5   Dh  Dh  Dh  Dh  Dh  Dh  Dh  Dh  Dh  Dh
  6    P   P   P   P   P   P   H   H   H   H
  7    P   P   P   P   P   P   P   H   S   H
  8    P   P   P   P   P   P   P   P   P   P
  9    P   P   P   P   P   P   P   P   S   P
 10    S   S   S   P   P   S   S   S   S   S
 11    P   P   P   P   P   P   P   P   P   P

One card
       2   3   4   5   6   7   8   9  10   A
  2    H   H   H   H   H   H   H   H   H   H
  3    H   H   H   H   H   H   H   H   H   H
  4    H   H   H   H   H   H   H   H   H   H
  5    H   H   H   H   H   H   H   H   H   H
  6    H   H   H   H   H   H   H   H   H   H
  7    H   H   H   H   H   H   H   H   H   H
  8    H   H   H   H   H   H   H   H   H   H
  9    H   H   H   H   H   H   H   H   H   H
 10    H   H   H   H   H   H   H   H   H   H
  A    H   H   H   H   H   H   H   H   H   H

BlackJack
       2   3   4   5   6   7   8   9  10   A
 21    S   S   S   S   S   S   S   S   S   S

========== Count: 5 ==========

Hard
       2   3   4   5   6   7   8   9  10   A
  4   Ds   H   S   H  Dh   H   H  Dh   S   H
  5    H   H   H   H   H   H   H   H   H   H
  6    H   H   H   H   H   H   H   H   H   H
  7    H   H   H   H   H   H   H   H   H   H
  8    H   H  Dh  Dh  Dh   H   H   H   H   H
  9   Dh  Dh  Dh  Dh  Dh  Dh   H   H   H   H
 10   Dh  Dh  Dh  Dh  Dh  Dh  Dh  Dh  Dh  Dh
 11   Dh  Dh  Dh  Dh  Dh  Dh  Dh  Dh  Dh  Dh
 12    S   S   S   S   S   H   H   H   H   H
 13    S   S   S   S   S   H   H   H   H   H
 14    S   S   S   S   S   H   H   H   H   S
 15    S   S   S   S   S   H   H   H   S   S
 16    S   S   S   S   S   H   H   S   S   S
 17    S   S   S   S   S   S   S   S   S   S
 18    S   S   S   S   S   S   S   S   S   S
 19    S   S   S   S   S   S   S   S   S   S
 20    S   S   S   S   S   S   S   S   S   S
 21    S   S   S   S   S   S   S   S   S   S

Soft
       2   3   4   5   6   7   8   9  10   A
 12    S   S   S   S   S   S   S   S   S   S
 13    H  Dh  Dh  Dh  Dh   H   H   H   H   H
 14    H   H  Dh  Dh  Dh   H   H   H   H   H
 15    H  Dh  Dh  Dh  Dh   H   H   H   H   H
 16    H  Dh  Dh  Dh  Dh   H   H   H   H   H
 17   Dh  Dh  Dh  Dh  Dh   H   H   H   H   H
 18   Ds  Ds  Ds  Ds  Ds   S   S   H   H   H
 19    S  Ds  Ds  Ds  Ds   S   S   S   S   S
 20    S   S  Ds  Ds  Ds   S   S   S   S   S
 21    S   S   S  Ds  Ds   S   S   S   S   S

Pair
       2   3   4   5   6   7   8   9  10   A
  2    P   P   P   P   P   P   P   H   H   H
  3    P   P   P   P   P   P   H   H   H   H
  4    H   H   P   P   P   H   H   H   H   H
  5   Dh  Dh  Dh  Dh  Dh  Dh  Dh  Dh  Dh  Dh
  6    P   P   P   P   P   H   H   H   H   H
  7    P   P   P   P   P   P   P   H   S   S
  8    P   P   P   P   P   P   P   P   P   P
  9    P   P   P   P   P   P   P   P   S   P
 10    S   S   P   P   P   S   S   S   S   S
 11    P   P   P   P   P   P   P   P   P   P

One card
       2   3   4   5   6   7   8   9  10   A
  2    H   H   H   H   H   H   H   H   H   H
  3    H   H   H   H   H   H   H   H   H   H
  4    H   H   H   H   H   H   H   H   H   H
  5    H   H   H   H   H   H   H   H   H   H
  6    H   H   H   H   H   H   H   H   H   H
  7    H   H   H   H   H   H   H   H   H   H
  8    H   H   H   H   H   H   H   H   H   H
  9    H   H   H   H   H   H   H   H   H   H
 10    H   H   H   H   H   H   H   H   H   H
  A    H   H   H   H   H   H   H   H   H   H

BlackJack
       2   3   4   5   6   7   8   9  10   A
 21    S   S   S   S   S   S   S   S   S   S
========================

--- W2 ---
Recorded rounds: 5000000000  speed: 9761743 hands/sec
Count table:
  Card      Original      Used          
  --------------------------------------
  2         0.7044        0.7044        
  3         0.8633        0.8633        
  4         1.2013        1.2013        
  5         1.4539        1.4539        
  6         0.8484        0.8484        
  7         0.4750        0.4750        
  8         -0.0659       -0.0659       
  9         -0.3705       -0.3705       
  10        -0.9996       -1.0000       
  J         -1.0016       -1.0000       
  Q         -0.9982       -1.0000       
  K         -1.0006       -1.0000       
  A         -1.1099       -1.1099       
  Bias      -0.004566   
  Bet>0 TC  1.198691    
  Factor    0.003809    

Spread 1:10 evaluation edge (5000000000 rounds): 0.058546  std(X): 6.696658  E[X^2]: 44.848657
Optimal Kelly multiplier:    1.250000  fitted-signal target: 1.000000
Optimal Kelly growth/round:  1.000081  stddev: 0.000014
Sanity checks:
  Sum(weights): -0.000000  (PASS, expected near 0)
  10-value consistency: mean=-1.000000  max_dev=0.001813  rel=0.181254%  (PASS)
  Bias vs flat edge: bias=-0.004566  flat_edge=-0.001814  diff=0.002751  rel_to_0.5%=55.026190%
  Bias constraint: fixed to P0 flat edge
EV-count graph:         41 points  res=0.250000  speed: 9174817 hands/sec
Count histogram:        total=407421852  symmetry_rel_diff=3.8649%  (PASS, expected roughly symmetric)
P2 sample rounds=100000000  speed=5211319 hands/sec  avg|ΔQ|=0.379490  threshold=0.005000
P2 sample rounds=200000000  speed=5084013 hands/sec  avg|ΔQ|=0.039296  threshold=0.005000
P2 sample rounds=300000000  speed=5012615 hands/sec  avg|ΔQ|=0.026175  threshold=0.005000
P2 sample rounds=400000000  speed=4937967 hands/sec  avg|ΔQ|=0.022052  threshold=0.005000
P2 sample rounds=500000000  speed=4884625 hands/sec  avg|ΔQ|=0.020183  threshold=0.005000
P2 sample rounds=600000000  speed=4838671 hands/sec  avg|ΔQ|=0.018875  threshold=0.005000
P2 sample rounds=700000000  speed=4795802 hands/sec  avg|ΔQ|=0.017411  threshold=0.005000
P2 sample rounds=800000000  speed=4756129 hands/sec  avg|ΔQ|=0.016331  threshold=0.005000
P2 sample rounds=900000000  speed=4723666 hands/sec  avg|ΔQ|=0.015589  threshold=0.005000
P2 sample rounds=1000000000  speed=4690014 hands/sec  avg|ΔQ|=0.015027  threshold=0.005000
P2 sample rounds=1100000000  speed=4666257 hands/sec  avg|ΔQ|=0.014289  threshold=0.005000
P2 sample rounds=1200000000  speed=4641305 hands/sec  avg|ΔQ|=0.013833  threshold=0.005000
P2 sample rounds=1300000000  speed=4619266 hands/sec  avg|ΔQ|=0.013152  threshold=0.005000
P2 sample rounds=1400000000  speed=4599302 hands/sec  avg|ΔQ|=0.012803  threshold=0.005000
P2 sample rounds=1500000000  speed=4580544 hands/sec  avg|ΔQ|=0.012120  threshold=0.005000
P2 sample rounds=1600000000  speed=4562863 hands/sec  avg|ΔQ|=0.011774  threshold=0.005000
P2 sample rounds=1700000000  speed=4546768 hands/sec  avg|ΔQ|=0.011099  threshold=0.005000
P2 sample rounds=1800000000  speed=4531654 hands/sec  avg|ΔQ|=0.010835  threshold=0.005000
P2 sample rounds=1900000000  speed=4514426 hands/sec  avg|ΔQ|=0.010537  threshold=0.005000
P2 sample rounds=2000000000  speed=4501352 hands/sec  avg|ΔQ|=0.010176  threshold=0.005000
P2 sample rounds=2100000000  speed=4488839 hands/sec  avg|ΔQ|=0.009826  threshold=0.005000
P2 sample rounds=2200000000  speed=4475675 hands/sec  avg|ΔQ|=0.009644  threshold=0.005000
P2 sample rounds=2300000000  speed=4464260 hands/sec  avg|ΔQ|=0.009395  threshold=0.005000
P2 sample rounds=2400000000  speed=4452756 hands/sec  avg|ΔQ|=0.009272  threshold=0.005000
P2 sample rounds=2500000000  speed=4441586 hands/sec  avg|ΔQ|=0.008794  threshold=0.005000
P2 sample rounds=2600000000  speed=4432171 hands/sec  avg|ΔQ|=0.008703  threshold=0.005000
P2 sample rounds=2700000000  speed=4422633 hands/sec  avg|ΔQ|=0.008350  threshold=0.005000
P2 sample rounds=2800000000  speed=4413063 hands/sec  avg|ΔQ|=0.008145  threshold=0.005000
P2 sample rounds=2900000000  speed=4403614 hands/sec  avg|ΔQ|=0.008023  threshold=0.005000
P2 sample rounds=3000000000  speed=4394729 hands/sec  avg|ΔQ|=0.007731  threshold=0.005000
P2 sample rounds=3100000000  speed=4386232 hands/sec  avg|ΔQ|=0.007606  threshold=0.005000
P2 sample rounds=3200000000  speed=4378697 hands/sec  avg|ΔQ|=0.007373  threshold=0.005000
P2 sample rounds=3300000000  speed=4371440 hands/sec  avg|ΔQ|=0.007305  threshold=0.005000
P2 sample rounds=3400000000  speed=4363354 hands/sec  avg|ΔQ|=0.007040  threshold=0.005000
P2 sample rounds=3500000000  speed=4356496 hands/sec  avg|ΔQ|=0.006980  threshold=0.005000
P2 sample rounds=3600000000  speed=4349765 hands/sec  avg|ΔQ|=0.006779  threshold=0.005000
P2 sample rounds=3700000000  speed=4343437 hands/sec  avg|ΔQ|=0.006757  threshold=0.005000
P2 sample rounds=3800000000  speed=4336137 hands/sec  avg|ΔQ|=0.006575  threshold=0.005000
P2 sample rounds=3900000000  speed=4330350 hands/sec  avg|ΔQ|=0.006411  threshold=0.005000
P2 sample rounds=4000000000  speed=4323394 hands/sec  avg|ΔQ|=0.006342  threshold=0.005000
P2 sample rounds=4100000000  speed=4317585 hands/sec  avg|ΔQ|=0.006203  threshold=0.005000
P2 sample rounds=4200000000  speed=4311991 hands/sec  avg|ΔQ|=0.006070  threshold=0.005000
P2 sample rounds=4300000000  speed=4305515 hands/sec  avg|ΔQ|=0.005997  threshold=0.005000
P2 sample rounds=4400000000  speed=4299613 hands/sec  avg|ΔQ|=0.005809  threshold=0.005000
P2 sample rounds=4500000000  speed=4293897 hands/sec  avg|ΔQ|=0.005708  threshold=0.005000
P2 sample rounds=4600000000  speed=4289208 hands/sec  avg|ΔQ|=0.005615  threshold=0.005000
P2 sample rounds=4700000000  speed=4284521 hands/sec  avg|ΔQ|=0.005470  threshold=0.005000
P2 sample rounds=4800000000  speed=4279933 hands/sec  avg|ΔQ|=0.005503  threshold=0.005000
P2 sample rounds=4900000000  speed=4275346 hands/sec  avg|ΔQ|=0.005354  threshold=0.005000
P2 sample rounds=5000000000  speed=4270223 hands/sec  avg|ΔQ|=0.005233  threshold=0.005000
P2 sample rounds=5100000000  speed=4265744 hands/sec  avg|ΔQ|=0.005136  threshold=0.005000
P2 sample rounds=5200000000  speed=4260626 hands/sec  avg|ΔQ|=0.005121  threshold=0.005000
P2 sample rounds=5300000000  speed=4255828 hands/sec  avg|ΔQ|=0.004990  threshold=0.005000

--- P2 ---
Training rounds: 5300000000
Training speed: 4255828 hands/sec
Training flat edge:   -0.160419
Evaluation flat edge (5000000000 rounds): -0.001909  std(X): 1.160499  E[X^2]: 1.346762
Spread 1:10 evaluation edge (5000000000 rounds): 0.058658  std(X): 6.691349  E[X^2]: 44.777592
Kelly growth per round:      1.000081  stddev: 0.000011

=== P2 Strategy ===

========== Count: -5 ==========

Hard
       2   3   4   5   6   7   8   9  10   A
  4    S   S   H  Ds   H   H   S   H   S   H
  5    H   H   H   H   H   H   H   H   H   H
  6    H   H   H   H   H   H   H   H   H   H
  7    H   H   H   H   H   H   H   H   H   H
  8    H   H   H   H   H   H   H   H   H   H
  9    H   H   H   H   H   H   H   H   H   H
 10   Dh  Dh  Dh  Dh  Dh   H   H   H   H   H
 11   Dh  Dh  Dh  Dh  Dh  Dh  Dh   H   H   H
 12    H   H   H   H   H   H   H   H   H   H
 13    H   H   H   H   H   H   H   H   H   H
 14    H   H   H   H   S   H   H   H   H   H
 15    H   H   S   S   S   H   H   H   H   H
 16    S   S   S   S   S   H   H   H   H   H
 17    S   S   S   S   S   S   S   S   S   H
 18    S   S   S   S   S   S   S   S   S   S
 19    S   S   S   S   S   S   S   S   S   S
 20    S   S   S   S   S   S   S   S   S   S
 21    S   S   S   S   S   S   S   S   S   S

Soft
       2   3   4   5   6   7   8   9  10   A
 12    S   S   S   S   S   S   S   S   S   S
 13    H   H   H   H   H   H   H   H   H   H
 14    H   H   H   H   H   H   H   H   H   H
 15    H   H   H   H  Dh   H   H   H   H   H
 16    H   H   H   H  Dh   H   H   H   H   H
 17    H  Dh   H  Dh  Dh   H   H   H   H   H
 18    S   S  Ds  Ds  Ds   S   S   H   H   H
 19    S   S   S   S   S   S   S   S   S   S
 20    S   S   S   S   S   S   S   S   S   S
 21    S   S   S   S   S   S   S   S   S   S

Pair
       2   3   4   5   6   7   8   9  10   A
  2    H   H   P   P   P   P   H   H   H   H
  3    H   P   P   P   P   P   H   H   H   H
  4    H   H   H   H   H   H   H   H   H   H
  5   Dh  Dh  Dh  Dh  Dh   H   H   H   H   H
  6    H   H   P   P   P   P   H   H   H   H
  7    P   P   P   P   P   P   H   H   H   H
  8    P   P   P   P   P   P   P   P   P   H
  9    S   S   S   P   P   S   P   P   S   S
 10    S   S   S   S   S   S   S   S   S   S
 11    P   P   P   P   P   P   P   P   P   H

One card
       2   3   4   5   6   7   8   9  10   A
  2    H   H   H   H   H   H   H   H   H   H
  3    H   H   H   H   H   H   H   H   H   H
  4    H   H   H   H   H   H   H   H   H   H
  5    H   H   H   H   H   H   H   H   H   H
  6    H   H   H   H   H   H   H   H   H   H
  7    H   H   H   H   H   H   H   H   H   H
  8    H   H   H   H   H   H   H   H   H   H
  9    H   H   H   H   H   H   H   H   H   H
 10    H   H   H   H   H   H   H   H   H   H
  A    H   H   H   H   H   H   H   H   H   H

BlackJack
       2   3   4   5   6   7   8   9  10   A
 21    S   S   S   S   S   S   S   S   S   S

========== Count: -4 ==========

Hard
       2   3   4   5   6   7   8   9  10   A
  4    -   S  Dh   H   S   H  Ds   -   S   S
  5    H   H   H   H   H   H   H   H   H   H
  6    H   H   H   H   H   H   H   H   H   H
  7    H   H   H   H   H   H   H   H   H   H
  8    H   H   H   H   H   H   H   H   H   H
  9    H   H   H  Dh  Dh   H   H   H   H   H
 10   Dh  Dh  Dh  Dh  Dh  Dh   H   H   H   H
 11   Dh  Dh  Dh  Dh  Dh  Dh  Dh  Dh  Dh   H
 12    H   H   H   H   S   H   H   H   H   H
 13    H   H   H   S   S   H   H   H   H   H
 14    H   S   S   S   S   H   H   H   H   H
 15    S   S   S   S   S   H   H   H   H   H
 16    S   S   S   S   S   H   H   H   H   H
 17    S   S   S   S   S   S   S   S   S   S
 18    S   S   S   S   S   S   S   S   S   S
 19    S   S   S   S   S   S   S   S   S   S
 20    S   S   S   S   S   S   S   S   S   S
 21    S   S   S   S   S   S   S   S   S   S

Soft
       2   3   4   5   6   7   8   9  10   A
 12    S   S   S   S   S   S   S   S   S   S
 13    H   H   H   H   H   H   H   H   H   H
 14    H   H   H  Dh  Dh   H   H   H   H   H
 15    H   H   H  Dh  Dh   H   H   H   H   H
 16    H   H   H  Dh  Dh   H   H   H   H   H
 17    H   H  Dh  Dh  Dh   H   H   H   H   H
 18    S   S  Ds   S  Ds   S   S   H   H   H
 19    S   S   S   S   S   S   S   S   S   S
 20    S   S   S   S   S   S   S   S   S   S
 21    S   S   S   S   S   S   S   S   S   S

Pair
       2   3   4   5   6   7   8   9  10   A
  2    H   P   P   P   P   P   H   H   H   H
  3    P   P   P   P   P   P   H   H   H   H
  4    H   H   H   H   P   H   H   H   H   H
  5   Dh  Dh  Dh  Dh  Dh  Dh  Dh  Dh   H   H
  6    P   P   P   P   P   P   H   H   H   H
  7    P   P   P   P   P   P   P   H   H   H
  8    P   P   P   P   P   P   P   P   P   H
  9    S   P   P   P   P   S   P   P   S   S
 10    S   S   S   S   S   S   S   S   S   S
 11    P   P   P   P   P   P   P   P   P   P

One card
       2   3   4   5   6   7   8   9  10   A
  2    H   H   H   H   H   H   H   H   H   H
  3    H   H   H   H   H   H   H   H   H   H
  4    H   H   H   H   H   H   H   H   H   H
  5    H   H   H   H   H   H   H   H   H   H
  6    H   H   H   H   H   H   H   H   H   H
  7    H   H   H   H   H   H   H   H   H   H
  8    H   H   H   H   H   H   H   H   H   H
  9    H   H   H   H   H   H   H   H   H   H
 10    H   H   H   H   H   H   H   H   H   H
  A    H   H   H   H   H   H   H   H   H   H

BlackJack
       2   3   4   5   6   7   8   9  10   A
 21    S   S   S   S   S   S   S   S   S   S

========== Count: -3 ==========

Hard
       2   3   4   5   6   7   8   9  10   A
  4    S  Dh   S  Dh   -   S   S   -  Ds   H
  5    H   H   H   H   H   H   H   H   H   H
  6    H   H   H   H   H   H   H   H   H   H
  7    H   H   H   H   H   H   H   H   H   H
  8    H   H   H   H   H   H   H   H   H   H
  9    H   H   H  Dh  Dh   H   H   H   H   H
 10   Dh  Dh  Dh  Dh  Dh  Dh  Dh   H   H   H
 11   Dh  Dh  Dh  Dh  Dh  Dh  Dh  Dh  Dh   H
 12    H   H   H   H   S   H   H   H   H   H
 13    H   H   S   S   S   H   H   H   H   H
 14    S   S   S   S   S   H   H   H   H   H
 15    S   S   S   S   S   H   H   H   H   H
 16    S   S   S   S   S   H   H   H   H   H
 17    S   S   S   S   S   S   S   S   S   S
 18    S   S   S   S   S   S   S   S   S   S
 19    S   S   S   S   S   S   S   S   S   S
 20    S   S   S   S   S   S   S   S   S   S
 21    S   S   S   S   S   S   S   S   S   S

Soft
       2   3   4   5   6   7   8   9  10   A
 12    S   S   S   S   S   S   S   S   S   S
 13    H   H   H   H  Dh   H   H   H   H   H
 14    H   H   H   H  Dh   H   H   H   H   H
 15    H   H  Dh   H  Dh   H   H   H   H   H
 16    H   H   H  Dh  Dh   H   H   H   H   H
 17    H  Dh  Dh  Dh  Dh   H   H   H   H   H
 18    S   S  Ds  Ds  Ds   S   S   H   H   H
 19    S   S   S   S   S   S   S   S   S   S
 20    S   S   S   S   S   S   S   S   S   S
 21    S   S   S   S   S   S   S   S   S   S

Pair
       2   3   4   5   6   7   8   9  10   A
  2    P   P   P   P   P   P   H   H   H   H
  3    P   P   P   P   P   P   H   H   H   H
  4    H   H   H   H   P   H   H   H   H   H
  5   Dh  Dh  Dh  Dh  Dh  Dh  Dh   H   H   H
  6    H   P   P   P   P   P   H   H   H   H
  7    P   P   P   P   P   P   H   H   H   H
  8    P   P   P   P   P   P   P   P   P   H
  9    P   P   P   P   P   S   P   P   S   S
 10    S   S   S   S   S   S   S   S   S   S
 11    P   P   P   P   P   P   P   P   P   P

One card
       2   3   4   5   6   7   8   9  10   A
  2    H   H   H   H   H   H   H   H   H   H
  3    H   H   H   H   H   H   H   H   H   H
  4    H   H   H   H   H   H   H   H   H   H
  5    H   H   H   H   H   H   H   H   H   H
  6    H   H   H   H   H   H   H   H   H   H
  7    H   H   H   H   H   H   H   H   H   H
  8    H   H   H   H   H   H   H   H   H   H
  9    H   H   H   H   H   H   H   H   H   H
 10    H   H   H   H   H   H   H   H   H   H
  A    H   H   H   H   H   H   H   H   H   H

BlackJack
       2   3   4   5   6   7   8   9  10   A
 21    S   S   S   S   S   S   S   S   S   S

========== Count: -2 ==========

Hard
       2   3   4   5   6   7   8   9  10   A
  4   Dh   H  Dh   H   H   H   H   H   H   H
  5    H   H   H   H   H   H   H   H   H   H
  6    H   H   H   H   H   H   H   H   H   H
  7    H   H   H   H   H   H   H   H   H   H
  8    H   H   H   H   H   H   H   H   H   H
  9    H   H  Dh  Dh  Dh   H   H   H   H   H
 10   Dh  Dh  Dh  Dh  Dh  Dh  Dh   H   H   H
 11   Dh  Dh  Dh  Dh  Dh  Dh  Dh  Dh  Dh   H
 12    H   H   H   H   S   H   H   H   H   H
 13    H   H   S   S   S   H   H   H   H   H
 14    S   S   S   S   S   H   H   H   H   H
 15    S   S   S   S   S   H   H   H   H   H
 16    S   S   S   S   S   H   H   H   H   H
 17    S   S   S   S   S   S   S   S   S   S
 18    S   S   S   S   S   S   S   S   S   S
 19    S   S   S   S   S   S   S   S   S   S
 20    S   S   S   S   S   S   S   S   S   S
 21    S   S   S   S   S   S   S   S   S   S

Soft
       2   3   4   5   6   7   8   9  10   A
 12    S   S   S   S   S   S   S   S   S   S
 13    H   H   H   H  Dh   H   H   H   H   H
 14    H   H   H   H  Dh   H   H   H   H   H
 15    H   H   H  Dh  Dh   H   H   H   H   H
 16    H   H   H  Dh  Dh   H   H   H   H   H
 17    H  Dh  Dh  Dh  Dh   H   H   H   H   H
 18    S   S  Ds  Ds  Ds   S   S   H   H   H
 19    S   S   S   S   S   S   S   S   S   S
 20    S   S   S   S   S   S   S   S   S   S
 21    S   S   S   S   S   S   S   S   S   S

Pair
       2   3   4   5   6   7   8   9  10   A
  2    P   P   P   P   P   P   H   H   H   H
  3    P   P   P   P   P   P   H   H   H   H
  4    H   H   H   P   P   H   H   H   H   H
  5   Dh  Dh  Dh  Dh  Dh  Dh  Dh   H   H   H
  6    P   P   P   P   P   P   H   H   H   H
  7    P   P   P   P   P   P   H   H   H   H
  8    P   P   P   P   P   P   P   P   P   H
  9    P   P   P   P   P   S   P   P   S   S
 10    S   S   S   S   S   S   S   S   S   S
 11    P   P   P   P   P   P   P   P   P   P

One card
       2   3   4   5   6   7   8   9  10   A
  2    H   H   H   H   H   H   H   H   H   H
  3    H   H   H   H   H   H   H   H   H   H
  4    H   H   H   H   H   H   H   H   H   H
  5    H   H   H   H   H   H   H   H   H   H
  6    H   H   H   H   H   H   H   H   H   H
  7    H   H   H   H   H   H   H   H   H   H
  8    H   H   H   H   H   H   H   H   H   H
  9    H   H   H   H   H   H   H   H   H   H
 10    H   H   H   H   H   H   H   H   H   H
  A    H   H   H   H   H   H   H   H   H   H

BlackJack
       2   3   4   5   6   7   8   9  10   A
 21    S   S   S   S   S   S   S   S   S   S

========== Count: -1 ==========

Hard
       2   3   4   5   6   7   8   9  10   A
  4    S   S   H   H   H   H   -  Dh   H  Dh
  5    H   H   H   H   H   H   H   H   H   H
  6    H   H   H   H   H   H   H   H   H   H
  7    H   H   H   H   H   H   H   H   H   H
  8    H   H   H   H   H   H   H   H   H   H
  9    H   H  Dh  Dh  Dh   H   H   H   H   H
 10   Dh  Dh  Dh  Dh  Dh  Dh  Dh   H   H   H
 11   Dh  Dh  Dh  Dh  Dh  Dh  Dh  Dh  Dh   H
 12    H   H   H   H   S   H   H   H   H   H
 13    H   S   S   S   S   H   H   H   H   H
 14    S   S   S   S   S   H   H   H   H   H
 15    S   S   S   S   S   H   H   H   H   H
 16    S   S   S   S   S   H   H   H   H   H
 17    S   S   S   S   S   S   S   S   S   S
 18    S   S   S   S   S   S   S   S   S   S
 19    S   S   S   S   S   S   S   S   S   S
 20    S   S   S   S   S   S   S   S   S   S
 21    S   S   S   S   S   S   S   S   S   S

Soft
       2   3   4   5   6   7   8   9  10   A
 12    S   S   S   S   S   S   S   S   S   S
 13    H   H   H   H  Dh   H   H   H   H   H
 14    H   H   H  Dh  Dh   H   H   H   H   H
 15    H   H   H  Dh  Dh   H   H   H   H   H
 16    H   H  Dh  Dh  Dh   H   H   H   H   H
 17    H  Dh  Dh  Dh  Dh   H   H   H   H   H
 18    S  Ds  Ds  Ds  Ds   S   S   H   H   H
 19    S   S   S   S   S   S   S   S   S   S
 20    S   S   S   S   S   S   S   S   S   S
 21    S   S   S   S   S   S   S   S   S   S

Pair
       2   3   4   5   6   7   8   9  10   A
  2    P   P   P   P   P   P   H   H   H   H
  3    P   P   P   P   P   P   H   H   H   H
  4    H   H   H   P   P   H   H   H   H   H
  5   Dh  Dh  Dh  Dh  Dh  Dh  Dh   H   H  Dh
  6    P   P   P   P   P   P   H   H   H   H
  7    P   P   P   P   P   P   P   H   H   H
  8    P   P   P   P   P   P   P   P   P   P
  9    P   P   P   P   P   S   P   P   S   S
 10    S   S   S   S   S   S   S   S   S   S
 11    P   P   P   P   P   P   P   P   P   P

One card
       2   3   4   5   6   7   8   9  10   A
  2    H   H   H   H   H   H   H   H   H   H
  3    H   H   H   H   H   H   H   H   H   H
  4    H   H   H   H   H   H   H   H   H   H
  5    H   H   H   H   H   H   H   H   H   H
  6    H   H   H   H   H   H   H   H   H   H
  7    H   H   H   H   H   H   H   H   H   H
  8    H   H   H   H   H   H   H   H   H   H
  9    H   H   H   H   H   H   H   H   H   H
 10    H   H   H   H   H   H   H   H   H   H
  A    H   H   H   H   H   H   H   H   H   H

BlackJack
       2   3   4   5   6   7   8   9  10   A
 21    S   S   S   S   S   S   S   S   S   S

========== Count: 0 ==========

Hard
       2   3   4   5   6   7   8   9  10   A
  4    H   H   H  Dh   S   H   S   H   H   H
  5    H   H   H   H   H   H   H   H   H   H
  6    H   H   H   H   H   H   H   H   H   H
  7    H   H   H   H   H   H   H   H   H   H
  8    H   H   H   H   H   H   H   H   H   H
  9    H  Dh  Dh  Dh  Dh   H   H   H   H   H
 10   Dh  Dh  Dh  Dh  Dh  Dh  Dh  Dh   H   H
 11   Dh  Dh  Dh  Dh  Dh  Dh  Dh  Dh  Dh  Dh
 12    H   H   H   S   S   H   H   H   H   H
 13    S   S   S   S   S   H   H   H   H   H
 14    S   S   S   S   S   H   H   H   H   H
 15    S   S   S   S   S   H   H   H   H   H
 16    S   S   S   S   S   H   H   H   H   H
 17    S   S   S   S   S   S   S   S   S   S
 18    S   S   S   S   S   S   S   S   S   S
 19    S   S   S   S   S   S   S   S   S   S
 20    S   S   S   S   S   S   S   S   S   S
 21    S   S   S   S   S   S   S   S   S   S

Soft
       2   3   4   5   6   7   8   9  10   A
 12    S   S   S   S   S   S   S   S   S   S
 13    H   H   H   H  Dh   H   H   H   H   H
 14    H   H   H  Dh  Dh   H   H   H   H   H
 15    H   H   H  Dh  Dh   H   H   H   H   H
 16    H  Dh   H  Dh  Dh   H   H   H   H   H
 17   Dh  Dh  Dh  Dh  Dh   H   H   H   H   H
 18    S  Ds  Ds  Ds  Ds   S   S   H   H   H
 19    S   S   S   S  Ds   S   S   S   S   S
 20    S   S   S   S   S   S   S   S   S   S
 21    S   S   S   S   S   S   S   S   S   S

Pair
       2   3   4   5   6   7   8   9  10   A
  2    P   P   P   P   P   P   H   H   H   H
  3    P   P   P   P   P   P   H   H   H   H
  4    H   H   H   P   P   H   H   H   H   H
  5   Dh  Dh  Dh  Dh  Dh  Dh  Dh   H   H   H
  6    P   P   P   P   P   P   H   H   H   H
  7    P   P   P   P   P   P   P   H   H   H
  8    P   P   P   P   P   P   P   P   P   P
  9    P   P   P   P   P   S   P   P   S   S
 10    S   S   S   S   S   S   S   S   S   S
 11    P   P   P   P   P   P   P   P   P   P

One card
       2   3   4   5   6   7   8   9  10   A
  2    H   H   H   H   H   H   H   H   H   H
  3    H   H   H   H   H   H   H   H   H   H
  4    H   H   H   H   H   H   H   H   H   H
  5    H   H   H   H   H   H   H   H   H   H
  6    H   H   H   H   H   H   H   H   H   H
  7    H   H   H   H   H   H   H   H   H   H
  8    H   H   H   H   H   H   H   H   H   H
  9    H   H   H   H   H   H   H   H   H   H
 10    H   H   H   H   H   H   H   H   H   H
  A    H   H   H   H   H   H   H   H   H   H

BlackJack
       2   3   4   5   6   7   8   9  10   A
 21    S   S   S   S   S   S   S   S   S   S

========== Count: 1 ==========

Hard
       2   3   4   5   6   7   8   9  10   A
  4   Dh  Dh   S   S  Dh   H  Ds   H   H   S
  5    H   H   H   H   H   H   H   H   H   H
  6    H   H   H   H   H   H   H   H   H   H
  7    H   H   H   H   H   H   H   H   H   H
  8    H   H   H   H   H   H   H   H   H   H
  9    H  Dh  Dh  Dh  Dh   H   H   H   H   H
 10   Dh  Dh  Dh  Dh  Dh  Dh  Dh  Dh   H   H
 11   Dh  Dh  Dh  Dh  Dh  Dh  Dh  Dh  Dh  Dh
 12    H   H   S   S   S   H   H   H   H   H
 13    S   S   S   S   S   H   H   H   H   H
 14    S   S   S   S   S   H   H   H   H   H
 15    S   S   S   S   S   H   H   H   H   H
 16    S   S   S   S   S   H   H   H   S   H
 17    S   S   S   S   S   S   S   S   S   S
 18    S   S   S   S   S   S   S   S   S   S
 19    S   S   S   S   S   S   S   S   S   S
 20    S   S   S   S   S   S   S   S   S   S
 21    S   S   S   S   S   S   S   S   S   S

Soft
       2   3   4   5   6   7   8   9  10   A
 12    S   S   S   S   S   S   S   S   S   S
 13    H   H   H  Dh  Dh   H   H   H   H   H
 14    H   H  Dh  Dh  Dh   H   H   H   H   H
 15    H   H  Dh  Dh  Dh   H   H   H   H   H
 16    H  Dh  Dh  Dh  Dh   H   H   H   H   H
 17    H  Dh  Dh  Dh  Dh   H   H   H   H   H
 18   Ds  Ds  Ds  Ds  Ds   S   S   H   H   H
 19    S   S   S   S  Ds   S   S   S   S   S
 20    S   S   S   S   S   S   S   S   S   S
 21    S   S   S   S   S   S   S   S   S   S

Pair
       2   3   4   5   6   7   8   9  10   A
  2    P   P   P   P   P   P   H   H   H   H
  3    P   P   P   P   P   P   H   H   H   H
  4    H   H   H   P   P   H   H   H   H   H
  5   Dh  Dh  Dh  Dh  Dh  Dh  Dh  Dh   H   H
  6    P   P   P   P   P   P   H   H   H   H
  7    P   P   P   P   P   P   P   H   H   H
  8    P   P   P   P   P   P   P   P   P   P
  9    P   P   P   P   P   S   P   P   S   S
 10    S   S   S   S   S   S   S   S   S   S
 11    P   P   P   P   P   P   P   P   P   P

One card
       2   3   4   5   6   7   8   9  10   A
  2    H   H   H   H   H   H   H   H   H   H
  3    H   H   H   H   H   H   H   H   H   H
  4    H   H   H   H   H   H   H   H   H   H
  5    H   H   H   H   H   H   H   H   H   H
  6    H   H   H   H   H   H   H   H   H   H
  7    H   H   H   H   H   H   H   H   H   H
  8    H   H   H   H   H   H   H   H   H   H
  9    H   H   H   H   H   H   H   H   H   H
 10    H   H   H   H   H   H   H   H   H   H
  A    H   H   H   H   H   H   H   H   H   H

BlackJack
       2   3   4   5   6   7   8   9  10   A
 21    S   S   S   S   S   S   S   S   S   S

========== Count: 2 ==========

Hard
       2   3   4   5   6   7   8   9  10   A
  4   Dh   S   H   H   H   H   S   S   H   H
  5    H   H   H   H   H   H   H   H   H   H
  6    H   H   H   H   H   H   H   H   H   H
  7    H   H   H   H   H   H   H   H   H   H
  8    H   H   H   H   H   H   H   H   H   H
  9   Dh  Dh  Dh  Dh  Dh   H   H   H   H   H
 10   Dh  Dh  Dh  Dh  Dh  Dh  Dh  Dh   H  Dh
 11   Dh  Dh  Dh  Dh  Dh  Dh  Dh  Dh  Dh  Dh
 12    H   S   S   S   S   H   H   H   H   H
 13    S   S   S   S   S   H   H   H   H   H
 14    S   S   S   S   S   H   H   H   H   H
 15    S   S   S   S   S   H   H   H   H   H
 16    S   S   S   S   S   H   H   H   S   H
 17    S   S   S   S   S   S   S   S   S   S
 18    S   S   S   S   S   S   S   S   S   S
 19    S   S   S   S   S   S   S   S   S   S
 20    S   S   S   S   S   S   S   S   S   S
 21    S   S   S   S   S   S   S   S   S   S

Soft
       2   3   4   5   6   7   8   9  10   A
 12    S   S   S   S   S   S   S   S   S   S
 13    H   H   H  Dh  Dh   H   H   H   H   H
 14    H   H  Dh  Dh  Dh   H   H   H   H   H
 15    H   H  Dh  Dh  Dh   H   H   H   H   H
 16    H   H  Dh  Dh  Dh   H   H   H   H   H
 17   Dh  Dh  Dh  Dh  Dh   H   H   H   H   H
 18   Ds  Ds  Ds  Ds  Ds   S   S   H   H   H
 19    S   S   S  Ds  Ds   S   S   S   S   S
 20    S   S   S   S   S   S   S   S   S   S
 21    S   S   S   S   S   S   S   S   S   S

Pair
       2   3   4   5   6   7   8   9  10   A
  2    P   P   P   P   P   P   H   H   H   H
  3    P   P   P   P   P   P   H   H   H   H
  4    H   H   P   P   P   H   H   H   H   H
  5   Dh  Dh  Dh  Dh  Dh  Dh  Dh  Dh   H   H
  6    P   P   P   P   P   P   H   H   H   H
  7    P   P   P   P   P   P   P   H   H   H
  8    P   P   P   P   P   P   P   P   P   P
  9    P   P   P   P   P   P   P   P   S   P
 10    S   S   S   S   S   S   S   S   S   S
 11    P   P   P   P   P   P   P   P   P   P

One card
       2   3   4   5   6   7   8   9  10   A
  2    H   H   H   H   H   H   H   H   H   H
  3    H   H   H   H   H   H   H   H   H   H
  4    H   H   H   H   H   H   H   H   H   H
  5    H   H   H   H   H   H   H   H   H   H
  6    H   H   H   H   H   H   H   H   H   H
  7    H   H   H   H   H   H   H   H   H   H
  8    H   H   H   H   H   H   H   H   H   H
  9    H   H   H   H   H   H   H   H   H   H
 10    H   H   H   H   H   H   H   H   H   H
  A    H   H   H   H   H   H   H   H   H   H

BlackJack
       2   3   4   5   6   7   8   9  10   A
 21    S   S   S   S   S   S   S   S   S   S

========== Count: 3 ==========

Hard
       2   3   4   5   6   7   8   9  10   A
  4    H   H   H   H   S   H   H   H   S  Dh
  5    H   H   H   H   H   H   H   H   H   H
  6    H   H   H   H   H   H   H   H   H   H
  7    H   H   H   H   H   H   H   H   H   H
  8    H   H   H   H  Dh   H   H   H   H   H
  9   Dh  Dh  Dh  Dh  Dh   H   H   H   H   H
 10   Dh  Dh  Dh  Dh  Dh  Dh  Dh  Dh   H   H
 11   Dh  Dh  Dh  Dh  Dh  Dh  Dh  Dh  Dh  Dh
 12    H   S   S   S   S   H   H   H   H   H
 13    S   S   S   S   S   H   H   H   H   H
 14    S   S   S   S   S   H   H   H   H   H
 15    S   S   S   S   S   H   H   H   H   H
 16    S   S   S   S   S   H   H   H   S   S
 17    S   S   S   S   S   S   S   S   S   S
 18    S   S   S   S   S   S   S   S   S   S
 19    S   S   S   S   S   S   S   S   S   S
 20    S   S   S   S   S   S   S   S   S   S
 21    S   S   S   S   S   S   S   S   S   S

Soft
       2   3   4   5   6   7   8   9  10   A
 12    S   S   S   S   S   S   S   S   S   S
 13    H   H   H  Dh  Dh   H   H   H   H   H
 14    H   H  Dh  Dh  Dh   H   H   H   H   H
 15    H   H  Dh  Dh  Dh   H   H   H   H   H
 16    H   H  Dh  Dh  Dh   H   H   H   H   H
 17   Dh  Dh  Dh  Dh  Dh   H   H   H   H   H
 18   Ds  Ds  Ds  Ds  Ds   S   S   H   H   H
 19    S   S  Ds  Ds  Ds   S   S   S   S   S
 20    S   S   S   S   S   S   S   S   S   S
 21    S   S   S   S   S   S   S   S   S   S

Pair
       2   3   4   5   6   7   8   9  10   A
  2    P   P   P   P   P   P   H   H   H   H
  3    P   P   P   P   P   P   H   H   H   H
  4    H   H   P   P   P   H   H   H   H   H
  5   Dh  Dh  Dh  Dh  Dh  Dh  Dh  Dh   H  Dh
  6    P   P   P   P   P   H   H   H   H   H
  7    P   P   P   P   P   P   P   H   H   H
  8    P   P   P   P   P   P   P   P   P   P
  9    P   P   P   P   P   P   P   P   S   S
 10    S   S   S   S   S   S   S   S   S   S
 11    P   P   P   P   P   P   P   P   P   P

One card
       2   3   4   5   6   7   8   9  10   A
  2    H   H   H   H   H   H   H   H   H   H
  3    H   H   H   H   H   H   H   H   H   H
  4    H   H   H   H   H   H   H   H   H   H
  5    H   H   H   H   H   H   H   H   H   H
  6    H   H   H   H   H   H   H   H   H   H
  7    H   H   H   H   H   H   H   H   H   H
  8    H   H   H   H   H   H   H   H   H   H
  9    H   H   H   H   H   H   H   H   H   H
 10    H   H   H   H   H   H   H   H   H   H
  A    H   H   H   H   H   H   H   H   H   H

BlackJack
       2   3   4   5   6   7   8   9  10   A
 21    S   S   S   S   S   S   S   S   S   S

========== Count: 4 ==========

Hard
       2   3   4   5   6   7   8   9  10   A
  4    H   H   H  Dh   S   H   H   H   H   -
  5    H   H   H   H   H   H   H   H   H   H
  6    H   H   H   H   H   H   H   H   H   H
  7    H   H   H   H   H   H   H   H   H   H
  8    H   H   H   H   H   H   H   H   H   H
  9   Dh  Dh  Dh  Dh  Dh   H   H   H   H   H
 10   Dh  Dh  Dh  Dh  Dh  Dh  Dh  Dh  Dh  Dh
 11   Dh  Dh  Dh  Dh  Dh  Dh  Dh  Dh  Dh  Dh
 12    H   S   S   S   S   H   H   H   H   H
 13    S   S   S   S   S   H   H   H   H   H
 14    S   S   S   S   S   H   H   H   H   H
 15    S   S   S   S   S   H   H   H   S   H
 16    S   S   S   S   S   H   H   S   S   S
 17    S   S   S   S   S   S   S   S   S   S
 18    S   S   S   S   S   S   S   S   S   S
 19    S   S   S   S   S   S   S   S   S   S
 20    S   S   S   S   S   S   S   S   S   S
 21    S   S   S   S   S   S   S   S   S   S

Soft
       2   3   4   5   6   7   8   9  10   A
 12    S   S   S   S   S   S   S   S   S   S
 13    H   H  Dh  Dh  Dh   H   H   H   H   H
 14    H   H  Dh  Dh  Dh   H   H   H   H   H
 15    H   H  Dh  Dh  Dh   H   H   H   H   H
 16    H   H  Dh  Dh  Dh   H   H   H   H   H
 17   Dh  Dh  Dh  Dh  Dh   H   H   H   H   H
 18   Ds  Ds  Ds  Ds  Ds   S   S   H   H   H
 19    S   S  Ds  Ds  Ds   S   S   S   S   S
 20    S   S   S   S  Ds   S   S   S   S   S
 21    S   S   S   S   S   S   S   S   S   S

Pair
       2   3   4   5   6   7   8   9  10   A
  2    P   P   P   P   P   P   H   H   H   H
  3    P   P   P   P   P   P   H   H   H   H
  4    H   H   P   P   P   H   H   H   H   H
  5   Dh  Dh  Dh  Dh  Dh  Dh  Dh  Dh   H   H
  6    P   P   P   P   P   P   H   H   H   H
  7    P   P   P   P   P   P   P   H   S   H
  8    P   P   P   P   P   P   P   P   P   P
  9    P   P   P   P   P   S   P   P   S   P
 10    S   S   S   P   P   S   S   S   S   S
 11    P   P   P   P   P   P   P   P   P   P

One card
       2   3   4   5   6   7   8   9  10   A
  2    H   H   H   H   H   H   H   H   H   H
  3    H   H   H   H   H   H   H   H   H   H
  4    H   H   H   H   H   H   H   H   H   H
  5    H   H   H   H   H   H   H   H   H   H
  6    H   H   H   H   H   H   H   H   H   H
  7    H   H   H   H   H   H   H   H   H   H
  8    H   H   H   H   H   H   H   H   H   H
  9    H   H   H   H   H   H   H   H   H   H
 10    H   H   H   H   H   H   H   H   H   H
  A    H   H   H   H   H   H   H   H   H   H

BlackJack
       2   3   4   5   6   7   8   9  10   A
 21    S   S   S   S   S   S   S   S   S   S

========== Count: 5 ==========

Hard
       2   3   4   5   6   7   8   9  10   A
  4    H   H  Dh   S   H   H   H   H   H   S
  5    H   H   H   H   H   H   H   H   H   H
  6    H   H   H   H   H   H   H   H   H   H
  7    H   H   H   H   H   H   H   H   H   H
  8    H   H  Dh  Dh  Dh   H   H   H   H   H
  9   Dh  Dh  Dh  Dh  Dh  Dh   H   H   H   H
 10   Dh  Dh  Dh  Dh  Dh  Dh  Dh  Dh  Dh  Dh
 11   Dh  Dh  Dh  Dh  Dh  Dh  Dh  Dh  Dh  Dh
 12    S   S   S   S   S   H   H   H   H   H
 13    S   S   S   S   S   H   H   H   H   H
 14    S   S   S   S   S   H   H   H   H   H
 15    S   S   S   S   S   H   H   H   S   S
 16    S   S   S   S   S   H   H   S   S   S
 17    S   S   S   S   S   S   S   S   S   S
 18    S   S   S   S   S   S   S   S   S   S
 19    S   S   S   S   S   S   S   S   S   S
 20    S   S   S   S   S   S   S   S   S   S
 21    S   S   S   S   S   S   S   S   S   S

Soft
       2   3   4   5   6   7   8   9  10   A
 12    S   S   S   S   S   S   S   S   S   S
 13    H  Dh  Dh  Dh  Dh   H   H   H   H   H
 14    H  Dh  Dh  Dh  Dh   H   H   H   H   H
 15    H  Dh  Dh  Dh  Dh   H   H   H   H   H
 16    H   H  Dh  Dh  Dh   H   H   H   H   H
 17   Dh  Dh  Dh  Dh  Dh   H   H   H   H   H
 18   Ds  Ds  Ds  Ds  Ds   S   S   H   H   H
 19   Ds  Ds  Ds  Ds  Ds   S   S   S   S   S
 20    S   S  Ds  Ds  Ds   S   S   S   S   S
 21    S   S   S   S  Ds   S   S   S   S   S

Pair
       2   3   4   5   6   7   8   9  10   A
  2    P   P   P   P   P   P   P   H   H   H
  3    P   P   P   P   P   P   H   H   H   H
  4    H   H   P   P   P   H   H   H   H   H
  5   Dh  Dh  Dh  Dh  Dh  Dh  Dh  Dh  Dh  Dh
  6    P   P   P   P   P   H   H   H   H   H
  7    P   P   P   P   P   P   P   H   S   S
  8    P   P   P   P   P   P   P   P   P   P
  9    P   P   P   P   P   P   P   P   S   P
 10    S   S   P   P   P   S   S   S   S   S
 11    P   P   P   P   P   P   P   P   P   P

One card
       2   3   4   5   6   7   8   9  10   A
  2    H   H   H   H   H   H   H   H   H   H
  3    H   H   H   H   H   H   H   H   H   H
  4    H   H   H   H   H   H   H   H   H   H
  5    H   H   H   H   H   H   H   H   H   H
  6    H   H   H   H   H   H   H   H   H   H
  7    H   H   H   H   H   H   H   H   H   H
  8    H   H   H   H   H   H   H   H   H   H
  9    H   H   H   H   H   H   H   H   H   H
 10    H   H   H   H   H   H   H   H   H   H
  A    H   H   H   H   H   H   H   H   H   H

BlackJack
       2   3   4   5   6   7   8   9  10   A
 21    S   S   S   S   S   S   S   S   S   S
========================

--- W3 ---
Recorded rounds: 5000000000  speed: 9694131 hands/sec
Count table:
  Card      Original      Used          
  --------------------------------------
  2         0.6983        0.6983        
  3         0.8597        0.8597        
  4         1.1955        1.1955        
  5         1.4508        1.4508        
  6         0.8429        0.8429        
  7         0.4699        0.4699        
  8         -0.0638       -0.0638       
  9         -0.3578       -0.3578       
  10        -0.9976       -1.0000       
  J         -0.9998       -1.0000       
  Q         -0.9977       -1.0000       
  K         -1.0050       -1.0000       
  A         -1.0955       -1.0955       
  Bias      -0.004566   
  Bet>0 TC  1.199655    
  Factor    0.003806    

Spread 1:10 evaluation edge (5000000000 rounds): 0.058696  std(X): 6.684331  E[X^2]: 44.683725
Optimal Kelly multiplier:    1.100000  fitted-signal target: 1.000000
Optimal Kelly growth/round:  1.000081  stddev: 0.000012
Sanity checks:
  Sum(weights): -0.000000  (PASS, expected near 0)
  10-value consistency: mean=-1.000000  max_dev=0.004981  rel=0.498070%  (PASS)
  Bias vs flat edge: bias=-0.004566  flat_edge=-0.001909  diff=0.002657  rel_to_0.5%=53.141084%
  Bias constraint: fixed to P0 flat edge
EV-count graph:         41 points  res=0.250000  speed: 9130085 hands/sec
Count histogram:        total=408070138  symmetry_rel_diff=3.8715%  (PASS, expected roughly symmetric)
