Training fresh full deviations for the selected count...
Training rounds=100000000 speed=4763493 rounds/sec avg|delta Q|=0.31441460 threshold=0.00500000
Training rounds=200000000 speed=4757940 rounds/sec avg|delta Q|=0.04343669 threshold=0.00500000
Training rounds=300000000 speed=4771524 rounds/sec avg|delta Q|=0.02773124 threshold=0.00500000
Training rounds=400000000 speed=4696214 rounds/sec avg|delta Q|=0.02200175 threshold=0.00500000
Training rounds=500000000 speed=4669755 rounds/sec avg|delta Q|=0.01892974 threshold=0.00500000
Training rounds=600000000 speed=4641161 rounds/sec avg|delta Q|=0.01669281 threshold=0.00500000
Training rounds=700000000 speed=4617719 rounds/sec avg|delta Q|=0.01530099 threshold=0.00500000
Training rounds=800000000 speed=4585578 rounds/sec avg|delta Q|=0.01432881 threshold=0.00500000
Training rounds=900000000 speed=4524204 rounds/sec avg|delta Q|=0.01321961 threshold=0.00500000
Training rounds=1000000000 speed=4512676 rounds/sec avg|delta Q|=0.01248956 threshold=0.00500000
Training rounds=1100000000 speed=4499824 rounds/sec avg|delta Q|=0.01185705 threshold=0.00500000
Training rounds=1200000000 speed=4479099 rounds/sec avg|delta Q|=0.01156737 threshold=0.00500000
Training rounds=1300000000 speed=4461941 rounds/sec avg|delta Q|=0.01102052 threshold=0.00500000
Training rounds=1400000000 speed=4451241 rounds/sec avg|delta Q|=0.01057818 threshold=0.00500000
Training rounds=1500000000 speed=4430412 rounds/sec avg|delta Q|=0.01030508 threshold=0.00500000
Training rounds=1600000000 speed=4398867 rounds/sec avg|delta Q|=0.01005011 threshold=0.00500000
Training rounds=1700000000 speed=4383240 rounds/sec avg|delta Q|=0.00954768 threshold=0.00500000
Training rounds=1800000000 speed=4383583 rounds/sec avg|delta Q|=0.00934797 threshold=0.00500000
Training rounds=1900000000 speed=4372198 rounds/sec avg|delta Q|=0.00916801 threshold=0.00500000
Training rounds=2000000000 speed=4362450 rounds/sec avg|delta Q|=0.00892903 threshold=0.00500000
Training rounds=2100000000 speed=4351132 rounds/sec avg|delta Q|=0.00871470 threshold=0.00500000
Training rounds=2200000000 speed=4332133 rounds/sec avg|delta Q|=0.00865855 threshold=0.00500000
Training rounds=2300000000 speed=4319736 rounds/sec avg|delta Q|=0.00835547 threshold=0.00500000
Training rounds=2400000000 speed=4312746 rounds/sec avg|delta Q|=0.00811597 threshold=0.00500000
Training rounds=2500000000 speed=4306180 rounds/sec avg|delta Q|=0.00805070 threshold=0.00500000
Training rounds=2600000000 speed=4300705 rounds/sec avg|delta Q|=0.00764845 threshold=0.00500000
Training rounds=2700000000 speed=4294501 rounds/sec avg|delta Q|=0.00758948 threshold=0.00500000
Training rounds=2800000000 speed=4284595 rounds/sec avg|delta Q|=0.00740285 threshold=0.00500000
Training rounds=2900000000 speed=4276384 rounds/sec avg|delta Q|=0.00722882 threshold=0.00500000
Training rounds=3000000000 speed=4270815 rounds/sec avg|delta Q|=0.00732820 threshold=0.00500000
Training rounds=3100000000 speed=4265560 rounds/sec avg|delta Q|=0.00700825 threshold=0.00500000
Training rounds=3200000000 speed=4257323 rounds/sec avg|delta Q|=0.00691997 threshold=0.00500000
Training rounds=3300000000 speed=4252062 rounds/sec avg|delta Q|=0.00680375 threshold=0.00500000
Training rounds=3400000000 speed=4242396 rounds/sec avg|delta Q|=0.00680334 threshold=0.00500000
Training rounds=3500000000 speed=4240548 rounds/sec avg|delta Q|=0.00656594 threshold=0.00500000
Training rounds=3600000000 speed=4232670 rounds/sec avg|delta Q|=0.00653757 threshold=0.00500000
Training rounds=3700000000 speed=4226079 rounds/sec avg|delta Q|=0.00637124 threshold=0.00500000
Training rounds=3800000000 speed=4217597 rounds/sec avg|delta Q|=0.00633950 threshold=0.00500000
Training rounds=3900000000 speed=4213765 rounds/sec avg|delta Q|=0.00620481 threshold=0.00500000
Training rounds=4000000000 speed=4210172 rounds/sec avg|delta Q|=0.00605160 threshold=0.00500000
Training rounds=4100000000 speed=4204193 rounds/sec avg|delta Q|=0.00597261 threshold=0.00500000
Training rounds=4200000000 speed=4200210 rounds/sec avg|delta Q|=0.00588659 threshold=0.00500000
Training rounds=4300000000 speed=4194484 rounds/sec avg|delta Q|=0.00586721 threshold=0.00500000
Training rounds=4400000000 speed=4190975 rounds/sec avg|delta Q|=0.00576312 threshold=0.00500000
Training rounds=4500000000 speed=4185856 rounds/sec avg|delta Q|=0.00571153 threshold=0.00500000
Training rounds=4600000000 speed=4180682 rounds/sec avg|delta Q|=0.00558851 threshold=0.00500000
Training rounds=4700000000 speed=4170393 rounds/sec avg|delta Q|=0.00546655 threshold=0.00500000
Training rounds=4800000000 speed=4167292 rounds/sec avg|delta Q|=0.00545067 threshold=0.00500000
Training rounds=4900000000 speed=4163035 rounds/sec avg|delta Q|=0.00542735 threshold=0.00500000
Training rounds=5000000000 speed=4160246 rounds/sec avg|delta Q|=0.00534960 threshold=0.00500000
Training rounds=5100000000 speed=4155026 rounds/sec avg|delta Q|=0.00527801 threshold=0.00500000
Training rounds=5200000000 speed=4149096 rounds/sec avg|delta Q|=0.00514695 threshold=0.00500000
Training rounds=5300000000 speed=4147403 rounds/sec avg|delta Q|=0.00513930 threshold=0.00500000
Training rounds=5400000000 speed=4137221 rounds/sec avg|delta Q|=0.00503570 threshold=0.00500000
Training rounds=5500000000 speed=4135068 rounds/sec avg|delta Q|=0.00494131 threshold=0.00500000

=== EvaluateCountPolicy ===
Command:          /home/pliops/BlackJackCounts/build/bin/EvaluateCountPolicy --game blackjack --count-name omega2 --policy full-deviations --output-dir /home/pliops/BlackJackCounts/paper_materials/performance-suites/h17c03_5b_named_counts_continuous/bj3-2/omega2_d1/full_deviations --decks 1 --penetration 75 --ss17 false --peek true --surr no --das true --sas 4 --don ANY --rsa false --hsa false --bj 1.5 --factor 0.005 --bias -0.0015945 --count-normalization true --continuous-betting-count true --min-count -5 --max-count 5 --num-rounds 5000000000 --stop-mode diff --sample-rounds 100000000 --diff-threshold 0.005 --eval-rounds 5000000000 --kelly-rounds 1000000 --kelly-measurements 1000 --kelly-min 0.50 --kelly-max 1.00 --kelly-step 0.05 --max-total-wager-fraction 1.0 --num-threads 10 --seed 12345
Game:             blackjack
Scenario:         decks=1_ss17=False_das=True_sas=4_don=Any_reSplitAces=False_hitSplitAces=False_surr=no_peek=True_bj-pays=1.5
Penetration:      75.00000000%
Count:            named count omega2
Policy:           fresh full deviations trained for the selected count
Spread:           5000000000 rounds, 1:10
Kelly:            1000 x 1000000 rounds per multiplier
Kelly search:     0.50000000 to 1.00000000 step 0.05000000
Total wager cap:  1.00000000 x round-start bankroll
Threads:          10
Seed:             12345
Output:           /home/pliops/BlackJackCounts/paper_materials/performance-suites/h17c03_5b_named_counts_continuous/bj3-2/omega2_d1/full_deviations/

Count weights:
   2  1.000000000000
   3  1.000000000000
   4  2.000000000000
   5  2.000000000000
   6  2.000000000000
   7  1.000000000000
   8  0.000000000000
   9  -1.000000000000
  10  -2.000000000000
   J  -2.000000000000
   Q  -2.000000000000
   K  -2.000000000000
   A  0.000000000000
Transform: running = 0.000000000000 + (0.000000000000 * decks) + tags; selected=true_count
Signal f(c) = -0.001594500000 + 0.005000000000 * c

Running spread and Kelly evaluations...

=== Result ===
Spread edge:               0.103296548700
Kelly growth @1:           0.987932349683
Kelly exposure rounds @1: 1000000000
Mean gross wager/bankroll: 0.017910386463
Max gross wager/bankroll:  1.862433000000
Mean |fX|:                 0.016615035216
Max |fX|:                  1.862433000000

Saved results to /home/pliops/BlackJackCounts/paper_materials/performance-suites/h17c03_5b_named_counts_continuous/bj3-2/omega2_d1/full_deviations/
