Training fresh full deviations for the selected count...
Training rounds=100000000 speed=4568087 rounds/sec avg|delta Q|=0.31747918 threshold=0.00500000
Training rounds=200000000 speed=4712202 rounds/sec avg|delta Q|=0.04345949 threshold=0.00500000
Training rounds=300000000 speed=4716610 rounds/sec avg|delta Q|=0.02733240 threshold=0.00500000
Training rounds=400000000 speed=4601615 rounds/sec avg|delta Q|=0.02163319 threshold=0.00500000
Training rounds=500000000 speed=4558550 rounds/sec avg|delta Q|=0.01851236 threshold=0.00500000
Training rounds=600000000 speed=4482496 rounds/sec avg|delta Q|=0.01665684 threshold=0.00500000
Training rounds=700000000 speed=4471701 rounds/sec avg|delta Q|=0.01520796 threshold=0.00500000
Training rounds=800000000 speed=4448374 rounds/sec avg|delta Q|=0.01418422 threshold=0.00500000
Training rounds=900000000 speed=4398956 rounds/sec avg|delta Q|=0.01321030 threshold=0.00500000
Training rounds=1000000000 speed=4384984 rounds/sec avg|delta Q|=0.01261841 threshold=0.00500000
Training rounds=1100000000 speed=4354521 rounds/sec avg|delta Q|=0.01188340 threshold=0.00500000
Training rounds=1200000000 speed=4356539 rounds/sec avg|delta Q|=0.01153721 threshold=0.00500000
Training rounds=1300000000 speed=4323332 rounds/sec avg|delta Q|=0.01106441 threshold=0.00500000
Training rounds=1400000000 speed=4312881 rounds/sec avg|delta Q|=0.01047146 threshold=0.00500000
Training rounds=1500000000 speed=4303457 rounds/sec avg|delta Q|=0.01021911 threshold=0.00500000
Training rounds=1600000000 speed=4272569 rounds/sec avg|delta Q|=0.00983045 threshold=0.00500000
Training rounds=1700000000 speed=4265837 rounds/sec avg|delta Q|=0.00955837 threshold=0.00500000
Training rounds=1800000000 speed=4258037 rounds/sec avg|delta Q|=0.00932750 threshold=0.00500000
Training rounds=1900000000 speed=4233568 rounds/sec avg|delta Q|=0.00917572 threshold=0.00500000
Training rounds=2000000000 speed=4227141 rounds/sec avg|delta Q|=0.00894065 threshold=0.00500000
Training rounds=2100000000 speed=4216495 rounds/sec avg|delta Q|=0.00859541 threshold=0.00500000
Training rounds=2200000000 speed=4203045 rounds/sec avg|delta Q|=0.00842182 threshold=0.00500000
Training rounds=2300000000 speed=4191474 rounds/sec avg|delta Q|=0.00826690 threshold=0.00500000
Training rounds=2400000000 speed=4187532 rounds/sec avg|delta Q|=0.00804000 threshold=0.00500000
Training rounds=2500000000 speed=4179840 rounds/sec avg|delta Q|=0.00785406 threshold=0.00500000
Training rounds=2600000000 speed=4166680 rounds/sec avg|delta Q|=0.00773311 threshold=0.00500000
Training rounds=2700000000 speed=4152045 rounds/sec avg|delta Q|=0.00764147 threshold=0.00500000
Training rounds=2800000000 speed=4155345 rounds/sec avg|delta Q|=0.00728118 threshold=0.00500000
Training rounds=2900000000 speed=4154704 rounds/sec avg|delta Q|=0.00731906 threshold=0.00500000
Training rounds=3000000000 speed=4149665 rounds/sec avg|delta Q|=0.00713229 threshold=0.00500000
Training rounds=3100000000 speed=4144014 rounds/sec avg|delta Q|=0.00707538 threshold=0.00500000
Training rounds=3200000000 speed=4143269 rounds/sec avg|delta Q|=0.00689556 threshold=0.00500000
Training rounds=3300000000 speed=4145140 rounds/sec avg|delta Q|=0.00685025 threshold=0.00500000
Training rounds=3400000000 speed=4141574 rounds/sec avg|delta Q|=0.00675425 threshold=0.00500000
Training rounds=3500000000 speed=4138402 rounds/sec avg|delta Q|=0.00653866 threshold=0.00500000
Training rounds=3600000000 speed=4139849 rounds/sec avg|delta Q|=0.00651036 threshold=0.00500000
Training rounds=3700000000 speed=4136255 rounds/sec avg|delta Q|=0.00639074 threshold=0.00500000
Training rounds=3800000000 speed=4131216 rounds/sec avg|delta Q|=0.00631157 threshold=0.00500000
Training rounds=3900000000 speed=4127954 rounds/sec avg|delta Q|=0.00610954 threshold=0.00500000
Training rounds=4000000000 speed=4126106 rounds/sec avg|delta Q|=0.00607157 threshold=0.00500000
Training rounds=4100000000 speed=4124831 rounds/sec avg|delta Q|=0.00596763 threshold=0.00500000
Training rounds=4200000000 speed=4121575 rounds/sec avg|delta Q|=0.00590437 threshold=0.00500000
Training rounds=4300000000 speed=4120475 rounds/sec avg|delta Q|=0.00573194 threshold=0.00500000
Training rounds=4400000000 speed=4120965 rounds/sec avg|delta Q|=0.00569288 threshold=0.00500000
Training rounds=4500000000 speed=4121676 rounds/sec avg|delta Q|=0.00563075 threshold=0.00500000
Training rounds=4600000000 speed=4114895 rounds/sec avg|delta Q|=0.00554034 threshold=0.00500000
Training rounds=4700000000 speed=4114257 rounds/sec avg|delta Q|=0.00550891 threshold=0.00500000
Training rounds=4800000000 speed=4109790 rounds/sec avg|delta Q|=0.00544351 threshold=0.00500000
Training rounds=4900000000 speed=4109873 rounds/sec avg|delta Q|=0.00538245 threshold=0.00500000
Training rounds=5000000000 speed=4106557 rounds/sec avg|delta Q|=0.00531683 threshold=0.00500000
Training rounds=5100000000 speed=4105989 rounds/sec avg|delta Q|=0.00525542 threshold=0.00500000
Training rounds=5200000000 speed=4099918 rounds/sec avg|delta Q|=0.00513205 threshold=0.00500000
Training rounds=5300000000 speed=4098899 rounds/sec avg|delta Q|=0.00511867 threshold=0.00500000
Training rounds=5400000000 speed=4098025 rounds/sec avg|delta Q|=0.00499644 threshold=0.00500000

=== EvaluateCountPolicy ===
Command:          /home/pliops/BlackJackCounts/build/bin/EvaluateCountPolicy --game blackjack --count-name hiopt2 --policy full-deviations --output-dir /home/pliops/BlackJackCounts/paper_materials/performance-suites/h17c03_5b_named_counts_continuous/bj3-2/hiopt2_d1/full_deviations --decks 1 --penetration 75 --ss17 false --peek true --surr no --das true --sas 4 --don ANY --rsa false --hsa false --bj 1.5 --factor 0.005 --bias -0.0015945 --count-normalization true --continuous-betting-count true --min-count -5 --max-count 5 --num-rounds 5000000000 --stop-mode diff --sample-rounds 100000000 --diff-threshold 0.005 --eval-rounds 5000000000 --kelly-rounds 1000000 --kelly-measurements 1000 --kelly-min 0.50 --kelly-max 1.00 --kelly-step 0.05 --max-total-wager-fraction 1.0 --num-threads 10 --seed 12345
Game:             blackjack
Scenario:         decks=1_ss17=False_das=True_sas=4_don=Any_reSplitAces=False_hitSplitAces=False_surr=no_peek=True_bj-pays=1.5
Penetration:      75.00000000%
Count:            named count hiopt2
Policy:           fresh full deviations trained for the selected count
Spread:           5000000000 rounds, 1:10
Kelly:            1000 x 1000000 rounds per multiplier
Kelly search:     0.50000000 to 1.00000000 step 0.05000000
Total wager cap:  1.00000000 x round-start bankroll
Threads:          10
Seed:             12345
Output:           /home/pliops/BlackJackCounts/paper_materials/performance-suites/h17c03_5b_named_counts_continuous/bj3-2/hiopt2_d1/full_deviations/

Count weights:
   2  1.000000000000
   3  1.000000000000
   4  2.000000000000
   5  2.000000000000
   6  1.000000000000
   7  1.000000000000
   8  0.000000000000
   9  0.000000000000
  10  -2.000000000000
   J  -2.000000000000
   Q  -2.000000000000
   K  -2.000000000000
   A  0.000000000000
Transform: running = 0.000000000000 + (0.000000000000 * decks) + tags; selected=true_count
Signal f(c) = -0.001594500000 + 0.005000000000 * c

Running spread and Kelly evaluations...

=== Result ===
Spread edge:               0.102252040100
Kelly growth @1:           0.992988822964
Kelly exposure rounds @1: 1000000000
Mean gross wager/bankroll: 0.016578345779
Max gross wager/bankroll:  1.384884642857
Mean |fX|:                 0.015423280600
Max |fX|:                  1.384884642857

Saved results to /home/pliops/BlackJackCounts/paper_materials/performance-suites/h17c03_5b_named_counts_continuous/bj3-2/hiopt2_d1/full_deviations/
