
=== Spanish21AlternatingOptimization ===
Command:       /home/pliops/Desktop/BlackJackS/build/bin/AlternatingOptimization --game spanish21 --penetration 75 --ss17 false --redouble 1 --ddr true --card-count-bonuses false --num-threads 10 --stop-mode diff --sample-rounds 100000000 --diff-threshold 0.005 --num-rounds 5000000000 --eval-rounds 5000000000 --graph-rounds 500000000 --kelly-measurements 1000 --kelly-fraction-step 0.05 --iterations 3 --sample-every 2 --decks 1 --count-quadratic-kelly --count-unconstrained --checkpoint-name sp21_nobonus_qk_u
Scenario:      decks=1_ss17=false_redouble=1_ddr=true_cardCountBonuses=false_penetration=75%
Policy stop:   diff  sample=100000000  threshold=0.005  Threads: 10
Count rounds:  10000000000  (record every 2 => target 5000000000 recorded samples)
Eval rounds:   5000000000
Graph rounds:  500000000
Iterations:    3  (each iteration learns P_k then W_{k+1})
Count objective: quadratic_kelly
Count constraint: none
Penetration:   75%
Sample-every:  2
Kelly sweep:  centered at fitted-signal multiplier 1.0 +/- 0.25 (minimum 0)  step 0.05
Folder:        /home/pliops/Desktop/BlackJackS/checkpoints/spanish21-alternating-checkpoints/sp21_nobonus_qk_u_decks=1_ss17=false_redouble=1_ddr=true_cardCountBonuses=false/
Initial count: none (all zeros)
Count scaling:  average 10/J/Q/K tag = -1
===============================
P0 sample rounds=100000000  speed=5468665 hands/sec  avg|ΔQ|=0.430017  threshold=0.005000
P0 sample rounds=200000000  speed=4998001 hands/sec  avg|ΔQ|=0.013639  threshold=0.005000
P0 sample rounds=300000000  speed=4723071 hands/sec  avg|ΔQ|=0.009584  threshold=0.005000
P0 sample rounds=400000000  speed=4597860 hands/sec  avg|ΔQ|=0.007770  threshold=0.005000
P0 sample rounds=500000000  speed=4467038 hands/sec  avg|ΔQ|=0.006711  threshold=0.005000
P0 sample rounds=600000000  speed=4433345 hands/sec  avg|ΔQ|=0.006189  threshold=0.005000
P0 sample rounds=700000000  speed=4383520 hands/sec  avg|ΔQ|=0.005466  threshold=0.005000
P0 sample rounds=800000000  speed=4340113 hands/sec  avg|ΔQ|=0.004986  threshold=0.005000

--- P0 ---
Training rounds: 800000000
Training speed: 4340113 hands/sec
Training flat edge:   -0.357744
Evaluation flat edge (5000000000 rounds): -0.002645  std(X): 1.248672  E[X^2]: 1.559190
Spread/Kelly evaluation skipped for P0: W0 is the zero count, so no positive-count betting signal is expected.

=== P0 Strategy ===

========== Count: 0 ==========

Hard
       2   3   4   5   6   7   8   9  10   A
  5    H   H   H   H   H   H   H   H   H   H
  6    H   H   H   H  Dh   H   H   H   H   H
  7    H   H   H  Dh  Dh   H   H   H   H   H
  8    H   H  Dh  Dh  Dh   H   H   H   H   H
  9   Dh  Dh  Dh  Dh  Dh  Dh   H   H   H   H
 10   Dh  Dh  Dh  Dh  Dh  Dh  Dh   H   H   H
 11   Dh  Dh  Dh  Dh  Dh  Dh  Dh  Dh   H  Dh
 12    H   H   H   H   H   H   H   H   H   H
 13    H   H   H   H   S   H   H   H   H   H
 14    H   H   S   S   S   H   H   H   H   H
 15    S   S   S   S   S   H   H   H   H   H
 16    S   S   S   S   S   H   H   H   H  Xh
 17    S   S   S   S   S   S   S   S   S  Xs
 18    S   S   S   S   S   S   S   S   S   S
 19    S   S   S   S   S   S   S   S   S   S
 20    S   S   S   S   S   S   S   S   S   S
 21    S   S   S   S   S   S   S   S   S   S

Soft
       2   3   4   5   6   7   8   9  10   A
 13    H  Dh  Dh  Dh  Dh   H   H   H   H   H
 14    H   H  Dh  Dh  Dh   H   H   H   H   H
 15    H   H  Dh  Dh  Dh   H   H   H   H   H
 16    H   H  Dh  Dh  Dh   H   H   H   H   H
 17    H   H  Dh  Dh  Dh   H   H   H   H   H
 18    S   S  Ds  Ds  Ds   S   S   H   H   H
 19    S   S   S   S   S   S   S   S   S   S
 20    S   S   S   S   S   S   S   S   S   S
 21    S   S   S   S   S   S   S   S   S   S

Pair
       2   3   4   5   6   7   8   9  10   A
  2    P   P   P   P   P   P   H   H   H   H
  3    P   P   P   P   P   P   P   H   H   H
  4    H   H  Dh  Dh  Dh   H   H   H   H   H
  5   Dh  Dh  Dh  Dh  Dh  Dh  Dh  Dh   H   H
  6    H   P   P   P   P   P   H   H   H   H
  7    P   P   P   P   P   P   P   H   H  Xh
  8    P   P   P   P   P   P   P   P   P  Xh
  9    S   P   P   P   P   S   P   P   S   S
 10    S   S   S   S   S   S   S   S   S   S
 11    P   P   P   P   P   P   P   P   P   P

One card
       2   3   4   5   6   7   8   9  10   A
  2    H   H   H   H   H   H   H   H   H   H
  3    H   H   H   H   H   H   H   H   H   H
  4    H   H   H   H   H   H   H   H   H   H
  5    H   H   H   H   H   H   H   H   H   H
  6    H   H   H   H   H   H   H   H   H   H
  7    H   H   H   H   H   H   H   H   H   H
  8    H   H   H   H   H   H   H   H   H   H
  9    H   H   H   H   H   H   H   H   H   H
 10    H   H   H   H   H   H   H   H   H   H
  A    H   H   H   H   H   H   H   H   H   H

BlackJack
       2   3   4   5   6   7   8   9  10   A
 21    S   S   S   S   S   S   S   S   S   S

After Double
       2   3   4   5   6   7   8   9  10   A
  6    S   S   S   S   S  Xs   S   S  Xs  Xs
  7    S   S   S   S   S   S  Xs  Xs  Xs  Xs
  8   Ds  Ds  Ds  Ds  Ds  Ds  Ds  Xs  Xs  Xs
  9   Ds  Ds  Ds  Ds  Ds  Ds  Ds  Ds  Ds  Ds
 10   Ds  Ds  Ds  Ds  Ds  Ds  Ds  Ds  Ds  Ds
 11   Ds  Ds  Ds  Ds  Ds  Ds  Ds  Ds  Ds  Ds
 12    S   S   S   S   S  Ds  Xs  Xs  Xs  Xs
 13    S   S   S   S   S   S  Xs  Xs  Xs  Xs
 14    S   S   S   S   S   S  Xs  Xs  Xs  Xs
 15    S   S   S   S   S   S  Xs  Xs  Xs  Xs
 16    S   S   S   S   S  Xs  Xs  Xs  Xs  Xs
 17    S   S   S   S   S   S   S   S   S  Xs
 18    S   S   S   S   S   S   S   S   S   S
 19    S   S   S   S   S   S   S   S   S   S
 20    S   S   S   S   S   S   S   S   S   S
 21    S   S   S   S   S   S   S   S   S   S

After Double (Soft)
       2   3   4   5   6   7   8   9  10   A
 13   Ds  Ds  Ds  Ds  Ds  Ds  Ds  Ds  Ds  Ds
 14   Ds  Ds  Ds  Ds  Ds  Ds  Ds  Ds  Ds  Ds
 15   Ds  Ds  Ds  Ds  Ds  Ds  Ds  Ds  Ds  Ds
 16   Ds  Ds  Ds  Ds  Ds  Ds  Ds  Ds  Ds  Ds
 17   Ds  Ds  Ds  Ds  Ds  Ds  Ds  Ds  Ds  Ds
 18    S   S  Ds  Ds  Ds   S   S   S   S   S
 19    S   S   S   S   S   S   S   S   S   S
 20    S   S   S   S   S   S   S   S   S   S
 21    S   S   S   S   S   S   S   S   S   S
========================

--- W1 ---
Recorded rounds: 5000000000  speed: 7869115 hands/sec
Count table:
  Card      Original      Used          
  --------------------------------------
  2         0.4589        0.4589        
  3         0.7750        0.7750        
  4         1.2018        1.2018        
  5         1.3826        1.3826        
  6         0.9137        0.9137        
  7         0.3226        0.3226        
  8         -0.1746       -0.1746       
  9         -0.3662       -0.3662       
  10        ---           ---           
  J         -1.0002       -1.0000       
  Q         -0.9996       -1.0000       
  K         -1.0002       -1.0000       
  A         -1.3522       -1.3522       
  Bias      -0.000991   
  Bet>0 TC  0.303889    
  Factor    0.003260    

Spread 1:10 evaluation edge (5000000000 rounds): 0.079947  std(X): 7.774633  E[X^2]: 60.451317
Optimal Kelly multiplier:    1.150000  fitted-signal target: 1.000000
Optimal Kelly growth/round:  1.000119  stddev: 0.000016
Sanity checks:
  Sum(weights): 0.161693  (unconstrained)
  10-value consistency: mean=-1.000000  max_dev=0.000365  rel=0.036543%  (PASS)
  Bias vs flat edge: bias=-0.000991  flat_edge=-0.002645  diff=0.001654  rel_to_0.5%=33.083713%
  Bias constraint: free
EV-count graph:         41 points  res=0.250000  speed: 6750007 hands/sec
Count histogram:        total=350689708  symmetry_rel_diff=2.4852%  (PASS, expected roughly symmetric)
P1 sample rounds=100000000  speed=4089143 hands/sec  avg|ΔQ|=0.335464  threshold=0.005000
P1 sample rounds=200000000  speed=3987082 hands/sec  avg|ΔQ|=0.044782  threshold=0.005000
P1 sample rounds=300000000  speed=3859464 hands/sec  avg|ΔQ|=0.024669  threshold=0.005000
P1 sample rounds=400000000  speed=3796471 hands/sec  avg|ΔQ|=0.017623  threshold=0.005000
P1 sample rounds=500000000  speed=3725755 hands/sec  avg|ΔQ|=0.014093  threshold=0.005000
P1 sample rounds=600000000  speed=3653702 hands/sec  avg|ΔQ|=0.011996  threshold=0.005000
P1 sample rounds=700000000  speed=3601416 hands/sec  avg|ΔQ|=0.010617  threshold=0.005000
P1 sample rounds=800000000  speed=3587106 hands/sec  avg|ΔQ|=0.009636  threshold=0.005000
P1 sample rounds=900000000  speed=3564907 hands/sec  avg|ΔQ|=0.008966  threshold=0.005000
P1 sample rounds=1000000000  speed=3522702 hands/sec  avg|ΔQ|=0.008345  threshold=0.005000
P1 sample rounds=1100000000  speed=3500821 hands/sec  avg|ΔQ|=0.007896  threshold=0.005000
P1 sample rounds=1200000000  speed=3476195 hands/sec  avg|ΔQ|=0.007480  threshold=0.005000
P1 sample rounds=1300000000  speed=3443818 hands/sec  avg|ΔQ|=0.007226  threshold=0.005000
P1 sample rounds=1400000000  speed=3426862 hands/sec  avg|ΔQ|=0.006805  threshold=0.005000
P1 sample rounds=1500000000  speed=3399981 hands/sec  avg|ΔQ|=0.006557  threshold=0.005000
P1 sample rounds=1600000000  speed=3387563 hands/sec  avg|ΔQ|=0.006346  threshold=0.005000
P1 sample rounds=1700000000  speed=3364711 hands/sec  avg|ΔQ|=0.006176  threshold=0.005000
P1 sample rounds=1800000000  speed=3350084 hands/sec  avg|ΔQ|=0.006033  threshold=0.005000
P1 sample rounds=1900000000  speed=3336330 hands/sec  avg|ΔQ|=0.005769  threshold=0.005000
P1 sample rounds=2000000000  speed=3324523 hands/sec  avg|ΔQ|=0.005613  threshold=0.005000
P1 sample rounds=2100000000  speed=3313050 hands/sec  avg|ΔQ|=0.005479  threshold=0.005000
P1 sample rounds=2200000000  speed=3293591 hands/sec  avg|ΔQ|=0.005328  threshold=0.005000
P1 sample rounds=2300000000  speed=3282296 hands/sec  avg|ΔQ|=0.005221  threshold=0.005000
P1 sample rounds=2400000000  speed=3264613 hands/sec  avg|ΔQ|=0.005099  threshold=0.005000
P1 sample rounds=2500000000  speed=3256489 hands/sec  avg|ΔQ|=0.004942  threshold=0.005000

--- P1 ---
Training rounds: 2500000000
Training speed: 3256489 hands/sec
Training flat edge:   -0.509207
Evaluation flat edge (5000000000 rounds): 0.005586  std(X): 1.247709  E[X^2]: 1.556808
Spread 1:10 evaluation edge (5000000000 rounds): 0.122268  std(X): 8.173764  E[X^2]: 66.825359
Kelly growth per round:      1.000213  stddev: 0.000015

=== P1 Strategy ===

========== Count: -5 ==========

Hard
       2   3   4   5   6   7   8   9  10   A
  5    H   H   H   H   H   H   H   H   H   H
  6    H   H   H   H   H   H   H   H   H   H
  7    H   H   H   H   H   H   H   H   H   H
  8    H   H   H   H   H   H   H   H   H   H
  9    H   H   H   H   H   H   H   H   H   H
 10    H   H   H   H   H   H   H   H   H   H
 11    H   H   H  Dh  Dh   H   H   H   H   H
 12    H   H   H   H   H   H   H   H   H   H
 13    H   H   H   H   H   H   H   H   H   H
 14    H   H   H   H   H   H   H   H   H   H
 15    H   H   H   H   H   H   H   H   H   H
 16    H   H   H   H   H   H   H   H   H   H
 17    S   S   S   S   S   S   S   S   S  Xh
 18    S   S   S   S   S   S   S   S   S   S
 19    S   S   S   S   S   S   S   S   S   S
 20    S   S   S   S   S   S   S   S   S   S
 21    S   S   S   S   S   S   S   S   S   S

Soft
       2   3   4   5   6   7   8   9  10   A
 13    H   H   H  Dh  Dh   H   H   H   H   H
 14    H   H   H   H  Dh   H   H   H   H   H
 15    H   H   H   H  Dh   H   H   H   H   H
 16    H   H   H   H  Dh   H   H   H   H   H
 17    H   H   H   H  Dh   H   H   H   H   H
 18    S   S   S   H  Dh   S   S   H   H   H
 19    S   S   S   S   S   S   S   S   S   S
 20    S   S   S   S   S   S   S   S   S   S
 21    S   S   S   S   S   S   S   S   S   S

Pair
       2   3   4   5   6   7   8   9  10   A
  2    H   H   H   H   P   P   H   H   H   H
  3    H   H   P   P   P   P   H   H   H   H
  4    H   H   H   P   P   P   H   H   H   H
  5    H   H   H   H   H   H   H   H   H   H
  6    H   H   H   P   P   P   P   H   H   H
  7    P   P   P   P   P   P   P   H   H   H
  8    P   P   P   P   P   P   P   P   P   H
  9    S   S   S   S   S   S   P   P   S   S
 10    S   S   S   S   S   S   S   S   S   S
 11    P   P   P   P   P   P   P   P   P   P

One card
       2   3   4   5   6   7   8   9  10   A
  2    H   H   H   H   H   H   H   H   H   H
  3    H   H   H   H   H   H   H   H   H   H
  4    H   H   H   H   H   H   H   H   H   H
  5    H   H   H   H   H   H   H   H   H   H
  6    H   H   H   H   H   H   H   H   H   H
  7    H   H   H   H   H   H   H   H   H   H
  8    H   H   H   H   H   H   H   H   H   H
  9    H   H   H   H   H   H   H   H   H   H
 10    H   H   H   H   H   H   H   H   H   H
  A    H   H   H   H   H   H   H   H   H   H

BlackJack
       2   3   4   5   6   7   8   9  10   A
 21    S   S   S   S   S   S   S   S   S   S

After Double
       2   3   4   5   6   7   8   9  10   A
  6    S   S   S   S   S   S  Xs   S   S  Xs
  7    S   S   S   S   S   S   S   S  Xs  Xs
  8    S   S   S   S   S  Ds  Xs   S  Xs  Xs
  9   Ds  Ds  Ds  Ds  Ds  Ds  Ds  Ds  Ds  Xs
 10   Ds  Ds  Ds  Ds  Ds  Ds  Ds  Ds  Ds  Ds
 11   Ds  Ds  Ds  Ds  Ds  Ds  Ds  Ds  Ds  Ds
 12   Ds  Ds  Ds  Ds  Ds  Ds  Ds  Xs  Xs  Xs
 13   Ds  Ds  Ds  Ds   S  Ds  Xs  Xs  Xs  Xs
 14    S   S   S   S   S  Ds  Ds  Xs  Xs  Xs
 15    S   S   S   S   S  Ds  Xs  Xs  Xs  Xs
 16    S   S   S   S   S  Xs  Xs  Xs  Xs  Xs
 17    S   S   S   S   S   S   S   S   S  Xs
 18    S   S   S   S   S   S   S   S   S   S
 19    S   S   S   S   S   S   S   S   S   S
 20    S   S   S   S   S   S   S   S   S   S
 21    S   S   S   S   S   S   S   S   S   S

After Double (Soft)
       2   3   4   5   6   7   8   9  10   A
 13   Ds  Ds  Ds  Ds  Ds  Ds  Ds  Ds  Ds  Ds
 14   Ds  Ds  Ds  Ds  Ds  Ds  Ds  Ds  Ds  Ds
 15   Ds  Ds  Ds  Ds  Ds  Ds  Ds  Ds  Ds  Ds
 16   Ds  Ds  Ds  Ds  Ds  Ds  Ds  Ds  Ds  Ds
 17   Ds  Ds  Ds  Ds  Ds  Ds  Ds  Ds  Ds  Ds
 18    S   S   S   S   S   S   S   S   S   S
 19    S   S   S   S   S   S   S   S   S   S
 20    S   S   S   S   S   S   S   S   S   S
 21    S   S   S   S   S   S   S   S   S   S

========== Count: -4 ==========

Hard
       2   3   4   5   6   7   8   9  10   A
  5    H   H   H   H   H   H   H   H   H   H
  6    H   H   H   H   H   H   H   H   H   H
  7    H   H   H   H   H   H   H   H   H   H
  8    H   H   H   H   H   H   H   H   H   H
  9    H   H   H  Dh  Dh   H   H   H   H   H
 10   Dh  Dh  Dh  Dh  Dh   H   H   H   H   H
 11   Dh  Dh  Dh  Dh  Dh  Dh  Dh   H   H   H
 12    H   H   H   H   H   H   H   H   H   H
 13    H   H   H   H   H   H   H   H   H   H
 14    H   H   H   H   H   H   H   H   H   H
 15    H   H   H   H   S   H   H   H   H   H
 16    H   H   S   S   S   H   H   H   H   H
 17    S   S   S   S   S   S   S   S   S  Xh
 18    S   S   S   S   S   S   S   S   S   S
 19    S   S   S   S   S   S   S   S   S   S
 20    S   S   S   S   S   S   S   S   S   S
 21    S   S   S   S   S   S   S   S   S   S

Soft
       2   3   4   5   6   7   8   9  10   A
 13    H   H   H  Dh  Dh   H   H   H   H   H
 14    H   H   H   H  Dh   H   H   H   H   H
 15    H   H   H   H  Dh   H   H   H   H   H
 16    H   H   H   H  Dh   H   H   H   H   H
 17    H   H   H  Dh  Dh   H   H   H   H   H
 18    S   S   S   S  Ds   S   S   H   H   H
 19    S   S   S   S   S   S   S   S   S   S
 20    S   S   S   S   S   S   S   S   S   S
 21    S   S   S   S   S   S   S   S   S   S

Pair
       2   3   4   5   6   7   8   9  10   A
  2    H   H   H   P   P   P   H   H   H   H
  3    P   P   P   P   P   P   P   H   H   H
  4    H   P   P   P   P   P   H   H   H   H
  5   Dh   H   H  Dh  Dh   H   H   H   H   H
  6    P   P   P   P   P   P   P   H   H   H
  7    P   P   P   P   P   P   P   H   H   H
  8    P   P   P   P   P   P   P   P   P   H
  9    S   S   S   S   S   S   P   P   S   S
 10    S   S   S   S   S   S   S   S   S   S
 11    P   P   P   P   P   P   P   P   P   P

One card
       2   3   4   5   6   7   8   9  10   A
  2    H   H   H   H   H   H   H   H   H   H
  3    H   H   H   H   H   H   H   H   H   H
  4    H   H   H   H   H   H   H   H   H   H
  5    H   H   H   H   H   H   H   H   H   H
  6    H   H   H   H   H   H   H   H   H   H
  7    H   H   H   H   H   H   H   H   H   H
  8    H   H   H   H   H   H   H   H   H   H
  9    H   H   H   H   H   H   H   H   H   H
 10    H   H   H   H   H   H   H   H   H   H
  A    H   H   H   H   H   H   H   H   H   H

BlackJack
       2   3   4   5   6   7   8   9  10   A
 21    S   S   S   S   S   S   S   S   S   S

After Double
       2   3   4   5   6   7   8   9  10   A
  6   Xs   S   S   S   S   S   S  Xs  Xs   S
  7    S   S   S   S   S  Xs   S   S  Xs  Xs
  8   Ds  Ds   S  Ds  Ds  Ds   S   S  Xs  Xs
  9   Ds  Ds  Ds  Ds  Ds  Ds  Ds  Ds  Ds  Xs
 10   Ds  Ds  Ds  Ds  Ds  Ds  Ds  Ds  Ds  Ds
 11   Ds  Ds  Ds  Ds  Ds  Ds  Ds  Ds  Ds  Ds
 12    S   S   S   S   S  Ds  Xs  Xs  Xs  Xs
 13    S   S   S   S   S  Ds  Xs  Xs  Xs  Xs
 14    S   S   S   S   S  Xs  Xs  Xs  Xs  Xs
 15    S   S   S   S   S   S  Xs  Xs  Xs  Xs
 16    S   S   S   S   S  Xs  Xs  Xs  Xs  Xs
 17    S   S   S   S   S   S   S   S   S  Xs
 18    S   S   S   S   S   S   S   S   S   S
 19    S   S   S   S   S   S   S   S   S   S
 20    S   S   S   S   S   S   S   S   S   S
 21    S   S   S   S   S   S   S   S   S   S

After Double (Soft)
       2   3   4   5   6   7   8   9  10   A
 13   Ds  Ds  Ds  Ds  Ds  Ds  Ds  Ds  Ds  Ds
 14   Ds  Ds  Ds  Ds  Ds  Ds  Ds  Ds  Ds  Ds
 15   Ds  Ds  Ds  Ds  Ds  Ds  Ds  Ds  Ds  Ds
 16   Ds  Ds  Ds  Ds  Ds  Ds  Ds  Ds  Ds  Ds
 17   Ds  Ds  Ds  Ds  Ds  Ds  Ds  Ds  Ds  Ds
 18    S   S   S   S   S   S   S   S   S   S
 19    S   S   S   S   S   S   S   S   S   S
 20    S   S   S   S   S   S   S   S   S   S
 21    S   S   S   S   S   S   S   S   S   S

========== Count: -3 ==========

Hard
       2   3   4   5   6   7   8   9  10   A
  5    H   H   H   H   H   H   H   H   H   H
  6    H   H   H   H   H   H   H   H   H   H
  7    H   H   H   H   H   H   H   H   H   H
  8    H   H   H   H  Dh   H   H   H   H   H
  9    H   H   H  Dh  Dh   H   H   H   H   H
 10   Dh  Dh  Dh  Dh  Dh   H   H   H   H   H
 11   Dh  Dh  Dh  Dh  Dh  Dh  Dh   H   H  Dh
 12    H   H   H   H   H   H   H   H   H   H
 13    H   H   H   H   H   H   H   H   H   H
 14    H   H   H   H   H   H   H   H   H   H
 15    H   H   H   S   S   H   H   H   H   H
 16    H   S   S   S   S   H   H   H   H   H
 17    S   S   S   S   S   S   S   S   S  Xh
 18    S   S   S   S   S   S   S   S   S   S
 19    S   S   S   S   S   S   S   S   S   S
 20    S   S   S   S   S   S   S   S   S   S
 21    S   S   S   S   S   S   S   S   S   S

Soft
       2   3   4   5   6   7   8   9  10   A
 13    H   H   H  Dh  Dh   H   H   H   H   H
 14    H   H   H  Dh  Dh   H   H   H   H   H
 15    H   H   H   H  Dh   H   H   H   H   H
 16    H   H   H   H  Dh   H   H   H   H   H
 17    H   H   H  Dh  Dh   H   H   H   H   H
 18    S   S   S  Ds  Ds   S   S   H   H   H
 19    S   S   S   S   S   S   S   S   S   S
 20    S   S   S   S   S   S   S   S   S   S
 21    S   S   S   S   S   S   S   S   S   S

Pair
       2   3   4   5   6   7   8   9  10   A
  2    H   H   P   P   P   P   H   H   H   H
  3    P   P   P   P   P   P   P   H   H   H
  4    H   P   P   P   P   H   H   H   H   H
  5    H  Dh  Dh  Dh  Dh   H   H   H   H   H
  6    H   H   P   P   P   P   P   H   H   H
  7    P   P   P   P   P   P   P   H   H   H
  8    P   P   P   P   P   P   P   P   P   H
  9    S   S   S   P   P   S   P   P   S   S
 10    S   S   S   S   S   S   S   S   S   S
 11    P   P   P   P   P   P   P   P   P   P

One card
       2   3   4   5   6   7   8   9  10   A
  2    H   H   H   H   H   H   H   H   H   H
  3    H   H   H   H   H   H   H   H   H   H
  4    H   H   H   H   H   H   H   H   H   H
  5    H   H   H   H   H   H   H   H   H   H
  6    H   H   H   H   H   H   H   H   H   H
  7    H   H   H   H   H   H   H   H   H   H
  8    H   H   H   H   H   H   H   H   H   H
  9    H   H   H   H   H   H   H   H   H   H
 10    H   H   H   H   H   H   H   H   H   H
  A    H   H   H   H   H   H   H   H   H   H

BlackJack
       2   3   4   5   6   7   8   9  10   A
 21    S   S   S   S   S   S   S   S   S   S

After Double
       2   3   4   5   6   7   8   9  10   A
  6   Xs   S   S   S   S   S   S  Xs  Xs  Xs
  7    S   S   S   S   S   S  Xs   S  Xs  Xs
  8   Ds   S   S  Ds  Ds  Ds   S  Xs  Xs  Xs
  9   Ds  Ds  Ds  Ds  Ds  Ds  Ds  Ds  Ds  Xs
 10   Ds  Ds  Ds  Ds  Ds  Ds  Ds  Ds  Ds  Ds
 11   Ds  Ds  Ds  Ds  Ds  Ds  Ds  Ds  Ds  Ds
 12    S   S   S   S   S  Ds  Ds  Xs  Xs  Xs
 13    S   S   S   S   S  Xs  Xs  Xs  Xs  Xs
 14    S   S   S   S   S  Xs  Xs  Xs  Xs  Xs
 15    S   S   S   S   S   S  Xs  Xs  Xs  Xs
 16    S   S   S   S   S  Xs  Xs  Xs  Xs  Xs
 17    S   S   S   S   S   S   S   S   S  Xs
 18    S   S   S   S   S   S   S   S   S   S
 19    S   S   S   S   S   S   S   S   S   S
 20    S   S   S   S   S   S   S   S   S   S
 21    S   S   S   S   S   S   S   S   S   S

After Double (Soft)
       2   3   4   5   6   7   8   9  10   A
 13   Ds  Ds  Ds  Ds  Ds  Ds  Ds  Ds  Ds   S
 14   Ds  Ds  Ds  Ds  Ds  Ds  Ds  Ds  Ds  Ds
 15   Ds  Ds  Ds  Ds  Ds  Ds  Ds  Ds  Ds  Ds
 16   Ds  Ds  Ds  Ds  Ds  Ds  Ds  Ds  Ds  Ds
 17   Ds  Ds  Ds  Ds  Ds  Ds  Ds  Ds  Ds  Ds
 18    S   S   S   S  Ds   S   S   S   S   S
 19    S   S   S   S   S   S   S   S   S   S
 20    S   S   S   S   S   S   S   S   S   S
 21    S   S   S   S   S   S   S   S   S   S

========== Count: -2 ==========

Hard
       2   3   4   5   6   7   8   9  10   A
  5    H   H   H   H   H   H   H   H   H   H
  6    H   H   H   H   H   H   H   H   H   H
  7    H   H   H   H   H   H   H   H   H   H
  8    H   H   H   H  Dh   H   H   H   H   H
  9    H   H  Dh  Dh  Dh   H   H   H   H   H
 10   Dh  Dh  Dh  Dh  Dh  Dh   H   H   H   H
 11   Dh  Dh  Dh  Dh  Dh  Dh  Dh  Dh   H  Dh
 12    H   H   H   H   H   H   H   H   H   H
 13    H   H   H   H   H   H   H   H   H   H
 14    H   H   H   H   S   H   H   H   H   H
 15    H   H   H   S   S   H   H   H   H   H
 16    H   S   S   S   S   H   H   H   H   H
 17    S   S   S   S   S   S   S   S   S  Xh
 18    S   S   S   S   S   S   S   S   S   S
 19    S   S   S   S   S   S   S   S   S   S
 20    S   S   S   S   S   S   S   S   S   S
 21    S   S   S   S   S   S   S   S   S   S

Soft
       2   3   4   5   6   7   8   9  10   A
 12    S   -   -   -   -   -   -   -   -   -
 13    H   H   H  Dh  Dh   H   H   H   H   H
 14    H   H   H  Dh  Dh   H   H   H   H   H
 15    H   H   H  Dh  Dh   H   H   H   H   H
 16    H   H   H   H  Dh   H   H   H   H   H
 17    H   H   H  Dh  Dh   H   H   H   H   H
 18    S   S  Ds  Ds  Ds   S   S   H   H   H
 19    S   S   S   S   S   S   S   S   S   S
 20    S   S   S   S   S   S   S   S   S   S
 21    S   S   S   S   S   S   S   S   S   S

Pair
       2   3   4   5   6   7   8   9  10   A
  2    H   P   P   P   P   P   H   H   H   H
  3    P   P   P   P   P   P   P   H   H   H
  4    H   H   P   P   P   H   H   H   H   H
  5   Dh  Dh  Dh  Dh  Dh   H  Dh   H   H   H
  6    H   P   P   P   P   P   P   H   H   H
  7    P   P   P   P   P   P   P   H   H   H
  8    P   P   P   P   P   P   P   P   P   H
  9    S   S   S   P   P   S   P   P   S   S
 10    S   S   S   S   S   S   S   S   S   S
 11    P   P   P   P   P   P   P   P   P   P

One card
       2   3   4   5   6   7   8   9  10   A
  2    H   H   H   H   H   H   H   H   H   H
  3    H   H   H   H   H   H   H   H   H   H
  4    H   H   H   H   H   H   H   H   H   H
  5    H   H   H   H   H   H   H   H   H   H
  6    H   H   H   H   H   H   H   H   H   H
  7    H   H   H   H   H   H   H   H   H   H
  8    H   H   H   H   H   H   H   H   H   H
  9    H   H   H   H   H   H   H   H   H   H
 10    H   H   H   H   H   H   H   H   H   H
  A    H   H   H   H   H   H   H   H   H   H

BlackJack
       2   3   4   5   6   7   8   9  10   A
 21    S   S   S   S   S   S   S   S   S   S

After Double
       2   3   4   5   6   7   8   9  10   A
  6   Ds  Ds  Xs   S   S  Xs  Xs  Xs   S   S
  7    S   S   S   S   S   S  Xs   S  Xs  Xs
  8    S   S  Ds  Ds  Ds  Ds  Ds  Xs  Xs  Xs
  9   Ds  Ds  Ds  Ds  Ds  Ds  Ds  Ds  Ds  Ds
 10   Ds  Ds  Ds  Ds  Ds  Ds  Ds  Ds  Ds  Ds
 11   Ds  Ds  Ds  Ds  Ds  Ds  Ds  Ds  Ds  Ds
 12    S   S   S   S   S  Ds  Xs  Xs  Xs  Xs
 13    S   S   S   S   S   S  Xs  Xs  Xs  Xs
 14    S   S   S   S   S   S  Xs  Xs  Xs  Xs
 15    S   S   S   S   S  Xs  Xs  Xs  Xs  Xs
 16    S   S   S   S   S  Xs  Xs  Xs  Xs  Xs
 17    S   S   S   S   S   S   S   S   S  Xs
 18    S   S   S   S   S   S   S   S   S   S
 19    S   S   S   S   S   S   S   S   S   S
 20    S   S   S   S   S   S   S   S   S   S
 21    S   S   S   S   S   S   S   S   S   S

After Double (Soft)
       2   3   4   5   6   7   8   9  10   A
 13   Ds  Ds  Ds  Ds  Ds  Ds  Ds  Ds  Ds  Ds
 14   Ds  Ds  Ds  Ds  Ds  Ds  Ds  Ds  Ds  Ds
 15   Ds  Ds  Ds  Ds  Ds  Ds  Ds  Ds  Ds  Ds
 16   Ds  Ds  Ds  Ds  Ds  Ds  Ds  Ds  Ds  Ds
 17   Ds  Ds  Ds  Ds  Ds  Ds  Ds  Ds  Ds  Ds
 18    S   S   S  Ds  Ds   S   S   S   S   S
 19    S   S   S   S   S   S   S   S   S   S
 20    S   S   S   S   S   S   S   S   S   S
 21    S   S   S   S   S   S   S   S   S   S

========== Count: -1 ==========

Hard
       2   3   4   5   6   7   8   9  10   A
  5    H   H   H   H   H   H   H   H   H   H
  6    H   H   H   H   H   H   H   H   H   H
  7    H   H   H   H   H   H   H   H   H   H
  8    H   H   H  Dh  Dh   H   H   H   H   H
  9    H   H  Dh  Dh  Dh   H   H   H   H   H
 10   Dh  Dh  Dh  Dh  Dh  Dh   H   H   H   H
 11   Dh  Dh  Dh  Dh  Dh  Dh  Dh  Dh   H  Dh
 12    H   H   H   H   H   H   H   H   H   H
 13    H   H   H   H   H   H   H   H   H   H
 14    H   H   H   H   S   H   H   H   H   H
 15    H   H   S   S   S   H   H   H   H   H
 16    S   S   S   S   S   H   H   H   H  Xh
 17    S   S   S   S   S   S   S   S   S  Xs
 18    S   S   S   S   S   S   S   S   S   S
 19    S   S   S   S   S   S   S   S   S   S
 20    S   S   S   S   S   S   S   S   S   S
 21    S   S   S   S   S   S   S   S   S   S

Soft
       2   3   4   5   6   7   8   9  10   A
 12    -   -   -   S   -   H   -   S   -   -
 13    H   H  Dh  Dh  Dh   H   H   H   H   H
 14    H   H  Dh  Dh  Dh   H   H   H   H   H
 15    H   H   H  Dh  Dh   H   H   H   H   H
 16    H   H   H   H  Dh   H   H   H   H   H
 17    H   H   H  Dh  Dh   H   H   H   H   H
 18    S   S  Ds  Ds  Ds   S   S   H   H   H
 19    S   S   S   S   S   S   S   S   S   S
 20    S   S   S   S   S   S   S   S   S   S
 21    S   S   S   S   S   S   S   S   S   S

Pair
       2   3   4   5   6   7   8   9  10   A
  2    P   P   P   P   P   P   H   H   H   H
  3    P   P   P   P   P   P   P   H   H   H
  4    H   H   P   P  Dh   H   H   H   H   H
  5   Dh  Dh  Dh  Dh  Dh   H  Dh   H   H   H
  6    H   P   P   P   P   P   H   H   H   H
  7    P   P   P   P   P   P   P   H   H   H
  8    P   P   P   P   P   P   P   P   P   H
  9    S   P   P   P   P   S   P   P   S   S
 10    S   S   S   S   S   S   S   S   S   S
 11    P   P   P   P   P   P   P   P   P   P

One card
       2   3   4   5   6   7   8   9  10   A
  2    H   H   H   H   H   H   H   H   H   H
  3    H   H   H   H   H   H   H   H   H   H
  4    H   H   H   H   H   H   H   H   H   H
  5    H   H   H   H   H   H   H   H   H   H
  6    H   H   H   H   H   H   H   H   H   H
  7    H   H   H   H   H   H   H   H   H   H
  8    H   H   H   H   H   H   H   H   H   H
  9    H   H   H   H   H   H   H   H   H   H
 10    H   H   H   H   H   H   H   H   H   H
  A    H   H   H   H   H   H   H   H   H   H

BlackJack
       2   3   4   5   6   7   8   9  10   A
 21    S   S   S   S   S   S   S   S   S   S

After Double
       2   3   4   5   6   7   8   9  10   A
  6   Xs   S   S   S   S   S   S   S  Xs  Xs
  7    S   S   S   S   S   S  Xs  Xs   S  Xs
  8   Ds   S  Ds  Ds  Ds  Ds  Ds   S  Xs  Xs
  9   Ds  Ds  Ds  Ds  Ds  Ds  Ds  Ds  Ds  Ds
 10   Ds  Ds  Ds  Ds  Ds  Ds  Ds  Ds  Ds  Ds
 11   Ds  Ds  Ds  Ds  Ds  Ds  Ds  Ds  Ds  Ds
 12    S   S   S   S   S  Ds  Xs  Xs  Xs  Xs
 13    S   S   S   S   S  Ds  Xs  Xs  Xs  Xs
 14    S   S   S   S   S   S  Xs  Xs  Xs  Xs
 15    S   S   S   S   S   S  Xs  Xs  Xs  Xs
 16    S   S   S   S   S   S  Xs  Xs  Xs  Xs
 17    S   S   S   S   S   S   S   S   S  Xs
 18    S   S   S   S   S   S   S   S   S   S
 19    S   S   S   S   S   S   S   S   S   S
 20    S   S   S   S   S   S   S   S   S   S
 21    S   S   S   S   S   S   S   S   S   S

After Double (Soft)
       2   3   4   5   6   7   8   9  10   A
 13    S  Ds  Ds  Ds  Ds  Ds  Ds  Ds  Ds   S
 14   Ds  Ds  Ds  Ds  Ds  Ds  Ds  Ds  Ds  Ds
 15   Ds  Ds  Ds  Ds  Ds  Ds  Ds  Ds  Ds  Ds
 16   Ds  Ds  Ds  Ds  Ds  Ds  Ds  Ds  Ds  Ds
 17   Ds  Ds  Ds  Ds  Ds  Ds  Ds  Ds  Ds  Ds
 18    S   S   S  Ds  Ds   S   S   S   S   S
 19    S   S   S   S   S   S   S   S   S   S
 20    S   S   S   S   S   S   S   S   S   S
 21    S   S   S   S   S   S   S   S   S   S

========== Count: 0 ==========

Hard
       2   3   4   5   6   7   8   9  10   A
  4    -   -   S   -   H   -   -   -   -   -
  5    H   H   H   H   H   H   H   H   H   H
  6    H   H   H   H   H   H   H   H   H   H
  7    H   H   H   H  Dh   H   H   H   H   H
  8    H   H   H  Dh  Dh   H   H   H   H   H
  9    H  Dh  Dh  Dh  Dh   H   H   H   H   H
 10   Dh  Dh  Dh  Dh  Dh  Dh  Dh   H   H   H
 11   Dh  Dh  Dh  Dh  Dh  Dh  Dh  Dh  Dh  Dh
 12    H   H   H   H   H   H   H   H   H   H
 13    H   H   H   H   H   H   H   H   H   H
 14    H   H   H   S   S   H   H   H   H   H
 15    S   S   S   S   S   H   H   H   H   H
 16    S   S   S   S   S   H   H   H   H  Xh
 17    S   S   S   S   S   S   S   S   S  Xs
 18    S   S   S   S   S   S   S   S   S   S
 19    S   S   S   S   S   S   S   S   S   S
 20    S   S   S   S   S   S   S   S   S   S
 21    S   S   S   S   S   S   S   S   S   S

Soft
       2   3   4   5   6   7   8   9  10   A
 13    H   H  Dh  Dh  Dh   H   H   H   H   H
 14    H   H  Dh  Dh  Dh   H   H   H   H   H
 15    H   H   H  Dh  Dh   H   H   H   H   H
 16    H   H   H  Dh  Dh   H   H   H   H   H
 17    H   H   H  Dh  Dh   H   H   H   H   H
 18    S   S  Ds  Ds  Ds   S   S   H   H   H
 19    S   S   S   S   S   S   S   S   S   S
 20    S   S   S   S   S   S   S   S   S   S
 21    S   S   S   S   S   S   S   S   S   S

Pair
       2   3   4   5   6   7   8   9  10   A
  2    P   P   P   P   P   P   H   H   H   H
  3    P   P   P   P   P   P   P   H   H   H
  4    H   H   P  Dh   P   H   H   H   H   H
  5   Dh  Dh  Dh  Dh  Dh  Dh  Dh   H   H   H
  6    H   P   P   P   P   P   H   H   H   H
  7    P   P   P   P   P   P   P   H   H   H
  8    P   P   P   P   P   P   P   P   P  Xh
  9    S   P   P   P   P   S   P   P   S   S
 10    S   S   S   S   S   S   S   S   S   S
 11    P   P   P   P   P   P   P   P   P   P

One card
       2   3   4   5   6   7   8   9  10   A
  2    H   H   H   H   H   H   H   H   H   H
  3    H   H   H   H   H   H   H   H   H   H
  4    H   H   H   H   H   H   H   H   H   H
  5    H   H   H   H   H   H   H   H   H   H
  6    H   H   H   H   H   H   H   H   H   H
  7    H   H   H   H   H   H   H   H   H   H
  8    H   H   H   H   H   H   H   H   H   H
  9    H   H   H   H   H   H   H   H   H   H
 10    H   H   H   H   H   H   H   H   H   H
  A    H   H   H   H   H   H   H   H   H   H

BlackJack
       2   3   4   5   6   7   8   9  10   A
 21    S   S   S   S   S   S   S   S   S   S

After Double
       2   3   4   5   6   7   8   9  10   A
  6   Xs   S   S   S   S  Xs  Xs   S  Xs  Xs
  7    S   S   S   S   S   S  Xs  Xs  Xs  Xs
  8   Ds  Ds  Ds  Ds  Ds  Ds  Ds   S  Xs  Xs
  9   Ds  Ds  Ds  Ds  Ds  Ds  Ds  Ds  Ds  Ds
 10   Ds  Ds  Ds  Ds  Ds  Ds  Ds  Ds  Ds  Ds
 11   Ds  Ds  Ds  Ds  Ds  Ds  Ds  Ds  Ds  Ds
 12    S   S   S   S   S  Ds  Xs  Xs  Xs  Xs
 13    S   S   S   S   S   S  Xs  Xs  Xs  Xs
 14    S   S   S   S   S   S  Xs  Xs  Xs  Xs
 15    S   S   S   S   S   S  Xs  Xs  Xs  Xs
 16    S   S   S   S   S  Xs  Xs  Xs  Xs  Xs
 17    S   S   S   S   S   S   S   S   S  Xs
 18    S   S   S   S   S   S   S   S   S   S
 19    S   S   S   S   S   S   S   S   S   S
 20    S   S   S   S   S   S   S   S   S   S
 21    S   S   S   S   S   S   S   S   S   S

After Double (Soft)
       2   3   4   5   6   7   8   9  10   A
 13   Ds  Ds  Ds  Ds  Ds  Ds  Ds  Ds  Ds   S
 14   Ds  Ds  Ds  Ds  Ds  Ds  Ds  Ds  Ds  Ds
 15   Ds  Ds  Ds  Ds  Ds  Ds  Ds  Ds  Ds  Ds
 16   Ds  Ds  Ds  Ds  Ds  Ds  Ds  Ds  Ds  Ds
 17   Ds  Ds  Ds  Ds  Ds  Ds  Ds  Ds  Ds  Ds
 18    S   S   S   S  Ds   S   S   S   S   S
 19    S   S   S   S   S   S   S   S   S   S
 20    S   S   S   S   S   S   S   S   S   S
 21    S   S   S   S   S   S   S   S   S   S

========== Count: 1 ==========

Hard
       2   3   4   5   6   7   8   9  10   A
  5    H   H   H   H   H   H   H   H   H   H
  6    H   H   H   H  Dh   H   H   H   H   H
  7    H   H   H   H  Dh   H   H   H   H   H
  8    H   H  Dh  Dh  Dh   H   H   H   H   H
  9    H  Dh  Dh  Dh  Dh  Dh   H   H   H   H
 10   Dh  Dh  Dh  Dh  Dh  Dh  Dh  Dh   H   H
 11   Dh  Dh  Dh  Dh  Dh  Dh  Dh  Dh  Dh  Dh
 12    H   H   H   H   H   H   H   H   H   H
 13    H   H   H   H   H   H   H   H   H   H
 14    H   H   S   S   S   H   H   H   H   H
 15    S   S   S   S   S   H   H   H   H   H
 16    S   S   S   S   S   H   H   H   H  Xh
 17    S   S   S   S   S   S   S   S   S  Xs
 18    S   S   S   S   S   S   S   S   S   S
 19    S   S   S   S   S   S   S   S   S   S
 20    S   S   S   S   S   S   S   S   S   S
 21    S   S   S   S   S   S   S   S   S   S

Soft
       2   3   4   5   6   7   8   9  10   A
 13    H   H  Dh  Dh  Dh   H   H   H   H   H
 14    H   H  Dh  Dh  Dh   H   H   H   H   H
 15    H   H  Dh  Dh  Dh   H   H   H   H   H
 16    H   H   H  Dh  Dh   H   H   H   H   H
 17    H   H  Dh  Dh  Dh   H   H   H   H   H
 18    S   S  Ds  Ds  Ds   S   S   H   H   H
 19    S   S   S   S   S   S   S   S   S   S
 20    S   S   S   S   S   S   S   S   S   S
 21    S   S   S   S   S   S   S   S   S   S

Pair
       2   3   4   5   6   7   8   9  10   A
  2    P   P   P   P   P   P   H   H   H   H
  3    P   P   P   P   P   P   P   H   H   H
  4    H   H  Dh  Dh   P   H   H   H   H   H
  5   Dh  Dh  Dh  Dh  Dh  Dh  Dh   H   H   H
  6    H   P   P   P   P   P   H   H   H   H
  7    P   P   P   P   P   P   P   H   H   H
  8    P   P   P   P   P   P   P   P   P  Xh
  9    P   P   P   P   P   S   P   P   S   S
 10    S   S   S   S   S   S   S   S   S   S
 11    P   P   P   P   P   P   P   P   P   P

One card
       2   3   4   5   6   7   8   9  10   A
  2    H   H   H   H   H   H   H   H   H   H
  3    H   H   H   H   H   H   H   H   H   H
  4    H   H   H   H   H   H   H   H   H   H
  5    H   H   H   H   H   H   H   H   H   H
  6    H   H   H   H   H   H   H   H   H   H
  7    H   H   H   H   H   H   H   H   H   H
  8    H   H   H   H   H   H   H   H   H   H
  9    H   H   H   H   H   H   H   H   H   H
 10    H   H   H   H   H   H   H   H   H   H
  A    H   H   H   H   H   H   H   H   H   H

BlackJack
       2   3   4   5   6   7   8   9  10   A
 21    S   S   S   S   S   S   S   S   S   S

After Double
       2   3   4   5   6   7   8   9  10   A
  6    S   S   S   S   S   S  Xs   S   S  Xs
  7    S   S   S   S   S   S  Xs  Xs  Xs  Xs
  8    S  Ds  Ds  Ds  Ds  Ds  Ds  Xs  Xs  Xs
  9   Ds  Ds  Ds  Ds  Ds  Ds  Ds  Ds  Ds  Ds
 10   Ds  Ds  Ds  Ds  Ds  Ds  Ds  Ds  Ds  Ds
 11   Ds  Ds  Ds  Ds  Ds  Ds  Ds  Ds  Ds  Ds
 12    S   S   S   S   S  Ds  Xs  Xs  Xs  Xs
 13    S   S   S   S   S   S  Xs  Xs  Xs  Xs
 14    S   S   S   S   S   S  Xs  Xs  Xs  Xs
 15    S   S   S   S   S   S  Xs  Xs  Xs  Xs
 16    S   S   S   S   S  Xs  Xs  Xs  Xs  Xs
 17    S   S   S   S   S   S   S   S   S  Xs
 18    S   S   S   S   S   S   S   S   S   S
 19    S   S   S   S   S   S   S   S   S   S
 20    S   S   S   S   S   S   S   S   S   S
 21    S   S   S   S   S   S   S   S   S   S

After Double (Soft)
       2   3   4   5   6   7   8   9  10   A
 13   Ds  Ds  Ds  Ds  Ds  Ds  Ds  Ds  Ds  Xs
 14   Ds  Ds  Ds  Ds  Ds  Ds  Ds  Ds  Ds  Ds
 15   Ds  Ds  Ds  Ds  Ds  Ds  Ds  Ds  Ds  Ds
 16   Ds  Ds  Ds  Ds  Ds  Ds  Ds  Ds  Ds  Ds
 17   Ds  Ds  Ds  Ds  Ds  Ds  Ds  Ds  Ds  Ds
 18    S   S   S  Ds  Ds   S   S   S   S   S
 19    S   S   S   S   S   S   S   S   S   S
 20    S   S   S   S   S   S   S   S   S   S
 21    S   S   S   S   S   S   S   S   S   S

========== Count: 2 ==========

Hard
       2   3   4   5   6   7   8   9  10   A
  5    H   H   H   H   H   H   H   H   H   H
  6    H   H   H   H  Dh   H   H   H   H   H
  7    H   H   H  Dh  Dh   H   H   H   H   H
  8    H   H  Dh  Dh  Dh   H   H   H   H   H
  9   Dh  Dh  Dh  Dh  Dh  Dh   H   H   H   H
 10   Dh  Dh  Dh  Dh  Dh  Dh  Dh  Dh  Dh  Dh
 11   Dh  Dh  Dh  Dh  Dh  Dh  Dh  Dh  Dh  Dh
 12    H   H   H   H   H   H   H   H   H   H
 13    H   H   H   H   S   H   H   H   H   H
 14    H   H   S   S   S   H   H   H   H   H
 15    S   S   S   S   S   H   H   H   H  Xh
 16    S   S   S   S   S   H   H   H   H  Xh
 17    S   S   S   S   S   S   S   S   S  Xs
 18    S   S   S   S   S   S   S   S   S   S
 19    S   S   S   S   S   S   S   S   S   S
 20    S   S   S   S   S   S   S   S   S   S
 21    S   S   S   S   S   S   S   S   S   S

Soft
       2   3   4   5   6   7   8   9  10   A
 13    H  Dh  Dh  Dh  Dh   H   H   H   H   H
 14    H   H  Dh  Dh  Dh   H   H   H   H   H
 15    H   H  Dh  Dh  Dh   H   H   H   H   H
 16    H   H   H  Dh  Dh   H   H   H   H   H
 17    H   H  Dh  Dh  Dh   H   H   H   H   H
 18    S   S  Ds  Ds  Ds   S   S   H   H   H
 19    S   S   S   S   S   S   S   S   S   S
 20    S   S   S   S   S   S   S   S   S   S
 21    S   S   S   S   S   S   S   S   S   S

Pair
       2   3   4   5   6   7   8   9  10   A
  2    P   P   P   P   P   P   H   H   H   H
  3    P   P   P   P   P   P   P   H   H   H
  4    H   H  Dh  Dh  Dh   H   H   H   H   H
  5   Dh  Dh  Dh  Dh  Dh  Dh  Dh  Dh   H   H
  6    H   P   P   P   P   P   H   H   H   H
  7    P   P   P   P   P   P   P   H   H  Xh
  8    P   P   P   P   P   P   P   P   P   P
  9    P   P   P   P   P   S   P   P   S   S
 10    S   S   S   S   S   S   S   S   S   S
 11    P   P   P   P   P   P   P   P   P   P

One card
       2   3   4   5   6   7   8   9  10   A
  2    H   H   H   H   H   H   H   H   H   H
  3    H   H   H   H   H   H   H   H   H   H
  4    H   H   H   H   H   H   H   H   H   H
  5    H   H   H   H   H   H   H   H   H   H
  6    H   H   H   H   H   H   H   H   H   H
  7    H   H   H   H   H   H   H   H   H   H
  8    H   H   H   H   H   H   H   H   H   H
  9    H   H   H   H   H   H   H   H   H   H
 10    H   H   H   H   H   H   H   H   H   H
  A    H   H   H   H   H   H   H   H   H   H

BlackJack
       2   3   4   5   6   7   8   9  10   A
 21    S   S   S   S   S   S   S   S   S   S

After Double
       2   3   4   5   6   7   8   9  10   A
  6   Xs   S   S   S   S   S   S   S   S  Xs
  7    S   S   S   S   S   S   S  Xs  Xs  Xs
  8   Ds  Ds  Ds  Ds  Ds  Ds  Ds  Xs  Xs  Xs
  9   Ds  Ds  Ds  Ds  Ds  Ds  Ds  Ds  Ds  Ds
 10   Ds  Ds  Ds  Ds  Ds  Ds  Ds  Ds  Ds  Ds
 11   Ds  Ds  Ds  Ds  Ds  Ds  Ds  Ds  Ds  Ds
 12    S   S   S   S   S  Ds  Xs  Xs  Xs  Xs
 13    S   S   S   S   S   S  Xs  Xs  Xs  Xs
 14    S   S   S   S   S   S  Xs  Xs  Xs  Xs
 15    S   S   S   S   S  Xs  Xs  Xs  Xs  Xs
 16    S   S   S   S   S  Xs  Xs  Xs  Xs  Xs
 17    S   S   S   S   S   S   S   S   S  Xs
 18    S   S   S   S   S   S   S   S   S   S
 19    S   S   S   S   S   S   S   S   S   S
 20    S   S   S   S   S   S   S   S   S   S
 21    S   S   S   S   S   S   S   S   S   S

After Double (Soft)
       2   3   4   5   6   7   8   9  10   A
 13   Ds  Ds  Ds  Ds  Ds  Ds  Ds  Ds  Ds   S
 14   Ds  Ds  Ds  Ds  Ds  Ds  Ds  Ds  Ds  Ds
 15   Ds  Ds  Ds  Ds  Ds  Ds  Ds  Ds  Ds  Ds
 16   Ds  Ds  Ds  Ds  Ds  Ds  Ds  Ds  Ds  Ds
 17   Ds  Ds  Ds  Ds  Ds   S  Ds  Ds   S  Ds
 18    S   S  Ds  Ds  Ds   S   S   S   S   S
 19    S   S   S   S   S   S   S   S   S   S
 20    S   S   S   S   S   S   S   S   S   S
 21    S   S   S   S   S   S   S   S   S   S

========== Count: 3 ==========

Hard
       2   3   4   5   6   7   8   9  10   A
  5    H   H   H   H  Dh   H   H   H   H   H
  6    H   H   H   H  Dh   H   H   H   H   H
  7    H   H   H  Dh  Dh   H   H   H   H   H
  8    H   H  Dh  Dh  Dh   H   H   H   H   H
  9   Dh  Dh  Dh  Dh  Dh  Dh   H   H   H   H
 10   Dh  Dh  Dh  Dh  Dh  Dh  Dh  Dh  Dh  Dh
 11   Dh  Dh  Dh  Dh  Dh  Dh  Dh  Dh  Dh  Dh
 12    H   H   H   H   H   H   H   H   H   H
 13    H   H   H   S   S   H   H   H   H   H
 14    H   S   S   S   S   H   H   H   H   H
 15    S   S   S   S   S   H   H   H   H  Xh
 16    S   S   S   S   S   H   H   H  Xh  Xh
 17    S   S   S   S   S   S   S   S   S  Xs
 18    S   S   S   S   S   S   S   S   S   S
 19    S   S   S   S   S   S   S   S   S   S
 20    S   S   S   S   S   S   S   S   S   S
 21    S   S   S   S   S   S   S   S   S   S

Soft
       2   3   4   5   6   7   8   9  10   A
 13    H   H  Dh  Dh  Dh   H   H   H   H   H
 14    H   H  Dh  Dh  Dh   H   H   H   H   H
 15    H   H  Dh  Dh  Dh   H   H   H   H   H
 16    H   H  Dh  Dh  Dh   H   H   H   H   H
 17    H   H  Dh  Dh  Dh   H   H   H   H   H
 18    S   S  Ds  Ds  Ds   S   S   H   H   H
 19    S   S   S   S  Ds   S   S   S   S   S
 20    S   S   S   S   S   S   S   S   S   S
 21    S   S   S   S   S   S   S   S   S   S

Pair
       2   3   4   5   6   7   8   9  10   A
  2    P   P   P   P   P   P   H   H   H   H
  3    P   P   P   P   P   P   P   H   H   H
  4    H  Dh  Dh  Dh   P   H   H   H   H   H
  5   Dh  Dh  Dh  Dh  Dh  Dh  Dh  Dh  Dh   H
  6    P   P   P   P   P   P   P   H   H   H
  7    P   P   P   P   P   P   P   H   H  Xh
  8    P   P   P   P   P   P   P   P   P   P
  9    P   P   P   P   P   S   P   P   S   S
 10    S   S   S   S   S   S   S   S   S   S
 11    P   P   P   P   P   P   P   P   P   P

One card
       2   3   4   5   6   7   8   9  10   A
  2    H   H   H   H   H   H   H   H   H   H
  3    H   H   H   H   H   H   H   H   H   H
  4    H   H   H   H   H   H   H   H   H   H
  5    H   H   H   H   H   H   H   H   H   H
  6    H   H   H   H   H   H   H   H   H   H
  7    H   H   H   H   H   H   H   H   H   H
  8    H   H   H   H   H   H   H   H   H   H
  9    H   H   H   H   H   H   H   H   H   H
 10    H   H   H   H   H   H   H   H   H   H
  A    H   H   H   H   H   H   H   H   H   H

BlackJack
       2   3   4   5   6   7   8   9  10   A
 21    S   S   S   S   S   S   S   S   S   S

After Double
       2   3   4   5   6   7   8   9  10   A
  6    S   S   S   S   S   S  Xs   S  Xs  Xs
  7    S   S   S   S   S   S   S  Xs  Xs  Xs
  8   Ds  Ds  Ds  Ds  Ds  Ds  Ds  Xs  Xs  Xs
  9   Ds  Ds  Ds  Ds  Ds  Ds  Ds  Ds  Ds  Ds
 10   Ds  Ds  Ds  Ds  Ds  Ds  Ds  Ds  Ds  Ds
 11   Ds  Ds  Ds  Ds  Ds  Ds  Ds  Ds  Ds  Ds
 12    S   S   S   S   S  Ds  Xs  Xs  Xs  Xs
 13    S   S   S   S   S   S  Xs  Xs  Xs  Xs
 14    S   S   S   S   S   S  Xs  Xs  Xs  Xs
 15    S   S   S   S   S   S  Xs  Xs  Xs  Xs
 16    S   S   S   S   S  Xs  Xs  Xs  Xs  Xs
 17    S   S   S   S   S   S   S   S   S  Xs
 18    S   S   S   S   S   S   S   S   S   S
 19    S   S   S   S   S   S   S   S   S   S
 20    S   S   S   S   S   S   S   S   S   S
 21    S   S   S   S   S   S   S   S   S   S

After Double (Soft)
       2   3   4   5   6   7   8   9  10   A
 13   Ds  Ds  Ds  Ds  Ds  Ds  Ds  Ds  Ds  Ds
 14   Ds  Ds  Ds  Ds  Ds  Ds  Ds  Ds  Ds  Ds
 15   Ds  Ds  Ds  Ds  Ds  Ds  Ds  Ds  Ds  Ds
 16   Ds  Ds  Ds  Ds  Ds  Ds  Ds  Ds  Ds  Ds
 17   Ds  Ds  Ds  Ds  Ds  Ds  Ds  Ds   S  Ds
 18    S   S  Ds  Ds  Ds   S   S   S   S   S
 19    S   S   S   S   S   S   S   S   S   S
 20    S   S   S   S   S   S   S   S   S   S
 21    S   S   S   S   S   S   S   S   S   S

========== Count: 4 ==========

Hard
       2   3   4   5   6   7   8   9  10   A
  5    H   H   H  Dh  Dh   H   H   H   H   H
  6    H   H   H  Dh  Dh   H   H   H   H   H
  7    H   H   H  Dh  Dh   H   H   H   H   H
  8    H  Dh  Dh  Dh  Dh  Dh   H   H   H   H
  9   Dh  Dh  Dh  Dh  Dh  Dh  Dh   H   H   H
 10   Dh  Dh  Dh  Dh  Dh  Dh  Dh  Dh  Dh  Dh
 11   Dh  Dh  Dh  Dh  Dh  Dh  Dh  Dh  Dh  Dh
 12    H   H   H   H   H   H   H   H   H   H
 13    H   H   H   S   S   H   H   H   H   H
 14    H   S   S   S   S   H   H   H   H   H
 15    S   S   S   S   S   H   H   H   H  Xh
 16    S   S   S   S   S   H   H   H  Xh  Xh
 17    S   S   S   S   S   S   S   S   S  Xs
 18    S   S   S   S   S   S   S   S   S   S
 19    S   S   S   S   S   S   S   S   S   S
 20    S   S   S   S   S   S   S   S   S   S
 21    S   S   S   S   S   S   S   S   S   S

Soft
       2   3   4   5   6   7   8   9  10   A
 13    H  Dh  Dh  Dh  Dh   H   H   H   H   H
 14    H   H  Dh  Dh  Dh   H   H   H   H   H
 15    H   H  Dh  Dh  Dh   H   H   H   H   H
 16    H   H  Dh  Dh  Dh   H   H   H   H   H
 17    H   H  Dh  Dh  Dh   H   H   H   H   H
 18    S  Ds  Ds  Ds  Ds   S   S   H   H   H
 19    S   S  Ds  Ds  Ds   S   S   S   S   S
 20    S   S   S   S   S   S   S   S   S   S
 21    S   S   S   S   S   S   S   S   S   S

Pair
       2   3   4   5   6   7   8   9  10   A
  2    P   P   P   P   P   P   H   H   H   H
  3    P   P   P   P   P   P   P   H   H   H
  4    H  Dh  Dh  Dh   P  Dh   H   H   H   H
  5   Dh  Dh  Dh  Dh  Dh  Dh  Dh  Dh   H  Dh
  6    P   P   P   P   P   P   P   H   H   H
  7    P   P   P   P   P   P   P   P  Xh  Xh
  8    P   P   P   P   P   P   P   P   P   P
  9    P   P   P   P   P   S   P   P   S   P
 10    S   S   S   S   S   S   S   S   S   S
 11    P   P   P   P   P   P   P   P   P   P

One card
       2   3   4   5   6   7   8   9  10   A
  2    H   H   H   H   H   H   H   H   H   H
  3    H   H   H   H   H   H   H   H   H   H
  4    H   H   H   H   H   H   H   H   H   H
  5    H   H   H   H   H   H   H   H   H   H
  6    H   H   H   H   H   H   H   H   H   H
  7    H   H   H   H   H   H   H   H   H   H
  8    H   H   H   H   H   H   H   H   H   H
  9    H   H   H   H   H   H   H   H   H   H
 10    H   H   H   H   H   H   H   H   H   H
  A    H   H   H   H   H   H   H   H   H   H

BlackJack
       2   3   4   5   6   7   8   9  10   A
 21    S   S   S   S   S   S   S   S   S   S

After Double
       2   3   4   5   6   7   8   9  10   A
  6    S   S   S   S   S   S  Xs  Xs  Xs   S
  7    S   S   S  Ds   S   S  Xs  Xs  Xs  Xs
  8   Ds  Ds  Ds  Ds  Ds  Ds  Ds  Xs  Xs  Xs
  9   Ds  Ds  Ds  Ds  Ds  Ds  Ds  Ds  Ds  Ds
 10   Ds  Ds  Ds  Ds  Ds  Ds  Ds  Ds  Ds  Ds
 11   Ds  Ds  Ds  Ds  Ds  Ds  Ds  Ds  Ds  Ds
 12    S   S   S   S   S  Ds  Xs  Xs  Xs  Xs
 13    S   S   S   S   S   S  Xs  Xs  Xs  Xs
 14    S   S   S   S   S   S  Xs  Xs  Xs  Xs
 15    S   S   S   S   S   S  Xs  Xs  Xs  Xs
 16    S   S   S   S   S  Xs  Xs  Xs  Xs  Xs
 17    S   S   S   S   S   S   S   S   S  Xs
 18    S   S   S   S   S   S   S   S   S   S
 19    S   S   S   S   S   S   S   S   S   S
 20    S   S   S   S   S   S   S   S   S   S
 21    S   S   S   S   S   S   S   S   S   S

After Double (Soft)
       2   3   4   5   6   7   8   9  10   A
 13   Ds  Ds  Ds  Ds  Ds   S  Ds  Xs  Xs  Xs
 14   Ds  Ds  Ds  Ds  Ds  Ds  Ds  Ds  Ds  Ds
 15   Ds  Ds  Ds  Ds  Ds  Ds  Ds  Ds  Ds  Ds
 16   Ds  Ds  Ds  Ds  Ds  Ds  Ds  Ds  Ds  Ds
 17   Ds  Ds  Ds  Ds  Ds  Ds  Ds  Ds   S  Ds
 18    S   S  Ds  Ds  Ds   S   S   S   S   S
 19    S   S   S  Ds  Ds   S   S   S   S   S
 20    S   S   S   S   S   S   S   S   S   S
 21    S   S   S   S   S   S   S   S   S   S

========== Count: 5 ==========

Hard
       2   3   4   5   6   7   8   9  10   A
  5    H   H  Dh  Dh  Dh   H   H   H   H   H
  6    H   H   H  Dh  Dh   H   H   H   H   H
  7    H   H  Dh  Dh  Dh   H   H   H   H   H
  8    H  Dh  Dh  Dh  Dh  Dh   H   H   H   H
  9   Dh  Dh  Dh  Dh  Dh  Dh  Dh   H   H   H
 10   Dh  Dh  Dh  Dh  Dh  Dh  Dh  Dh  Dh  Dh
 11   Dh  Dh  Dh  Dh  Dh  Dh  Dh  Dh  Dh  Dh
 12    H   H   H   S   S   H   H   H   H   H
 13    S   S   S   S   S   H   H   H   H   H
 14    S   S   S   S   S   H   H   H  Xh  Xh
 15    S   S   S   S   S   H   H  Xh  Xh  Xs
 16    S   S   S   S   S   H  Xh  Xs  Xs  Xs
 17    S   S   S   S   S   S   S   S   S   S
 18    S   S   S   S   S   S   S   S   S   S
 19    S   S   S   S   S   S   S   S   S   S
 20    S   S   S   S   S   S   S   S   S   S
 21    S   S   S   S   S   S   S   S   S   S

Soft
       2   3   4   5   6   7   8   9  10   A
 13    H  Dh  Dh  Dh  Dh   H   H   H   H   H
 14    H  Dh  Dh  Dh  Dh   H   H   H   H   H
 15    H   H  Dh  Dh  Dh   H   H   H   H   H
 16    H   H  Dh  Dh  Dh   H   H   H   H   H
 17    H  Dh  Dh  Dh  Dh   H   H   H   H   H
 18    S  Ds  Ds  Ds  Ds   S   S   H   H   H
 19    S   S  Ds  Ds  Ds   S   S   S   S   S
 20    S   S   S   S  Ds   S   S   S   S   S
 21    S   S   S   S   S   S   S   S   S   S

Pair
       2   3   4   5   6   7   8   9  10   A
  2    P   P   P   P   P   P   P   H   H   H
  3    P   P   P   P   P   P   P   H   H   H
  4   Dh  Dh  Dh  Dh  Dh  Dh   H   H   H   H
  5   Dh  Dh  Dh  Dh  Dh  Dh  Dh  Dh  Dh  Dh
  6    P   P   P   P   P   P   H   H   H   H
  7    P   P   P   P   P   P   P  Xh  Xs  Xs
  8    P   P   P   P   P   P   P   P   P   P
  9    P   P   P   P   P   P   P   P   S   P
 10    S   S   S   P   P   S   S   S   S   S
 11    P   P   P   P   P   P   P   P   P   P

One card
       2   3   4   5   6   7   8   9  10   A
  2    H   H   H   H   H   H   H   H   H   H
  3    H   H   H   H   H   H   H   H   H   H
  4    H   H   H   H   H   H   H   H   H   H
  5    H   H   H   H   H   H   H   H   H   H
  6    H   H   H   H   H   H   H   H   H   H
  7    H   H   H   H   H   H   H   H   H   H
  8    H   H   H   H   H   H   H   H   H   H
  9    H   H   H   H   H   H   H   H   H   H
 10    H   H   H   H   H   H   H   H   H   H
  A    H   H   H   H   H   H   H   H   H   H

BlackJack
       2   3   4   5   6   7   8   9  10   A
 21    S   S   S   S   S   S   S   S   S   S

After Double
       2   3   4   5   6   7   8   9  10   A
  6    S   S   S   S   S   S  Xs  Xs  Xs  Xs
  7    S   S   S  Ds  Ds   S   S  Xs  Xs  Xs
  8   Ds  Ds  Ds  Ds  Ds  Ds  Ds  Xs  Xs  Xs
  9   Ds  Ds  Ds  Ds  Ds  Ds  Ds  Ds  Ds  Ds
 10   Ds  Ds  Ds  Ds  Ds  Ds  Ds  Ds  Ds  Ds
 11   Ds  Ds  Ds  Ds  Ds  Ds  Ds  Ds  Ds  Ds
 12    S   S   S   S   S   S  Xs  Xs  Xs  Xs
 13    S   S   S   S   S   S  Xs  Xs  Xs  Xs
 14    S   S   S   S   S  Xs  Xs  Xs  Xs  Xs
 15    S   S   S   S   S  Xs  Xs  Xs  Xs  Xs
 16    S   S   S   S   S  Xs  Xs  Xs  Xs  Xs
 17    S   S   S   S   S   S   S   S   S  Xs
 18    S   S   S   S   S   S   S   S   S   S
 19    S   S   S   S   S   S   S   S   S   S
 20    S   S   S   S   S   S   S   S   S   S
 21    S   S   S   S   S   S   S   S   S   S

After Double (Soft)
       2   3   4   5   6   7   8   9  10   A
 13   Ds  Ds  Ds  Ds  Ds  Ds  Ds  Ds  Ds  Xs
 14   Ds  Ds  Ds  Ds  Ds  Ds  Ds  Ds  Ds  Ds
 15   Ds  Ds  Ds  Ds  Ds  Ds  Ds  Ds  Xs  Xs
 16   Ds  Ds  Ds  Ds  Ds  Ds  Ds  Ds  Xs  Xs
 17   Ds  Ds  Ds  Ds  Ds  Ds  Ds   S   S   S
 18    S  Ds  Ds  Ds  Ds   S   S   S   S   S
 19    S   S  Ds  Ds  Ds   S   S   S   S   S
 20    S   S   S  Ds  Ds   S   S   S   S   S
 21    S   S   S   S   S   S   S   S   S   S
========================

--- W2 ---
Recorded rounds: 5000000000  speed: 6874052 hands/sec
Count table:
  Card      Original      Used          
  --------------------------------------
  2         0.4617        0.4617        
  3         0.7502        0.7502        
  4         1.1498        1.1498        
  5         1.3250        1.3250        
  6         0.9382        0.9382        
  7         0.4867        0.4867        
  8         -0.0265       -0.0265       
  9         -0.3250       -0.3250       
  10        ---           ---           
  J         -0.9992       -1.0000       
  Q         -1.0015       -1.0000       
  K         -0.9994       -1.0000       
  A         -1.2706       -1.2706       
  Bias      -0.001576   
  Bet>0 TC  0.477514    
  Factor    0.003301    

Spread 1:10 evaluation edge (5000000000 rounds): 0.117409  std(X): 8.683821  E[X^2]: 75.422528
Optimal Kelly multiplier:    1.250000  fitted-signal target: 1.000000
Optimal Kelly growth/round:  1.000231  stddev: 0.000021
Sanity checks:
  Sum(weights): 0.489491  (unconstrained)
  10-value consistency: mean=-1.000000  max_dev=0.001458  rel=0.145835%  (PASS)
  Bias vs flat edge: bias=-0.001576  flat_edge=0.005586  diff=0.007162  rel_to_0.5%=143.249181%
  Bias constraint: free
EV-count graph:         41 points  res=0.250000  speed: 6600312 hands/sec
Count histogram:        total=348217962  symmetry_rel_diff=5.5128%  (PASS, expected roughly symmetric)
P2 sample rounds=100000000  speed=4091151 hands/sec  avg|ΔQ|=0.330205  threshold=0.005000
P2 sample rounds=200000000  speed=3977250 hands/sec  avg|ΔQ|=0.044657  threshold=0.005000
P2 sample rounds=300000000  speed=3831075 hands/sec  avg|ΔQ|=0.024504  threshold=0.005000
P2 sample rounds=400000000  speed=3776292 hands/sec  avg|ΔQ|=0.017729  threshold=0.005000
P2 sample rounds=500000000  speed=3716063 hands/sec  avg|ΔQ|=0.014112  threshold=0.005000
P2 sample rounds=600000000  speed=3646219 hands/sec  avg|ΔQ|=0.012021  threshold=0.005000
P2 sample rounds=700000000  speed=3595496 hands/sec  avg|ΔQ|=0.010659  threshold=0.005000
P2 sample rounds=800000000  speed=3573199 hands/sec  avg|ΔQ|=0.009629  threshold=0.005000
P2 sample rounds=900000000  speed=3531905 hands/sec  avg|ΔQ|=0.008957  threshold=0.005000
P2 sample rounds=1000000000  speed=3514556 hands/sec  avg|ΔQ|=0.008331  threshold=0.005000
P2 sample rounds=1100000000  speed=3484354 hands/sec  avg|ΔQ|=0.007898  threshold=0.005000
P2 sample rounds=1200000000  speed=3466395 hands/sec  avg|ΔQ|=0.007425  threshold=0.005000
P2 sample rounds=1300000000  speed=3435473 hands/sec  avg|ΔQ|=0.007156  threshold=0.005000
P2 sample rounds=1400000000  speed=3419480 hands/sec  avg|ΔQ|=0.006896  threshold=0.005000
P2 sample rounds=1500000000  speed=3393711 hands/sec  avg|ΔQ|=0.006588  threshold=0.005000
P2 sample rounds=1600000000  speed=3368102 hands/sec  avg|ΔQ|=0.006330  threshold=0.005000
P2 sample rounds=1700000000  speed=3357229 hands/sec  avg|ΔQ|=0.006190  threshold=0.005000
P2 sample rounds=1800000000  speed=3344631 hands/sec  avg|ΔQ|=0.005941  threshold=0.005000
P2 sample rounds=1900000000  speed=3325783 hands/sec  avg|ΔQ|=0.005794  threshold=0.005000
P2 sample rounds=2000000000  speed=3316139 hands/sec  avg|ΔQ|=0.005626  threshold=0.005000
P2 sample rounds=2100000000  speed=3299687 hands/sec  avg|ΔQ|=0.005481  threshold=0.005000
P2 sample rounds=2200000000  speed=3291605 hands/sec  avg|ΔQ|=0.005369  threshold=0.005000
P2 sample rounds=2300000000  speed=3282254 hands/sec  avg|ΔQ|=0.005170  threshold=0.005000
P2 sample rounds=2400000000  speed=3265186 hands/sec  avg|ΔQ|=0.005074  threshold=0.005000
P2 sample rounds=2500000000  speed=3257316 hands/sec  avg|ΔQ|=0.004930  threshold=0.005000

--- P2 ---
Training rounds: 2500000000
Training speed: 3257316 hands/sec
Training flat edge:   -0.503903
Evaluation flat edge (5000000000 rounds): 0.005085  std(X): 1.250860  E[X^2]: 1.564676
Spread 1:10 evaluation edge (5000000000 rounds): 0.119755  std(X): 8.585319  E[X^2]: 73.722050
Kelly growth per round:      1.000220  stddev: 0.000017

=== P2 Strategy ===

========== Count: -5 ==========

Hard
       2   3   4   5   6   7   8   9  10   A
  5    H   H   H   H   H   H   H   H   H   H
  6    H   H   H   H   H   H   H   H   H   H
  7    H   H   H   H   H   H   H   H   H   H
  8    H   H   H   H   H   H   H   H   H   H
  9    H   H   H   H   H   H   H   H   H   H
 10    H   H   H   H   H   H   H   H   H   H
 11    H   H   H  Dh  Dh   H   H   H   H   H
 12    H   H   H   H   H   H   H   H   H   H
 13    H   H   H   H   H   H   H   H   H   H
 14    H   H   H   H   H   H   H   H   H   H
 15    H   H   H   H   H   H   H   H   H   H
 16    H   H   H   H   H   H   H   H   H   H
 17    S   S   S   S   S   S   S   S   S   H
 18    S   S   S   S   S   S   S   S   S   S
 19    S   S   S   S   S   S   S   S   S   S
 20    S   S   S   S   S   S   S   S   S   S
 21    S   S   S   S   S   S   S   S   S   S

Soft
       2   3   4   5   6   7   8   9  10   A
 13    H   H   H  Dh  Dh  Dh   H   H   H   H
 14    H   H   H  Dh  Dh  Dh  Dh   H   H   H
 15    H   H   H   H  Dh  Dh   H   H   H   H
 16    H   H   H   H   H   H   H   H   H   H
 17    H   H   H   H  Dh   H   H   H   H   H
 18    H   S   H   H   H   S   S   H   H   H
 19    S   S   S   S   S   S   S   S   S   S
 20    S   S   S   S   S   S   S   S   S   S
 21    S   S   S   S   S   S   S   S   S   S

Pair
       2   3   4   5   6   7   8   9  10   A
  2    H   H   H   H   P   P   H   H   H   H
  3    H   H   P   P   P   P   P   H   H   H
  4    H   H   P   P   P   P   P   H   H   H
  5    H   H   H   H   H   H   H   H   H   H
  6    H   H   H   H   P   P   P   H   H   H
  7    H   P   P   P   P   P   H   H   H   H
  8    P   P   P   P   P   P   P   P   P   H
  9    S   S   S   S   S   S   P   P   S   S
 10    S   S   S   S   S   S   S   S   S   S
 11    P   P   P   P   P   P   P   P   P   P

One card
       2   3   4   5   6   7   8   9  10   A
  2    H   H   H   H   H   H   H   H   H   H
  3    H   H   H   H   H   H   H   H   H   H
  4    H   H   H   H   H   H   H   H   H   H
  5    H   H   H   H   H   H   H   H   H   H
  6    H   H   H   H   H   H   H   H   H   H
  7    H   H   H   H   H   H   H   H   H   H
  8    H   H   H   H   H   H   H   H   H   H
  9    H   H   H   H   H   H   H   H   H   H
 10    H   H   H   H   H   H   H   H   H   H
  A    H   H   H   H   H   H   H   H   H   H

BlackJack
       2   3   4   5   6   7   8   9  10   A
 21    S   S   S   S   S   S   S   S   S   S

After Double
       2   3   4   5   6   7   8   9  10   A
  6    S  Xs   S   S   S   S   S   S  Xs  Xs
  7    S   S   S   S   S   S   S  Xs  Xs  Xs
  8    S   S   S   S   S   S  Xs   S  Xs  Xs
  9   Ds  Ds  Ds  Ds  Ds  Ds  Ds  Ds  Xs  Xs
 10   Ds  Ds  Ds  Ds  Ds  Ds  Ds  Ds  Ds  Ds
 11   Ds  Ds  Ds  Ds  Ds  Ds  Ds  Ds  Ds  Ds
 12   Ds  Ds  Ds  Ds  Ds  Ds  Ds  Xs  Xs  Xs
 13   Ds  Ds  Ds  Ds  Ds  Ds  Ds  Ds  Xs  Xs
 14   Ds  Ds  Ds  Ds   S  Ds  Ds  Ds  Xs  Xs
 15    S   S   S   S   S  Ds  Ds  Xs  Xs  Xs
 16    S   S   S   S   S  Xs  Xs  Xs  Xs  Xs
 17    S   S   S   S   S   S   S   S   S  Xs
 18    S   S   S   S   S   S   S   S   S   S
 19    S   S   S   S   S   S   S   S   S   S
 20    S   S   S   S   S   S   S   S   S   S
 21    S   S   S   S   S   S   S   S   S   S

After Double (Soft)
       2   3   4   5   6   7   8   9  10   A
 13   Ds  Ds  Ds  Ds  Ds  Ds  Ds  Ds  Ds  Ds
 14   Ds  Ds  Ds  Ds  Ds  Ds  Ds  Ds  Ds  Ds
 15   Ds  Ds  Ds  Ds  Ds  Ds  Ds  Ds  Ds  Ds
 16   Ds  Ds  Ds  Ds  Ds  Ds  Ds  Ds  Ds  Ds
 17   Ds  Ds  Ds  Ds  Ds  Ds  Ds  Ds  Ds  Ds
 18    S   S   S   S   S   S   S   S   S   S
 19    S   S   S   S   S   S   S   S   S   S
 20    S   S   S   S   S   S   S   S   S   S
 21    S   S   S   S   S   S   S   S   S   S

========== Count: -4 ==========

Hard
       2   3   4   5   6   7   8   9  10   A
  5    H   H   H   H   H   H   H   H   H   H
  6    H   H   H   H   H   H   H   H   H   H
  7    H   H   H   H   H   H   H   H   H   H
  8    H   H   H   H   H   H   H   H   H   H
  9    H   H   H   H  Dh   H   H   H   H   H
 10    H   H   H  Dh  Dh   H   H   H   H   H
 11   Dh  Dh  Dh  Dh  Dh   H   H   H   H   H
 12    H   H   H   H   H   H   H   H   H   H
 13    H   H   H   H   H   H   H   H   H   H
 14    H   H   H   H   H   H   H   H   H   H
 15    H   H   H   H   S   H   H   H   H   H
 16    H   H   S   S   S   H   H   H   H   H
 17    S   S   S   S   S   S   S   S   S  Xh
 18    S   S   S   S   S   S   S   S   S   S
 19    S   S   S   S   S   S   S   S   S   S
 20    S   S   S   S   S   S   S   S   S   S
 21    S   S   S   S   S   S   S   S   S   S

Soft
       2   3   4   5   6   7   8   9  10   A
 13    H   H   H  Dh  Dh   H   H   H   H   H
 14    H   H   H  Dh  Dh   H   H   H   H   H
 15    H   H   H   H   H   H   H   H   H   H
 16    H   H   H   H   H   H   H   H   H   H
 17    H   H   H   H  Dh   H   H   H   H   H
 18    S   S   H   S   S   S   S   H   H   H
 19    S   S   S   S   S   S   S   S   S   S
 20    S   S   S   S   S   S   S   S   S   S
 21    S   S   S   S   S   S   S   S   S   S

Pair
       2   3   4   5   6   7   8   9  10   A
  2    H   H   H   P   P   P   H   H   H   H
  3    P   P   P   P   P   P   P   H   H   H
  4    P   P   P   P   P   P   H   H   H   H
  5    H   H   H  Dh  Dh   H   H   H   H   H
  6    H   P   P   P   P   P   P   H   H   H
  7    P   P   P   P   P   P   H   H   H   H
  8    P   P   P   P   P   P   P   P   P   H
  9    S   S   S   P   S   S   P   P   S   S
 10    S   S   S   S   S   S   S   S   S   S
 11    P   P   P   P   P   P   P   P   P   P

One card
       2   3   4   5   6   7   8   9  10   A
  2    H   H   H   H   H   H   H   H   H   H
  3    H   H   H   H   H   H   H   H   H   H
  4    H   H   H   H   H   H   H   H   H   H
  5    H   H   H   H   H   H   H   H   H   H
  6    H   H   H   H   H   H   H   H   H   H
  7    H   H   H   H   H   H   H   H   H   H
  8    H   H   H   H   H   H   H   H   H   H
  9    H   H   H   H   H   H   H   H   H   H
 10    H   H   H   H   H   H   H   H   H   H
  A    H   H   H   H   H   H   H   H   H   H

BlackJack
       2   3   4   5   6   7   8   9  10   A
 21    S   S   S   S   S   S   S   S   S   S

After Double
       2   3   4   5   6   7   8   9  10   A
  6    S  Xs  Xs  Xs  Xs   S   S   S   S  Xs
  7   Xs   S   S   S   S   S  Xs  Xs  Xs  Xs
  8    S   S  Ds  Ds   S  Ds   S   S  Xs  Xs
  9   Ds  Ds  Ds  Ds  Ds  Ds  Ds  Ds  Ds  Xs
 10   Ds  Ds  Ds  Ds  Ds  Ds  Ds  Ds  Ds  Ds
 11   Ds  Ds  Ds  Ds  Ds  Ds  Ds  Ds  Ds  Ds
 12    S   S   S  Ds   S  Ds  Ds  Xs  Xs  Xs
 13    S   S   S   S   S  Ds  Xs  Xs  Xs  Xs
 14    S   S   S   S   S  Ds  Ds  Xs  Xs  Xs
 15    S   S   S   S   S  Ds  Xs  Xs  Xs  Xs
 16    S   S   S   S   S   S  Xs  Xs  Xs  Xs
 17    S   S   S   S   S   S   S   S   S  Xs
 18    S   S   S   S   S   S   S   S   S   S
 19    S   S   S   S   S   S   S   S   S   S
 20    S   S   S   S   S   S   S   S   S   S
 21    S   S   S   S   S   S   S   S   S   S

After Double (Soft)
       2   3   4   5   6   7   8   9  10   A
 13   Ds  Ds  Ds  Ds  Ds  Ds  Ds  Ds  Ds  Ds
 14   Ds  Ds  Ds  Ds  Ds  Ds  Ds  Ds  Ds  Ds
 15   Ds  Ds  Ds  Ds  Ds  Ds  Ds  Ds  Ds  Ds
 16   Ds  Ds  Ds  Ds  Ds  Ds  Ds  Ds  Ds  Ds
 17   Ds  Ds  Ds  Ds  Ds  Ds  Ds  Ds  Ds  Ds
 18    S   S   S   S   S   S   S   S   S   S
 19    S   S   S   S   S   S   S   S   S   S
 20    S   S   S   S   S   S   S   S   S   S
 21    S   S   S   S   S   S   S   S   S   S

========== Count: -3 ==========

Hard
       2   3   4   5   6   7   8   9  10   A
  5    H   H   H   H   H   H   H   H   H   H
  6    H   H   H   H   H   H   H   H   H   H
  7    H   H   H   H   H   H   H   H   H   H
  8    H   H   H   H   H   H   H   H   H   H
  9    H   H   H   H  Dh   H   H   H   H   H
 10   Dh  Dh  Dh  Dh  Dh   H   H   H   H   H
 11   Dh  Dh  Dh  Dh  Dh  Dh   H   H   H  Dh
 12    H   H   H   H   H   H   H   H   H   H
 13    H   H   H   H   H   H   H   H   H   H
 14    H   H   H   H   H   H   H   H   H   H
 15    H   H   H   H   S   H   H   H   H   H
 16    H   H   S   S   S   H   H   H   H   H
 17    S   S   S   S   S   S   S   S   S  Xh
 18    S   S   S   S   S   S   S   S   S   S
 19    S   S   S   S   S   S   S   S   S   S
 20    S   S   S   S   S   S   S   S   S   S
 21    S   S   S   S   S   S   S   S   S   S

Soft
       2   3   4   5   6   7   8   9  10   A
 12    -   -   -   -   -   H   -   -   -   -
 13    H   H   H  Dh  Dh   H   H   H   H   H
 14    H   H   H  Dh  Dh   H   H   H   H   H
 15    H   H   H   H  Dh   H   H   H   H   H
 16    H   H   H   H  Dh   H   H   H   H   H
 17    H   H   H  Dh  Dh   H   H   H   H   H
 18    S   S   S  Ds  Ds   S   S   H   H   H
 19    S   S   S   S   S   S   S   S   S   S
 20    S   S   S   S   S   S   S   S   S   S
 21    S   S   S   S   S   S   S   S   S   S

Pair
       2   3   4   5   6   7   8   9  10   A
  2    H   H   P   P   P   P   H   H   H   H
  3    P   P   P   P   P   P   P   H   H   H
  4    H   P   P   P   P   P   H   H   H   H
  5   Dh  Dh  Dh  Dh  Dh   H   H   H   H   H
  6    H   H   P   P   P   P   P   H   H   H
  7    P   P   P   P   P   P   H   H   H   H
  8    P   P   P   P   P   P   P   P   P   H
  9    S   S   S   S   P   S   P   P   S   S
 10    S   S   S   S   S   S   S   S   S   S
 11    P   P   P   P   P   P   P   P   P   P

One card
       2   3   4   5   6   7   8   9  10   A
  2    H   H   H   H   H   H   H   H   H   H
  3    H   H   H   H   H   H   H   H   H   H
  4    H   H   H   H   H   H   H   H   H   H
  5    H   H   H   H   H   H   H   H   H   H
  6    H   H   H   H   H   H   H   H   H   H
  7    H   H   H   H   H   H   H   H   H   H
  8    H   H   H   H   H   H   H   H   H   H
  9    H   H   H   H   H   H   H   H   H   H
 10    H   H   H   H   H   H   H   H   H   H
  A    H   H   H   H   H   H   H   H   H   H

BlackJack
       2   3   4   5   6   7   8   9  10   A
 21    S   S   S   S   S   S   S   S   S   S

After Double
       2   3   4   5   6   7   8   9  10   A
  6   Xs  Xs  Xs   S   S   S  Xs   S   S  Xs
  7    S   S   S   S   S  Xs   S   S  Xs  Xs
  8    S   S  Ds  Ds  Ds  Ds   S   S  Xs  Xs
  9   Ds  Ds  Ds  Ds  Ds  Ds  Ds  Ds  Ds  Xs
 10   Ds  Ds  Ds  Ds  Ds  Ds  Ds  Ds  Ds  Ds
 11   Ds  Ds  Ds  Ds  Ds  Ds  Ds  Ds  Ds  Ds
 12    S   S   S  Ds   S  Ds  Ds  Xs  Xs  Xs
 13    S   S   S   S   S  Ds  Xs  Xs  Xs  Xs
 14    S   S   S   S   S  Xs  Xs  Xs  Xs  Xs
 15    S   S   S   S   S   S  Xs  Xs  Xs  Xs
 16    S   S   S   S   S  Xs  Xs  Xs  Xs  Xs
 17    S   S   S   S   S   S   S   S   S  Xs
 18    S   S   S   S   S   S   S   S   S   S
 19    S   S   S   S   S   S   S   S   S   S
 20    S   S   S   S   S   S   S   S   S   S
 21    S   S   S   S   S   S   S   S   S   S

After Double (Soft)
       2   3   4   5   6   7   8   9  10   A
 13   Ds  Ds  Ds  Ds  Ds  Ds  Ds  Ds  Ds  Ds
 14   Ds  Ds  Ds  Ds  Ds  Ds  Ds  Ds  Ds  Ds
 15   Ds  Ds  Ds  Ds  Ds  Ds  Ds  Ds  Ds  Ds
 16   Ds  Ds  Ds  Ds  Ds  Ds  Ds  Ds  Ds  Ds
 17   Ds  Ds  Ds  Ds  Ds  Ds  Ds  Ds  Ds  Ds
 18    S   S   S  Ds   S   S   S   S   S   S
 19    S   S   S   S   S   S   S   S   S   S
 20    S   S   S   S   S   S   S   S   S   S
 21    S   S   S   S   S   S   S   S   S   S

========== Count: -2 ==========

Hard
       2   3   4   5   6   7   8   9  10   A
  5    H   H   H   H   H   H   H   H   H   H
  6    H   H   H   H   H   H   H   H   H   H
  7    H   H   H   H   H   H   H   H   H   H
  8    H   H   H   H   H   H   H   H   H   H
  9    H   H   H  Dh  Dh   H   H   H   H   H
 10   Dh  Dh  Dh  Dh  Dh   H   H   H   H   H
 11   Dh  Dh  Dh  Dh  Dh  Dh  Dh   H   H  Dh
 12    H   H   H   H   H   H   H   H   H   H
 13    H   H   H   H   H   H   H   H   H   H
 14    H   H   H   H   H   H   H   H   H   H
 15    H   H   H   S   S   H   H   H   H   H
 16    H   S   S   S   S   H   H   H   H   H
 17    S   S   S   S   S   S   S   S   S  Xh
 18    S   S   S   S   S   S   S   S   S   S
 19    S   S   S   S   S   S   S   S   S   S
 20    S   S   S   S   S   S   S   S   S   S
 21    S   S   S   S   S   S   S   S   S   S

Soft
       2   3   4   5   6   7   8   9  10   A
 13    H   H   H  Dh  Dh   H   H   H   H   H
 14    H   H   H  Dh  Dh   H   H   H   H   H
 15    H   H   H  Dh  Dh   H   H   H   H   H
 16    H   H   H   H  Dh   H   H   H   H   H
 17    H   H   H  Dh  Dh   H   H   H   H   H
 18    S   S   S  Ds  Ds   S   S   H   H   H
 19    S   S   S   S   S   S   S   S   S   S
 20    S   S   S   S   S   S   S   S   S   S
 21    S   S   S   S   S   S   S   S   S   S

Pair
       2   3   4   5   6   7   8   9  10   A
  2    H   H   P   P   P   P   H   H   H   H
  3    P   P   P   P   P   P   P   H   H   H
  4    H   P   P   P   P   H   H   H   H   H
  5   Dh  Dh  Dh  Dh  Dh   H   H   H   H   H
  6    H   H   P   P   P   P   P   H   H   H
  7    P   P   P   P   P   P   P   H   H   H
  8    P   P   P   P   P   P   P   P   P   H
  9    S   S   S   P   P   S   P   P   S   S
 10    S   S   S   S   S   S   S   S   S   S
 11    P   P   P   P   P   P   P   P   P   P

One card
       2   3   4   5   6   7   8   9  10   A
  2    H   H   H   H   H   H   H   H   H   H
  3    H   H   H   H   H   H   H   H   H   H
  4    H   H   H   H   H   H   H   H   H   H
  5    H   H   H   H   H   H   H   H   H   H
  6    H   H   H   H   H   H   H   H   H   H
  7    H   H   H   H   H   H   H   H   H   H
  8    H   H   H   H   H   H   H   H   H   H
  9    H   H   H   H   H   H   H   H   H   H
 10    H   H   H   H   H   H   H   H   H   H
  A    H   H   H   H   H   H   H   H   H   H

BlackJack
       2   3   4   5   6   7   8   9  10   A
 21    S   S   S   S   S   S   S   S   S   S

After Double
       2   3   4   5   6   7   8   9  10   A
  6    S  Xs   S   S   S   S   S  Xs  Xs  Xs
  7    S   S   S   S   S   S   S  Xs  Xs  Xs
  8   Ds   S  Ds  Ds  Ds  Ds   S   S  Xs  Xs
  9   Ds  Ds  Ds  Ds  Ds  Ds  Ds  Ds  Ds  Ds
 10   Ds  Ds  Ds  Ds  Ds  Ds  Ds  Ds  Ds  Ds
 11   Ds  Ds  Ds  Ds  Ds  Ds  Ds  Ds  Ds  Ds
 12    S  Ds  Ds  Ds   S  Ds  Xs  Xs  Xs  Xs
 13    S   S   S   S   S  Xs  Xs  Xs  Xs  Xs
 14    S   S   S   S   S  Xs  Xs  Xs  Xs  Xs
 15    S   S   S   S   S   S  Xs  Xs  Xs  Xs
 16    S   S   S   S   S  Xs  Xs  Xs  Xs  Xs
 17    S   S   S   S   S   S   S   S   S  Xs
 18    S   S   S   S   S   S   S   S   S   S
 19    S   S   S   S   S   S   S   S   S   S
 20    S   S   S   S   S   S   S   S   S   S
 21    S   S   S   S   S   S   S   S   S   S

After Double (Soft)
       2   3   4   5   6   7   8   9  10   A
 13   Ds  Ds  Ds  Ds  Ds  Ds  Ds  Ds  Ds  Ds
 14   Ds  Ds  Ds  Ds  Ds  Ds  Ds  Ds  Ds  Ds
 15   Ds  Ds  Ds  Ds  Ds  Ds  Ds  Ds  Ds  Ds
 16   Ds  Ds  Ds  Ds  Ds  Ds  Ds  Ds  Ds  Ds
 17   Ds  Ds  Ds  Ds  Ds  Ds  Ds  Ds  Ds  Ds
 18    S   S   S   S  Ds   S   S   S   S   S
 19    S   S   S   S   S   S   S   S   S   S
 20    S   S   S   S   S   S   S   S   S   S
 21    S   S   S   S   S   S   S   S   S   S

========== Count: -1 ==========

Hard
       2   3   4   5   6   7   8   9  10   A
  5    H   H   H   H   H   H   H   H   H   H
  6    H   H   H   H   H   H   H   H   H   H
  7    H   H   H   H   H   H   H   H   H   H
  8    H   H   H   H  Dh   H   H   H   H   H
  9    H   H  Dh  Dh  Dh   H   H   H   H   H
 10   Dh  Dh  Dh  Dh  Dh  Dh   H   H   H   H
 11   Dh  Dh  Dh  Dh  Dh  Dh  Dh   H   H  Dh
 12    H   H   H   H   H   H   H   H   H   H
 13    H   H   H   H   H   H   H   H   H   H
 14    H   H   H   H   S   H   H   H   H   H
 15    H   H   S   S   S   H   H   H   H   H
 16    S   S   S   S   S   H   H   H   H  Xh
 17    S   S   S   S   S   S   S   S   S  Xh
 18    S   S   S   S   S   S   S   S   S   S
 19    S   S   S   S   S   S   S   S   S   S
 20    S   S   S   S   S   S   S   S   S   S
 21    S   S   S   S   S   S   S   S   S   S

Soft
       2   3   4   5   6   7   8   9  10   A
 12    -   -   -   H   -   S   -   H   S   -
 13    H   H  Dh  Dh  Dh   H   H   H   H   H
 14    H   H   H  Dh  Dh   H   H   H   H   H
 15    H   H   H  Dh  Dh   H   H   H   H   H
 16    H   H   H  Dh  Dh   H   H   H   H   H
 17    H   H   H  Dh  Dh   H   H   H   H   H
 18    S   S  Ds  Ds  Ds   S   S   H   H   H
 19    S   S   S   S   S   S   S   S   S   S
 20    S   S   S   S   S   S   S   S   S   S
 21    S   S   S   S   S   S   S   S   S   S

Pair
       2   3   4   5   6   7   8   9  10   A
  2    H   P   P   P   P   P   H   H   H   H
  3    P   P   P   P   P   P   P   H   H   H
  4    H   P   P   P   P   H   H   H   H   H
  5    H  Dh  Dh  Dh  Dh  Dh   H   H   H   H
  6    H   P   P   P   P   P   H   H   H   H
  7    P   P   P   P   P   P   P   H   H   H
  8    P   P   P   P   P   P   P   P   P  Xh
  9    S   S   P   P   P   S   P   P   S   S
 10    S   S   S   S   S   S   S   S   S   S
 11    P   P   P   P   P   P   P   P   P   P

One card
       2   3   4   5   6   7   8   9  10   A
  2    H   H   H   H   H   H   H   H   H   H
  3    H   H   H   H   H   H   H   H   H   H
  4    H   H   H   H   H   H   H   H   H   H
  5    H   H   H   H   H   H   H   H   H   H
  6    H   H   H   H   H   H   H   H   H   H
  7    H   H   H   H   H   H   H   H   H   H
  8    H   H   H   H   H   H   H   H   H   H
  9    H   H   H   H   H   H   H   H   H   H
 10    H   H   H   H   H   H   H   H   H   H
  A    H   H   H   H   H   H   H   H   H   H

BlackJack
       2   3   4   5   6   7   8   9  10   A
 21    S   S   S   S   S   S   S   S   S   S

After Double
       2   3   4   5   6   7   8   9  10   A
  6   Xs   S   S   S   S  Xs   S   S  Xs  Xs
  7    S   S   S   S   S   S  Xs  Xs  Xs  Xs
  8   Ds  Ds   S  Ds  Ds  Ds   S   S  Xs  Xs
  9   Ds  Ds  Ds  Ds  Ds  Ds  Ds  Ds  Ds  Ds
 10   Ds  Ds  Ds  Ds  Ds  Ds  Ds  Ds  Ds  Ds
 11   Ds  Ds  Ds  Ds  Ds  Ds  Ds  Ds  Ds  Ds
 12    S   S   S   S   S  Ds  Xs  Xs  Xs  Xs
 13    S   S   S   S   S  Ds  Xs  Xs  Xs  Xs
 14    S   S   S   S   S   S  Xs  Xs  Xs  Xs
 15    S   S   S   S   S   S  Xs  Xs  Xs  Xs
 16    S   S   S   S   S  Xs  Xs  Xs  Xs  Xs
 17    S   S   S   S   S   S   S   S   S  Xs
 18    S   S   S   S   S   S   S   S   S   S
 19    S   S   S   S   S   S   S   S   S   S
 20    S   S   S   S   S   S   S   S   S   S
 21    S   S   S   S   S   S   S   S   S   S

After Double (Soft)
       2   3   4   5   6   7   8   9  10   A
 13   Ds  Ds  Ds  Ds  Ds  Ds  Ds  Ds  Ds  Ds
 14   Ds  Ds  Ds  Ds  Ds  Ds  Ds  Ds  Ds  Ds
 15   Ds  Ds  Ds  Ds  Ds  Ds  Ds  Ds  Ds  Ds
 16   Ds  Ds  Ds  Ds  Ds  Ds  Ds  Ds  Ds  Ds
 17   Ds  Ds  Ds  Ds  Ds  Ds  Ds  Ds  Ds  Ds
 18    S   S   S   S  Ds   S   S   S   S   S
 19    S   S   S   S   S   S   S   S   S   S
 20    S   S   S   S   S   S   S   S   S   S
 21    S   S   S   S   S   S   S   S   S   S

========== Count: 0 ==========

Hard
       2   3   4   5   6   7   8   9  10   A
  4    -   H   H   -   -   -   S   -   -   -
  5    H   H   H   H   H   H   H   H   H   H
  6    H   H   H   H   H   H   H   H   H   H
  7    H   H   H   H   H   H   H   H   H   H
  8    H   H   H  Dh  Dh   H   H   H   H   H
  9    H  Dh  Dh  Dh  Dh   H   H   H   H   H
 10   Dh  Dh  Dh  Dh  Dh  Dh  Dh   H   H   H
 11   Dh  Dh  Dh  Dh  Dh  Dh  Dh  Dh   H  Dh
 12    H   H   H   H   H   H   H   H   H   H
 13    H   H   H   H   H   H   H   H   H   H
 14    H   H   H   H   S   H   H   H   H   H
 15    H   S   S   S   S   H   H   H   H   H
 16    S   S   S   S   S   H   H   H   H  Xh
 17    S   S   S   S   S   S   S   S   S  Xh
 18    S   S   S   S   S   S   S   S   S   S
 19    S   S   S   S   S   S   S   S   S   S
 20    S   S   S   S   S   S   S   S   S   S
 21    S   S   S   S   S   S   S   S   S   S

Soft
       2   3   4   5   6   7   8   9  10   A
 13    H   H  Dh  Dh  Dh   H   H   H   H   H
 14    H   H   H  Dh  Dh   H   H   H   H   H
 15    H   H   H  Dh  Dh   H   H   H   H   H
 16    H   H   H  Dh  Dh   H   H   H   H   H
 17    H   H   H  Dh  Dh   H   H   H   H   H
 18    S   S  Ds  Ds  Ds   S   S   H   H   H
 19    S   S   S   S   S   S   S   S   S   S
 20    S   S   S   S   S   S   S   S   S   S
 21    S   S   S   S   S   S   S   S   S   S

Pair
       2   3   4   5   6   7   8   9  10   A
  2    H   P   P   P   P   P   H   H   H   H
  3    P   P   P   P   P   P   P   H   H   H
  4    H   P   P   P   P   H   H   H   H   H
  5   Dh  Dh  Dh  Dh  Dh  Dh   H   H   H   H
  6    H   H   P   P   P   P   H   H   H   H
  7    P   P   P   P   P   P   P   H   H   H
  8    P   P   P   P   P   P   P   P   P   H
  9    S   P   P   P   P   S   P   P   S   S
 10    S   S   S   S   S   S   S   S   S   S
 11    P   P   P   P   P   P   P   P   P   P

One card
       2   3   4   5   6   7   8   9  10   A
  2    H   H   H   H   H   H   H   H   H   H
  3    H   H   H   H   H   H   H   H   H   H
  4    H   H   H   H   H   H   H   H   H   H
  5    H   H   H   H   H   H   H   H   H   H
  6    H   H   H   H   H   H   H   H   H   H
  7    H   H   H   H   H   H   H   H   H   H
  8    H   H   H   H   H   H   H   H   H   H
  9    H   H   H   H   H   H   H   H   H   H
 10    H   H   H   H   H   H   H   H   H   H
  A    H   H   H   H   H   H   H   H   H   H

BlackJack
       2   3   4   5   6   7   8   9  10   A
 21    S   S   S   S   S   S   S   S   S   S

After Double
       2   3   4   5   6   7   8   9  10   A
  6   Ds   S   S   S   S  Xs   S  Xs  Xs  Xs
  7    S   S   S   S   S   S  Xs  Xs  Xs  Xs
  8    S  Ds  Ds  Ds  Ds  Ds  Ds  Xs  Xs  Xs
  9   Ds  Ds  Ds  Ds  Ds  Ds  Ds  Ds  Ds  Ds
 10   Ds  Ds  Ds  Ds  Ds  Ds  Ds  Ds  Ds  Ds
 11   Ds  Ds  Ds  Ds  Ds  Ds  Ds  Ds  Ds  Ds
 12    S   S   S   S   S  Ds  Xs  Xs  Xs  Xs
 13    S   S   S   S   S   S  Xs  Xs  Xs  Xs
 14    S   S   S   S   S  Xs  Xs  Xs  Xs  Xs
 15    S   S   S   S   S  Xs  Xs  Xs  Xs  Xs
 16    S   S   S   S   S   S  Xs  Xs  Xs  Xs
 17    S   S   S   S   S   S   S   S   S  Xs
 18    S   S   S   S   S   S   S   S   S   S
 19    S   S   S   S   S   S   S   S   S   S
 20    S   S   S   S   S   S   S   S   S   S
 21    S   S   S   S   S   S   S   S   S   S

After Double (Soft)
       2   3   4   5   6   7   8   9  10   A
 13   Ds  Ds  Ds  Ds  Ds  Ds  Ds  Ds  Ds  Ds
 14   Ds  Ds  Ds  Ds  Ds  Ds  Ds  Ds  Ds  Ds
 15   Ds  Ds  Ds  Ds  Ds  Ds  Ds  Ds  Ds  Ds
 16   Ds  Ds  Ds  Ds  Ds  Ds  Ds  Ds  Ds  Ds
 17   Ds  Ds  Ds  Ds  Ds  Ds  Ds  Ds  Ds  Ds
 18    S   S   S   S  Ds   S   S   S   S   S
 19    S   S   S   S   S   S   S   S   S   S
 20    S   S   S   S   S   S   S   S   S   S
 21    S   S   S   S   S   S   S   S   S   S

========== Count: 1 ==========

Hard
       2   3   4   5   6   7   8   9  10   A
  5    H   H   H   H   H   H   H   H   H   H
  6    H   H   H   H   H   H   H   H   H   H
  7    H   H   H   H  Dh   H   H   H   H   H
  8    H   H   H  Dh  Dh   H   H   H   H   H
  9    H  Dh  Dh  Dh  Dh   H   H   H   H   H
 10   Dh  Dh  Dh  Dh  Dh  Dh  Dh   H   H   H
 11   Dh  Dh  Dh  Dh  Dh  Dh  Dh  Dh  Dh  Dh
 12    H   H   H   H   H   H   H   H   H   H
 13    H   H   H   H   H   H   H   H   H   H
 14    H   H   S   S   S   H   H   H   H   H
 15    S   S   S   S   S   H   H   H   H   H
 16    S   S   S   S   S   H   H   H   H  Xh
 17    S   S   S   S   S   S   S   S   S  Xs
 18    S   S   S   S   S   S   S   S   S   S
 19    S   S   S   S   S   S   S   S   S   S
 20    S   S   S   S   S   S   S   S   S   S
 21    S   S   S   S   S   S   S   S   S   S

Soft
       2   3   4   5   6   7   8   9  10   A
 13    H   H  Dh  Dh  Dh   H   H   H   H   H
 14    H   H  Dh  Dh  Dh   H   H   H   H   H
 15    H   H  Dh  Dh  Dh   H   H   H   H   H
 16    H   H   H  Dh  Dh   H   H   H   H   H
 17    H   H   H  Dh  Dh   H   H   H   H   H
 18    S   S  Ds  Ds  Ds   S   S   H   H   H
 19    S   S   S   S   S   S   S   S   S   S
 20    S   S   S   S   S   S   S   S   S   S
 21    S   S   S   S   S   S   S   S   S   S

Pair
       2   3   4   5   6   7   8   9  10   A
  2    P   P   P   P   P   P   H   H   H   H
  3    P   P   P   P   P   P   P   H   H   H
  4    H   H   P   P   P   H   H   H   H   H
  5   Dh  Dh  Dh  Dh  Dh  Dh   H  Dh   H   H
  6    H   P   P   P   P   P   H   H   H   H
  7    P   P   P   P   P   P   P   H   H   H
  8    P   P   P   P   P   P   P   P   P  Xh
  9    S   P   P   P   P   S   P   P   S   S
 10    S   S   S   S   S   S   S   S   S   S
 11    P   P   P   P   P   P   P   P   P   P

One card
       2   3   4   5   6   7   8   9  10   A
  2    H   H   H   H   H   H   H   H   H   H
  3    H   H   H   H   H   H   H   H   H   H
  4    H   H   H   H   H   H   H   H   H   H
  5    H   H   H   H   H   H   H   H   H   H
  6    H   H   H   H   H   H   H   H   H   H
  7    H   H   H   H   H   H   H   H   H   H
  8    H   H   H   H   H   H   H   H   H   H
  9    H   H   H   H   H   H   H   H   H   H
 10    H   H   H   H   H   H   H   H   H   H
  A    H   H   H   H   H   H   H   H   H   H

BlackJack
       2   3   4   5   6   7   8   9  10   A
 21    S   S   S   S   S   S   S   S   S   S

After Double
       2   3   4   5   6   7   8   9  10   A
  6    S   S   S   S   S   S  Xs  Xs   S  Xs
  7    S   S   S   S   S   S  Xs  Xs  Xs  Xs
  8   Ds  Ds  Ds  Ds  Ds  Ds  Ds  Xs  Xs  Xs
  9   Ds  Ds  Ds  Ds  Ds  Ds  Ds  Ds  Ds  Ds
 10   Ds  Ds  Ds  Ds  Ds  Ds  Ds  Ds  Ds  Ds
 11   Ds  Ds  Ds  Ds  Ds  Ds  Ds  Ds  Ds  Ds
 12    S   S   S   S   S  Ds  Xs  Xs  Xs  Xs
 13    S   S   S   S   S  Ds  Xs  Xs  Xs  Xs
 14    S   S   S   S   S  Xs  Xs  Xs  Xs  Xs
 15    S   S   S   S   S   S  Xs  Xs  Xs  Xs
 16    S   S   S   S   S   S  Xs  Xs  Xs  Xs
 17    S   S   S   S   S   S   S   S   S  Xs
 18    S   S   S   S   S   S   S   S   S   S
 19    S   S   S   S   S   S   S   S   S   S
 20    S   S   S   S   S   S   S   S   S   S
 21    S   S   S   S   S   S   S   S   S   S

After Double (Soft)
       2   3   4   5   6   7   8   9  10   A
 13   Ds  Ds  Ds  Ds  Ds  Ds  Ds  Ds  Ds  Ds
 14   Ds  Ds  Ds  Ds  Ds  Ds  Ds  Ds  Ds  Ds
 15   Ds  Ds  Ds  Ds  Ds  Ds  Ds  Ds  Ds  Ds
 16   Ds  Ds  Ds  Ds  Ds  Ds  Ds  Ds  Ds  Ds
 17   Ds  Ds  Ds  Ds  Ds  Ds  Ds  Ds  Ds  Ds
 18    S   S   S  Ds  Ds   S   S   S   S   S
 19    S   S   S   S   S   S   S   S   S   S
 20    S   S   S   S   S   S   S   S   S   S
 21    S   S   S   S   S   S   S   S   S   S

========== Count: 2 ==========

Hard
       2   3   4   5   6   7   8   9  10   A
  4    -   -   -   -   -  Dh   -   -   -   -
  5    H   H   H   H   H   H   H   H   H   H
  6    H   H   H   H  Dh   H   H   H   H   H
  7    H   H   H  Dh  Dh   H   H   H   H   H
  8    H   H  Dh  Dh  Dh   H   H   H   H   H
  9    H  Dh  Dh  Dh  Dh  Dh   H   H   H   H
 10   Dh  Dh  Dh  Dh  Dh  Dh  Dh  Dh   H   H
 11   Dh  Dh  Dh  Dh  Dh  Dh  Dh  Dh  Dh  Dh
 12    H   H   H   H   H   H   H   H   H   H
 13    H   H   H   H   S   H   H   H   H   H
 14    H   H   S   S   S   H   H   H   H   H
 15    S   S   S   S   S   H   H   H   H   H
 16    S   S   S   S   S   H   H   H   H  Xh
 17    S   S   S   S   S   S   S   S   S  Xs
 18    S   S   S   S   S   S   S   S   S   S
 19    S   S   S   S   S   S   S   S   S   S
 20    S   S   S   S   S   S   S   S   S   S
 21    S   S   S   S   S   S   S   S   S   S

Soft
       2   3   4   5   6   7   8   9  10   A
 13    H   H  Dh  Dh  Dh   H   H   H   H   H
 14    H   H  Dh  Dh  Dh   H   H   H   H   H
 15    H   H  Dh  Dh  Dh   H   H   H   H   H
 16    H   H   H  Dh  Dh   H   H   H   H   H
 17    H   H   H  Dh  Dh   H   H   H   H   H
 18    S   S  Ds  Ds  Ds   S   S   H   H   H
 19    S   S   S   S   S   S   S   S   S   S
 20    S   S   S   S   S   S   S   S   S   S
 21    S   S   S   S   S   S   S   S   S   S

Pair
       2   3   4   5   6   7   8   9  10   A
  2    P   P   P   P   P   P   H   H   H   H
  3    P   P   P   P   P   P   P   H   H   H
  4    H   H  Dh  Dh  Dh   H   H   H   H   H
  5   Dh  Dh  Dh  Dh  Dh  Dh  Dh  Dh   H  Dh
  6    H   P   P   P   P   P   H   H   H   H
  7    P   P   P   P   P   P   P   H   H  Xh
  8    P   P   P   P   P   P   P   P   P  Xh
  9    P   P   P   P   P   S   P   P   S   S
 10    S   S   S   S   S   S   S   S   S   S
 11    P   P   P   P   P   P   P   P   P   P

One card
       2   3   4   5   6   7   8   9  10   A
  2    H   H   H   H   H   H   H   H   H   H
  3    H   H   H   H   H   H   H   H   H   H
  4    H   H   H   H   H   H   H   H   H   H
  5    H   H   H   H   H   H   H   H   H   H
  6    H   H   H   H   H   H   H   H   H   H
  7    H   H   H   H   H   H   H   H   H   H
  8    H   H   H   H   H   H   H   H   H   H
  9    H   H   H   H   H   H   H   H   H   H
 10    H   H   H   H   H   H   H   H   H   H
  A    H   H   H   H   H   H   H   H   H   H

BlackJack
       2   3   4   5   6   7   8   9  10   A
 21    S   S   S   S   S   S   S   S   S   S

After Double
       2   3   4   5   6   7   8   9  10   A
  6    S   S   S   S   S   S   S  Xs  Xs   S
  7    S   S   S   S   S   S  Xs  Xs  Xs  Xs
  8   Ds  Ds  Ds  Ds  Ds  Ds  Ds  Xs  Xs  Xs
  9   Ds  Ds  Ds  Ds  Ds  Ds  Ds  Ds  Ds  Ds
 10   Ds  Ds  Ds  Ds  Ds  Ds  Ds  Ds  Ds  Ds
 11   Ds  Ds  Ds  Ds  Ds  Ds  Ds  Ds  Ds  Ds
 12    S   S   S   S   S  Ds  Xs  Xs  Xs  Xs
 13    S   S   S   S   S   S  Xs  Xs  Xs  Xs
 14    S   S   S   S   S   S  Xs  Xs  Xs  Xs
 15    S   S   S   S   S  Xs  Xs  Xs  Xs  Xs
 16    S   S   S   S   S  Xs  Xs  Xs  Xs  Xs
 17    S   S   S   S   S   S   S   S   S  Xs
 18    S   S   S   S   S   S   S   S   S   S
 19    S   S   S   S   S   S   S   S   S   S
 20    S   S   S   S   S   S   S   S   S   S
 21    S   S   S   S   S   S   S   S   S   S

After Double (Soft)
       2   3   4   5   6   7   8   9  10   A
 13   Ds  Ds  Ds  Ds  Ds  Ds  Ds   S  Ds  Ds
 14   Ds  Ds  Ds  Ds  Ds  Ds  Ds  Ds  Ds  Ds
 15   Ds  Ds  Ds  Ds  Ds  Ds  Ds  Ds  Ds  Ds
 16   Ds  Ds  Ds  Ds  Ds  Ds  Ds  Ds  Ds  Ds
 17   Ds  Ds  Ds  Ds  Ds  Ds  Ds  Ds  Ds  Ds
 18    S   S   S  Ds  Ds   S   S   S   S   S
 19    S   S   S   S   S   S   S   S   S   S
 20    S   S   S   S   S   S   S   S   S   S
 21    S   S   S   S   S   S   S   S   S   S

========== Count: 3 ==========

Hard
       2   3   4   5   6   7   8   9  10   A
  5    H   H   H   H  Dh   H   H   H   H   H
  6    H   H   H   H  Dh   H   H   H   H   H
  7    H   H   H  Dh  Dh   H   H   H   H   H
  8    H   H  Dh  Dh  Dh   H   H   H   H   H
  9   Dh  Dh  Dh  Dh  Dh  Dh   H   H   H   H
 10   Dh  Dh  Dh  Dh  Dh  Dh  Dh  Dh  Dh  Dh
 11   Dh  Dh  Dh  Dh  Dh  Dh  Dh  Dh  Dh  Dh
 12    H   H   H   H   H   H   H   H   H   H
 13    H   H   H   S   S   H   H   H   H   H
 14    H   H   S   S   S   H   H   H   H   H
 15    S   S   S   S   S   H   H   H   H   H
 16    S   S   S   S   S   H   H   H   H  Xh
 17    S   S   S   S   S   S   S   S   S  Xs
 18    S   S   S   S   S   S   S   S   S   S
 19    S   S   S   S   S   S   S   S   S   S
 20    S   S   S   S   S   S   S   S   S   S
 21    S   S   S   S   S   S   S   S   S   S

Soft
       2   3   4   5   6   7   8   9  10   A
 13    H  Dh  Dh  Dh  Dh   H   H   H   H   H
 14    H   H  Dh  Dh  Dh   H   H   H   H   H
 15    H   H  Dh  Dh  Dh   H   H   H   H   H
 16    H   H   H  Dh  Dh   H   H   H   H   H
 17    H   H  Dh  Dh  Dh   H   H   H   H   H
 18    S   S  Ds  Ds  Ds   S   S   H   H   H
 19    S   S   S   S   S   S   S   S   S   S
 20    S   S   S   S   S   S   S   S   S   S
 21    S   S   S   S   S   S   S   S   S   S

Pair
       2   3   4   5   6   7   8   9  10   A
  2    P   P   P   P   P   P   H   H   H   H
  3    P   P   P   P   P   P   P   H   H   H
  4    H  Dh  Dh  Dh   P   H   H   H   H   H
  5   Dh  Dh  Dh  Dh  Dh  Dh  Dh  Dh   H  Dh
  6    P   P   P   P   P   P   P   H   H   H
  7    P   P   P   P   P   P   P   H   H   H
  8    P   P   P   P   P   P   P   P   P  Xh
  9    S   P   P   P   P   S   P   P   S   S
 10    S   S   S   S   S   S   S   S   S   S
 11    P   P   P   P   P   P   P   P   P   P

One card
       2   3   4   5   6   7   8   9  10   A
  2    H   H   H   H   H   H   H   H   H   H
  3    H   H   H   H   H   H   H   H   H   H
  4    H   H   H   H   H   H   H   H   H   H
  5    H   H   H   H   H   H   H   H   H   H
  6    H   H   H   H   H   H   H   H   H   H
  7    H   H   H   H   H   H   H   H   H   H
  8    H   H   H   H   H   H   H   H   H   H
  9    H   H   H   H   H   H   H   H   H   H
 10    H   H   H   H   H   H   H   H   H   H
  A    H   H   H   H   H   H   H   H   H   H

BlackJack
       2   3   4   5   6   7   8   9  10   A
 21    S   S   S   S   S   S   S   S   S   S

After Double
       2   3   4   5   6   7   8   9  10   A
  6    S   S   S   S   S   S  Xs  Xs  Xs  Xs
  7    S   S   S   S   S   S  Xs   S  Xs  Xs
  8   Ds  Ds  Ds  Ds  Ds  Ds  Ds  Xs  Xs  Xs
  9   Ds  Ds  Ds  Ds  Ds  Ds  Ds  Ds  Ds  Ds
 10   Ds  Ds  Ds  Ds  Ds  Ds  Ds  Ds  Ds  Ds
 11   Ds  Ds  Ds  Ds  Ds  Ds  Ds  Ds  Ds  Ds
 12    S   S   S   S   S  Ds  Xs  Xs  Xs  Xs
 13    S   S   S   S   S  Xs  Xs  Xs  Xs  Xs
 14    S   S   S   S   S   S  Xs  Xs  Xs  Xs
 15    S   S   S   S   S   S  Xs  Xs  Xs  Xs
 16    S   S   S   S   S  Xs  Xs  Xs  Xs  Xs
 17    S   S   S   S   S   S   S   S   S  Xs
 18    S   S   S   S   S   S   S   S   S   S
 19    S   S   S   S   S   S   S   S   S   S
 20    S   S   S   S   S   S   S   S   S   S
 21    S   S   S   S   S   S   S   S   S   S

After Double (Soft)
       2   3   4   5   6   7   8   9  10   A
 13   Ds  Ds  Ds  Ds  Ds  Ds  Ds  Ds  Ds  Ds
 14   Ds  Ds  Ds  Ds  Ds  Ds  Ds  Ds  Ds  Ds
 15   Ds  Ds  Ds  Ds  Ds  Ds  Ds  Ds  Ds  Ds
 16   Ds  Ds  Ds  Ds  Ds  Ds  Ds  Ds  Ds  Ds
 17   Ds  Ds  Ds  Ds  Ds  Ds  Ds  Ds   S  Ds
 18    S   S  Ds  Ds  Ds   S   S   S   S   S
 19    S   S   S   S   S   S   S   S   S   S
 20    S   S   S   S   S   S   S   S   S   S
 21    S   S   S   S   S   S   S   S   S   S

========== Count: 4 ==========

Hard
       2   3   4   5   6   7   8   9  10   A
  5    H   H   H  Dh  Dh   H   H   H   H   H
  6    H   H   H  Dh  Dh   H   H   H   H   H
  7    H   H   H  Dh  Dh   H   H   H   H   H
  8    H  Dh  Dh  Dh  Dh   H   H   H   H   H
  9   Dh  Dh  Dh  Dh  Dh  Dh  Dh   H   H   H
 10   Dh  Dh  Dh  Dh  Dh  Dh  Dh  Dh  Dh  Dh
 11   Dh  Dh  Dh  Dh  Dh  Dh  Dh  Dh  Dh  Dh
 12    H   H   H   H   H   H   H   H   H   H
 13    H   H   H   H   S   H   H   H   H   H
 14    H   H   S   S   S   H   H   H   H   H
 15    S   S   S   S   S   H   H   H   H  Xh
 16    S   S   S   S   S   H   H   H  Xh  Xh
 17    S   S   S   S   S   S   S   S   S  Xs
 18    S   S   S   S   S   S   S   S   S   S
 19    S   S   S   S   S   S   S   S   S   S
 20    S   S   S   S   S   S   S   S   S   S
 21    S   S   S   S   S   S   S   S   S   S

Soft
       2   3   4   5   6   7   8   9  10   A
 13    H  Dh  Dh  Dh  Dh   H   H   H   H   H
 14    H  Dh  Dh  Dh  Dh   H   H   H   H   H
 15    H   H  Dh  Dh  Dh   H   H   H   H   H
 16    H   H  Dh  Dh  Dh   H   H   H   H   H
 17    H  Dh  Dh  Dh  Dh   H   H   H   H   H
 18    S   S  Ds  Ds  Ds   S   S   H   H   H
 19    S   S   S  Ds  Ds   S   S   S   S   S
 20    S   S   S   S   S   S   S   S   S   S
 21    S   S   S   S   S   S   S   S   S   S

Pair
       2   3   4   5   6   7   8   9  10   A
  2    P   P   P   P   P   P   H   H   H   H
  3    P   P   P   P   P   P   P   H   H   H
  4    H  Dh  Dh  Dh  Dh  Dh   H   H   H   H
  5   Dh  Dh  Dh  Dh  Dh  Dh  Dh  Dh   H  Dh
  6    P   P   P   P   P   P   P   H   H   H
  7    P   P   P   P   P   P   P   P   H  Xh
  8    P   P   P   P   P   P   P   P   P   P
  9    P   P   P   P   P   S   P   P   S   S
 10    S   S   S   S   S   S   S   S   S   S
 11    P   P   P   P   P   P   P   P   P   P

One card
       2   3   4   5   6   7   8   9  10   A
  2    H   H   H   H   H   H   H   H   H   H
  3    H   H   H   H   H   H   H   H   H   H
  4    H   H   H   H   H   H   H   H   H   H
  5    H   H   H   H   H   H   H   H   H   H
  6    H   H   H   H   H   H   H   H   H   H
  7    H   H   H   H   H   H   H   H   H   H
  8    H   H   H   H   H   H   H   H   H   H
  9    H   H   H   H   H   H   H   H   H   H
 10    H   H   H   H   H   H   H   H   H   H
  A    H   H   H   H   H   H   H   H   H   H

BlackJack
       2   3   4   5   6   7   8   9  10   A
 21    S   S   S   S   S   S   S   S   S   S

After Double
       2   3   4   5   6   7   8   9  10   A
  6    S   S   S   S   S  Xs  Xs  Xs  Xs  Xs
  7    S   S   S  Ds  Ds   S  Xs  Xs  Xs  Xs
  8   Ds  Ds  Ds  Ds  Ds  Ds  Ds   S  Xs  Xs
  9   Ds  Ds  Ds  Ds  Ds  Ds  Ds  Ds  Ds  Ds
 10   Ds  Ds  Ds  Ds  Ds  Ds  Ds  Ds  Ds  Ds
 11   Ds  Ds  Ds  Ds  Ds  Ds  Ds  Ds  Ds  Ds
 12    S   S   S   S   S  Ds  Xs  Xs  Xs  Xs
 13    S   S   S   S   S   S  Xs  Xs  Xs  Xs
 14    S   S   S   S   S  Xs  Xs  Xs  Xs  Xs
 15    S   S   S   S   S   S  Xs  Xs  Xs  Xs
 16    S   S   S   S   S  Xs  Xs  Xs  Xs  Xs
 17    S   S   S   S   S   S   S   S   S  Xs
 18    S   S   S   S   S   S   S   S   S   S
 19    S   S   S   S   S   S   S   S   S   S
 20    S   S   S   S   S   S   S   S   S   S
 21    S   S   S   S   S   S   S   S   S   S

After Double (Soft)
       2   3   4   5   6   7   8   9  10   A
 13   Ds  Ds  Ds  Ds  Ds  Xs  Ds  Ds  Ds  Ds
 14   Ds  Ds  Ds  Ds  Ds  Ds  Ds  Ds  Ds  Ds
 15   Ds  Ds  Ds  Ds  Ds  Ds  Ds  Ds  Ds  Ds
 16   Ds  Ds  Ds  Ds  Ds  Ds  Ds  Ds  Ds  Ds
 17   Ds  Ds  Ds  Ds  Ds  Ds  Ds  Ds  Ds  Ds
 18    S  Ds  Ds  Ds  Ds   S   S   S   S   S
 19    S   S   S   S   S   S   S   S   S   S
 20    S   S   S   S   S   S   S   S   S   S
 21    S   S   S   S   S   S   S   S   S   S

========== Count: 5 ==========

Hard
       2   3   4   5   6   7   8   9  10   A
  5    H   H   H  Dh  Dh   H   H   H   H   H
  6    H   H   H  Dh  Dh   H   H   H   H   H
  7    H   H  Dh  Dh  Dh   H   H   H   H   H
  8    H  Dh  Dh  Dh  Dh  Dh   H   H   H   H
  9   Dh  Dh  Dh  Dh  Dh  Dh  Dh   H   H   H
 10   Dh  Dh  Dh  Dh  Dh  Dh  Dh  Dh  Dh  Dh
 11   Dh  Dh  Dh  Dh  Dh  Dh  Dh  Dh  Dh  Dh
 12    H   H   H   S   S   H   H   H   H   H
 13    S   S   S   S   S   H   H   H   H   H
 14    S   S   S   S   S   H   H   H   H  Xh
 15    S   S   S   S   S   H   H  Xh  Xh  Xh
 16    S   S   S   S   S   H   H  Xh  Xs  Xs
 17    S   S   S   S   S   S   S   S   S   S
 18    S   S   S   S   S   S   S   S   S   S
 19    S   S   S   S   S   S   S   S   S   S
 20    S   S   S   S   S   S   S   S   S   S
 21    S   S   S   S   S   S   S   S   S   S

Soft
       2   3   4   5   6   7   8   9  10   A
 13    H  Dh  Dh  Dh  Dh   H   H   H   H   H
 14    H  Dh  Dh  Dh  Dh   H   H   H   H   H
 15    H  Dh  Dh  Dh  Dh   H   H   H   H   H
 16    H   H  Dh  Dh  Dh   H   H   H   H   H
 17    H  Dh  Dh  Dh  Dh   H   H   H   H   H
 18    S  Ds  Ds  Ds  Ds   S   S   H   H   H
 19    S   S  Ds  Ds  Ds   S   S   S   S   S
 20    S   S   S   S   S   S   S   S   S   S
 21    S   S   S   S   S   S   S   S   S   S

Pair
       2   3   4   5   6   7   8   9  10   A
  2    P   P   P   P   P   P   P   H   H   H
  3    P   P   P   P   P   P   P   H   H   H
  4   Dh  Dh  Dh  Dh  Dh  Dh   H   H   H   H
  5   Dh  Dh  Dh  Dh  Dh  Dh  Dh  Dh  Dh  Dh
  6    P   P   P   P   P   P   H   H   H   H
  7    P   P   P   P   P   P   P  Xh  Xs  Xs
  8    P   P   P   P   P   P   P   P   P   P
  9    P   P   P   P   P   P   P   P   S   P
 10    S   S   S   S   S   S   S   S   S   S
 11    P   P   P   P   P   P   P   P   P   P

One card
       2   3   4   5   6   7   8   9  10   A
  2    H   H   H   H   H   H   H   H   H   H
  3    H   H   H   H   H   H   H   H   H   H
  4    H   H   H   H   H   H   H   H   H   H
  5    H   H   H   H   H   H   H   H   H   H
  6    H   H   H   H   H   H   H   H   H   H
  7    H   H   H   H   H   H   H   H   H   H
  8    H   H   H   H   H   H   H   H   H   H
  9    H   H   H   H   H   H   H   H   H   H
 10    H   H   H   H   H   H   H   H   H   H
  A    H   H   H   H   H   H   H   H   H   H

BlackJack
       2   3   4   5   6   7   8   9  10   A
 21    S   S   S   S   S   S   S   S   S   S

After Double
       2   3   4   5   6   7   8   9  10   A
  6    S   S   S   S   S   S   S  Xs  Xs  Xs
  7    S   S   S  Ds  Ds   S  Xs  Xs  Xs  Xs
  8   Ds  Ds  Ds  Ds  Ds  Ds  Ds  Xs  Xs  Xs
  9   Ds  Ds  Ds  Ds  Ds  Ds  Ds  Ds  Ds  Ds
 10   Ds  Ds  Ds  Ds  Ds  Ds  Ds  Ds  Ds  Ds
 11   Ds  Ds  Ds  Ds  Ds  Ds  Ds  Ds  Ds  Ds
 12    S   S   S   S   S   S  Xs  Xs  Xs  Xs
 13    S   S   S   S   S   S  Xs  Xs  Xs  Xs
 14    S   S   S   S   S   S  Xs  Xs  Xs  Xs
 15    S   S   S   S   S  Xs  Xs  Xs  Xs  Xs
 16    S   S   S   S   S  Xs  Xs  Xs  Xs  Xs
 17    S   S   S   S   S   S   S   S   S  Xs
 18    S   S   S   S   S   S   S   S   S   S
 19    S   S   S   S   S   S   S   S   S   S
 20    S   S   S   S   S   S   S   S   S   S
 21    S   S   S   S   S   S   S   S   S   S

After Double (Soft)
       2   3   4   5   6   7   8   9  10   A
 13   Ds  Ds  Ds  Ds  Ds  Ds  Ds  Ds  Ds  Ds
 14   Ds  Ds  Ds  Ds  Ds  Ds  Ds  Ds  Ds  Ds
 15   Ds  Ds  Ds  Ds  Ds  Ds  Ds  Ds  Ds  Xs
 16   Ds  Ds  Ds  Ds  Ds  Ds  Ds  Ds  Xs  Xs
 17   Ds  Ds  Ds  Ds  Ds   S  Ds   S   S  Xs
 18    S   S  Ds  Ds  Ds   S   S   S   S   S
 19    S   S  Ds  Ds  Ds   S   S   S   S   S
 20    S   S   S   S   S   S   S   S   S   S
 21    S   S   S   S   S   S   S   S   S   S
========================

--- W3 ---
Recorded rounds: 5000000000  speed: 7025240 hands/sec
Count table:
  Card      Original      Used          
  --------------------------------------
  2         0.4237        0.4237        
  3         0.7139        0.7139        
  4         1.1081        1.1081        
  5         1.3043        1.3043        
  6         0.9118        0.9118        
  7         0.4591        0.4591        
  8         -0.0001       -0.0001       
  9         -0.3264       -0.3264       
  10        ---           ---           
  J         -0.9991       -1.0000       
  Q         -1.0005       -1.0000       
  K         -1.0004       -1.0000       
  A         -1.1279       -1.1279       
  Bias      -0.001203   
  Bet>0 TC  0.361248    
  Factor    0.003330    

Spread 1:10 evaluation edge (5000000000 rounds): 0.121554  std(X): 8.633627  E[X^2]: 74.554297
Optimal Kelly multiplier:    1.250000  fitted-signal target: 1.000000
Optimal Kelly growth/round:  1.000233  stddev: 0.000021
Sanity checks:
  Sum(weights): 0.466447  (unconstrained)
  10-value consistency: mean=-1.000000  max_dev=0.000909  rel=0.090917%  (PASS)
  Bias vs flat edge: bias=-0.001203  flat_edge=0.005085  diff=0.006288  rel_to_0.5%=125.753303%
  Bias constraint: free
EV-count graph:         41 points  res=0.250000  speed: 6688784 hands/sec
Count histogram:        total=354104358  symmetry_rel_diff=5.4205%  (PASS, expected roughly symmetric)
