Training fresh full deviations for the selected count...
Training rounds=100000000 speed=4494180 rounds/sec avg|delta Q|=0.34654082 threshold=0.00500000
Training rounds=200000000 speed=4385965 rounds/sec avg|delta Q|=0.04388574 threshold=0.00500000
Training rounds=300000000 speed=4312451 rounds/sec avg|delta Q|=0.02616286 threshold=0.00500000
Training rounds=400000000 speed=4266667 rounds/sec avg|delta Q|=0.01993835 threshold=0.00500000
Training rounds=500000000 speed=4235745 rounds/sec avg|delta Q|=0.01704569 threshold=0.00500000
Training rounds=600000000 speed=4210349 rounds/sec avg|delta Q|=0.01543082 threshold=0.00500000
Training rounds=700000000 speed=4173672 rounds/sec avg|delta Q|=0.01432016 threshold=0.00500000
Training rounds=800000000 speed=4152220 rounds/sec avg|delta Q|=0.01337861 threshold=0.00500000
Training rounds=900000000 speed=4128232 rounds/sec avg|delta Q|=0.01291828 threshold=0.00500000
Training rounds=1000000000 speed=4135153 rounds/sec avg|delta Q|=0.01216123 threshold=0.00500000
Training rounds=1100000000 speed=4107512 rounds/sec avg|delta Q|=0.01154065 threshold=0.00500000
Training rounds=1200000000 speed=4102312 rounds/sec avg|delta Q|=0.01107329 threshold=0.00500000
Training rounds=1300000000 speed=4105363 rounds/sec avg|delta Q|=0.01068822 threshold=0.00500000
Training rounds=1400000000 speed=4090804 rounds/sec avg|delta Q|=0.01030296 threshold=0.00500000
Training rounds=1500000000 speed=4099750 rounds/sec avg|delta Q|=0.00994678 threshold=0.00500000
Training rounds=1600000000 speed=4091915 rounds/sec avg|delta Q|=0.00959875 threshold=0.00500000
Training rounds=1700000000 speed=4095103 rounds/sec avg|delta Q|=0.00946799 threshold=0.00500000
Training rounds=1800000000 speed=4082660 rounds/sec avg|delta Q|=0.00908411 threshold=0.00500000
Training rounds=1900000000 speed=4086197 rounds/sec avg|delta Q|=0.00873169 threshold=0.00500000
Training rounds=2000000000 speed=4077572 rounds/sec avg|delta Q|=0.00855503 threshold=0.00500000
Training rounds=2100000000 speed=4077132 rounds/sec avg|delta Q|=0.00840220 threshold=0.00500000
Training rounds=2200000000 speed=4078394 rounds/sec avg|delta Q|=0.00820206 threshold=0.00500000
Training rounds=2300000000 speed=4062226 rounds/sec avg|delta Q|=0.00799856 threshold=0.00500000
Training rounds=2400000000 speed=4057378 rounds/sec avg|delta Q|=0.00778975 threshold=0.00500000
Training rounds=2500000000 speed=4060412 rounds/sec avg|delta Q|=0.00760530 threshold=0.00500000
Training rounds=2600000000 speed=4052205 rounds/sec avg|delta Q|=0.00734027 threshold=0.00500000
Training rounds=2700000000 speed=4042993 rounds/sec avg|delta Q|=0.00729075 threshold=0.00500000
Training rounds=2800000000 speed=4040795 rounds/sec avg|delta Q|=0.00706035 threshold=0.00500000
Training rounds=2900000000 speed=4041694 rounds/sec avg|delta Q|=0.00701170 threshold=0.00500000
Training rounds=3000000000 speed=4033196 rounds/sec avg|delta Q|=0.00688136 threshold=0.00500000
Training rounds=3100000000 speed=4027951 rounds/sec avg|delta Q|=0.00664961 threshold=0.00500000
Training rounds=3200000000 speed=4024732 rounds/sec avg|delta Q|=0.00649613 threshold=0.00500000
Training rounds=3300000000 speed=4016837 rounds/sec avg|delta Q|=0.00636058 threshold=0.00500000
Training rounds=3400000000 speed=4015898 rounds/sec avg|delta Q|=0.00622351 threshold=0.00500000
Training rounds=3500000000 speed=4007961 rounds/sec avg|delta Q|=0.00616172 threshold=0.00500000
Training rounds=3600000000 speed=4008842 rounds/sec avg|delta Q|=0.00603122 threshold=0.00500000
Training rounds=3700000000 speed=3998764 rounds/sec avg|delta Q|=0.00592495 threshold=0.00500000
Training rounds=3800000000 speed=3999693 rounds/sec avg|delta Q|=0.00586982 threshold=0.00500000
Training rounds=3900000000 speed=3993561 rounds/sec avg|delta Q|=0.00575815 threshold=0.00500000
Training rounds=4000000000 speed=3984885 rounds/sec avg|delta Q|=0.00557286 threshold=0.00500000
Training rounds=4100000000 speed=3980838 rounds/sec avg|delta Q|=0.00555419 threshold=0.00500000
Training rounds=4200000000 speed=3977427 rounds/sec avg|delta Q|=0.00545287 threshold=0.00500000
Training rounds=4300000000 speed=3971677 rounds/sec avg|delta Q|=0.00526044 threshold=0.00500000
Training rounds=4400000000 speed=3968368 rounds/sec avg|delta Q|=0.00522955 threshold=0.00500000
Training rounds=4500000000 speed=3968135 rounds/sec avg|delta Q|=0.00517402 threshold=0.00500000
Training rounds=4600000000 speed=3964998 rounds/sec avg|delta Q|=0.00505618 threshold=0.00500000
Training rounds=4700000000 speed=3960726 rounds/sec avg|delta Q|=0.00494142 threshold=0.00500000

=== EvaluateCountPolicy ===
Command:          /home/pliops/BlackJackCounts/build/bin/EvaluateCountPolicy --game blackjack --count-name hiopt1 --policy full-deviations --output-dir /home/pliops/BlackJackCounts/paper_materials/performance-suites/h17c03_5b_named_counts_continuous/bj3-2/hiopt1_d2/full_deviations --decks 2 --penetration 75 --ss17 false --peek true --surr no --das true --sas 4 --don ANY --rsa false --hsa false --bj 1.5 --factor 0.005 --bias -0.0045688 --count-normalization true --continuous-betting-count true --min-count -5 --max-count 5 --num-rounds 5000000000 --stop-mode diff --sample-rounds 100000000 --diff-threshold 0.005 --eval-rounds 5000000000 --kelly-rounds 1000000 --kelly-measurements 1000 --kelly-min 0.50 --kelly-max 1.00 --kelly-step 0.05 --max-total-wager-fraction 1.0 --num-threads 10 --seed 12345
Game:             blackjack
Scenario:         decks=2_ss17=False_das=True_sas=4_don=Any_reSplitAces=False_hitSplitAces=False_surr=no_peek=True_bj-pays=1.5
Penetration:      75.00000000%
Count:            named count hiopt1
Policy:           fresh full deviations trained for the selected count
Spread:           5000000000 rounds, 1:10
Kelly:            1000 x 1000000 rounds per multiplier
Kelly search:     0.50000000 to 1.00000000 step 0.05000000
Total wager cap:  1.00000000 x round-start bankroll
Threads:          10
Seed:             12345
Output:           /home/pliops/BlackJackCounts/paper_materials/performance-suites/h17c03_5b_named_counts_continuous/bj3-2/hiopt1_d2/full_deviations/

Count weights:
   2  0.000000000000
   3  1.000000000000
   4  1.000000000000
   5  1.000000000000
   6  1.000000000000
   7  0.000000000000
   8  0.000000000000
   9  0.000000000000
  10  -1.000000000000
   J  -1.000000000000
   Q  -1.000000000000
   K  -1.000000000000
   A  0.000000000000
Transform: running = 0.000000000000 + (0.000000000000 * decks) + tags; selected=true_count
Signal f(c) = -0.004568800000 + 0.005000000000 * c

Running spread and Kelly evaluations...

=== Result ===
Spread edge:               0.053333243500
Kelly growth @1:           1.000063964357
Kelly exposure rounds @1: 1000000000
Mean gross wager/bankroll: 0.004960163663
Max gross wager/bankroll:  0.781476088889
Mean |fX|:                 0.004603928242
Max |fX|:                  0.781476088889

Saved results to /home/pliops/BlackJackCounts/paper_materials/performance-suites/h17c03_5b_named_counts_continuous/bj3-2/hiopt1_d2/full_deviations/
