Training fresh full deviations for the selected count...
Training rounds=100000000 speed=4812551 rounds/sec avg|delta Q|=0.33515114 threshold=0.00500000
Training rounds=200000000 speed=4801921 rounds/sec avg|delta Q|=0.04391313 threshold=0.00500000
Training rounds=300000000 speed=4780800 rounds/sec avg|delta Q|=0.02664850 threshold=0.00500000
Training rounds=400000000 speed=4628772 rounds/sec avg|delta Q|=0.02097488 threshold=0.00500000
Training rounds=500000000 speed=4614334 rounds/sec avg|delta Q|=0.01777388 threshold=0.00500000
Training rounds=600000000 speed=4598089 rounds/sec avg|delta Q|=0.01574840 threshold=0.00500000
Training rounds=700000000 speed=4558954 rounds/sec avg|delta Q|=0.01426211 threshold=0.00500000
Training rounds=800000000 speed=4539393 rounds/sec avg|delta Q|=0.01369480 threshold=0.00500000
Training rounds=900000000 speed=4545432 rounds/sec avg|delta Q|=0.01281366 threshold=0.00500000
Training rounds=1000000000 speed=4515223 rounds/sec avg|delta Q|=0.01230959 threshold=0.00500000
Training rounds=1100000000 speed=4500229 rounds/sec avg|delta Q|=0.01153955 threshold=0.00500000
Training rounds=1200000000 speed=4492632 rounds/sec avg|delta Q|=0.01122429 threshold=0.00500000
Training rounds=1300000000 speed=4493341 rounds/sec avg|delta Q|=0.01063601 threshold=0.00500000
Training rounds=1400000000 speed=4473272 rounds/sec avg|delta Q|=0.01043142 threshold=0.00500000
Training rounds=1500000000 speed=4452386 rounds/sec avg|delta Q|=0.01007012 threshold=0.00500000
Training rounds=1600000000 speed=4444247 rounds/sec avg|delta Q|=0.00986008 threshold=0.00500000
Training rounds=1700000000 speed=4447270 rounds/sec avg|delta Q|=0.00947599 threshold=0.00500000
Training rounds=1800000000 speed=4440837 rounds/sec avg|delta Q|=0.00914515 threshold=0.00500000
Training rounds=1900000000 speed=4429607 rounds/sec avg|delta Q|=0.00909942 threshold=0.00500000
Training rounds=2000000000 speed=4424847 rounds/sec avg|delta Q|=0.00870288 threshold=0.00500000
Training rounds=2100000000 speed=4398016 rounds/sec avg|delta Q|=0.00841676 threshold=0.00500000
Training rounds=2200000000 speed=4398619 rounds/sec avg|delta Q|=0.00839827 threshold=0.00500000
Training rounds=2300000000 speed=4386868 rounds/sec avg|delta Q|=0.00809401 threshold=0.00500000
Training rounds=2400000000 speed=4380066 rounds/sec avg|delta Q|=0.00793891 threshold=0.00500000
Training rounds=2500000000 speed=4371791 rounds/sec avg|delta Q|=0.00766460 threshold=0.00500000
Training rounds=2600000000 speed=4371644 rounds/sec avg|delta Q|=0.00763002 threshold=0.00500000
Training rounds=2700000000 speed=4357742 rounds/sec avg|delta Q|=0.00734871 threshold=0.00500000
Training rounds=2800000000 speed=4354229 rounds/sec avg|delta Q|=0.00720895 threshold=0.00500000
Training rounds=2900000000 speed=4349796 rounds/sec avg|delta Q|=0.00712472 threshold=0.00500000
Training rounds=3000000000 speed=4344049 rounds/sec avg|delta Q|=0.00693214 threshold=0.00500000
Training rounds=3100000000 speed=4332647 rounds/sec avg|delta Q|=0.00675919 threshold=0.00500000
Training rounds=3200000000 speed=4326616 rounds/sec avg|delta Q|=0.00672837 threshold=0.00500000
Training rounds=3300000000 speed=4316067 rounds/sec avg|delta Q|=0.00662609 threshold=0.00500000
Training rounds=3400000000 speed=4311952 rounds/sec avg|delta Q|=0.00645449 threshold=0.00500000
Training rounds=3500000000 speed=4308127 rounds/sec avg|delta Q|=0.00625741 threshold=0.00500000
Training rounds=3600000000 speed=4303713 rounds/sec avg|delta Q|=0.00617140 threshold=0.00500000
Training rounds=3700000000 speed=4299651 rounds/sec avg|delta Q|=0.00608161 threshold=0.00500000
Training rounds=3800000000 speed=4295217 rounds/sec avg|delta Q|=0.00595184 threshold=0.00500000
Training rounds=3900000000 speed=4289693 rounds/sec avg|delta Q|=0.00591337 threshold=0.00500000
Training rounds=4000000000 speed=4286290 rounds/sec avg|delta Q|=0.00585516 threshold=0.00500000
Training rounds=4100000000 speed=4279066 rounds/sec avg|delta Q|=0.00575580 threshold=0.00500000
Training rounds=4200000000 speed=4275501 rounds/sec avg|delta Q|=0.00566685 threshold=0.00500000
Training rounds=4300000000 speed=4272044 rounds/sec avg|delta Q|=0.00560651 threshold=0.00500000
Training rounds=4400000000 speed=4268206 rounds/sec avg|delta Q|=0.00544021 threshold=0.00500000
Training rounds=4500000000 speed=4264889 rounds/sec avg|delta Q|=0.00537509 threshold=0.00500000
Training rounds=4600000000 speed=4261102 rounds/sec avg|delta Q|=0.00528890 threshold=0.00500000
Training rounds=4700000000 speed=4259110 rounds/sec avg|delta Q|=0.00518954 threshold=0.00500000
Training rounds=4800000000 speed=4252074 rounds/sec avg|delta Q|=0.00512035 threshold=0.00500000
Training rounds=4900000000 speed=4248851 rounds/sec avg|delta Q|=0.00509051 threshold=0.00500000
Training rounds=5000000000 speed=4243286 rounds/sec avg|delta Q|=0.00498760 threshold=0.00500000

=== EvaluateCountPolicy ===
Command:          /home/pliops/BlackJackCounts/build/bin/EvaluateCountPolicy --game blackjack --count-name hilo --policy full-deviations --output-dir /home/pliops/BlackJackCounts/paper_materials/performance-suites/h17c03_5b_named_counts_continuous/bj6-5/hilo_d6/full_deviations --decks 6 --penetration 75 --ss17 false --peek true --surr no --das true --sas 4 --don ANY --rsa false --hsa false --bj 1.2 --factor 0.005 --bias -0.0199842 --count-normalization true --continuous-betting-count true --min-count -5 --max-count 5 --num-rounds 5000000000 --stop-mode diff --sample-rounds 100000000 --diff-threshold 0.005 --eval-rounds 5000000000 --kelly-rounds 1000000 --kelly-measurements 1000 --kelly-min 0.50 --kelly-max 1.00 --kelly-step 0.05 --max-total-wager-fraction 1.0 --num-threads 10 --seed 12345
Game:             blackjack
Scenario:         decks=6_ss17=False_das=True_sas=4_don=Any_reSplitAces=False_hitSplitAces=False_surr=no_peek=True_bj-pays=1.2
Penetration:      75.00000000%
Count:            named count hilo
Policy:           fresh full deviations trained for the selected count
Spread:           5000000000 rounds, 1:10
Kelly:            1000 x 1000000 rounds per multiplier
Kelly search:     0.50000000 to 1.00000000 step 0.05000000
Total wager cap:  1.00000000 x round-start bankroll
Threads:          10
Seed:             12345
Output:           /home/pliops/BlackJackCounts/paper_materials/performance-suites/h17c03_5b_named_counts_continuous/bj6-5/hilo_d6/full_deviations/

Count weights:
   2  1.000000000000
   3  1.000000000000
   4  1.000000000000
   5  1.000000000000
   6  1.000000000000
   7  0.000000000000
   8  0.000000000000
   9  0.000000000000
  10  -1.000000000000
   J  -1.000000000000
   Q  -1.000000000000
   K  -1.000000000000
   A  -1.000000000000
Transform: running = 0.000000000000 + (0.000000000000 * decks) + tags; selected=true_count
Signal f(c) = -0.019984200000 + 0.005000000000 * c

Running spread and Kelly evaluations...

=== Result ===
Spread edge:               -0.015961184321
Kelly growth @1:           1.000001822598
Kelly exposure rounds @1: 1000000000
Mean gross wager/bankroll: 0.000435240494
Max gross wager/bankroll:  0.317362950617
Mean |fX|:                 0.000396474184
Max |fX|:                  0.317362950617

Saved results to /home/pliops/BlackJackCounts/paper_materials/performance-suites/h17c03_5b_named_counts_continuous/bj6-5/hilo_d6/full_deviations/
