Training fresh full deviations for the selected count...
Training rounds=100000000 speed=4438920 rounds/sec avg|delta Q|=0.31456874 threshold=0.00500000
Training rounds=200000000 speed=4593583 rounds/sec avg|delta Q|=0.04329914 threshold=0.00500000
Training rounds=300000000 speed=4628987 rounds/sec avg|delta Q|=0.02719745 threshold=0.00500000
Training rounds=400000000 speed=4532167 rounds/sec avg|delta Q|=0.02178954 threshold=0.00500000
Training rounds=500000000 speed=4567670 rounds/sec avg|delta Q|=0.01885507 threshold=0.00500000
Training rounds=600000000 speed=4527653 rounds/sec avg|delta Q|=0.01691940 threshold=0.00500000
Training rounds=700000000 speed=4502882 rounds/sec avg|delta Q|=0.01548502 threshold=0.00500000
Training rounds=800000000 speed=4499488 rounds/sec avg|delta Q|=0.01429356 threshold=0.00500000
Training rounds=900000000 speed=4480175 rounds/sec avg|delta Q|=0.01328363 threshold=0.00500000
Training rounds=1000000000 speed=4454918 rounds/sec avg|delta Q|=0.01274797 threshold=0.00500000
Training rounds=1100000000 speed=4439010 rounds/sec avg|delta Q|=0.01220713 threshold=0.00500000
Training rounds=1200000000 speed=4427391 rounds/sec avg|delta Q|=0.01150616 threshold=0.00500000
Training rounds=1300000000 speed=4409485 rounds/sec avg|delta Q|=0.01106378 threshold=0.00500000
Training rounds=1400000000 speed=4393439 rounds/sec avg|delta Q|=0.01058585 threshold=0.00500000
Training rounds=1500000000 speed=4385157 rounds/sec avg|delta Q|=0.01016853 threshold=0.00500000
Training rounds=1600000000 speed=4373580 rounds/sec avg|delta Q|=0.00997838 threshold=0.00500000
Training rounds=1700000000 speed=4358728 rounds/sec avg|delta Q|=0.00981554 threshold=0.00500000
Training rounds=1800000000 speed=4343849 rounds/sec avg|delta Q|=0.00947487 threshold=0.00500000
Training rounds=1900000000 speed=4331284 rounds/sec avg|delta Q|=0.00925220 threshold=0.00500000
Training rounds=2000000000 speed=4323651 rounds/sec avg|delta Q|=0.00889598 threshold=0.00500000
Training rounds=2100000000 speed=4320223 rounds/sec avg|delta Q|=0.00876449 threshold=0.00500000
Training rounds=2200000000 speed=4313472 rounds/sec avg|delta Q|=0.00845772 threshold=0.00500000
Training rounds=2300000000 speed=4302862 rounds/sec avg|delta Q|=0.00829189 threshold=0.00500000
Training rounds=2400000000 speed=4292275 rounds/sec avg|delta Q|=0.00815420 threshold=0.00500000
Training rounds=2500000000 speed=4286973 rounds/sec avg|delta Q|=0.00796136 threshold=0.00500000
Training rounds=2600000000 speed=4274087 rounds/sec avg|delta Q|=0.00768327 threshold=0.00500000
Training rounds=2700000000 speed=4268964 rounds/sec avg|delta Q|=0.00765662 threshold=0.00500000
Training rounds=2800000000 speed=4267317 rounds/sec avg|delta Q|=0.00758273 threshold=0.00500000
Training rounds=2900000000 speed=4265289 rounds/sec avg|delta Q|=0.00735177 threshold=0.00500000
Training rounds=3000000000 speed=4253268 rounds/sec avg|delta Q|=0.00719570 threshold=0.00500000
Training rounds=3100000000 speed=4250104 rounds/sec avg|delta Q|=0.00708754 threshold=0.00500000
Training rounds=3200000000 speed=4244403 rounds/sec avg|delta Q|=0.00687359 threshold=0.00500000
Training rounds=3300000000 speed=4239754 rounds/sec avg|delta Q|=0.00681994 threshold=0.00500000
Training rounds=3400000000 speed=4225524 rounds/sec avg|delta Q|=0.00670659 threshold=0.00500000
Training rounds=3500000000 speed=4224048 rounds/sec avg|delta Q|=0.00665174 threshold=0.00500000
Training rounds=3600000000 speed=4217674 rounds/sec avg|delta Q|=0.00648165 threshold=0.00500000
Training rounds=3700000000 speed=4214574 rounds/sec avg|delta Q|=0.00633479 threshold=0.00500000
Training rounds=3800000000 speed=4208209 rounds/sec avg|delta Q|=0.00631560 threshold=0.00500000
Training rounds=3900000000 speed=4202292 rounds/sec avg|delta Q|=0.00612821 threshold=0.00500000
Training rounds=4000000000 speed=4197148 rounds/sec avg|delta Q|=0.00616001 threshold=0.00500000
Training rounds=4100000000 speed=4187066 rounds/sec avg|delta Q|=0.00604555 threshold=0.00500000
Training rounds=4200000000 speed=4181534 rounds/sec avg|delta Q|=0.00588470 threshold=0.00500000
Training rounds=4300000000 speed=4177970 rounds/sec avg|delta Q|=0.00588293 threshold=0.00500000
Training rounds=4400000000 speed=4171561 rounds/sec avg|delta Q|=0.00584337 threshold=0.00500000
Training rounds=4500000000 speed=4164727 rounds/sec avg|delta Q|=0.00573169 threshold=0.00500000
Training rounds=4600000000 speed=4154125 rounds/sec avg|delta Q|=0.00559438 threshold=0.00500000
Training rounds=4700000000 speed=4148488 rounds/sec avg|delta Q|=0.00557092 threshold=0.00500000
Training rounds=4800000000 speed=4143586 rounds/sec avg|delta Q|=0.00548402 threshold=0.00500000
Training rounds=4900000000 speed=4134623 rounds/sec avg|delta Q|=0.00539304 threshold=0.00500000
Training rounds=5000000000 speed=4127984 rounds/sec avg|delta Q|=0.00528983 threshold=0.00500000
Training rounds=5100000000 speed=4122751 rounds/sec avg|delta Q|=0.00531968 threshold=0.00500000
Training rounds=5200000000 speed=4119288 rounds/sec avg|delta Q|=0.00516458 threshold=0.00500000
Training rounds=5300000000 speed=4113358 rounds/sec avg|delta Q|=0.00507463 threshold=0.00500000
Training rounds=5400000000 speed=4104666 rounds/sec avg|delta Q|=0.00505592 threshold=0.00500000
Training rounds=5500000000 speed=4100487 rounds/sec avg|delta Q|=0.00502821 threshold=0.00500000
Training rounds=5600000000 speed=4096523 rounds/sec avg|delta Q|=0.00507661 threshold=0.00500000
Training rounds=5700000000 speed=4092055 rounds/sec avg|delta Q|=0.00489337 threshold=0.00500000

=== EvaluateCountPolicy ===
Command:          /home/pliops/BlackJackCounts/build/bin/EvaluateCountPolicy --game blackjack --count-name zen --policy full-deviations --output-dir /home/pliops/BlackJackCounts/paper_materials/performance-suites/h17c03_5b_named_counts_continuous/bj3-2/zen_d1/full_deviations --decks 1 --penetration 75 --ss17 false --peek true --surr no --das true --sas 4 --don ANY --rsa false --hsa false --bj 1.5 --factor 0.005 --bias -0.0015945 --count-normalization true --continuous-betting-count true --min-count -5 --max-count 5 --num-rounds 5000000000 --stop-mode diff --sample-rounds 100000000 --diff-threshold 0.005 --eval-rounds 5000000000 --kelly-rounds 1000000 --kelly-measurements 1000 --kelly-min 0.50 --kelly-max 1.00 --kelly-step 0.05 --max-total-wager-fraction 1.0 --num-threads 10 --seed 12345
Game:             blackjack
Scenario:         decks=1_ss17=False_das=True_sas=4_don=Any_reSplitAces=False_hitSplitAces=False_surr=no_peek=True_bj-pays=1.5
Penetration:      75.00000000%
Count:            named count zen
Policy:           fresh full deviations trained for the selected count
Spread:           5000000000 rounds, 1:10
Kelly:            1000 x 1000000 rounds per multiplier
Kelly search:     0.50000000 to 1.00000000 step 0.05000000
Total wager cap:  1.00000000 x round-start bankroll
Threads:          10
Seed:             12345
Output:           /home/pliops/BlackJackCounts/paper_materials/performance-suites/h17c03_5b_named_counts_continuous/bj3-2/zen_d1/full_deviations/

Count weights:
   2  1.000000000000
   3  1.000000000000
   4  2.000000000000
   5  2.000000000000
   6  2.000000000000
   7  1.000000000000
   8  0.000000000000
   9  0.000000000000
  10  -2.000000000000
   J  -2.000000000000
   Q  -2.000000000000
   K  -2.000000000000
   A  -1.000000000000
Transform: running = 0.000000000000 + (0.000000000000 * decks) + tags; selected=true_count
Signal f(c) = -0.001594500000 + 0.005000000000 * c

Running spread and Kelly evaluations...

=== Result ===
Spread edge:               0.105332982800
Kelly growth @1:           0.987958595521
Kelly exposure rounds @1: 1000000000
Mean gross wager/bankroll: 0.017968557593
Max gross wager/bankroll:  1.996147285714
Mean |fX|:                 0.016702958642
Max |fX|:                  1.996147285714

Saved results to /home/pliops/BlackJackCounts/paper_materials/performance-suites/h17c03_5b_named_counts_continuous/bj3-2/zen_d1/full_deviations/
