
=== AlternatingOptimization ===
Command:       /home/neria/Desktop/BlackjaclCpp/build/bin/AlternatingOptimization --game blackjack --penetration 75 --ss17 false --peek true --surr no --das true --sas 4 --don ANY --rsa false --hsa false --bj 1.2 --num-threads 5 --stop-mode diff --sample-rounds 100000000 --diff-threshold 0.005 --num-rounds 5000000000 --eval-rounds 5000000000 --graph-rounds 500000000 --kelly-measurements 1000 --kelly-fraction-step 0.05 --iterations 3 --sample-every 5 --decks 2 --count-quadratic-kelly --count-sum-zero-fixed-p0-edge --checkpoint-name h17c03_5b_bj6-5_qk_p0
Scenario:      decks=2_ss17=False_das=True_sas=4_don=Any_reSplitAces=False_hitSplitAces=False_surr=no_peek=True_bj-pays=1.2_penetration=75%
Policy stop:   diff  sample=100000000  threshold=0.005  Threads: 5
Count rounds:  25000000000  (record every 5 => target 5000000000 recorded samples)
Eval rounds:   5000000000
Graph rounds:  500000000
Iterations:    3  (each iteration learns P_k then W_{k+1})
Count objective: quadratic_kelly
Count constraint: sum_zero_fixed_p0_flat_edge
Penetration:   75%
Sample-every:  5
Kelly sweep:  centered at fitted-signal multiplier 1.0 +/- 0.25 (minimum 0)  step 0.05
Folder:        /home/neria/Desktop/BlackjaclCpp/checkpoints/alternating-checkpoints/h17c03_5b_bj6-5_qk_p0_decks=2_ss17=False_das=True_surr=no_peek=True/
Initial count: none (all zeros)
Count scaling:  average 10/J/Q/K tag = -1
===============================
P0 sample rounds=100000000  speed=6475006 hands/sec  avg|ΔQ|=0.405546  threshold=0.005000
P0 sample rounds=200000000  speed=6353240 hands/sec  avg|ΔQ|=0.015302  threshold=0.005000
P0 sample rounds=300000000  speed=6271558 hands/sec  avg|ΔQ|=0.012193  threshold=0.005000
P0 sample rounds=400000000  speed=6197995 hands/sec  avg|ΔQ|=0.010637  threshold=0.005000
P0 sample rounds=500000000  speed=6147188 hands/sec  avg|ΔQ|=0.009150  threshold=0.005000
P0 sample rounds=600000000  speed=6106062 hands/sec  avg|ΔQ|=0.008409  threshold=0.005000
P0 sample rounds=700000000  speed=6071224 hands/sec  avg|ΔQ|=0.007440  threshold=0.005000
P0 sample rounds=800000000  speed=6042068 hands/sec  avg|ΔQ|=0.006890  threshold=0.005000
P0 sample rounds=900000000  speed=6015882 hands/sec  avg|ΔQ|=0.006191  threshold=0.005000
P0 sample rounds=1000000000  speed=5985694 hands/sec  avg|ΔQ|=0.005911  threshold=0.005000
P0 sample rounds=1100000000  speed=5955797 hands/sec  avg|ΔQ|=0.005434  threshold=0.005000
P0 sample rounds=1200000000  speed=5925721 hands/sec  avg|ΔQ|=0.005333  threshold=0.005000
P0 sample rounds=1300000000  speed=5909682 hands/sec  avg|ΔQ|=0.004903  threshold=0.005000

--- P0 ---
Training rounds: 1300000000
Training speed: 5909682 hands/sec
Training flat edge:   -0.118636
Evaluation flat edge (5000000000 rounds): -0.018340  std(X): 1.137233  E[X^2]: 1.293636
Spread/Kelly evaluation skipped for P0: W0 is the zero count, so no positive-count betting signal is expected.

=== P0 Strategy ===

========== Count: 0 ==========

Hard
       2   3   4   5   6   7   8   9  10   A
  4    S   H   H   H   H   H   H   H   H   H
  5    H   H   H   H   H   H   H   H   H   H
  6    H   H   H   H   H   H   H   H   H   H
  7    H   H   H   H   H   H   H   H   H   H
  8    H   H   H   H   H   H   H   H   H   H
  9    H  Dh  Dh  Dh  Dh   H   H   H   H   H
 10   Dh  Dh  Dh  Dh  Dh  Dh  Dh  Dh   H   H
 11   Dh  Dh  Dh  Dh  Dh  Dh  Dh  Dh  Dh  Dh
 12    H   H   S   S   S   H   H   H   H   H
 13    S   S   S   S   S   H   H   H   H   H
 14    S   S   S   S   S   H   H   H   H   H
 15    S   S   S   S   S   H   H   H   H   H
 16    S   S   S   S   S   H   H   H   H   H
 17    S   S   S   S   S   S   S   S   S   S
 18    S   S   S   S   S   S   S   S   S   S
 19    S   S   S   S   S   S   S   S   S   S
 20    S   S   S   S   S   S   S   S   S   S
 21    S   S   S   S   S   S   S   S   S   S

Soft
       2   3   4   5   6   7   8   9  10   A
 12    S   S   S   S   S   S   S   S   S   S
 13    H   H   H   H  Dh   H   H   H   H   H
 14    H   H  Dh  Dh  Dh   H   H   H   H   H
 15    H   H   H  Dh  Dh   H   H   H   H   H
 16    H   H   H  Dh  Dh   H   H   H   H   H
 17   Dh  Dh  Dh  Dh  Dh   H   H   H   H   H
 18    S  Ds  Ds  Ds  Ds   S   S   H   H   H
 19    S   S   S   S   S   S   S   S   S   S
 20    S   S   S   S   S   S   S   S   S   S
 21    S   S   S   S   S   S   S   S   S   S

Pair
       2   3   4   5   6   7   8   9  10   A
  2    P   P   P   P   P   P   H   H   H   H
  3    P   P   P   P   P   P   H   H   H   H
  4    H   H   H   P   P   H   H   H   H   H
  5   Dh  Dh  Dh  Dh  Dh  Dh  Dh   H   H   H
  6    P   P   P   P   P   P   H   H   H   H
  7    P   P   P   P   P   P   P   H   H   H
  8    P   P   P   P   P   P   P   P   P   P
  9    P   P   P   P   P   S   P   P   S   S
 10    S   S   S   S   S   S   S   S   S   S
 11    P   P   P   P   P   P   P   P   P   P

One card
       2   3   4   5   6   7   8   9  10   A
  2    H   H   H   H   H   H   H   H   H   H
  3    H   H   H   H   H   H   H   H   H   H
  4    H   H   H   H   H   H   H   H   H   H
  5    H   H   H   H   H   H   H   H   H   H
  6    H   H   H   H   H   H   H   H   H   H
  7    H   H   H   H   H   H   H   H   H   H
  8    H   H   H   H   H   H   H   H   H   H
  9    H   H   H   H   H   H   H   H   H   H
 10    H   H   H   H   H   H   H   H   H   H
  A    H   H   H   H   H   H   H   H   H   H

BlackJack
       2   3   4   5   6   7   8   9  10   A
 21    S   S   S   S   S   S   S   S   S   S
========================

--- W1 ---
Recorded rounds: 5000000000  speed: 11262048 hands/sec
Count table:
  Card      Original      Used          
  --------------------------------------
  2         0.6916        0.6916        
  3         0.7869        0.7869        
  4         1.1284        1.1284        
  5         1.3952        1.3952        
  6         0.8288        0.8288        
  7         0.4003        0.4003        
  8         -0.1783       -0.1783       
  9         -0.5372       -0.5372       
  10        -0.9986       -1.0000       
  J         -1.0058       -1.0000       
  Q         -0.9955       -1.0000       
  K         -1.0002       -1.0000       
  A         -0.5157       -0.5157       
  Bias      -0.018340   
  Bet>0 TC  5.358261    
  Factor    0.003423    

Spread 1:10 evaluation edge (5000000000 rounds): -0.009372  std(X): 3.147389  E[X^2]: 9.906148
Optimal Kelly multiplier:    0.950000  fitted-signal target: 1.000000
Optimal Kelly growth/round:  1.000006  stddev: 0.000004
Sanity checks:
  Sum(weights): 0.000000  (PASS, expected near 0)
  10-value consistency: mean=-1.000000  max_dev=0.005764  rel=0.576440%  (PASS)
  Bias vs flat edge: bias=-0.018340  flat_edge=-0.018340  diff=0.000000  rel_to_0.5%=0.000000%
  Bias constraint: fixed to P0 flat edge
EV-count graph:         41 points  res=0.250000  speed: 9641342 hands/sec
Count histogram:        total=416905388  symmetry_rel_diff=4.4303%  (PASS, expected roughly symmetric)
P1 sample rounds=100000000  speed=5069451 hands/sec  avg|ΔQ|=0.378145  threshold=0.005000
P1 sample rounds=200000000  speed=4992760 hands/sec  avg|ΔQ|=0.039094  threshold=0.005000
P1 sample rounds=300000000  speed=4945354 hands/sec  avg|ΔQ|=0.026088  threshold=0.005000
P1 sample rounds=400000000  speed=4895601 hands/sec  avg|ΔQ|=0.021948  threshold=0.005000
P1 sample rounds=500000000  speed=4846981 hands/sec  avg|ΔQ|=0.019857  threshold=0.005000
P1 sample rounds=600000000  speed=4807423 hands/sec  avg|ΔQ|=0.018491  threshold=0.005000
P1 sample rounds=700000000  speed=4769432 hands/sec  avg|ΔQ|=0.017436  threshold=0.005000
P1 sample rounds=800000000  speed=4733392 hands/sec  avg|ΔQ|=0.016456  threshold=0.005000
P1 sample rounds=900000000  speed=4699027 hands/sec  avg|ΔQ|=0.015640  threshold=0.005000
P1 sample rounds=1000000000  speed=4671413 hands/sec  avg|ΔQ|=0.015019  threshold=0.005000
P1 sample rounds=1100000000  speed=4643427 hands/sec  avg|ΔQ|=0.014254  threshold=0.005000
P1 sample rounds=1200000000  speed=4623119 hands/sec  avg|ΔQ|=0.013469  threshold=0.005000
P1 sample rounds=1300000000  speed=4603236 hands/sec  avg|ΔQ|=0.013101  threshold=0.005000
P1 sample rounds=1400000000  speed=4576524 hands/sec  avg|ΔQ|=0.012562  threshold=0.005000
P1 sample rounds=1500000000  speed=4554439 hands/sec  avg|ΔQ|=0.012121  threshold=0.005000
P1 sample rounds=1600000000  speed=4538904 hands/sec  avg|ΔQ|=0.011793  threshold=0.005000
P1 sample rounds=1700000000  speed=4522251 hands/sec  avg|ΔQ|=0.011318  threshold=0.005000
P1 sample rounds=1800000000  speed=4506738 hands/sec  avg|ΔQ|=0.010898  threshold=0.005000
P1 sample rounds=1900000000  speed=4487970 hands/sec  avg|ΔQ|=0.010511  threshold=0.005000
P1 sample rounds=2000000000  speed=4475314 hands/sec  avg|ΔQ|=0.010359  threshold=0.005000
P1 sample rounds=2100000000  speed=4465055 hands/sec  avg|ΔQ|=0.009934  threshold=0.005000
P1 sample rounds=2200000000  speed=4452927 hands/sec  avg|ΔQ|=0.009709  threshold=0.005000
P1 sample rounds=2300000000  speed=4443740 hands/sec  avg|ΔQ|=0.009290  threshold=0.005000
P1 sample rounds=2400000000  speed=4434147 hands/sec  avg|ΔQ|=0.009099  threshold=0.005000
P1 sample rounds=2500000000  speed=4423792 hands/sec  avg|ΔQ|=0.008917  threshold=0.005000
P1 sample rounds=2600000000  speed=4413595 hands/sec  avg|ΔQ|=0.008748  threshold=0.005000
P1 sample rounds=2700000000  speed=4405689 hands/sec  avg|ΔQ|=0.008376  threshold=0.005000
P1 sample rounds=2800000000  speed=4395846 hands/sec  avg|ΔQ|=0.008072  threshold=0.005000
P1 sample rounds=2900000000  speed=4386973 hands/sec  avg|ΔQ|=0.008074  threshold=0.005000
P1 sample rounds=3000000000  speed=4378488 hands/sec  avg|ΔQ|=0.007772  threshold=0.005000
P1 sample rounds=3100000000  speed=4371708 hands/sec  avg|ΔQ|=0.007505  threshold=0.005000
P1 sample rounds=3200000000  speed=4364900 hands/sec  avg|ΔQ|=0.007404  threshold=0.005000
P1 sample rounds=3300000000  speed=4358070 hands/sec  avg|ΔQ|=0.007261  threshold=0.005000
P1 sample rounds=3400000000  speed=4350697 hands/sec  avg|ΔQ|=0.007118  threshold=0.005000
P1 sample rounds=3500000000  speed=4344307 hands/sec  avg|ΔQ|=0.006969  threshold=0.005000
P1 sample rounds=3600000000  speed=4335688 hands/sec  avg|ΔQ|=0.006840  threshold=0.005000
P1 sample rounds=3700000000  speed=4328954 hands/sec  avg|ΔQ|=0.006674  threshold=0.005000
P1 sample rounds=3800000000  speed=4321526 hands/sec  avg|ΔQ|=0.006441  threshold=0.005000
P1 sample rounds=3900000000  speed=4314837 hands/sec  avg|ΔQ|=0.006376  threshold=0.005000
P1 sample rounds=4000000000  speed=4309760 hands/sec  avg|ΔQ|=0.006278  threshold=0.005000
P1 sample rounds=4100000000  speed=4304869 hands/sec  avg|ΔQ|=0.006125  threshold=0.005000
P1 sample rounds=4200000000  speed=4298747 hands/sec  avg|ΔQ|=0.006003  threshold=0.005000
P1 sample rounds=4300000000  speed=4293585 hands/sec  avg|ΔQ|=0.005879  threshold=0.005000
P1 sample rounds=4400000000  speed=4287555 hands/sec  avg|ΔQ|=0.005862  threshold=0.005000
P1 sample rounds=4500000000  speed=4282227 hands/sec  avg|ΔQ|=0.005724  threshold=0.005000
P1 sample rounds=4600000000  speed=4276830 hands/sec  avg|ΔQ|=0.005588  threshold=0.005000
P1 sample rounds=4700000000  speed=4272754 hands/sec  avg|ΔQ|=0.005583  threshold=0.005000
P1 sample rounds=4800000000  speed=4267607 hands/sec  avg|ΔQ|=0.005434  threshold=0.005000
P1 sample rounds=4900000000  speed=4262445 hands/sec  avg|ΔQ|=0.005415  threshold=0.005000
P1 sample rounds=5000000000  speed=4258712 hands/sec  avg|ΔQ|=0.005265  threshold=0.005000
P1 sample rounds=5100000000  speed=4255188 hands/sec  avg|ΔQ|=0.005219  threshold=0.005000
P1 sample rounds=5200000000  speed=4250672 hands/sec  avg|ΔQ|=0.005113  threshold=0.005000
P1 sample rounds=5300000000  speed=4247050 hands/sec  avg|ΔQ|=0.005080  threshold=0.005000
P1 sample rounds=5400000000  speed=4243668 hands/sec  avg|ΔQ|=0.005080  threshold=0.005000
P1 sample rounds=5500000000  speed=4240189 hands/sec  avg|ΔQ|=0.004887  threshold=0.005000

--- P1 ---
Training rounds: 5500000000
Training speed: 4240189 hands/sec
Training flat edge:   -0.168351
Evaluation flat edge (5000000000 rounds): -0.015215  std(X): 1.143613  E[X^2]: 1.308081
Spread 1:10 evaluation edge (5000000000 rounds): 0.003883  std(X): 3.473413  E[X^2]: 12.064612
Kelly growth per round:      1.000022  stddev: 0.000004

=== P1 Strategy ===

========== Count: -5 ==========

Hard
       2   3   4   5   6   7   8   9  10   A
  4    H  Ds   S  Dh   S   H  Dh   H   S   H
  5    H   H   H   H   H   H   H   H   H   H
  6    H   H   H   H   H   H   H   H   H   H
  7    H   H   H   H   H   H   H   H   H   H
  8    H   H   H   H   H   H   H   H   H   H
  9    H   H   H   H   H   H   H   H   H   H
 10   Dh  Dh  Dh  Dh  Dh   H   H   H   H   H
 11   Dh  Dh  Dh  Dh  Dh  Dh   H   H   H   H
 12    H   H   H   H   H   H   H   H   H   H
 13    H   H   H   H   H   H   H   H   H   H
 14    H   H   H   H   S   H   H   H   H   H
 15    H   H   H   S   S   H   H   H   H   H
 16    S   S   S   S   S   H   H   H   H   H
 17    S   S   S   S   S   S   S   S   S   H
 18    S   S   S   S   S   S   S   S   S   S
 19    S   S   S   S   S   S   S   S   S   S
 20    S   S   S   S   S   S   S   S   S   S
 21    S   S   S   S   S   S   S   S   S   S

Soft
       2   3   4   5   6   7   8   9  10   A
 12    S   S   S   S   S   S   S   S   S   S
 13    H   H   H   H   H   H   H   H   H   H
 14    H   H   H   H   H   H   H   H   H   H
 15    H   H   H   H  Dh   H   H   H   H   H
 16    H   H   H   H  Dh   H   H   H   H   H
 17    H   H   H   H  Dh   H   H   H   H   H
 18    S   S   S  Ds  Ds   S   S   H   H   H
 19    S   S   S   S   S   S   S   S   S   S
 20    S   S   S   S   S   S   S   S   S   S
 21    S   S   S   S   S   S   S   S   S   S

Pair
       2   3   4   5   6   7   8   9  10   A
  2    H   H   H   P   P   P   H   H   H   H
  3    H   P   P   P   P   P   H   H   H   H
  4    H   H   H   H   H   H   H   H   H   H
  5    H  Dh  Dh  Dh  Dh   H   H   H   H   H
  6    H   H   P   P   P   P   H   H   H   H
  7    P   P   P   P   P   P   H   H   H   H
  8    P   P   P   P   P   P   P   P   P   H
  9    S   S   S   S   P   S   P   P   S   S
 10    S   S   S   S   S   S   S   S   S   S
 11    P   P   P   P   P   P   P   P   P   H

One card
       2   3   4   5   6   7   8   9  10   A
  2    H   H   H   H   H   H   H   H   H   H
  3    H   H   H   H   H   H   H   H   H   H
  4    H   H   H   H   H   H   H   H   H   H
  5    H   H   H   H   H   H   H   H   H   H
  6    H   H   H   H   H   H   H   H   H   H
  7    H   H   H   H   H   H   H   H   H   H
  8    H   H   H   H   H   H   H   H   H   H
  9    H   H   H   H   H   H   H   H   H   H
 10    H   H   H   H   H   H   H   H   H   H
  A    H   H   H   H   H   H   H   H   H   H

BlackJack
       2   3   4   5   6   7   8   9  10   A
 21    S   S   S   S   S   S   S   S   S   S

========== Count: -4 ==========

Hard
       2   3   4   5   6   7   8   9  10   A
  4    -   H   H   H   H   H   S   -   H  Dh
  5    H   H   H   H   H   H   H   H   H   H
  6    H   H   H   H   H   H   H   H   H   H
  7    H   H   H   H   H   H   H   H   H   H
  8    H   H   H   H   H   H   H   H   H   H
  9    H   H   H  Dh  Dh   H   H   H   H   H
 10   Dh  Dh  Dh  Dh  Dh  Dh  Dh   H   H   H
 11   Dh  Dh  Dh  Dh  Dh  Dh  Dh  Dh   H   H
 12    H   H   H   H   H   H   H   H   H   H
 13    H   H   H   H   S   H   H   H   H   H
 14    H   S   S   S   S   H   H   H   H   H
 15    S   S   S   S   S   H   H   H   H   H
 16    S   S   S   S   S   H   H   H   H   H
 17    S   S   S   S   S   S   S   S   S   S
 18    S   S   S   S   S   S   S   S   S   S
 19    S   S   S   S   S   S   S   S   S   S
 20    S   S   S   S   S   S   S   S   S   S
 21    S   S   S   S   S   S   S   S   S   S

Soft
       2   3   4   5   6   7   8   9  10   A
 12    S   S   S   S   S   S   S   S   S   S
 13    H   H   H   H   H   H   H   H   H   H
 14    H   H   H  Dh  Dh   H   H   H   H   H
 15    H   H   H  Dh  Dh   H   H   H   H   H
 16    H   H   H  Dh  Dh   H   H   H   H   H
 17    H  Dh   H  Dh  Dh   H   H   H   H   H
 18    S   S  Ds  Ds  Ds   S   S   H   H   H
 19    S   S   S   S   S   S   S   S   S   S
 20    S   S   S   S   S   S   S   S   S   S
 21    S   S   S   S   S   S   S   S   S   S

Pair
       2   3   4   5   6   7   8   9  10   A
  2    H   P   P   P   P   P   H   H   H   H
  3    P   P   P   P   P   P   H   H   H   H
  4    H   H   H   H   H   H   H   H   H   H
  5   Dh  Dh  Dh  Dh  Dh  Dh  Dh   H   H   H
  6    H   P   P   P   P   P   H   H   H   H
  7    P   P   P   P   P   P   H   H   H   H
  8    P   P   P   P   P   P   P   P   P   H
  9    S   P   P   P   P   S   P   P   S   S
 10    S   S   S   S   S   S   S   S   S   S
 11    P   P   P   P   P   P   P   P   P   P

One card
       2   3   4   5   6   7   8   9  10   A
  2    H   H   H   H   H   H   H   H   H   H
  3    H   H   H   H   H   H   H   H   H   H
  4    H   H   H   H   H   H   H   H   H   H
  5    H   H   H   H   H   H   H   H   H   H
  6    H   H   H   H   H   H   H   H   H   H
  7    H   H   H   H   H   H   H   H   H   H
  8    H   H   H   H   H   H   H   H   H   H
  9    H   H   H   H   H   H   H   H   H   H
 10    H   H   H   H   H   H   H   H   H   H
  A    H   H   H   H   H   H   H   H   H   H

BlackJack
       2   3   4   5   6   7   8   9  10   A
 21    S   S   S   S   S   S   S   S   S   S

========== Count: -3 ==========

Hard
       2   3   4   5   6   7   8   9  10   A
  4   Dh  Dh   S   H   H   H   -   -   S  Dh
  5    H   H   H   H   H   H   H   H   H   H
  6    H   H   H   H   H   H   H   H   H   H
  7    H   H   H   H   H   H   H   H   H   H
  8    H   H   H   H   H   H   H   H   H   H
  9    H   H   H   H  Dh   H   H   H   H   H
 10   Dh  Dh  Dh  Dh  Dh  Dh  Dh   H   H   H
 11   Dh  Dh  Dh  Dh  Dh  Dh  Dh  Dh  Dh   H
 12    H   H   H   H   H   H   H   H   H   H
 13    H   H   H   S   S   H   H   H   H   H
 14    S   S   S   S   S   H   H   H   H   H
 15    S   S   S   S   S   H   H   H   H   H
 16    S   S   S   S   S   H   H   H   H   H
 17    S   S   S   S   S   S   S   S   S   S
 18    S   S   S   S   S   S   S   S   S   S
 19    S   S   S   S   S   S   S   S   S   S
 20    S   S   S   S   S   S   S   S   S   S
 21    S   S   S   S   S   S   S   S   S   S

Soft
       2   3   4   5   6   7   8   9  10   A
 12    S   S   S   S   S   S   S   S   S   S
 13    H   H   H   H   H   H   H   H   H   H
 14    H   H   H   H  Dh   H   H   H   H   H
 15    H   H   H  Dh  Dh   H   H   H   H   H
 16    H   H   H  Dh  Dh   H   H   H   H   H
 17    H  Dh  Dh  Dh  Dh   H   H   H   H   H
 18    S  Ds  Ds  Ds  Ds   S   S   H   H   H
 19    S   S   S   S   S   S   S   S   S   S
 20    S   S   S   S   S   S   S   S   S   S
 21    S   S   S   S   S   S   S   S   S   S

Pair
       2   3   4   5   6   7   8   9  10   A
  2    P   P   P   P   P   P   H   H   H   H
  3    P   P   P   P   P   P   H   H   H   H
  4    H   H   H   H   P   H   H   H   H   H
  5   Dh  Dh  Dh  Dh  Dh   H  Dh   H   H   H
  6    P   P   P   P   P   P   H   H   H   H
  7    P   P   P   P   P   P   P   H   H   H
  8    P   P   P   P   P   P   P   P   P   H
  9    S   P   P   P   P   S   P   P   S   S
 10    S   S   S   S   S   S   S   S   S   S
 11    P   P   P   P   P   P   P   P   P   P

One card
       2   3   4   5   6   7   8   9  10   A
  2    H   H   H   H   H   H   H   H   H   H
  3    H   H   H   H   H   H   H   H   H   H
  4    H   H   H   H   H   H   H   H   H   H
  5    H   H   H   H   H   H   H   H   H   H
  6    H   H   H   H   H   H   H   H   H   H
  7    H   H   H   H   H   H   H   H   H   H
  8    H   H   H   H   H   H   H   H   H   H
  9    H   H   H   H   H   H   H   H   H   H
 10    H   H   H   H   H   H   H   H   H   H
  A    H   H   H   H   H   H   H   H   H   H

BlackJack
       2   3   4   5   6   7   8   9  10   A
 21    S   S   S   S   S   S   S   S   S   S

========== Count: -2 ==========

Hard
       2   3   4   5   6   7   8   9  10   A
  4    S   H  Dh   H  Dh  Dh   -   S  Dh   H
  5    H   H   H   H   H   H   H   H   H   H
  6    H   H   H   H   H   H   H   H   H   H
  7    H   H   H   H   H   H   H   H   H   H
  8    H   H   H   H   H   H   H   H   H   H
  9    H   H   H  Dh  Dh   H   H   H   H   H
 10   Dh  Dh  Dh  Dh  Dh  Dh  Dh   H   H   H
 11   Dh  Dh  Dh  Dh  Dh  Dh  Dh  Dh  Dh   H
 12    H   H   H   H   S   H   H   H   H   H
 13    H   H   S   S   S   H   H   H   H   H
 14    S   S   S   S   S   H   H   H   H   H
 15    S   S   S   S   S   H   H   H   H   H
 16    S   S   S   S   S   H   H   H   H   H
 17    S   S   S   S   S   S   S   S   S   S
 18    S   S   S   S   S   S   S   S   S   S
 19    S   S   S   S   S   S   S   S   S   S
 20    S   S   S   S   S   S   S   S   S   S
 21    S   S   S   S   S   S   S   S   S   S

Soft
       2   3   4   5   6   7   8   9  10   A
 12    S   S   S   S   S   S   S   S   S   S
 13    H   H   H   H   H   H   H   H   H   H
 14    H   H   H   H  Dh   H   H   H   H   H
 15    H   H   H  Dh  Dh   H   H   H   H   H
 16    H   H   H   H  Dh   H   H   H   H   H
 17    H  Dh  Dh  Dh  Dh   H   H   H   H   H
 18    S   S  Ds  Ds  Ds   S   S   H   H   H
 19    S   S   S   S   S   S   S   S   S   S
 20    S   S   S   S   S   S   S   S   S   S
 21    S   S   S   S   S   S   S   S   S   S

Pair
       2   3   4   5   6   7   8   9  10   A
  2    P   P   P   P   P   P   H   H   H   H
  3    P   P   P   P   P   P   H   H   H   H
  4    H   H   H   H   P   H   H   H   H   H
  5   Dh  Dh  Dh  Dh  Dh  Dh  Dh   H   H   H
  6    P   P   P   P   P   P   H   H   H   H
  7    P   P   P   P   P   P   H   H   H   H
  8    P   P   P   P   P   P   P   P   P   P
  9    P   P   P   P   P   S   P   P   S   S
 10    S   S   S   S   S   S   S   S   S   S
 11    P   P   P   P   P   P   P   P   P   P

One card
       2   3   4   5   6   7   8   9  10   A
  2    H   H   H   H   H   H   H   H   H   H
  3    H   H   H   H   H   H   H   H   H   H
  4    H   H   H   H   H   H   H   H   H   H
  5    H   H   H   H   H   H   H   H   H   H
  6    H   H   H   H   H   H   H   H   H   H
  7    H   H   H   H   H   H   H   H   H   H
  8    H   H   H   H   H   H   H   H   H   H
  9    H   H   H   H   H   H   H   H   H   H
 10    H   H   H   H   H   H   H   H   H   H
  A    H   H   H   H   H   H   H   H   H   H

BlackJack
       2   3   4   5   6   7   8   9  10   A
 21    S   S   S   S   S   S   S   S   S   S

========== Count: -1 ==========

Hard
       2   3   4   5   6   7   8   9  10   A
  4    S   S   H   H   H   H   S   S   H   S
  5    H   H   H   H   H   H   H   H   H   H
  6    H   H   H   H   H   H   H   H   H   H
  7    H   H   H   H   H   H   H   H   H   H
  8    H   H   H   H   H   H   H   H   H   H
  9    H   H  Dh  Dh  Dh   H   H   H   H   H
 10   Dh  Dh  Dh  Dh  Dh  Dh  Dh   H   H   H
 11   Dh  Dh  Dh  Dh  Dh  Dh  Dh  Dh  Dh  Dh
 12    H   H   H   S   S   H   H   H   H   H
 13    H   S   S   S   S   H   H   H   H   H
 14    S   S   S   S   S   H   H   H   H   H
 15    S   S   S   S   S   H   H   H   H   H
 16    S   S   S   S   S   H   H   H   H   H
 17    S   S   S   S   S   S   S   S   S   S
 18    S   S   S   S   S   S   S   S   S   S
 19    S   S   S   S   S   S   S   S   S   S
 20    S   S   S   S   S   S   S   S   S   S
 21    S   S   S   S   S   S   S   S   S   S

Soft
       2   3   4   5   6   7   8   9  10   A
 12    S   S   S   S   S   S   S   S   S   S
 13    H   H   H   H  Dh   H   H   H   H   H
 14    H   H   H  Dh  Dh   H   H   H   H   H
 15    H   H   H  Dh  Dh   H   H   H   H   H
 16    H   H   H  Dh  Dh   H   H   H   H   H
 17    H  Dh  Dh  Dh  Dh   H   H   H   H   H
 18    S   S  Ds  Ds  Ds   S   S   H   H   H
 19    S   S   S   S   S   S   S   S   S   S
 20    S   S   S   S   S   S   S   S   S   S
 21    S   S   S   S   S   S   S   S   S   S

Pair
       2   3   4   5   6   7   8   9  10   A
  2    P   P   P   P   P   P   H   H   H   H
  3    P   P   P   P   P   P   H   H   H   H
  4    H   H   H   P   P   H   H   H   H   H
  5   Dh  Dh  Dh  Dh  Dh  Dh  Dh   H   H   H
  6    P   P   P   P   P   P   H   H   H   H
  7    P   P   P   P   P   P   P   H   H   H
  8    P   P   P   P   P   P   P   P   P   P
  9    P   P   P   P   P   S   P   P   S   S
 10    S   S   S   S   S   S   S   S   S   S
 11    P   P   P   P   P   P   P   P   P   P

One card
       2   3   4   5   6   7   8   9  10   A
  2    H   H   H   H   H   H   H   H   H   H
  3    H   H   H   H   H   H   H   H   H   H
  4    H   H   H   H   H   H   H   H   H   H
  5    H   H   H   H   H   H   H   H   H   H
  6    H   H   H   H   H   H   H   H   H   H
  7    H   H   H   H   H   H   H   H   H   H
  8    H   H   H   H   H   H   H   H   H   H
  9    H   H   H   H   H   H   H   H   H   H
 10    H   H   H   H   H   H   H   H   H   H
  A    H   H   H   H   H   H   H   H   H   H

BlackJack
       2   3   4   5   6   7   8   9  10   A
 21    S   S   S   S   S   S   S   S   S   S

========== Count: 0 ==========

Hard
       2   3   4   5   6   7   8   9  10   A
  4    H   H   H   H   H   H   S  Ds   S   H
  5    H   H   H   H   H   H   H   H   H   H
  6    H   H   H   H   H   H   H   H   H   H
  7    H   H   H   H   H   H   H   H   H   H
  8    H   H   H   H   H   H   H   H   H   H
  9    H   H  Dh  Dh  Dh   H   H   H   H   H
 10   Dh  Dh  Dh  Dh  Dh  Dh  Dh  Dh   H   H
 11   Dh  Dh  Dh  Dh  Dh  Dh  Dh  Dh  Dh  Dh
 12    H   H   H   S   S   H   H   H   H   H
 13    S   S   S   S   S   H   H   H   H   H
 14    S   S   S   S   S   H   H   H   H   H
 15    S   S   S   S   S   H   H   H   H   H
 16    S   S   S   S   S   H   H   H   H   H
 17    S   S   S   S   S   S   S   S   S   S
 18    S   S   S   S   S   S   S   S   S   S
 19    S   S   S   S   S   S   S   S   S   S
 20    S   S   S   S   S   S   S   S   S   S
 21    S   S   S   S   S   S   S   S   S   S

Soft
       2   3   4   5   6   7   8   9  10   A
 12    S   S   S   S   S   S   S   S   S   S
 13    H   H   H  Dh  Dh   H   H   H   H   H
 14    H   H   H  Dh  Dh   H   H   H   H   H
 15    H   H   H  Dh  Dh   H   H   H   H   H
 16    H   H   H  Dh  Dh   H   H   H   H   H
 17    H  Dh  Dh  Dh  Dh   H   H   H   H   H
 18   Ds  Ds  Ds  Ds  Ds   S   S   H   H   H
 19    S   S   S   S  Ds   S   S   S   S   S
 20    S   S   S   S   S   S   S   S   S   S
 21    S   S   S   S   S   S   S   S   S   S

Pair
       2   3   4   5   6   7   8   9  10   A
  2    P   P   P   P   P   P   H   H   H   H
  3    P   P   P   P   P   P   H   H   H   H
  4    H   H   H   P   P   H   H   H   H   H
  5   Dh  Dh  Dh  Dh  Dh  Dh  Dh  Dh   H   H
  6    P   P   P   P   P   P   H   H   H   H
  7    P   P   P   P   P   P   P   H   H   H
  8    P   P   P   P   P   P   P   P   P   P
  9    P   P   P   P   P   S   P   P   S   S
 10    S   S   S   S   S   S   S   S   S   S
 11    P   P   P   P   P   P   P   P   P   P

One card
       2   3   4   5   6   7   8   9  10   A
  2    H   H   H   H   H   H   H   H   H   H
  3    H   H   H   H   H   H   H   H   H   H
  4    H   H   H   H   H   H   H   H   H   H
  5    H   H   H   H   H   H   H   H   H   H
  6    H   H   H   H   H   H   H   H   H   H
  7    H   H   H   H   H   H   H   H   H   H
  8    H   H   H   H   H   H   H   H   H   H
  9    H   H   H   H   H   H   H   H   H   H
 10    H   H   H   H   H   H   H   H   H   H
  A    H   H   H   H   H   H   H   H   H   H

BlackJack
       2   3   4   5   6   7   8   9  10   A
 21    S   S   S   S   S   S   S   S   S   S

========== Count: 1 ==========

Hard
       2   3   4   5   6   7   8   9  10   A
  4    S   H   H   H   H   H   H   H   S   H
  5    H   H   H   H   H   H   H   H   H   H
  6    H   H   H   H   H   H   H   H   H   H
  7    H   H   H   H   H   H   H   H   H   H
  8    H   H   H   H   H   H   H   H   H   H
  9    H  Dh  Dh  Dh  Dh   H   H   H   H   H
 10   Dh  Dh  Dh  Dh  Dh  Dh  Dh  Dh   H   H
 11   Dh  Dh  Dh  Dh  Dh  Dh  Dh  Dh  Dh  Dh
 12    H   H   S   S   S   H   H   H   H   H
 13    S   S   S   S   S   H   H   H   H   H
 14    S   S   S   S   S   H   H   H   H   H
 15    S   S   S   S   S   H   H   H   H   H
 16    S   S   S   S   S   H   H   H   S   H
 17    S   S   S   S   S   S   S   S   S   S
 18    S   S   S   S   S   S   S   S   S   S
 19    S   S   S   S   S   S   S   S   S   S
 20    S   S   S   S   S   S   S   S   S   S
 21    S   S   S   S   S   S   S   S   S   S

Soft
       2   3   4   5   6   7   8   9  10   A
 12    S   S   S   S   S   S   S   S   S   S
 13    H   H   H   H  Dh   H   H   H   H   H
 14    H   H  Dh  Dh  Dh   H   H   H   H   H
 15    H   H  Dh  Dh  Dh   H   H   H   H   H
 16    H   H  Dh  Dh  Dh   H   H   H   H   H
 17    H  Dh  Dh  Dh  Dh   H   H   H   H   H
 18   Ds  Ds  Ds  Ds  Ds   S   S   H   H   H
 19    S   S   S   S  Ds   S   S   S   S   S
 20    S   S   S   S   S   S   S   S   S   S
 21    S   S   S   S   S   S   S   S   S   S

Pair
       2   3   4   5   6   7   8   9  10   A
  2    P   P   P   P   P   P   H   H   H   H
  3    P   P   P   P   P   P   H   H   H   H
  4    H   H   H   P   P   H   H   H   H   H
  5   Dh  Dh  Dh  Dh  Dh  Dh  Dh   H   H   H
  6    P   P   P   P   P   P   H   H   H   H
  7    P   P   P   P   P   P   P   H   H   H
  8    P   P   P   P   P   P   P   P   P   P
  9    P   P   P   P   P   S   P   P   S   S
 10    S   S   S   S   S   S   S   S   S   S
 11    P   P   P   P   P   P   P   P   P   P

One card
       2   3   4   5   6   7   8   9  10   A
  2    H   H   H   H   H   H   H   H   H   H
  3    H   H   H   H   H   H   H   H   H   H
  4    H   H   H   H   H   H   H   H   H   H
  5    H   H   H   H   H   H   H   H   H   H
  6    H   H   H   H   H   H   H   H   H   H
  7    H   H   H   H   H   H   H   H   H   H
  8    H   H   H   H   H   H   H   H   H   H
  9    H   H   H   H   H   H   H   H   H   H
 10    H   H   H   H   H   H   H   H   H   H
  A    H   H   H   H   H   H   H   H   H   H

BlackJack
       2   3   4   5   6   7   8   9  10   A
 21    S   S   S   S   S   S   S   S   S   S

========== Count: 2 ==========

Hard
       2   3   4   5   6   7   8   9  10   A
  4    H   H   S   H   H   H   H  Dh   H   H
  5    H   H   H   H   H   H   H   H   H   H
  6    H   H   H   H   H   H   H   H   H   H
  7    H   H   H   H   H   H   H   H   H   H
  8    H   H   H   H   H   H   H   H   H   H
  9   Dh  Dh  Dh  Dh  Dh   H   H   H   H   H
 10   Dh  Dh  Dh  Dh  Dh  Dh  Dh  Dh   H   H
 11   Dh  Dh  Dh  Dh  Dh  Dh  Dh  Dh  Dh  Dh
 12    H   S   S   S   S   H   H   H   H   H
 13    S   S   S   S   S   H   H   H   H   H
 14    S   S   S   S   S   H   H   H   H   H
 15    S   S   S   S   S   H   H   H   H   H
 16    S   S   S   S   S   H   H   H   S   H
 17    S   S   S   S   S   S   S   S   S   S
 18    S   S   S   S   S   S   S   S   S   S
 19    S   S   S   S   S   S   S   S   S   S
 20    S   S   S   S   S   S   S   S   S   S
 21    S   S   S   S   S   S   S   S   S   S

Soft
       2   3   4   5   6   7   8   9  10   A
 12    S   S   S   S   S   S   S   S   S   S
 13    H   H  Dh  Dh  Dh   H   H   H   H   H
 14    H   H  Dh  Dh  Dh   H   H   H   H   H
 15    H  Dh   H  Dh  Dh   H   H   H   H   H
 16    H   H  Dh  Dh  Dh   H   H   H   H   H
 17   Dh  Dh  Dh  Dh  Dh   H   H   H   H   H
 18   Ds  Ds  Ds  Ds  Ds   S   S   H   H   H
 19    S   S   S  Ds  Ds   S   S   S   S   S
 20    S   S   S   S   S   S   S   S   S   S
 21    S   S   S   S   S   S   S   S   S   S

Pair
       2   3   4   5   6   7   8   9  10   A
  2    P   P   P   P   P   P   H   H   H   H
  3    P   P   P   P   P   P   H   H   H   H
  4    H   H   H   P   P   H   H   H   H   H
  5   Dh  Dh  Dh  Dh  Dh  Dh  Dh  Dh   H   H
  6    P   P   P   P   P   H   H   H   H   H
  7    P   P   P   P   P   P   P   H   H   H
  8    P   P   P   P   P   P   P   P   P   P
  9    P   P   P   P   P   P   P   P   S   S
 10    S   S   S   S   S   S   S   S   S   S
 11    P   P   P   P   P   P   P   P   P   P

One card
       2   3   4   5   6   7   8   9  10   A
  2    H   H   H   H   H   H   H   H   H   H
  3    H   H   H   H   H   H   H   H   H   H
  4    H   H   H   H   H   H   H   H   H   H
  5    H   H   H   H   H   H   H   H   H   H
  6    H   H   H   H   H   H   H   H   H   H
  7    H   H   H   H   H   H   H   H   H   H
  8    H   H   H   H   H   H   H   H   H   H
  9    H   H   H   H   H   H   H   H   H   H
 10    H   H   H   H   H   H   H   H   H   H
  A    H   H   H   H   H   H   H   H   H   H

BlackJack
       2   3   4   5   6   7   8   9  10   A
 21    S   S   S   S   S   S   S   S   S   S

========== Count: 3 ==========

Hard
       2   3   4   5   6   7   8   9  10   A
  4    S   H   H   H   H  Dh   H   H   H   H
  5    H   H   H   H   H   H   H   H   H   H
  6    H   H   H   H   H   H   H   H   H   H
  7    H   H   H   H   H   H   H   H   H   H
  8    H   H   H   H  Dh   H   H   H   H   H
  9   Dh  Dh  Dh  Dh  Dh   H   H   H   H   H
 10   Dh  Dh  Dh  Dh  Dh  Dh  Dh  Dh   H  Dh
 11   Dh  Dh  Dh  Dh  Dh  Dh  Dh  Dh  Dh  Dh
 12    H   S   S   S   S   H   H   H   H   H
 13    S   S   S   S   S   H   H   H   H   H
 14    S   S   S   S   S   H   H   H   H   H
 15    S   S   S   S   S   H   H   H   S   H
 16    S   S   S   S   S   H   H   H   S   S
 17    S   S   S   S   S   S   S   S   S   S
 18    S   S   S   S   S   S   S   S   S   S
 19    S   S   S   S   S   S   S   S   S   S
 20    S   S   S   S   S   S   S   S   S   S
 21    S   S   S   S   S   S   S   S   S   S

Soft
       2   3   4   5   6   7   8   9  10   A
 12    S   S   S   S   S   S   S   S   S   S
 13    H   H  Dh  Dh  Dh   H   H   H   H   H
 14    H   H   H  Dh  Dh   H   H   H   H   H
 15    H   H  Dh  Dh  Dh   H   H   H   H   H
 16    H  Dh  Dh  Dh  Dh   H   H   H   H   H
 17   Dh  Dh  Dh  Dh  Dh   H   H   H   H   H
 18   Ds  Ds  Ds  Ds  Ds   S   S   H   H   H
 19    S   S   S  Ds  Ds   S   S   S   S   S
 20    S   S   S   S   S   S   S   S   S   S
 21    S   S   S   S   S   S   S   S   S   S

Pair
       2   3   4   5   6   7   8   9  10   A
  2    P   P   P   P   P   P   H   H   H   H
  3    P   P   P   P   P   P   H   H   H   H
  4    H   H   P   P   P   H   H   H   H   H
  5   Dh  Dh  Dh  Dh  Dh  Dh  Dh  Dh   H  Dh
  6    P   P   P   P   P   P   H   H   H   H
  7    P   P   P   P   P   P   P   H   H   H
  8    P   P   P   P   P   P   P   P   P   P
  9    P   P   P   P   P   P   P   P   S   P
 10    S   S   S   S   S   S   S   S   S   S
 11    P   P   P   P   P   P   P   P   P   P

One card
       2   3   4   5   6   7   8   9  10   A
  2    H   H   H   H   H   H   H   H   H   H
  3    H   H   H   H   H   H   H   H   H   H
  4    H   H   H   H   H   H   H   H   H   H
  5    H   H   H   H   H   H   H   H   H   H
  6    H   H   H   H   H   H   H   H   H   H
  7    H   H   H   H   H   H   H   H   H   H
  8    H   H   H   H   H   H   H   H   H   H
  9    H   H   H   H   H   H   H   H   H   H
 10    H   H   H   H   H   H   H   H   H   H
  A    H   H   H   H   H   H   H   H   H   H

BlackJack
       2   3   4   5   6   7   8   9  10   A
 21    S   S   S   S   S   S   S   S   S   S

========== Count: 4 ==========

Hard
       2   3   4   5   6   7   8   9  10   A
  4    S  Dh  Ds   H   H   H   H  Dh  Dh   H
  5    H   H   H   H   H   H   H   H   H   H
  6    H   H   H   H   H   H   H   H   H   H
  7    H   H   H   H   H   H   H   H   H   H
  8    H   H   H  Dh  Dh   H   H   H   H   H
  9   Dh  Dh  Dh  Dh  Dh   H   H   H   H   H
 10   Dh  Dh  Dh  Dh  Dh  Dh  Dh  Dh  Dh  Dh
 11   Dh  Dh  Dh  Dh  Dh  Dh  Dh  Dh  Dh  Dh
 12    H   S   S   S   S   H   H   H   H   H
 13    S   S   S   S   S   H   H   H   H   H
 14    S   S   S   S   S   H   H   H   H   H
 15    S   S   S   S   S   H   H   H   S   H
 16    S   S   S   S   S   H   H   H   S   S
 17    S   S   S   S   S   S   S   S   S   S
 18    S   S   S   S   S   S   S   S   S   S
 19    S   S   S   S   S   S   S   S   S   S
 20    S   S   S   S   S   S   S   S   S   S
 21    S   S   S   S   S   S   S   S   S   S

Soft
       2   3   4   5   6   7   8   9  10   A
 12    S   S   S   S   S   S   S   S   S   S
 13    H   H  Dh  Dh  Dh   H   H   H   H   H
 14    H  Dh  Dh  Dh  Dh   H   H   H   H   H
 15    H  Dh  Dh  Dh  Dh   H   H   H   H   H
 16    H   H  Dh  Dh  Dh   H   H   H   H   H
 17    H  Dh  Dh  Dh  Dh   H   H   H   H   H
 18   Ds  Ds  Ds  Ds  Ds   S   S   H   H   H
 19    S  Ds  Ds  Ds  Ds   S   S   S   S   S
 20    S   S   S   S  Ds   S   S   S   S   S
 21    S   S   S   S   S   S   S   S   S   S

Pair
       2   3   4   5   6   7   8   9  10   A
  2    P   P   P   P   P   P   H   H   H   H
  3    P   P   P   P   P   P   H   H   H   H
  4    H   H   P   P   P   H   H   H   H   H
  5   Dh  Dh  Dh  Dh  Dh  Dh  Dh  Dh  Dh  Dh
  6    P   P   P   P   P   P   H   H   H   H
  7    P   P   P   P   P   P   P   H   H   H
  8    P   P   P   P   P   P   P   P   P   P
  9    P   P   P   P   P   P   P   P   S   P
 10    S   S   S   P   P   S   S   S   S   S
 11    P   P   P   P   P   P   P   P   P   P

One card
       2   3   4   5   6   7   8   9  10   A
  2    H   H   H   H   H   H   H   H   H   H
  3    H   H   H   H   H   H   H   H   H   H
  4    H   H   H   H   H   H   H   H   H   H
  5    H   H   H   H   H   H   H   H   H   H
  6    H   H   H   H   H   H   H   H   H   H
  7    H   H   H   H   H   H   H   H   H   H
  8    H   H   H   H   H   H   H   H   H   H
  9    H   H   H   H   H   H   H   H   H   H
 10    H   H   H   H   H   H   H   H   H   H
  A    H   H   H   H   H   H   H   H   H   H

BlackJack
       2   3   4   5   6   7   8   9  10   A
 21    S   S   S   S   S   S   S   S   S   S

========== Count: 5 ==========

Hard
       2   3   4   5   6   7   8   9  10   A
  4    S   S   H   H   H   H  Ds   H   H   H
  5    H   H   H   H   H   H   H   H   H   H
  6    H   H   H   H   H   H   H   H   H   H
  7    H   H   H   H   H   H   H   H   H   H
  8    H   H  Dh  Dh  Dh   H   H   H   H   H
  9   Dh  Dh  Dh  Dh  Dh  Dh   H   H   H   H
 10   Dh  Dh  Dh  Dh  Dh  Dh  Dh  Dh  Dh  Dh
 11   Dh  Dh  Dh  Dh  Dh  Dh  Dh  Dh  Dh  Dh
 12    S   S   S   S   S   H   H   H   H   H
 13    S   S   S   S   S   H   H   H   H   H
 14    S   S   S   S   S   H   H   H   H   S
 15    S   S   S   S   S   H   H   S   S   S
 16    S   S   S   S   S   S   S   S   S   S
 17    S   S   S   S   S   S   S   S   S   S
 18    S   S   S   S   S   S   S   S   S   S
 19    S   S   S   S   S   S   S   S   S   S
 20    S   S   S   S   S   S   S   S   S   S
 21    S   S   S   S   S   S   S   S   S   S

Soft
       2   3   4   5   6   7   8   9  10   A
 12    S   S   S   S   S   S   S   S   S   S
 13    H   H  Dh  Dh  Dh   H   H   H   H   H
 14    H   H  Dh  Dh  Dh   H   H   H   H   H
 15    H  Dh  Dh  Dh  Dh   H   H   H   H   H
 16    H  Dh  Dh  Dh  Dh   H   H   H   H   H
 17   Dh  Dh  Dh  Dh  Dh   H   H   H   H   H
 18   Ds  Ds  Ds  Ds  Ds   S   S   H   H   H
 19   Ds  Ds  Ds  Ds  Ds   S   S   S   S   S
 20    S   S  Ds  Ds  Ds   S   S   S   S   S
 21    S   S   S  Ds  Ds   S   S   S   S   S

Pair
       2   3   4   5   6   7   8   9  10   A
  2    P   P   P   P   P   P   P   H   H   H
  3    P   P   P   P   P   P   H   H   H   H
  4    H   P   P   P   P   H   H   H   H   H
  5   Dh  Dh  Dh  Dh  Dh  Dh  Dh  Dh   H  Dh
  6    P   P   P   P   P   H   H   H   H   H
  7    P   P   P   P   P   P   P   H   S   S
  8    P   P   P   P   P   P   P   P   P   P
  9    P   P   P   P   P   P   P   P   S   P
 10    S   P   P   P   P   S   S   S   S   S
 11    P   P   P   P   P   P   P   P   P   P

One card
       2   3   4   5   6   7   8   9  10   A
  2    H   H   H   H   H   H   H   H   H   H
  3    H   H   H   H   H   H   H   H   H   H
  4    H   H   H   H   H   H   H   H   H   H
  5    H   H   H   H   H   H   H   H   H   H
  6    H   H   H   H   H   H   H   H   H   H
  7    H   H   H   H   H   H   H   H   H   H
  8    H   H   H   H   H   H   H   H   H   H
  9    H   H   H   H   H   H   H   H   H   H
 10    H   H   H   H   H   H   H   H   H   H
  A    H   H   H   H   H   H   H   H   H   H

BlackJack
       2   3   4   5   6   7   8   9  10   A
 21    S   S   S   S   S   S   S   S   S   S
========================

--- W2 ---
Recorded rounds: 5000000000  speed: 9534801 hands/sec
Count table:
  Card      Original      Used          
  --------------------------------------
  2         0.6448        0.6448        
  3         0.8120        0.8120        
  4         1.1938        1.1938        
  5         1.4938        1.4938        
  6         0.7727        0.7727        
  7         0.3925        0.3925        
  8         -0.1981       -0.1981       
  9         -0.5057       -0.5057       
  10        -0.9983       -1.0000       
  J         -0.9989       -1.0000       
  Q         -1.0014       -1.0000       
  K         -1.0014       -1.0000       
  A         -0.6057       -0.6057       
  Bias      -0.018340   
  Bet>0 TC  4.920487    
  Factor    0.003727    

Spread 1:10 evaluation edge (5000000000 rounds): 0.005146  std(X): 3.765092  E[X^2]: 14.175947
Optimal Kelly multiplier:    1.250000  fitted-signal target: 1.000000
Optimal Kelly growth/round:  1.000026  stddev: 0.000007
Sanity checks:
  Sum(weights): -0.000000  (PASS, expected near 0)
  10-value consistency: mean=-1.000000  max_dev=0.001742  rel=0.174152%  (PASS)
  Bias vs flat edge: bias=-0.018340  flat_edge=-0.015215  diff=0.003125  rel_to_0.5%=62.502114%
  Bias constraint: fixed to P0 flat edge
EV-count graph:         41 points  res=0.250000  speed: 8908369 hands/sec
Count histogram:        total=414294714  symmetry_rel_diff=4.1089%  (PASS, expected roughly symmetric)
P2 sample rounds=100000000  speed=5083367 hands/sec  avg|ΔQ|=0.377555  threshold=0.005000
P2 sample rounds=200000000  speed=5035247 hands/sec  avg|ΔQ|=0.038794  threshold=0.005000
P2 sample rounds=300000000  speed=4967957 hands/sec  avg|ΔQ|=0.026217  threshold=0.005000
P2 sample rounds=400000000  speed=4907494 hands/sec  avg|ΔQ|=0.022047  threshold=0.005000
P2 sample rounds=500000000  speed=4859842 hands/sec  avg|ΔQ|=0.020136  threshold=0.005000
P2 sample rounds=600000000  speed=4819471 hands/sec  avg|ΔQ|=0.018842  threshold=0.005000
P2 sample rounds=700000000  speed=4775582 hands/sec  avg|ΔQ|=0.017536  threshold=0.005000
P2 sample rounds=800000000  speed=4732048 hands/sec  avg|ΔQ|=0.016585  threshold=0.005000
P2 sample rounds=900000000  speed=4702882 hands/sec  avg|ΔQ|=0.015792  threshold=0.005000
P2 sample rounds=1000000000  speed=4676459 hands/sec  avg|ΔQ|=0.014871  threshold=0.005000
P2 sample rounds=1100000000  speed=4647743 hands/sec  avg|ΔQ|=0.014487  threshold=0.005000
P2 sample rounds=1200000000  speed=4624295 hands/sec  avg|ΔQ|=0.013739  threshold=0.005000
P2 sample rounds=1300000000  speed=4603905 hands/sec  avg|ΔQ|=0.013270  threshold=0.005000
P2 sample rounds=1400000000  speed=4583687 hands/sec  avg|ΔQ|=0.012552  threshold=0.005000
P2 sample rounds=1500000000  speed=4564307 hands/sec  avg|ΔQ|=0.012273  threshold=0.005000
P2 sample rounds=1600000000  speed=4545493 hands/sec  avg|ΔQ|=0.011911  threshold=0.005000
P2 sample rounds=1700000000  speed=4528853 hands/sec  avg|ΔQ|=0.011234  threshold=0.005000
P2 sample rounds=1800000000  speed=4509798 hands/sec  avg|ΔQ|=0.010860  threshold=0.005000
P2 sample rounds=1900000000  speed=4496988 hands/sec  avg|ΔQ|=0.010725  threshold=0.005000
P2 sample rounds=2000000000  speed=4484566 hands/sec  avg|ΔQ|=0.010252  threshold=0.005000
P2 sample rounds=2100000000  speed=4470701 hands/sec  avg|ΔQ|=0.009762  threshold=0.005000
P2 sample rounds=2200000000  speed=4456933 hands/sec  avg|ΔQ|=0.009692  threshold=0.005000
P2 sample rounds=2300000000  speed=4445329 hands/sec  avg|ΔQ|=0.009282  threshold=0.005000
P2 sample rounds=2400000000  speed=4433492 hands/sec  avg|ΔQ|=0.009097  threshold=0.005000
P2 sample rounds=2500000000  speed=4423745 hands/sec  avg|ΔQ|=0.008838  threshold=0.005000
P2 sample rounds=2600000000  speed=4413647 hands/sec  avg|ΔQ|=0.008588  threshold=0.005000
P2 sample rounds=2700000000  speed=4403907 hands/sec  avg|ΔQ|=0.008450  threshold=0.005000
P2 sample rounds=2800000000  speed=4393425 hands/sec  avg|ΔQ|=0.008218  threshold=0.005000
P2 sample rounds=2900000000  speed=4386051 hands/sec  avg|ΔQ|=0.008125  threshold=0.005000
P2 sample rounds=3000000000  speed=4377447 hands/sec  avg|ΔQ|=0.007821  threshold=0.005000
P2 sample rounds=3100000000  speed=4370753 hands/sec  avg|ΔQ|=0.007779  threshold=0.005000
P2 sample rounds=3200000000  speed=4363603 hands/sec  avg|ΔQ|=0.007536  threshold=0.005000
P2 sample rounds=3300000000  speed=4356884 hands/sec  avg|ΔQ|=0.007367  threshold=0.005000
P2 sample rounds=3400000000  speed=4350218 hands/sec  avg|ΔQ|=0.007189  threshold=0.005000
P2 sample rounds=3500000000  speed=4343477 hands/sec  avg|ΔQ|=0.006878  threshold=0.005000
P2 sample rounds=3600000000  speed=4337454 hands/sec  avg|ΔQ|=0.006814  threshold=0.005000
P2 sample rounds=3700000000  speed=4331701 hands/sec  avg|ΔQ|=0.006675  threshold=0.005000
P2 sample rounds=3800000000  speed=4324920 hands/sec  avg|ΔQ|=0.006584  threshold=0.005000
P2 sample rounds=3900000000  speed=4319640 hands/sec  avg|ΔQ|=0.006442  threshold=0.005000
P2 sample rounds=4000000000  speed=4314264 hands/sec  avg|ΔQ|=0.006278  threshold=0.005000
P2 sample rounds=4100000000  speed=4308968 hands/sec  avg|ΔQ|=0.006185  threshold=0.005000
P2 sample rounds=4200000000  speed=4303914 hands/sec  avg|ΔQ|=0.006033  threshold=0.005000
P2 sample rounds=4300000000  speed=4298667 hands/sec  avg|ΔQ|=0.005992  threshold=0.005000
P2 sample rounds=4400000000  speed=4293165 hands/sec  avg|ΔQ|=0.005864  threshold=0.005000
P2 sample rounds=4500000000  speed=4287674 hands/sec  avg|ΔQ|=0.005768  threshold=0.005000
P2 sample rounds=4600000000  speed=4282998 hands/sec  avg|ΔQ|=0.005667  threshold=0.005000
P2 sample rounds=4700000000  speed=4277744 hands/sec  avg|ΔQ|=0.005559  threshold=0.005000
P2 sample rounds=4800000000  speed=4272648 hands/sec  avg|ΔQ|=0.005469  threshold=0.005000
P2 sample rounds=4900000000  speed=4268003 hands/sec  avg|ΔQ|=0.005349  threshold=0.005000
P2 sample rounds=5000000000  speed=4263407 hands/sec  avg|ΔQ|=0.005252  threshold=0.005000
P2 sample rounds=5100000000  speed=4259552 hands/sec  avg|ΔQ|=0.005196  threshold=0.005000
P2 sample rounds=5200000000  speed=4255197 hands/sec  avg|ΔQ|=0.005152  threshold=0.005000
P2 sample rounds=5300000000  speed=4251121 hands/sec  avg|ΔQ|=0.005013  threshold=0.005000
P2 sample rounds=5400000000  speed=4246752 hands/sec  avg|ΔQ|=0.005005  threshold=0.005000
P2 sample rounds=5500000000  speed=4242289 hands/sec  avg|ΔQ|=0.004898  threshold=0.005000
