
=== EvaluateCountPolicy ===
Command:          /home/neria/Desktop/BlackjaclCpp/build/bin/EvaluateCountPolicy --game blackjack --count-name hilo --policy-file /home/neria/Desktop/BlackjaclCpp/checkpoints/performance-suites/h17c03_5b_hilo_bias_continuous/bj3-2/fixed_0p5pct_d1/full_deviations/full_deviations_strategy.json --output-dir /home/neria/Desktop/BlackjaclCpp/checkpoints/performance-suites/h17c03_5b_hilo_bias_continuous/bj3-2/alternating_d1/full_deviations --penetration 75 --ss17 false --peek true --surr no --das true --sas 4 --don ANY --rsa false --hsa false --bj 1.5 --num-rounds 5000000000 --stop-mode diff --sample-rounds 100000000 --diff-threshold 0.005 --eval-rounds 5000000000 --kelly-rounds 1000000 --kelly-measurements 1000 --kelly-min 0.50 --kelly-max 1.00 --kelly-step 0.05 --num-threads 10 --seed 12345 --decks 1 --factor 0.005 --bias 0.0033918842120374422 --continuous-betting-count true
Game:             blackjack
Scenario:         decks=1_ss17=False_das=True_sas=4_don=Any_reSplitAces=False_hitSplitAces=False_surr=no_peek=True_bj-pays=1.5
Penetration:      75%
Count:            named count hilo
Policy:           policy file /home/neria/Desktop/BlackjaclCpp/checkpoints/performance-suites/h17c03_5b_hilo_bias_continuous/bj3-2/fixed_0p5pct_d1/full_deviations/full_deviations_strategy.json
Spread:           5000000000 rounds, 1:10
Kelly:            1000 x 1000000 rounds per multiplier
Kelly search:     0.5 to 1 step 0.05
Threads:          10
Seed:             12345
Output:           /home/neria/Desktop/BlackjaclCpp/checkpoints/performance-suites/h17c03_5b_hilo_bias_continuous/bj3-2/alternating_d1/full_deviations/

Count weights:
   2  1
   3  1
   4  1
   5  1
   6  1
   7  0
   8  0
   9  0
  10  -1
   J  -1
   Q  -1
   K  -1
   A  -1
Transform: running = 0 + (0 * decks) + tags; selected=true_count
Signal f(c) = 0.00339188421204 + 0.005 * c

Running spread and Kelly evaluations...

=== Result ===
Spread edge:               0.1067800574
Kelly growth @1:           1.00016705509
Kelly exposure rounds @1: 1000000000
Mean gross wager/bankroll: 0.0126286249431
Max gross wager/bankroll:  0.995351305272
Mean |fX|:                 0.0117680250201
Max |fX|:                  0.995351305272

Saved results to /home/neria/Desktop/BlackjaclCpp/checkpoints/performance-suites/h17c03_5b_hilo_bias_continuous/bj3-2/alternating_d1/full_deviations/
