
=== AlternatingOptimization ===
Command:       /home/neria/Desktop/BlackjaclCpp/build/bin/AlternatingOptimization --game blackjack --penetration 75 --ss17 false --peek true --surr no --das true --sas 4 --don ANY --rsa false --hsa false --bj 1.5 --num-threads 5 --stop-mode diff --sample-rounds 100000000 --diff-threshold 0.005 --num-rounds 5000000000 --eval-rounds 5000000000 --graph-rounds 500000000 --kelly-measurements 1000 --kelly-fraction-step 0.05 --iterations 3 --sample-every 5 --decks 2 --count-quadratic-kelly --count-sum-zero-fixed-b1 --checkpoint-name h17c03_5b_qk_b1
Scenario:      decks=2_ss17=False_das=True_sas=4_don=Any_reSplitAces=False_hitSplitAces=False_surr=no_peek=True_bj-pays=1.5_penetration=75%
Policy stop:   diff  sample=100000000  threshold=0.005  Threads: 5
Count rounds:  25000000000  (record every 5 => target 5000000000 recorded samples)
Eval rounds:   5000000000
Graph rounds:  500000000
Iterations:    3  (each iteration learns P_k then W_{k+1})
Count objective: quadratic_kelly
Count constraint: sum_zero_fixed_w1_bias
Penetration:   75%
Sample-every:  5
Kelly sweep:  centered at fitted-signal multiplier 1.0 +/- 0.25 (minimum 0)  step 0.05
Folder:        /home/neria/Desktop/BlackjaclCpp/checkpoints/alternating-checkpoints/h17c03_5b_qk_b1_decks=2_ss17=False_das=True_surr=no_peek=True/
Initial count: none (all zeros)
Count scaling:  average 10/J/Q/K tag = -1
===============================
P0 sample rounds=100000000  speed=6429214 hands/sec  avg|ΔQ|=0.407823  threshold=0.005000
P0 sample rounds=200000000  speed=6304177 hands/sec  avg|ΔQ|=0.015605  threshold=0.005000
P0 sample rounds=300000000  speed=6216457 hands/sec  avg|ΔQ|=0.012432  threshold=0.005000
P0 sample rounds=400000000  speed=6149211 hands/sec  avg|ΔQ|=0.010659  threshold=0.005000
P0 sample rounds=500000000  speed=6098156 hands/sec  avg|ΔQ|=0.009001  threshold=0.005000
P0 sample rounds=600000000  speed=6062321 hands/sec  avg|ΔQ|=0.007980  threshold=0.005000
P0 sample rounds=700000000  speed=6031363 hands/sec  avg|ΔQ|=0.007353  threshold=0.005000
P0 sample rounds=800000000  speed=6005149 hands/sec  avg|ΔQ|=0.007023  threshold=0.005000
P0 sample rounds=900000000  speed=5984679 hands/sec  avg|ΔQ|=0.006238  threshold=0.005000
P0 sample rounds=1000000000  speed=5964310 hands/sec  avg|ΔQ|=0.005821  threshold=0.005000
P0 sample rounds=1100000000  speed=5945400 hands/sec  avg|ΔQ|=0.005487  threshold=0.005000
P0 sample rounds=1200000000  speed=5930612 hands/sec  avg|ΔQ|=0.004947  threshold=0.005000

--- P0 ---
Training rounds: 1200000000
Training speed: 5930612 hands/sec
Training flat edge:   -0.110447
Evaluation flat edge (5000000000 rounds): -0.004613  std(X): 1.152108  E[X^2]: 1.327374
Spread/Kelly evaluation skipped for P0: W0 is the zero count, so no positive-count betting signal is expected.

=== P0 Strategy ===

========== Count: 0 ==========

Hard
       2   3   4   5   6   7   8   9  10   A
  4   Dh   H   H   H  Dh   H   H   S   H   -
  5    H   H   H   H   H   H   H   H   H   H
  6    H   H   H   H   H   H   H   H   H   H
  7    H   H   H   H   H   H   H   H   H   H
  8    H   H   H   H   H   H   H   H   H   H
  9    H  Dh  Dh  Dh  Dh   H   H   H   H   H
 10   Dh  Dh  Dh  Dh  Dh  Dh  Dh  Dh   H   H
 11   Dh  Dh  Dh  Dh  Dh  Dh  Dh  Dh  Dh  Dh
 12    H   H   S   S   S   H   H   H   H   H
 13    S   S   S   S   S   H   H   H   H   H
 14    S   S   S   S   S   H   H   H   H   H
 15    S   S   S   S   S   H   H   H   H   H
 16    S   S   S   S   S   H   H   H   H   H
 17    S   S   S   S   S   S   S   S   S   S
 18    S   S   S   S   S   S   S   S   S   S
 19    S   S   S   S   S   S   S   S   S   S
 20    S   S   S   S   S   S   S   S   S   S
 21    S   S   S   S   S   S   S   S   S   S

Soft
       2   3   4   5   6   7   8   9  10   A
 12    S   S   S   S   S   S   S   S   S   S
 13    H   H   H   H  Dh   H   H   H   H   H
 14    H   H   H  Dh  Dh   H   H   H   H   H
 15    H   H   H  Dh  Dh   H   H   H   H   H
 16    H   H  Dh  Dh  Dh   H   H   H   H   H
 17    H  Dh  Dh  Dh  Dh   H   H   H   H   H
 18    S  Ds  Ds  Ds  Ds   S   S   H   H   H
 19    S   S   S   S   S   S   S   S   S   S
 20    S   S   S   S   S   S   S   S   S   S
 21    S   S   S   S   S   S   S   S   S   S

Pair
       2   3   4   5   6   7   8   9  10   A
  2    P   P   P   P   P   P   H   H   H   H
  3    P   P   P   P   P   P   H   H   H   H
  4    H   H   H   P   P   H   H   H   H   H
  5   Dh  Dh  Dh  Dh  Dh  Dh  Dh  Dh   H   H
  6    P   P   P   P   P   H   H   H   H   H
  7    P   P   P   P   P   P   P   H   H   H
  8    P   P   P   P   P   P   P   P   P   P
  9    P   P   P   P   P   S   P   P   S   S
 10    S   S   S   S   S   S   S   S   S   S
 11    P   P   P   P   P   P   P   P   P   P

One card
       2   3   4   5   6   7   8   9  10   A
  2    H   H   H   H   H   H   H   H   H   H
  3    H   H   H   H   H   H   H   H   H   H
  4    H   H   H   H   H   H   H   H   H   H
  5    H   H   H   H   H   H   H   H   H   H
  6    H   H   H   H   H   H   H   H   H   H
  7    H   H   H   H   H   H   H   H   H   H
  8    H   H   H   H   H   H   H   H   H   H
  9    H   H   H   H   H   H   H   H   H   H
 10    H   H   H   H   H   H   H   H   H   H
  A    H   H   H   H   H   H   H   H   H   H

BlackJack
       2   3   4   5   6   7   8   9  10   A
 21    S   S   S   S   S   S   S   S   S   S
========================

--- W1 ---
Recorded rounds: 5000000000  speed: 11295933 hands/sec
Count table:
  Card      Original      Used          
  --------------------------------------
  2         0.7459        0.7459        
  3         0.8581        0.8581        
  4         1.1316        1.1316        
  5         1.3442        1.3442        
  6         0.8879        0.8879        
  7         0.4726        0.4726        
  8         -0.0460       -0.0460       
  9         -0.3972       -0.3972       
  10        -1.0011       -1.0000       
  J         -1.0035       -1.0000       
  Q         -0.9978       -1.0000       
  K         -0.9976       -1.0000       
  A         -0.9972       -0.9972       
  Bias      -0.002405   
  Bet>0 TC  0.627354    
  Factor    0.003834    

Spread 1:10 evaluation edge (5000000000 rounds): 0.043130  std(X): 6.950321  E[X^2]: 48.308817
Optimal Kelly multiplier:    1.000000  fitted-signal target: 1.000000
Optimal Kelly growth/round:  1.000050  stddev: 0.000011
Sanity checks:
  Sum(weights): -0.000000  (PASS, expected near 0)
  10-value consistency: mean=-1.000000  max_dev=0.003493  rel=0.349276%  (PASS)
  Bias vs flat edge: bias=-0.002405  flat_edge=-0.004613  diff=0.002207  rel_to_0.5%=44.147344%
  Bias constraint: free
EV-count graph:         41 points  res=0.250000  speed: 10009609 hands/sec
Count histogram:        total=411162265  symmetry_rel_diff=4.1932%  (PASS, expected roughly symmetric)
P1 sample rounds=100000000  speed=5195615 hands/sec  avg|ΔQ|=0.379874  threshold=0.005000
P1 sample rounds=200000000  speed=5064573 hands/sec  avg|ΔQ|=0.039177  threshold=0.005000
P1 sample rounds=300000000  speed=4992428 hands/sec  avg|ΔQ|=0.026550  threshold=0.005000
P1 sample rounds=400000000  speed=4942848 hands/sec  avg|ΔQ|=0.022205  threshold=0.005000
P1 sample rounds=500000000  speed=4879810 hands/sec  avg|ΔQ|=0.020246  threshold=0.005000
P1 sample rounds=600000000  speed=4831696 hands/sec  avg|ΔQ|=0.018862  threshold=0.005000
P1 sample rounds=700000000  speed=4796064 hands/sec  avg|ΔQ|=0.017330  threshold=0.005000
P1 sample rounds=800000000  speed=4764514 hands/sec  avg|ΔQ|=0.016424  threshold=0.005000
P1 sample rounds=900000000  speed=4728853 hands/sec  avg|ΔQ|=0.015706  threshold=0.005000
P1 sample rounds=1000000000  speed=4703359 hands/sec  avg|ΔQ|=0.014818  threshold=0.005000
P1 sample rounds=1100000000  speed=4677587 hands/sec  avg|ΔQ|=0.014239  threshold=0.005000
P1 sample rounds=1200000000  speed=4654627 hands/sec  avg|ΔQ|=0.013724  threshold=0.005000
P1 sample rounds=1300000000  speed=4628591 hands/sec  avg|ΔQ|=0.013262  threshold=0.005000
P1 sample rounds=1400000000  speed=4604521 hands/sec  avg|ΔQ|=0.012678  threshold=0.005000
P1 sample rounds=1500000000  speed=4584170 hands/sec  avg|ΔQ|=0.012191  threshold=0.005000
P1 sample rounds=1600000000  speed=4565011 hands/sec  avg|ΔQ|=0.011662  threshold=0.005000
P1 sample rounds=1700000000  speed=4547887 hands/sec  avg|ΔQ|=0.011340  threshold=0.005000
P1 sample rounds=1800000000  speed=4530331 hands/sec  avg|ΔQ|=0.010796  threshold=0.005000
P1 sample rounds=1900000000  speed=4513665 hands/sec  avg|ΔQ|=0.010569  threshold=0.005000
P1 sample rounds=2000000000  speed=4495665 hands/sec  avg|ΔQ|=0.010249  threshold=0.005000
P1 sample rounds=2100000000  speed=4484813 hands/sec  avg|ΔQ|=0.009795  threshold=0.005000
P1 sample rounds=2200000000  speed=4472163 hands/sec  avg|ΔQ|=0.009572  threshold=0.005000
P1 sample rounds=2300000000  speed=4458548 hands/sec  avg|ΔQ|=0.009415  threshold=0.005000
P1 sample rounds=2400000000  speed=4446487 hands/sec  avg|ΔQ|=0.009160  threshold=0.005000
P1 sample rounds=2500000000  speed=4437660 hands/sec  avg|ΔQ|=0.008935  threshold=0.005000
P1 sample rounds=2600000000  speed=4427800 hands/sec  avg|ΔQ|=0.008747  threshold=0.005000
P1 sample rounds=2700000000  speed=4419521 hands/sec  avg|ΔQ|=0.008435  threshold=0.005000
P1 sample rounds=2800000000  speed=4408852 hands/sec  avg|ΔQ|=0.008176  threshold=0.005000
P1 sample rounds=2900000000  speed=4399345 hands/sec  avg|ΔQ|=0.007906  threshold=0.005000
P1 sample rounds=3000000000  speed=4389610 hands/sec  avg|ΔQ|=0.007836  threshold=0.005000
P1 sample rounds=3100000000  speed=4382914 hands/sec  avg|ΔQ|=0.007614  threshold=0.005000
P1 sample rounds=3200000000  speed=4375021 hands/sec  avg|ΔQ|=0.007407  threshold=0.005000
P1 sample rounds=3300000000  speed=4368974 hands/sec  avg|ΔQ|=0.007248  threshold=0.005000
P1 sample rounds=3400000000  speed=4361636 hands/sec  avg|ΔQ|=0.007216  threshold=0.005000
P1 sample rounds=3500000000  speed=4354512 hands/sec  avg|ΔQ|=0.006948  threshold=0.005000
P1 sample rounds=3600000000  speed=4346981 hands/sec  avg|ΔQ|=0.006698  threshold=0.005000
P1 sample rounds=3700000000  speed=4341480 hands/sec  avg|ΔQ|=0.006760  threshold=0.005000
P1 sample rounds=3800000000  speed=4334357 hands/sec  avg|ΔQ|=0.006601  threshold=0.005000
P1 sample rounds=3900000000  speed=4327813 hands/sec  avg|ΔQ|=0.006437  threshold=0.005000
P1 sample rounds=4000000000  speed=4319612 hands/sec  avg|ΔQ|=0.006272  threshold=0.005000
P1 sample rounds=4100000000  speed=4314000 hands/sec  avg|ΔQ|=0.006146  threshold=0.005000
P1 sample rounds=4200000000  speed=4307542 hands/sec  avg|ΔQ|=0.006002  threshold=0.005000
P1 sample rounds=4300000000  speed=4303322 hands/sec  avg|ΔQ|=0.005963  threshold=0.005000
P1 sample rounds=4400000000  speed=4298227 hands/sec  avg|ΔQ|=0.005865  threshold=0.005000
P1 sample rounds=4500000000  speed=4292906 hands/sec  avg|ΔQ|=0.005849  threshold=0.005000
P1 sample rounds=4600000000  speed=4288764 hands/sec  avg|ΔQ|=0.005565  threshold=0.005000
P1 sample rounds=4700000000  speed=4283701 hands/sec  avg|ΔQ|=0.005507  threshold=0.005000
P1 sample rounds=4800000000  speed=4279887 hands/sec  avg|ΔQ|=0.005419  threshold=0.005000
P1 sample rounds=4900000000  speed=4275440 hands/sec  avg|ΔQ|=0.005386  threshold=0.005000
P1 sample rounds=5000000000  speed=4271102 hands/sec  avg|ΔQ|=0.005249  threshold=0.005000
P1 sample rounds=5100000000  speed=4266833 hands/sec  avg|ΔQ|=0.005146  threshold=0.005000
P1 sample rounds=5200000000  speed=4262127 hands/sec  avg|ΔQ|=0.005039  threshold=0.005000
P1 sample rounds=5300000000  speed=4257165 hands/sec  avg|ΔQ|=0.004934  threshold=0.005000

--- P1 ---
Training rounds: 5300000000
Training speed: 4257165 hands/sec
Training flat edge:   -0.160440
Evaluation flat edge (5000000000 rounds): -0.001819  std(X): 1.158162  E[X^2]: 1.341342
Spread 1:10 evaluation edge (5000000000 rounds): 0.060264  std(X): 7.234805  E[X^2]: 52.346029
Kelly growth per round:      1.000083  stddev: 0.000012

=== P1 Strategy ===

========== Count: -5 ==========

Hard
       2   3   4   5   6   7   8   9  10   A
  4    -   H   H   S   S   H   S  Ds   H   H
  5    H   H   H   H   H   H   H   H   H   H
  6    H   H   H   H   H   H   H   H   H   H
  7    H   H   H   H   H   H   H   H   H   H
  8    H   H   H   H   H   H   H   H   H   H
  9    H   H   H   H   H   H   H   H   H   H
 10   Dh  Dh  Dh  Dh  Dh   H   H   H   H   H
 11   Dh  Dh  Dh  Dh  Dh  Dh   H   H   H   H
 12    H   H   H   H   H   H   H   H   H   H
 13    H   H   H   H   H   H   H   H   H   H
 14    H   H   H   H   S   H   H   H   H   H
 15    H   H   S   S   S   H   H   H   H   H
 16    S   S   S   S   S   H   H   H   H   H
 17    S   S   S   S   S   S   S   S   S   H
 18    S   S   S   S   S   S   S   S   S   S
 19    S   S   S   S   S   S   S   S   S   S
 20    S   S   S   S   S   S   S   S   S   S
 21    S   S   S   S   S   S   S   S   S   S

Soft
       2   3   4   5   6   7   8   9  10   A
 12    S   S   S   S   S   S   S   S   S   S
 13    H   H   H   H   H   H   H   H   H   H
 14    H   H   H   H   H   H   H   H   H   H
 15    H   H   H   H   H   H   H   H   H   H
 16    H   H   H   H  Dh   H   H   H   H   H
 17    H   H   H  Dh  Dh   H   H   H   H   H
 18    S   S   S  Ds  Ds   S   S   H   H   H
 19    S   S   S   S   S   S   S   S   S   S
 20    S   S   S   S   S   S   S   S   S   S
 21    S   S   S   S   S   S   S   S   S   S

Pair
       2   3   4   5   6   7   8   9  10   A
  2    H   H   H   P   P   P   H   H   H   H
  3    H   P   P   P   P   P   H   H   H   H
  4    H   H   H   H   H   H   H   H   H   H
  5    H  Dh  Dh  Dh  Dh   H   H   H   H   H
  6    H   H   P   P   P   P   H   H   H   H
  7    P   P   P   P   P   P   H   H   H   H
  8    P   P   P   P   P   P   P   P   P   H
  9    S   S   P   P   P   S   P   P   S   S
 10    S   S   S   S   S   S   S   S   S   S
 11    P   P   P   P   P   P   P   P   P   H

One card
       2   3   4   5   6   7   8   9  10   A
  2    H   H   H   H   H   H   H   H   H   H
  3    H   H   H   H   H   H   H   H   H   H
  4    H   H   H   H   H   H   H   H   H   H
  5    H   H   H   H   H   H   H   H   H   H
  6    H   H   H   H   H   H   H   H   H   H
  7    H   H   H   H   H   H   H   H   H   H
  8    H   H   H   H   H   H   H   H   H   H
  9    H   H   H   H   H   H   H   H   H   H
 10    H   H   H   H   H   H   H   H   H   H
  A    H   H   H   H   H   H   H   H   H   H

BlackJack
       2   3   4   5   6   7   8   9  10   A
 21    S   S   S   S   S   S   S   S   S   S

========== Count: -4 ==========

Hard
       2   3   4   5   6   7   8   9  10   A
  4    -  Dh  Dh   H   H   H   -   H   H  Dh
  5    H   H   H   H   H   H   H   H   H   H
  6    H   H   H   H   H   H   H   H   H   H
  7    H   H   H   H   H   H   H   H   H   H
  8    H   H   H   H   H   H   H   H   H   H
  9    H   H   H  Dh  Dh   H   H   H   H   H
 10   Dh  Dh  Dh  Dh  Dh  Dh  Dh   H   H   H
 11   Dh  Dh  Dh  Dh  Dh  Dh  Dh  Dh   H   H
 12    H   H   H   H   H   H   H   H   H   H
 13    H   H   H   S   S   H   H   H   H   H
 14    H   S   S   S   S   H   H   H   H   H
 15    S   S   S   S   S   H   H   H   H   H
 16    S   S   S   S   S   H   H   H   H   H
 17    S   S   S   S   S   S   S   S   S   S
 18    S   S   S   S   S   S   S   S   S   S
 19    S   S   S   S   S   S   S   S   S   S
 20    S   S   S   S   S   S   S   S   S   S
 21    S   S   S   S   S   S   S   S   S   S

Soft
       2   3   4   5   6   7   8   9  10   A
 12    S   S   S   S   S   S   S   S   S   S
 13    H   H   H   H  Dh   H   H   H   H   H
 14    H   H   H   H  Dh   H   H   H   H   H
 15    H   H   H   H  Dh   H   H   H   H   H
 16    H   H   H  Dh  Dh   H   H   H   H   H
 17    H  Dh   H  Dh  Dh   H   H   H   H   H
 18    S   S  Ds  Ds  Ds   S   S   H   H   H
 19    S   S   S   S   S   S   S   S   S   S
 20    S   S   S   S   S   S   S   S   S   S
 21    S   S   S   S   S   S   S   S   S   S

Pair
       2   3   4   5   6   7   8   9  10   A
  2    H   P   P   P   P   P   H   H   H   H
  3    P   P   P   P   P   P   H   H   H   H
  4    H   H   H   H   P   H   H   H   H   H
  5   Dh  Dh  Dh  Dh  Dh  Dh   H   H   H   H
  6    H   P   P   P   P   P   H   H   H   H
  7    P   P   P   P   P   P   H   H   H   H
  8    P   P   P   P   P   P   P   P   P   H
  9    S   P   P   P   P   S   P   P   S   S
 10    S   S   S   S   S   S   S   S   S   S
 11    P   P   P   P   P   P   P   P   P   P

One card
       2   3   4   5   6   7   8   9  10   A
  2    H   H   H   H   H   H   H   H   H   H
  3    H   H   H   H   H   H   H   H   H   H
  4    H   H   H   H   H   H   H   H   H   H
  5    H   H   H   H   H   H   H   H   H   H
  6    H   H   H   H   H   H   H   H   H   H
  7    H   H   H   H   H   H   H   H   H   H
  8    H   H   H   H   H   H   H   H   H   H
  9    H   H   H   H   H   H   H   H   H   H
 10    H   H   H   H   H   H   H   H   H   H
  A    H   H   H   H   H   H   H   H   H   H

BlackJack
       2   3   4   5   6   7   8   9  10   A
 21    S   S   S   S   S   S   S   S   S   S

========== Count: -3 ==========

Hard
       2   3   4   5   6   7   8   9  10   A
  4    H   H   H  Ds  Dh   S  Dh   -   H  Dh
  5    H   H   H   H   H   H   H   H   H   H
  6    H   H   H   H   H   H   H   H   H   H
  7    H   H   H   H   H   H   H   H   H   H
  8    H   H   H   H   H   H   H   H   H   H
  9    H   H   H  Dh  Dh   H   H   H   H   H
 10   Dh  Dh  Dh  Dh  Dh  Dh  Dh  Dh   H   H
 11   Dh  Dh  Dh  Dh  Dh  Dh  Dh  Dh  Dh   H
 12    H   H   H   H   S   H   H   H   H   H
 13    H   H   S   S   S   H   H   H   H   H
 14    H   S   S   S   S   H   H   H   H   H
 15    S   S   S   S   S   H   H   H   H   H
 16    S   S   S   S   S   H   H   H   H   H
 17    S   S   S   S   S   S   S   S   S   S
 18    S   S   S   S   S   S   S   S   S   S
 19    S   S   S   S   S   S   S   S   S   S
 20    S   S   S   S   S   S   S   S   S   S
 21    S   S   S   S   S   S   S   S   S   S

Soft
       2   3   4   5   6   7   8   9  10   A
 12    S   S   S   S   S   S   S   S   S   S
 13    H   H   H   H  Dh   H   H   H   H   H
 14    H   H   H  Dh  Dh   H   H   H   H   H
 15    H   H   H  Dh  Dh   H   H   H   H   H
 16    H   H  Dh   H  Dh   H   H   H   H   H
 17    H   H  Dh  Dh  Dh   H   H   H   H   H
 18    S   S  Ds  Ds  Ds   S   S   H   H   H
 19    S   S   S   S   S   S   S   S   S   S
 20    S   S   S   S   S   S   S   S   S   S
 21    S   S   S   S   S   S   S   S   S   S

Pair
       2   3   4   5   6   7   8   9  10   A
  2    P   P   P   P   P   P   H   H   H   H
  3    P   P   P   P   P   P   H   H   H   H
  4    H   H   H   H   P   H   H   H   H   H
  5   Dh  Dh  Dh  Dh  Dh  Dh   H   H   H   H
  6    P   P   P   P   P   P   H   H   H   H
  7    P   P   P   P   P   P   P   H   H   H
  8    P   P   P   P   P   P   P   P   P   H
  9    P   P   P   P   P   S   P   P   S   S
 10    S   S   S   S   S   S   S   S   S   S
 11    P   P   P   P   P   P   P   P   P   P

One card
       2   3   4   5   6   7   8   9  10   A
  2    H   H   H   H   H   H   H   H   H   H
  3    H   H   H   H   H   H   H   H   H   H
  4    H   H   H   H   H   H   H   H   H   H
  5    H   H   H   H   H   H   H   H   H   H
  6    H   H   H   H   H   H   H   H   H   H
  7    H   H   H   H   H   H   H   H   H   H
  8    H   H   H   H   H   H   H   H   H   H
  9    H   H   H   H   H   H   H   H   H   H
 10    H   H   H   H   H   H   H   H   H   H
  A    H   H   H   H   H   H   H   H   H   H

BlackJack
       2   3   4   5   6   7   8   9  10   A
 21    S   S   S   S   S   S   S   S   S   S

========== Count: -2 ==========

Hard
       2   3   4   5   6   7   8   9  10   A
  4    -   -   H   H   H   H   H   H  Dh   -
  5    H   H   H   H   H   H   H   H   H   H
  6    H   H   H   H   H   H   H   H   H   H
  7    H   H   H   H   H   H   H   H   H   H
  8    H   H   H   H   H   H   H   H   H   H
  9    H   H  Dh  Dh  Dh   H   H   H   H   H
 10   Dh  Dh  Dh  Dh  Dh  Dh  Dh  Dh   H   H
 11   Dh  Dh  Dh  Dh  Dh  Dh  Dh  Dh  Dh   H
 12    H   H   H   H   S   H   H   H   H   H
 13    H   S   S   S   S   H   H   H   H   H
 14    S   S   S   S   S   H   H   H   H   H
 15    S   S   S   S   S   H   H   H   H   H
 16    S   S   S   S   S   H   H   H   H   H
 17    S   S   S   S   S   S   S   S   S   S
 18    S   S   S   S   S   S   S   S   S   S
 19    S   S   S   S   S   S   S   S   S   S
 20    S   S   S   S   S   S   S   S   S   S
 21    S   S   S   S   S   S   S   S   S   S

Soft
       2   3   4   5   6   7   8   9  10   A
 12    S   S   S   S   S   S   S   S   S   S
 13    H   H   H   H  Dh   H   H   H   H   H
 14    H   H   H   H  Dh   H   H   H   H   H
 15    H   H   H  Dh  Dh   H   H   H   H   H
 16    H   H   H  Dh  Dh   H   H   H   H   H
 17    H  Dh  Dh  Dh  Dh   H   H   H   H   H
 18    S  Ds  Ds  Ds  Ds   S   S   H   H   H
 19    S   S   S   S   S   S   S   S   S   S
 20    S   S   S   S   S   S   S   S   S   S
 21    S   S   S   S   S   S   S   S   S   S

Pair
       2   3   4   5   6   7   8   9  10   A
  2    P   P   P   P   P   P   H   H   H   H
  3    P   P   P   P   P   P   H   H   H   H
  4    H   H   H   H   P   H   H   H   H   H
  5   Dh  Dh  Dh  Dh  Dh   H  Dh  Dh   H   H
  6    P   P   P   P   P   P   H   H   H   H
  7    P   P   P   P   P   P   P   H   H   H
  8    P   P   P   P   P   P   P   P   P   P
  9    P   P   P   P   P   S   P   P   S   S
 10    S   S   S   S   S   S   S   S   S   S
 11    P   P   P   P   P   P   P   P   P   P

One card
       2   3   4   5   6   7   8   9  10   A
  2    H   H   H   H   H   H   H   H   H   H
  3    H   H   H   H   H   H   H   H   H   H
  4    H   H   H   H   H   H   H   H   H   H
  5    H   H   H   H   H   H   H   H   H   H
  6    H   H   H   H   H   H   H   H   H   H
  7    H   H   H   H   H   H   H   H   H   H
  8    H   H   H   H   H   H   H   H   H   H
  9    H   H   H   H   H   H   H   H   H   H
 10    H   H   H   H   H   H   H   H   H   H
  A    H   H   H   H   H   H   H   H   H   H

BlackJack
       2   3   4   5   6   7   8   9  10   A
 21    S   S   S   S   S   S   S   S   S   S

========== Count: -1 ==========

Hard
       2   3   4   5   6   7   8   9  10   A
  4   Dh   H   H   H  Dh  Dh   S   H   H   H
  5    H   H   H   H   H   H   H   H   H   H
  6    H   H   H   H   H   H   H   H   H   H
  7    H   H   H   H   H   H   H   H   H   H
  8    H   H   H   H   H   H   H   H   H   H
  9    H   H  Dh  Dh  Dh   H   H   H   H   H
 10   Dh  Dh  Dh  Dh  Dh  Dh  Dh  Dh   H   H
 11   Dh  Dh  Dh  Dh  Dh  Dh  Dh  Dh  Dh  Dh
 12    H   H   H   H   S   H   H   H   H   H
 13    H   S   S   S   S   H   H   H   H   H
 14    S   S   S   S   S   H   H   H   H   H
 15    S   S   S   S   S   H   H   H   H   H
 16    S   S   S   S   S   H   H   H   H   H
 17    S   S   S   S   S   S   S   S   S   S
 18    S   S   S   S   S   S   S   S   S   S
 19    S   S   S   S   S   S   S   S   S   S
 20    S   S   S   S   S   S   S   S   S   S
 21    S   S   S   S   S   S   S   S   S   S

Soft
       2   3   4   5   6   7   8   9  10   A
 12    S   S   S   S   S   S   S   S   S   S
 13    H   H   H  Dh  Dh   H   H   H   H   H
 14    H   H   H  Dh  Dh   H   H   H   H   H
 15    H   H   H  Dh  Dh   H   H   H   H   H
 16    H   H  Dh  Dh  Dh   H   H   H   H   H
 17   Dh  Dh  Dh  Dh  Dh   H   H   H   H   H
 18    S   S  Ds  Ds  Ds   S   S   H   H   H
 19    S   S   S   S  Ds   S   S   S   S   S
 20    S   S   S   S   S   S   S   S   S   S
 21    S   S   S   S   S   S   S   S   S   S

Pair
       2   3   4   5   6   7   8   9  10   A
  2    P   P   P   P   P   P   H   H   H   H
  3    P   P   P   P   P   P   H   H   H   H
  4    H   H   H   P   P   H   H   H   H   H
  5   Dh  Dh  Dh  Dh  Dh  Dh  Dh   H   H   H
  6    P   P   P   P   P   P   H   H   H   H
  7    P   P   P   P   P   P   H   H   H   H
  8    P   P   P   P   P   P   P   P   P   P
  9    P   P   P   P   P   S   P   P   S   S
 10    S   S   S   S   S   S   S   S   S   S
 11    P   P   P   P   P   P   P   P   P   P

One card
       2   3   4   5   6   7   8   9  10   A
  2    H   H   H   H   H   H   H   H   H   H
  3    H   H   H   H   H   H   H   H   H   H
  4    H   H   H   H   H   H   H   H   H   H
  5    H   H   H   H   H   H   H   H   H   H
  6    H   H   H   H   H   H   H   H   H   H
  7    H   H   H   H   H   H   H   H   H   H
  8    H   H   H   H   H   H   H   H   H   H
  9    H   H   H   H   H   H   H   H   H   H
 10    H   H   H   H   H   H   H   H   H   H
  A    H   H   H   H   H   H   H   H   H   H

BlackJack
       2   3   4   5   6   7   8   9  10   A
 21    S   S   S   S   S   S   S   S   S   S

========== Count: 0 ==========

Hard
       2   3   4   5   6   7   8   9  10   A
  4    H   H   H   S   S   H  Ds   H   H   H
  5    H   H   H   H   H   H   H   H   H   H
  6    H   H   H   H   H   H   H   H   H   H
  7    H   H   H   H   H   H   H   H   H   H
  8    H   H   H   H   H   H   H   H   H   H
  9    H   H  Dh  Dh  Dh   H   H   H   H   H
 10   Dh  Dh  Dh  Dh  Dh  Dh  Dh  Dh   H   H
 11   Dh  Dh  Dh  Dh  Dh  Dh  Dh  Dh  Dh  Dh
 12    H   H   H   S   S   H   H   H   H   H
 13    S   S   S   S   S   H   H   H   H   H
 14    S   S   S   S   S   H   H   H   H   H
 15    S   S   S   S   S   H   H   H   H   H
 16    S   S   S   S   S   H   H   H   H   H
 17    S   S   S   S   S   S   S   S   S   S
 18    S   S   S   S   S   S   S   S   S   S
 19    S   S   S   S   S   S   S   S   S   S
 20    S   S   S   S   S   S   S   S   S   S
 21    S   S   S   S   S   S   S   S   S   S

Soft
       2   3   4   5   6   7   8   9  10   A
 12    S   S   S   S   S   S   S   S   S   S
 13    H   H   H   H  Dh   H   H   H   H   H
 14    H   H   H  Dh  Dh   H   H   H   H   H
 15    H   H   H  Dh  Dh   H   H   H   H   H
 16    H   H  Dh  Dh  Dh   H   H   H   H   H
 17    H  Dh  Dh  Dh  Dh   H   H   H   H   H
 18    S  Ds  Ds  Ds  Ds   S   S   H   H   H
 19    S   S   S   S  Ds   S   S   S   S   S
 20    S   S   S   S   S   S   S   S   S   S
 21    S   S   S   S   S   S   S   S   S   S

Pair
       2   3   4   5   6   7   8   9  10   A
  2    P   P   P   P   P   P   H   H   H   H
  3    P   P   P   P   P   P   H   H   H   H
  4    H   H   H   P   P   H   H   H   H   H
  5   Dh  Dh  Dh  Dh  Dh  Dh  Dh  Dh   H   H
  6    P   P   P   P   P   P   H   H   H   H
  7    P   P   P   P   P   P   P   H   H   H
  8    P   P   P   P   P   P   P   P   P   P
  9    P   P   P   P   P   S   P   P   S   S
 10    S   S   S   S   S   S   S   S   S   S
 11    P   P   P   P   P   P   P   P   P   P

One card
       2   3   4   5   6   7   8   9  10   A
  2    H   H   H   H   H   H   H   H   H   H
  3    H   H   H   H   H   H   H   H   H   H
  4    H   H   H   H   H   H   H   H   H   H
  5    H   H   H   H   H   H   H   H   H   H
  6    H   H   H   H   H   H   H   H   H   H
  7    H   H   H   H   H   H   H   H   H   H
  8    H   H   H   H   H   H   H   H   H   H
  9    H   H   H   H   H   H   H   H   H   H
 10    H   H   H   H   H   H   H   H   H   H
  A    H   H   H   H   H   H   H   H   H   H

BlackJack
       2   3   4   5   6   7   8   9  10   A
 21    S   S   S   S   S   S   S   S   S   S

========== Count: 1 ==========

Hard
       2   3   4   5   6   7   8   9  10   A
  4    H   S  Dh   H   H   H   H  Dh   S   H
  5    H   H   H   H   H   H   H   H   H   H
  6    H   H   H   H   H   H   H   H   H   H
  7    H   H   H   H   H   H   H   H   H   H
  8    H   H   H   H   H   H   H   H   H   H
  9    H  Dh  Dh  Dh  Dh   H   H   H   H   H
 10   Dh  Dh  Dh  Dh  Dh  Dh  Dh  Dh   H   H
 11   Dh  Dh  Dh  Dh  Dh  Dh  Dh  Dh  Dh  Dh
 12    H   H   S   S   S   H   H   H   H   H
 13    S   S   S   S   S   H   H   H   H   H
 14    S   S   S   S   S   H   H   H   H   H
 15    S   S   S   S   S   H   H   H   H   H
 16    S   S   S   S   S   H   H   H   S   H
 17    S   S   S   S   S   S   S   S   S   S
 18    S   S   S   S   S   S   S   S   S   S
 19    S   S   S   S   S   S   S   S   S   S
 20    S   S   S   S   S   S   S   S   S   S
 21    S   S   S   S   S   S   S   S   S   S

Soft
       2   3   4   5   6   7   8   9  10   A
 12    S   S   S   S   S   S   S   S   S   S
 13    H   H   H  Dh  Dh   H   H   H   H   H
 14    H   H  Dh  Dh  Dh   H   H   H   H   H
 15    H   H  Dh  Dh  Dh   H   H   H   H   H
 16    H   H   H  Dh  Dh   H   H   H   H   H
 17    H  Dh  Dh  Dh  Dh   H   H   H   H   H
 18   Ds  Ds  Ds  Ds  Ds   S   S   H   H   H
 19    S   S   S   S  Ds   S   S   S   S   S
 20    S   S   S   S   S   S   S   S   S   S
 21    S   S   S   S   S   S   S   S   S   S

Pair
       2   3   4   5   6   7   8   9  10   A
  2    P   P   P   P   P   P   H   H   H   H
  3    P   P   P   P   P   P   H   H   H   H
  4    H   H   H   P   P   H   H   H   H   H
  5   Dh  Dh  Dh  Dh  Dh  Dh  Dh  Dh   H   H
  6    P   P   P   P   P   H   H   H   H   H
  7    P   P   P   P   P   P   P   H   H   H
  8    P   P   P   P   P   P   P   P   P   P
  9    P   P   P   P   P   S   P   P   S   P
 10    S   S   S   S   S   S   S   S   S   S
 11    P   P   P   P   P   P   P   P   P   P

One card
       2   3   4   5   6   7   8   9  10   A
  2    H   H   H   H   H   H   H   H   H   H
  3    H   H   H   H   H   H   H   H   H   H
  4    H   H   H   H   H   H   H   H   H   H
  5    H   H   H   H   H   H   H   H   H   H
  6    H   H   H   H   H   H   H   H   H   H
  7    H   H   H   H   H   H   H   H   H   H
  8    H   H   H   H   H   H   H   H   H   H
  9    H   H   H   H   H   H   H   H   H   H
 10    H   H   H   H   H   H   H   H   H   H
  A    H   H   H   H   H   H   H   H   H   H

BlackJack
       2   3   4   5   6   7   8   9  10   A
 21    S   S   S   S   S   S   S   S   S   S

========== Count: 2 ==========

Hard
       2   3   4   5   6   7   8   9  10   A
  4   Dh   H   H   H   H   H  Dh   H   H   S
  5    H   H   H   H   H   H   H   H   H   H
  6    H   H   H   H   H   H   H   H   H   H
  7    H   H   H   H   H   H   H   H   H   H
  8    H   H   H   H   H   H   H   H   H   H
  9    H  Dh  Dh  Dh  Dh   H   H   H   H   H
 10   Dh  Dh  Dh  Dh  Dh  Dh  Dh  Dh   H   H
 11   Dh  Dh  Dh  Dh  Dh  Dh  Dh  Dh  Dh  Dh
 12    H   H   S   S   S   H   H   H   H   H
 13    S   S   S   S   S   H   H   H   H   H
 14    S   S   S   S   S   H   H   H   H   H
 15    S   S   S   S   S   H   H   H   H   H
 16    S   S   S   S   S   H   H   H   S   H
 17    S   S   S   S   S   S   S   S   S   S
 18    S   S   S   S   S   S   S   S   S   S
 19    S   S   S   S   S   S   S   S   S   S
 20    S   S   S   S   S   S   S   S   S   S
 21    S   S   S   S   S   S   S   S   S   S

Soft
       2   3   4   5   6   7   8   9  10   A
 12    S   S   S   S   S   S   S   S   S   S
 13    H   H   H  Dh  Dh   H   H   H   H   H
 14    H   H  Dh  Dh  Dh   H   H   H   H   H
 15    H   H   H  Dh  Dh   H   H   H   H   H
 16    H   H  Dh  Dh  Dh   H   H   H   H   H
 17   Dh  Dh  Dh  Dh  Dh   H   H   H   H   H
 18   Ds  Ds  Ds  Ds  Ds   S   S   H   H   H
 19    S   S   S   S  Ds   S   S   S   S   S
 20    S   S   S   S   S   S   S   S   S   S
 21    S   S   S   S   S   S   S   S   S   S

Pair
       2   3   4   5   6   7   8   9  10   A
  2    P   P   P   P   P   P   H   H   H   H
  3    P   P   P   P   P   P   H   H   H   H
  4    H   H   H   P   P   H   H   H   H   H
  5   Dh  Dh  Dh  Dh  Dh  Dh  Dh  Dh   H  Dh
  6    P   P   P   P   P   P   H   H   H   H
  7    P   P   P   P   P   P   P   H   H   H
  8    P   P   P   P   P   P   P   P   P   P
  9    P   P   P   P   P   S   P   P   S   S
 10    S   S   S   S   S   S   S   S   S   S
 11    P   P   P   P   P   P   P   P   P   P

One card
       2   3   4   5   6   7   8   9  10   A
  2    H   H   H   H   H   H   H   H   H   H
  3    H   H   H   H   H   H   H   H   H   H
  4    H   H   H   H   H   H   H   H   H   H
  5    H   H   H   H   H   H   H   H   H   H
  6    H   H   H   H   H   H   H   H   H   H
  7    H   H   H   H   H   H   H   H   H   H
  8    H   H   H   H   H   H   H   H   H   H
  9    H   H   H   H   H   H   H   H   H   H
 10    H   H   H   H   H   H   H   H   H   H
  A    H   H   H   H   H   H   H   H   H   H

BlackJack
       2   3   4   5   6   7   8   9  10   A
 21    S   S   S   S   S   S   S   S   S   S

========== Count: 3 ==========

Hard
       2   3   4   5   6   7   8   9  10   A
  4   Dh   H   H  Dh   H   H  Dh   H   S   H
  5    H   H   H   H   H   H   H   H   H   H
  6    H   H   H   H   H   H   H   H   H   H
  7    H   H   H   H   H   H   H   H   H   H
  8    H   H   H   H  Dh   H   H   H   H   H
  9    H  Dh  Dh  Dh  Dh   H   H   H   H   H
 10   Dh  Dh  Dh  Dh  Dh  Dh  Dh  Dh   H   H
 11   Dh  Dh  Dh  Dh  Dh  Dh  Dh  Dh  Dh  Dh
 12    H   S   S   S   S   H   H   H   H   H
 13    S   S   S   S   S   H   H   H   H   H
 14    S   S   S   S   S   H   H   H   H   H
 15    S   S   S   S   S   H   H   H   H   H
 16    S   S   S   S   S   H   H   H   S   S
 17    S   S   S   S   S   S   S   S   S   S
 18    S   S   S   S   S   S   S   S   S   S
 19    S   S   S   S   S   S   S   S   S   S
 20    S   S   S   S   S   S   S   S   S   S
 21    S   S   S   S   S   S   S   S   S   S

Soft
       2   3   4   5   6   7   8   9  10   A
 12    S   S   S   S   S   S   S   S   S   S
 13    H   H   H  Dh  Dh   H   H   H   H   H
 14    H   H  Dh  Dh  Dh   H   H   H   H   H
 15    H   H  Dh  Dh  Dh   H   H   H   H   H
 16    H   H  Dh  Dh  Dh   H   H   H   H   H
 17   Dh  Dh  Dh  Dh  Dh   H   H   H   H   H
 18   Ds  Ds  Ds  Ds  Ds   S   S   H   H   H
 19    S   S  Ds  Ds  Ds   S   S   S   S   S
 20    S   S   S   S   S   S   S   S   S   S
 21    S   S   S   S   S   S   S   S   S   S

Pair
       2   3   4   5   6   7   8   9  10   A
  2    P   P   P   P   P   P   H   H   H   H
  3    P   P   P   P   P   P   H   H   H   H
  4    H   H   P   P   P   H   H   H   H   H
  5   Dh  Dh  Dh  Dh  Dh  Dh  Dh  Dh   H   H
  6    P   P   P   P   P   P   H   H   H   H
  7    P   P   P   P   P   P   P   H   H   H
  8    P   P   P   P   P   P   P   P   P   P
  9    P   P   P   P   P   S   P   P   S   P
 10    S   S   S   S   S   S   S   S   S   S
 11    P   P   P   P   P   P   P   P   P   P

One card
       2   3   4   5   6   7   8   9  10   A
  2    H   H   H   H   H   H   H   H   H   H
  3    H   H   H   H   H   H   H   H   H   H
  4    H   H   H   H   H   H   H   H   H   H
  5    H   H   H   H   H   H   H   H   H   H
  6    H   H   H   H   H   H   H   H   H   H
  7    H   H   H   H   H   H   H   H   H   H
  8    H   H   H   H   H   H   H   H   H   H
  9    H   H   H   H   H   H   H   H   H   H
 10    H   H   H   H   H   H   H   H   H   H
  A    H   H   H   H   H   H   H   H   H   H

BlackJack
       2   3   4   5   6   7   8   9  10   A
 21    S   S   S   S   S   S   S   S   S   S

========== Count: 4 ==========

Hard
       2   3   4   5   6   7   8   9  10   A
  4   Dh   H   H  Dh   H   S   H   H   H   H
  5    H   H   H   H   H   H   H   H   H   H
  6    H   H   H   H   H   H   H   H   H   H
  7    H   H   H   H   H   H   H   H   H   H
  8    H   H   H   H   H   H   H   H   H   H
  9   Dh  Dh  Dh  Dh  Dh  Dh   H   H   H   H
 10   Dh  Dh  Dh  Dh  Dh  Dh  Dh  Dh  Dh  Dh
 11   Dh  Dh  Dh  Dh  Dh  Dh  Dh  Dh  Dh  Dh
 12    H   S   S   S   S   H   H   H   H   H
 13    S   S   S   S   S   H   H   H   H   H
 14    S   S   S   S   S   H   H   H   H   H
 15    S   S   S   S   S   H   H   H   S   H
 16    S   S   S   S   S   H   H   H   S   S
 17    S   S   S   S   S   S   S   S   S   S
 18    S   S   S   S   S   S   S   S   S   S
 19    S   S   S   S   S   S   S   S   S   S
 20    S   S   S   S   S   S   S   S   S   S
 21    S   S   S   S   S   S   S   S   S   S

Soft
       2   3   4   5   6   7   8   9  10   A
 12    S   S   S   S   S   S   S   S   S   S
 13    H   H   H  Dh  Dh   H   H   H   H   H
 14    H   H  Dh  Dh  Dh   H   H   H   H   H
 15    H   H  Dh  Dh  Dh   H   H   H   H   H
 16    H   H  Dh  Dh  Dh   H   H   H   H   H
 17    H  Dh  Dh  Dh  Dh   H   H   H   H   H
 18   Ds  Ds  Ds  Ds  Ds   S   S   H   H   H
 19    S  Ds  Ds  Ds  Ds   S   S   S   S   S
 20    S   S   S   S  Ds   S   S   S   S   S
 21    S   S   S   S   S   S   S   S   S   S

Pair
       2   3   4   5   6   7   8   9  10   A
  2    P   P   P   P   P   P   H   H   H   H
  3    P   P   P   P   P   P   H   H   H   H
  4    H   H   P   P   P   H   H   H   H   H
  5   Dh  Dh  Dh  Dh  Dh  Dh  Dh  Dh  Dh   H
  6    P   P   P   P   P   P   H   H   H   H
  7    P   P   P   P   P   P   P   H   S   H
  8    P   P   P   P   P   P   P   P   P   P
  9    P   P   P   P   P   P   P   P   S   P
 10    S   S   S   P   P   S   S   S   S   S
 11    P   P   P   P   P   P   P   P   P   P

One card
       2   3   4   5   6   7   8   9  10   A
  2    H   H   H   H   H   H   H   H   H   H
  3    H   H   H   H   H   H   H   H   H   H
  4    H   H   H   H   H   H   H   H   H   H
  5    H   H   H   H   H   H   H   H   H   H
  6    H   H   H   H   H   H   H   H   H   H
  7    H   H   H   H   H   H   H   H   H   H
  8    H   H   H   H   H   H   H   H   H   H
  9    H   H   H   H   H   H   H   H   H   H
 10    H   H   H   H   H   H   H   H   H   H
  A    H   H   H   H   H   H   H   H   H   H

BlackJack
       2   3   4   5   6   7   8   9  10   A
 21    S   S   S   S   S   S   S   S   S   S

========== Count: 5 ==========

Hard
       2   3   4   5   6   7   8   9  10   A
  4    H  Dh   H   H   H   H   H  Ds   S   H
  5    H   H   H   H   H   H   H   H   H   H
  6    H   H   H   H   H   H   H   H   H   H
  7    H   H   H   H   H   H   H   H   H   H
  8    H   H  Dh  Dh  Dh   H   H   H   H   H
  9   Dh  Dh  Dh  Dh  Dh  Dh   H   H   H   H
 10   Dh  Dh  Dh  Dh  Dh  Dh  Dh  Dh  Dh  Dh
 11   Dh  Dh  Dh  Dh  Dh  Dh  Dh  Dh  Dh  Dh
 12    S   S   S   S   S   H   H   H   H   H
 13    S   S   S   S   S   H   H   H   H   H
 14    S   S   S   S   S   H   H   H   H   H
 15    S   S   S   S   S   H   H   H   S   S
 16    S   S   S   S   S   H   H   S   S   S
 17    S   S   S   S   S   S   S   S   S   S
 18    S   S   S   S   S   S   S   S   S   S
 19    S   S   S   S   S   S   S   S   S   S
 20    S   S   S   S   S   S   S   S   S   S
 21    S   S   S   S   S   S   S   S   S   S

Soft
       2   3   4   5   6   7   8   9  10   A
 12    S   S   S   S   S   S   S   S   S   S
 13    H  Dh  Dh  Dh  Dh   H   H   H   H   H
 14    H   H  Dh  Dh  Dh   H   H   H   H   H
 15    H  Dh  Dh  Dh  Dh   H   H   H   H   H
 16    H  Dh  Dh  Dh  Dh   H   H   H   H   H
 17   Dh  Dh  Dh  Dh  Dh   H   H   H   H   H
 18   Ds  Ds  Ds  Ds  Ds   S   S   H   H   H
 19   Ds  Ds  Ds  Ds  Ds   S   S   S   S   S
 20    S   S  Ds  Ds  Ds   S   S   S   S   S
 21    S   S   S   S  Ds   S   S   S   S   S

Pair
       2   3   4   5   6   7   8   9  10   A
  2    P   P   P   P   P   P   P   H   H   H
  3    P   P   P   P   P   P   H   H   H   H
  4    H   H   P   P   P   H   H   H   H   H
  5   Dh  Dh  Dh  Dh  Dh  Dh  Dh  Dh  Dh  Dh
  6    P   P   P   P   P   H   H   H   H   H
  7    P   P   P   P   P   P   P   H   S   S
  8    P   P   P   P   P   P   P   P   P   P
  9    P   P   P   P   P   P   P   P   S   P
 10    S   S   P   P   P   S   S   S   S   S
 11    P   P   P   P   P   P   P   P   P   P

One card
       2   3   4   5   6   7   8   9  10   A
  2    H   H   H   H   H   H   H   H   H   H
  3    H   H   H   H   H   H   H   H   H   H
  4    H   H   H   H   H   H   H   H   H   H
  5    H   H   H   H   H   H   H   H   H   H
  6    H   H   H   H   H   H   H   H   H   H
  7    H   H   H   H   H   H   H   H   H   H
  8    H   H   H   H   H   H   H   H   H   H
  9    H   H   H   H   H   H   H   H   H   H
 10    H   H   H   H   H   H   H   H   H   H
  A    H   H   H   H   H   H   H   H   H   H

BlackJack
       2   3   4   5   6   7   8   9  10   A
 21    S   S   S   S   S   S   S   S   S   S
========================

--- W2 ---
Recorded rounds: 5000000000  speed: 9922667 hands/sec
Count table:
  Card      Original      Used          
  --------------------------------------
  2         0.7118        0.7118        
  3         0.8649        0.8649        
  4         1.1987        1.1987        
  5         1.4426        1.4426        
  6         0.8536        0.8536        
  7         0.4691        0.4691        
  8         -0.0623       -0.0623       
  9         -0.3756       -0.3756       
  10        -1.0008       -1.0000       
  J         -1.0002       -1.0000       
  Q         -0.9988       -1.0000       
  K         -1.0002       -1.0000       
  A         -1.1028       -1.1028       
  Bias      -0.002405   
  Bet>0 TC  0.632218    
  Factor    0.003805    

Spread 1:10 evaluation edge (5000000000 rounds): 0.060033  std(X): 7.256907  E[X^2]: 52.666310
Optimal Kelly multiplier:    1.000000  fitted-signal target: 1.000000
Optimal Kelly growth/round:  1.000083  stddev: 0.000012
Sanity checks:
  Sum(weights): 0.000000  (PASS, expected near 0)
  10-value consistency: mean=-1.000000  max_dev=0.001195  rel=0.119518%  (PASS)
  Bias vs flat edge: bias=-0.002405  flat_edge=-0.001819  diff=0.000586  rel_to_0.5%=11.721996%
  Bias constraint: fixed to W1 bias
EV-count graph:         41 points  res=0.250000  speed: 9126752 hands/sec
Count histogram:        total=407685308  symmetry_rel_diff=3.8721%  (PASS, expected roughly symmetric)
P2 sample rounds=100000000  speed=5145092 hands/sec  avg|ΔQ|=0.379655  threshold=0.005000
P2 sample rounds=200000000  speed=5031953 hands/sec  avg|ΔQ|=0.038879  threshold=0.005000
P2 sample rounds=300000000  speed=4941444 hands/sec  avg|ΔQ|=0.026396  threshold=0.005000
P2 sample rounds=400000000  speed=4899619 hands/sec  avg|ΔQ|=0.022193  threshold=0.005000
P2 sample rounds=500000000  speed=4841490 hands/sec  avg|ΔQ|=0.020435  threshold=0.005000
P2 sample rounds=600000000  speed=4791069 hands/sec  avg|ΔQ|=0.018734  threshold=0.005000
P2 sample rounds=700000000  speed=4738759 hands/sec  avg|ΔQ|=0.017503  threshold=0.005000
P2 sample rounds=800000000  speed=4701015 hands/sec  avg|ΔQ|=0.016600  threshold=0.005000
P2 sample rounds=900000000  speed=4668897 hands/sec  avg|ΔQ|=0.015670  threshold=0.005000
P2 sample rounds=1000000000  speed=4641965 hands/sec  avg|ΔQ|=0.014976  threshold=0.005000
P2 sample rounds=1100000000  speed=4619306 hands/sec  avg|ΔQ|=0.014372  threshold=0.005000
P2 sample rounds=1200000000  speed=4598159 hands/sec  avg|ΔQ|=0.013642  threshold=0.005000
P2 sample rounds=1300000000  speed=4573729 hands/sec  avg|ΔQ|=0.013002  threshold=0.005000
P2 sample rounds=1400000000  speed=4553216 hands/sec  avg|ΔQ|=0.012661  threshold=0.005000
P2 sample rounds=1500000000  speed=4534695 hands/sec  avg|ΔQ|=0.012106  threshold=0.005000
P2 sample rounds=1600000000  speed=4517439 hands/sec  avg|ΔQ|=0.012026  threshold=0.005000
P2 sample rounds=1700000000  speed=4505089 hands/sec  avg|ΔQ|=0.011236  threshold=0.005000
P2 sample rounds=1800000000  speed=4493047 hands/sec  avg|ΔQ|=0.010954  threshold=0.005000
P2 sample rounds=1900000000  speed=4478460 hands/sec  avg|ΔQ|=0.010591  threshold=0.005000
P2 sample rounds=2000000000  speed=4463807 hands/sec  avg|ΔQ|=0.010215  threshold=0.005000
P2 sample rounds=2100000000  speed=4450539 hands/sec  avg|ΔQ|=0.010037  threshold=0.005000
P2 sample rounds=2200000000  speed=4439691 hands/sec  avg|ΔQ|=0.009632  threshold=0.005000
P2 sample rounds=2300000000  speed=4428596 hands/sec  avg|ΔQ|=0.009409  threshold=0.005000
P2 sample rounds=2400000000  speed=4416701 hands/sec  avg|ΔQ|=0.008992  threshold=0.005000
P2 sample rounds=2500000000  speed=4405480 hands/sec  avg|ΔQ|=0.008914  threshold=0.005000
P2 sample rounds=2600000000  speed=4394899 hands/sec  avg|ΔQ|=0.008604  threshold=0.005000
P2 sample rounds=2700000000  speed=4384733 hands/sec  avg|ΔQ|=0.008364  threshold=0.005000
P2 sample rounds=2800000000  speed=4375465 hands/sec  avg|ΔQ|=0.008134  threshold=0.005000
P2 sample rounds=2900000000  speed=4368536 hands/sec  avg|ΔQ|=0.007930  threshold=0.005000
P2 sample rounds=3000000000  speed=4360731 hands/sec  avg|ΔQ|=0.007911  threshold=0.005000
P2 sample rounds=3100000000  speed=4351018 hands/sec  avg|ΔQ|=0.007619  threshold=0.005000
P2 sample rounds=3200000000  speed=4343571 hands/sec  avg|ΔQ|=0.007424  threshold=0.005000
P2 sample rounds=3300000000  speed=4336023 hands/sec  avg|ΔQ|=0.007188  threshold=0.005000
P2 sample rounds=3400000000  speed=4328337 hands/sec  avg|ΔQ|=0.007180  threshold=0.005000
P2 sample rounds=3500000000  speed=4322637 hands/sec  avg|ΔQ|=0.006935  threshold=0.005000
P2 sample rounds=3600000000  speed=4317152 hands/sec  avg|ΔQ|=0.006783  threshold=0.005000
P2 sample rounds=3700000000  speed=4310737 hands/sec  avg|ΔQ|=0.006643  threshold=0.005000
P2 sample rounds=3800000000  speed=4303974 hands/sec  avg|ΔQ|=0.006590  threshold=0.005000
P2 sample rounds=3900000000  speed=4297270 hands/sec  avg|ΔQ|=0.006442  threshold=0.005000
P2 sample rounds=4000000000  speed=4292513 hands/sec  avg|ΔQ|=0.006253  threshold=0.005000
P2 sample rounds=4100000000  speed=4285614 hands/sec  avg|ΔQ|=0.006130  threshold=0.005000
P2 sample rounds=4200000000  speed=4279618 hands/sec  avg|ΔQ|=0.006040  threshold=0.005000
P2 sample rounds=4300000000  speed=4273865 hands/sec  avg|ΔQ|=0.006018  threshold=0.005000
P2 sample rounds=4400000000  speed=4268260 hands/sec  avg|ΔQ|=0.005903  threshold=0.005000
P2 sample rounds=4500000000  speed=4262962 hands/sec  avg|ΔQ|=0.005720  threshold=0.005000
P2 sample rounds=4600000000  speed=4258203 hands/sec  avg|ΔQ|=0.005649  threshold=0.005000
P2 sample rounds=4700000000  speed=4253274 hands/sec  avg|ΔQ|=0.005589  threshold=0.005000
P2 sample rounds=4800000000  speed=4247814 hands/sec  avg|ΔQ|=0.005459  threshold=0.005000
P2 sample rounds=4900000000  speed=4243251 hands/sec  avg|ΔQ|=0.005437  threshold=0.005000
P2 sample rounds=5000000000  speed=4238811 hands/sec  avg|ΔQ|=0.005257  threshold=0.005000
P2 sample rounds=5100000000  speed=4235588 hands/sec  avg|ΔQ|=0.005218  threshold=0.005000
P2 sample rounds=5200000000  speed=4231103 hands/sec  avg|ΔQ|=0.005077  threshold=0.005000
P2 sample rounds=5300000000  speed=4226307 hands/sec  avg|ΔQ|=0.005114  threshold=0.005000
P2 sample rounds=5400000000  speed=4222580 hands/sec  avg|ΔQ|=0.005039  threshold=0.005000
P2 sample rounds=5500000000  speed=4218532 hands/sec  avg|ΔQ|=0.004910  threshold=0.005000

--- P2 ---
Training rounds: 5500000000
Training speed: 4218532 hands/sec
Training flat edge:   -0.157715
Evaluation flat edge (5000000000 rounds): -0.001928  std(X): 1.157776  E[X^2]: 1.340448
Spread 1:10 evaluation edge (5000000000 rounds): 0.059801  std(X): 7.247510  E[X^2]: 52.529978
Kelly growth per round:      1.000083  stddev: 0.000012

=== P2 Strategy ===

========== Count: -5 ==========

Hard
       2   3   4   5   6   7   8   9  10   A
  4    H   H   H   S   S   H   H  Dh   H  Dh
  5    H   H   H   H   H   H   H   H   H   H
  6    H   H   H   H   H   H   H   H   H   H
  7    H   H   H   H   H   H   H   H   H   H
  8    H   H   H   H   H   H   H   H   H   H
  9    H   H   H   H   H   H   H   H   H   H
 10   Dh  Dh  Dh  Dh  Dh   H   H   H   H   H
 11   Dh  Dh  Dh  Dh  Dh  Dh   H   H   H   H
 12    H   H   H   H   H   H   H   H   H   H
 13    H   H   H   H   H   H   H   H   H   H
 14    H   H   H   H   S   H   H   H   H   H
 15    H   H   S   S   S   H   H   H   H   H
 16    S   S   S   S   S   H   H   H   H   H
 17    S   S   S   S   S   S   S   S   S   H
 18    S   S   S   S   S   S   S   S   S   S
 19    S   S   S   S   S   S   S   S   S   S
 20    S   S   S   S   S   S   S   S   S   S
 21    S   S   S   S   S   S   S   S   S   S

Soft
       2   3   4   5   6   7   8   9  10   A
 12    S   S   S   S   S   S   S   S   S   S
 13    H   H   H   H   H   H   H   H   H   H
 14    H   H   H   H  Dh   H   H   H   H   H
 15    H   H   H   H  Dh   H   H   H   H   H
 16    H   H   H   H  Dh   H   H   H   H   H
 17    H   H   H   H  Dh   H   H   H   H   H
 18    S   S   S   S  Ds   S   S   H   H   H
 19    S   S   S   S   S   S   S   S   S   S
 20    S   S   S   S   S   S   S   S   S   S
 21    S   S   S   S   S   S   S   S   S   S

Pair
       2   3   4   5   6   7   8   9  10   A
  2    H   H   H   P   P   P   H   H   H   H
  3    H   P   P   P   P   P   H   H   H   H
  4    H   H   H   H   H   H   H   H   H   H
  5   Dh  Dh  Dh  Dh  Dh   H   H   H   H   H
  6    H   H   P   P   P   P   H   H   H   H
  7    P   P   P   P   P   P   H   H   H   H
  8    P   P   P   P   P   P   P   P   P   H
  9    S   S   S   P   P   S   P   P   S   S
 10    S   S   S   S   S   S   S   S   S   S
 11    P   P   P   P   P   P   P   P   P   H

One card
       2   3   4   5   6   7   8   9  10   A
  2    H   H   H   H   H   H   H   H   H   H
  3    H   H   H   H   H   H   H   H   H   H
  4    H   H   H   H   H   H   H   H   H   H
  5    H   H   H   H   H   H   H   H   H   H
  6    H   H   H   H   H   H   H   H   H   H
  7    H   H   H   H   H   H   H   H   H   H
  8    H   H   H   H   H   H   H   H   H   H
  9    H   H   H   H   H   H   H   H   H   H
 10    H   H   H   H   H   H   H   H   H   H
  A    H   H   H   H   H   H   H   H   H   H

BlackJack
       2   3   4   5   6   7   8   9  10   A
 21    S   S   S   S   S   S   S   S   S   S

========== Count: -4 ==========

Hard
       2   3   4   5   6   7   8   9  10   A
  4    H   -  Dh   S  Ds   S   S   -   H   H
  5    H   H   H   H   H   H   H   H   H   H
  6    H   H   H   H   H   H   H   H   H   H
  7    H   H   H   H   H   H   H   H   H   H
  8    H   H   H   H   H   H   H   H   H   H
  9    H   H   H   H   H   H   H   H   H   H
 10   Dh  Dh  Dh  Dh  Dh  Dh  Dh   H   H   H
 11   Dh  Dh  Dh  Dh  Dh  Dh  Dh  Dh   H   H
 12    H   H   H   H   S   H   H   H   H   H
 13    H   H   H   S   S   H   H   H   H   H
 14    H   S   S   S   S   H   H   H   H   H
 15    S   S   S   S   S   H   H   H   H   H
 16    S   S   S   S   S   H   H   H   H   H
 17    S   S   S   S   S   S   S   S   S   S
 18    S   S   S   S   S   S   S   S   S   S
 19    S   S   S   S   S   S   S   S   S   S
 20    S   S   S   S   S   S   S   S   S   S
 21    S   S   S   S   S   S   S   S   S   S

Soft
       2   3   4   5   6   7   8   9  10   A
 12    S   S   S   S   S   S   S   S   S   S
 13    H   H   H   H  Dh   H   H   H   H   H
 14    H   H   H   H  Dh   H   H   H   H   H
 15    H   H   H  Dh  Dh   H   H   H   H   H
 16    H   H   H  Dh  Dh   H   H   H   H   H
 17    H  Dh  Dh  Dh  Dh   H   H   H   H   H
 18    S   S   S  Ds  Ds   S   S   H   H   H
 19    S   S   S   S   S   S   S   S   S   S
 20    S   S   S   S   S   S   S   S   S   S
 21    S   S   S   S   S   S   S   S   S   S

Pair
       2   3   4   5   6   7   8   9  10   A
  2    H   P   P   P   P   P   H   H   H   H
  3    P   P   P   P   P   P   H   H   H   H
  4    H   H   H   H   P   H   H   H   H   H
  5   Dh  Dh  Dh  Dh  Dh  Dh   H  Dh   H   H
  6    H   P   P   P   P   P   H   H   H   H
  7    P   P   P   P   P   P   H   H   H   H
  8    P   P   P   P   P   P   P   P   P   H
  9    S   P   P   P   P   S   P   P   S   S
 10    S   S   S   S   S   S   S   S   S   S
 11    P   P   P   P   P   P   P   P   P   P

One card
       2   3   4   5   6   7   8   9  10   A
  2    H   H   H   H   H   H   H   H   H   H
  3    H   H   H   H   H   H   H   H   H   H
  4    H   H   H   H   H   H   H   H   H   H
  5    H   H   H   H   H   H   H   H   H   H
  6    H   H   H   H   H   H   H   H   H   H
  7    H   H   H   H   H   H   H   H   H   H
  8    H   H   H   H   H   H   H   H   H   H
  9    H   H   H   H   H   H   H   H   H   H
 10    H   H   H   H   H   H   H   H   H   H
  A    H   H   H   H   H   H   H   H   H   H

BlackJack
       2   3   4   5   6   7   8   9  10   A
 21    S   S   S   S   S   S   S   S   S   S

========== Count: -3 ==========

Hard
       2   3   4   5   6   7   8   9  10   A
  4    -   S  Dh   S  Dh   H   S   H   -   H
  5    H   H   H   H   H   H   H   H   H   H
  6    H   H   H   H   H   H   H   H   H   H
  7    H   H   H   H   H   H   H   H   H   H
  8    H   H   H   H   H   H   H   H   H   H
  9    H   H   H   H  Dh   H   H   H   H   H
 10   Dh  Dh  Dh  Dh  Dh  Dh  Dh  Dh   H   H
 11   Dh  Dh  Dh  Dh  Dh  Dh  Dh  Dh  Dh   H
 12    H   H   H   H   S   H   H   H   H   H
 13    H   H   H   S   S   H   H   H   H   H
 14    S   S   S   S   S   H   H   H   H   H
 15    S   S   S   S   S   H   H   H   H   H
 16    S   S   S   S   S   H   H   H   H   H
 17    S   S   S   S   S   S   S   S   S   S
 18    S   S   S   S   S   S   S   S   S   S
 19    S   S   S   S   S   S   S   S   S   S
 20    S   S   S   S   S   S   S   S   S   S
 21    S   S   S   S   S   S   S   S   S   S

Soft
       2   3   4   5   6   7   8   9  10   A
 12    S   S   S   S   S   S   S   S   S   S
 13    H   H   H   H  Dh   H   H   H   H   H
 14    H   H   H   H  Dh   H   H   H   H   H
 15    H   H  Dh   H  Dh   H   H   H   H   H
 16    H   H   H   H  Dh   H   H   H   H   H
 17    H   H  Dh  Dh  Dh   H   H   H   H   H
 18    S   S  Ds  Ds  Ds   S   S   H   H   H
 19    S   S   S   S   S   S   S   S   S   S
 20    S   S   S   S   S   S   S   S   S   S
 21    S   S   S   S   S   S   S   S   S   S

Pair
       2   3   4   5   6   7   8   9  10   A
  2    P   P   P   P   P   P   H   H   H   H
  3    P   P   P   P   P   P   H   H   H   H
  4    H   H   H   H   P   H   H   H   H   H
  5   Dh  Dh  Dh  Dh  Dh  Dh  Dh   H   H   H
  6    P   P   P   P   P   P   H   H   H   H
  7    P   P   P   P   P   P   H   H   H   H
  8    P   P   P   P   P   P   P   P   P   H
  9    P   P   P   P   P   S   P   P   S   S
 10    S   S   S   S   S   S   S   S   S   S
 11    P   P   P   P   P   P   P   P   P   P

One card
       2   3   4   5   6   7   8   9  10   A
  2    H   H   H   H   H   H   H   H   H   H
  3    H   H   H   H   H   H   H   H   H   H
  4    H   H   H   H   H   H   H   H   H   H
  5    H   H   H   H   H   H   H   H   H   H
  6    H   H   H   H   H   H   H   H   H   H
  7    H   H   H   H   H   H   H   H   H   H
  8    H   H   H   H   H   H   H   H   H   H
  9    H   H   H   H   H   H   H   H   H   H
 10    H   H   H   H   H   H   H   H   H   H
  A    H   H   H   H   H   H   H   H   H   H

BlackJack
       2   3   4   5   6   7   8   9  10   A
 21    S   S   S   S   S   S   S   S   S   S

========== Count: -2 ==========

Hard
       2   3   4   5   6   7   8   9  10   A
  4    S   H   S   H   H   H  Dh   H   H   H
  5    H   H   H   H   H   H   H   H   H   H
  6    H   H   H   H   H   H   H   H   H   H
  7    H   H   H   H   H   H   H   H   H   H
  8    H   H   H   H   H   H   H   H   H   H
  9    H   H  Dh  Dh  Dh   H   H   H   H   H
 10   Dh  Dh  Dh  Dh  Dh  Dh  Dh   H   H   H
 11   Dh  Dh  Dh  Dh  Dh  Dh  Dh  Dh  Dh   H
 12    H   H   H   H   S   H   H   H   H   H
 13    H   H   S   S   S   H   H   H   H   H
 14    S   S   S   S   S   H   H   H   H   H
 15    S   S   S   S   S   H   H   H   H   H
 16    S   S   S   S   S   H   H   H   H   H
 17    S   S   S   S   S   S   S   S   S   S
 18    S   S   S   S   S   S   S   S   S   S
 19    S   S   S   S   S   S   S   S   S   S
 20    S   S   S   S   S   S   S   S   S   S
 21    S   S   S   S   S   S   S   S   S   S

Soft
       2   3   4   5   6   7   8   9  10   A
 12    S   S   S   S   S   S   S   S   S   S
 13    H   H   H  Dh   H   H   H   H   H   H
 14    H   H   H   H  Dh   H   H   H   H   H
 15    H   H   H  Dh  Dh   H   H   H   H   H
 16    H   H  Dh  Dh  Dh   H   H   H   H   H
 17   Dh  Dh  Dh  Dh  Dh   H   H   H   H   H
 18    S   S  Ds  Ds  Ds   S   S   H   H   H
 19    S   S   S   S   S   S   S   S   S   S
 20    S   S   S   S   S   S   S   S   S   S
 21    S   S   S   S   S   S   S   S   S   S

Pair
       2   3   4   5   6   7   8   9  10   A
  2    P   P   P   P   P   P   H   H   H   H
  3    P   P   P   P   P   P   H   H   H   H
  4    H   H   H   H   P   H   H   H   H   H
  5   Dh  Dh  Dh  Dh  Dh  Dh   H  Dh   H   H
  6    P   P   P   P   P   P   H   H   H   H
  7    P   P   P   P   P   P   P   H   H   H
  8    P   P   P   P   P   P   P   P   P   H
  9    P   P   P   P   P   S   P   P   S   S
 10    S   S   S   S   S   S   S   S   S   S
 11    P   P   P   P   P   P   P   P   P   P

One card
       2   3   4   5   6   7   8   9  10   A
  2    H   H   H   H   H   H   H   H   H   H
  3    H   H   H   H   H   H   H   H   H   H
  4    H   H   H   H   H   H   H   H   H   H
  5    H   H   H   H   H   H   H   H   H   H
  6    H   H   H   H   H   H   H   H   H   H
  7    H   H   H   H   H   H   H   H   H   H
  8    H   H   H   H   H   H   H   H   H   H
  9    H   H   H   H   H   H   H   H   H   H
 10    H   H   H   H   H   H   H   H   H   H
  A    H   H   H   H   H   H   H   H   H   H

BlackJack
       2   3   4   5   6   7   8   9  10   A
 21    S   S   S   S   S   S   S   S   S   S

========== Count: -1 ==========

Hard
       2   3   4   5   6   7   8   9  10   A
  4    H   H  Ds   S   H   H  Dh   S   S   H
  5    H   H   H   H   H   H   H   H   H   H
  6    H   H   H   H   H   H   H   H   H   H
  7    H   H   H   H   H   H   H   H   H   H
  8    H   H   H   H   H   H   H   H   H   H
  9    H   H  Dh  Dh  Dh   H   H   H   H   H
 10   Dh  Dh  Dh  Dh  Dh  Dh  Dh  Dh   H   H
 11   Dh  Dh  Dh  Dh  Dh  Dh  Dh  Dh  Dh  Dh
 12    H   H   H   H   S   H   H   H   H   H
 13    H   S   S   S   S   H   H   H   H   H
 14    S   S   S   S   S   H   H   H   H   H
 15    S   S   S   S   S   H   H   H   H   H
 16    S   S   S   S   S   H   H   H   H   H
 17    S   S   S   S   S   S   S   S   S   S
 18    S   S   S   S   S   S   S   S   S   S
 19    S   S   S   S   S   S   S   S   S   S
 20    S   S   S   S   S   S   S   S   S   S
 21    S   S   S   S   S   S   S   S   S   S

Soft
       2   3   4   5   6   7   8   9  10   A
 12    S   S   S   S   S   S   S   S   S   S
 13    H   H   H   H  Dh   H   H   H   H   H
 14    H   H   H  Dh  Dh   H   H   H   H   H
 15    H   H   H  Dh  Dh   H   H   H   H   H
 16    H   H   H  Dh  Dh   H   H   H   H   H
 17    H  Dh  Dh  Dh  Dh   H   H   H   H   H
 18    S  Ds  Ds  Ds  Ds   S   S   H   H   H
 19    S   S   S   S  Ds   S   S   S   S   S
 20    S   S   S   S   S   S   S   S   S   S
 21    S   S   S   S   S   S   S   S   S   S

Pair
       2   3   4   5   6   7   8   9  10   A
  2    P   P   P   P   P   P   H   H   H   H
  3    P   P   P   P   P   P   H   H   H   H
  4    H   H   H   P   P   H   H   H   H   H
  5   Dh  Dh  Dh  Dh  Dh  Dh  Dh   H   H   H
  6    P   P   P   P   P   P   H   H   H   H
  7    P   P   P   P   P   P   P   H   H   H
  8    P   P   P   P   P   P   P   P   P   P
  9    P   P   P   P   P   S   P   P   S   S
 10    S   S   S   S   S   S   S   S   S   S
 11    P   P   P   P   P   P   P   P   P   P

One card
       2   3   4   5   6   7   8   9  10   A
  2    H   H   H   H   H   H   H   H   H   H
  3    H   H   H   H   H   H   H   H   H   H
  4    H   H   H   H   H   H   H   H   H   H
  5    H   H   H   H   H   H   H   H   H   H
  6    H   H   H   H   H   H   H   H   H   H
  7    H   H   H   H   H   H   H   H   H   H
  8    H   H   H   H   H   H   H   H   H   H
  9    H   H   H   H   H   H   H   H   H   H
 10    H   H   H   H   H   H   H   H   H   H
  A    H   H   H   H   H   H   H   H   H   H

BlackJack
       2   3   4   5   6   7   8   9  10   A
 21    S   S   S   S   S   S   S   S   S   S

========== Count: 0 ==========

Hard
       2   3   4   5   6   7   8   9  10   A
  4    S   H  Dh   S   H   S  Dh   H   H   H
  5    H   H   H   H   H   H   H   H   H   H
  6    H   H   H   H   H   H   H   H   H   H
  7    H   H   H   H   H   H   H   H   H   H
  8    H   H   H   H   H   H   H   H   H   H
  9    H  Dh  Dh  Dh  Dh   H   H   H   H   H
 10   Dh  Dh  Dh  Dh  Dh  Dh  Dh  Dh   H   H
 11   Dh  Dh  Dh  Dh  Dh  Dh  Dh  Dh  Dh  Dh
 12    H   H   H   S   S   H   H   H   H   H
 13    S   S   S   S   S   H   H   H   H   H
 14    S   S   S   S   S   H   H   H   H   H
 15    S   S   S   S   S   H   H   H   H   H
 16    S   S   S   S   S   H   H   H   H   H
 17    S   S   S   S   S   S   S   S   S   S
 18    S   S   S   S   S   S   S   S   S   S
 19    S   S   S   S   S   S   S   S   S   S
 20    S   S   S   S   S   S   S   S   S   S
 21    S   S   S   S   S   S   S   S   S   S

Soft
       2   3   4   5   6   7   8   9  10   A
 12    S   S   S   S   S   S   S   S   S   S
 13    H   H   H   H  Dh   H   H   H   H   H
 14    H   H   H  Dh  Dh   H   H   H   H   H
 15    H   H  Dh  Dh  Dh   H   H   H   H   H
 16    H  Dh  Dh  Dh  Dh   H   H   H   H   H
 17   Dh  Dh  Dh  Dh  Dh   H   H   H   H   H
 18    S  Ds  Ds  Ds  Ds   S   S   H   H   H
 19    S   S   S   S  Ds   S   S   S   S   S
 20    S   S   S   S   S   S   S   S   S   S
 21    S   S   S   S   S   S   S   S   S   S

Pair
       2   3   4   5   6   7   8   9  10   A
  2    P   P   P   P   P   P   H   H   H   H
  3    P   P   P   P   P   P   H   H   H   H
  4    H   H   H   P   P   H   H   H   H   H
  5   Dh  Dh  Dh  Dh  Dh  Dh  Dh  Dh   H   H
  6    P   P   P   P   P   P   H   H   H   H
  7    P   P   P   P   P   P   P   H   H   H
  8    P   P   P   P   P   P   P   P   P   P
  9    P   P   P   P   P   S   P   P   S   S
 10    S   S   S   S   S   S   S   S   S   S
 11    P   P   P   P   P   P   P   P   P   P

One card
       2   3   4   5   6   7   8   9  10   A
  2    H   H   H   H   H   H   H   H   H   H
  3    H   H   H   H   H   H   H   H   H   H
  4    H   H   H   H   H   H   H   H   H   H
  5    H   H   H   H   H   H   H   H   H   H
  6    H   H   H   H   H   H   H   H   H   H
  7    H   H   H   H   H   H   H   H   H   H
  8    H   H   H   H   H   H   H   H   H   H
  9    H   H   H   H   H   H   H   H   H   H
 10    H   H   H   H   H   H   H   H   H   H
  A    H   H   H   H   H   H   H   H   H   H

BlackJack
       2   3   4   5   6   7   8   9  10   A
 21    S   S   S   S   S   S   S   S   S   S

========== Count: 1 ==========

Hard
       2   3   4   5   6   7   8   9  10   A
  4    H   S   H  Dh   H   H  Dh   S   H  Dh
  5    H   H   H   H   H   H   H   H   H   H
  6    H   H   H   H   H   H   H   H   H   H
  7    H   H   H   H   H   H   H   H   H   H
  8    H   H   H   H   H   H   H   H   H   H
  9    H  Dh  Dh  Dh  Dh   H   H   H   H   H
 10   Dh  Dh  Dh  Dh  Dh  Dh  Dh  Dh   H   H
 11   Dh  Dh  Dh  Dh  Dh  Dh  Dh  Dh  Dh  Dh
 12    H   H   S   S   S   H   H   H   H   H
 13    S   S   S   S   S   H   H   H   H   H
 14    S   S   S   S   S   H   H   H   H   H
 15    S   S   S   S   S   H   H   H   H   H
 16    S   S   S   S   S   H   H   H   S   H
 17    S   S   S   S   S   S   S   S   S   S
 18    S   S   S   S   S   S   S   S   S   S
 19    S   S   S   S   S   S   S   S   S   S
 20    S   S   S   S   S   S   S   S   S   S
 21    S   S   S   S   S   S   S   S   S   S

Soft
       2   3   4   5   6   7   8   9  10   A
 12    S   S   S   S   S   S   S   S   S   S
 13    H   H   H  Dh  Dh   H   H   H   H   H
 14    H   H   H  Dh  Dh   H   H   H   H   H
 15    H   H  Dh  Dh  Dh   H   H   H   H   H
 16    H   H  Dh  Dh  Dh   H   H   H   H   H
 17   Dh  Dh  Dh  Dh  Dh   H   H   H   H   H
 18   Ds  Ds  Ds  Ds  Ds   S   S   H   H   H
 19    S   S   S   S  Ds   S   S   S   S   S
 20    S   S   S   S   S   S   S   S   S   S
 21    S   S   S   S   S   S   S   S   S   S

Pair
       2   3   4   5   6   7   8   9  10   A
  2    P   P   P   P   P   P   H   H   H   H
  3    P   P   P   P   P   P   H   H   H   H
  4    H   H   H   P   P   H   H   H   H   H
  5   Dh  Dh  Dh  Dh  Dh  Dh  Dh  Dh   H   H
  6    P   P   P   P   P   P   H   H   H   H
  7    P   P   P   P   P   P   P   H   H   H
  8    P   P   P   P   P   P   P   P   P   P
  9    P   P   P   P   P   S   P   P   S   S
 10    S   S   S   S   S   S   S   S   S   S
 11    P   P   P   P   P   P   P   P   P   P

One card
       2   3   4   5   6   7   8   9  10   A
  2    H   H   H   H   H   H   H   H   H   H
  3    H   H   H   H   H   H   H   H   H   H
  4    H   H   H   H   H   H   H   H   H   H
  5    H   H   H   H   H   H   H   H   H   H
  6    H   H   H   H   H   H   H   H   H   H
  7    H   H   H   H   H   H   H   H   H   H
  8    H   H   H   H   H   H   H   H   H   H
  9    H   H   H   H   H   H   H   H   H   H
 10    H   H   H   H   H   H   H   H   H   H
  A    H   H   H   H   H   H   H   H   H   H

BlackJack
       2   3   4   5   6   7   8   9  10   A
 21    S   S   S   S   S   S   S   S   S   S

========== Count: 2 ==========

Hard
       2   3   4   5   6   7   8   9  10   A
  4    H  Dh   H  Dh   S   H   S   H  Dh   -
  5    H   H   H   H   H   H   H   H   H   H
  6    H   H   H   H   H   H   H   H   H   H
  7    H   H   H   H   H   H   H   H   H   H
  8    H   H   H   H   H   H   H   H   H   H
  9    H  Dh  Dh  Dh  Dh   H   H   H   H   H
 10   Dh  Dh  Dh  Dh  Dh  Dh  Dh  Dh   H   H
 11   Dh  Dh  Dh  Dh  Dh  Dh  Dh  Dh  Dh  Dh
 12    H   H   S   S   S   H   H   H   H   H
 13    S   S   S   S   S   H   H   H   H   H
 14    S   S   S   S   S   H   H   H   H   H
 15    S   S   S   S   S   H   H   H   H   H
 16    S   S   S   S   S   H   H   H   S   H
 17    S   S   S   S   S   S   S   S   S   S
 18    S   S   S   S   S   S   S   S   S   S
 19    S   S   S   S   S   S   S   S   S   S
 20    S   S   S   S   S   S   S   S   S   S
 21    S   S   S   S   S   S   S   S   S   S

Soft
       2   3   4   5   6   7   8   9  10   A
 12    S   S   S   S   S   S   S   S   S   S
 13    H   H   H  Dh  Dh   H   H   H   H   H
 14    H   H  Dh  Dh  Dh   H   H   H   H   H
 15    H   H  Dh  Dh  Dh   H   H   H   H   H
 16    H   H  Dh  Dh  Dh   H   H   H   H   H
 17   Dh  Dh  Dh  Dh  Dh   H   H   H   H   H
 18   Ds  Ds  Ds  Ds  Ds   S   S   H   H   H
 19    S   S   S  Ds  Ds   S   S   S   S   S
 20    S   S   S   S   S   S   S   S   S   S
 21    S   S   S   S   S   S   S   S   S   S

Pair
       2   3   4   5   6   7   8   9  10   A
  2    P   P   P   P   P   P   H   H   H   H
  3    P   P   P   P   P   P   H   H   H   H
  4    H   H   H   P   P   H   H   H   H   H
  5   Dh  Dh  Dh  Dh  Dh  Dh  Dh  Dh  Dh  Dh
  6    P   P   P   P   P   P   H   H   H   H
  7    P   P   P   P   P   P   P   H   H   H
  8    P   P   P   P   P   P   P   P   P   P
  9    P   P   P   P   P   S   P   P   S   S
 10    S   S   S   S   S   S   S   S   S   S
 11    P   P   P   P   P   P   P   P   P   P

One card
       2   3   4   5   6   7   8   9  10   A
  2    H   H   H   H   H   H   H   H   H   H
  3    H   H   H   H   H   H   H   H   H   H
  4    H   H   H   H   H   H   H   H   H   H
  5    H   H   H   H   H   H   H   H   H   H
  6    H   H   H   H   H   H   H   H   H   H
  7    H   H   H   H   H   H   H   H   H   H
  8    H   H   H   H   H   H   H   H   H   H
  9    H   H   H   H   H   H   H   H   H   H
 10    H   H   H   H   H   H   H   H   H   H
  A    H   H   H   H   H   H   H   H   H   H

BlackJack
       2   3   4   5   6   7   8   9  10   A
 21    S   S   S   S   S   S   S   S   S   S

========== Count: 3 ==========

Hard
       2   3   4   5   6   7   8   9  10   A
  4    H   H   H   H   H   S   H   H   H  Dh
  5    H   H   H   H   H   H   H   H   H   H
  6    H   H   H   H   H   H   H   H   H   H
  7    H   H   H   H   H   H   H   H   H   H
  8    H   H   H   H   H   H   H   H   H   H
  9    H  Dh  Dh  Dh  Dh   H   H   H   H   H
 10   Dh  Dh  Dh  Dh  Dh  Dh  Dh  Dh   H  Dh
 11   Dh  Dh  Dh  Dh  Dh  Dh  Dh  Dh  Dh  Dh
 12    H   S   S   S   S   H   H   H   H   H
 13    S   S   S   S   S   H   H   H   H   H
 14    S   S   S   S   S   H   H   H   H   H
 15    S   S   S   S   S   H   H   H   H   H
 16    S   S   S   S   S   H   H   H   S   H
 17    S   S   S   S   S   S   S   S   S   S
 18    S   S   S   S   S   S   S   S   S   S
 19    S   S   S   S   S   S   S   S   S   S
 20    S   S   S   S   S   S   S   S   S   S
 21    S   S   S   S   S   S   S   S   S   S

Soft
       2   3   4   5   6   7   8   9  10   A
 12    S   S   S   S   S   S   S   S   S   S
 13    H   H   H  Dh  Dh   H   H   H   H   H
 14    H   H  Dh  Dh  Dh   H   H   H   H   H
 15    H   H  Dh  Dh  Dh   H   H   H   H   H
 16    H  Dh   H  Dh  Dh   H   H   H   H   H
 17   Dh  Dh  Dh  Dh  Dh   H   H   H   H   H
 18    S  Ds  Ds  Ds  Ds   S   S   H   H   H
 19    S   S   S  Ds  Ds   S   S   S   S   S
 20    S   S   S   S   S   S   S   S   S   S
 21    S   S   S   S   S   S   S   S   S   S

Pair
       2   3   4   5   6   7   8   9  10   A
  2    P   P   P   P   P   P   H   H   H   H
  3    P   P   P   P   P   P   H   H   H   H
  4    H   H   P   P   P   H   H   H   H   H
  5   Dh  Dh  Dh  Dh  Dh  Dh  Dh  Dh   H  Dh
  6    P   P   P   P   P   P   H   H   H   H
  7    P   P   P   P   P   P   P   H   H   H
  8    P   P   P   P   P   P   P   P   P   P
  9    P   P   P   P   P   S   P   P   S   S
 10    S   S   S   S   S   S   S   S   S   S
 11    P   P   P   P   P   P   P   P   P   P

One card
       2   3   4   5   6   7   8   9  10   A
  2    H   H   H   H   H   H   H   H   H   H
  3    H   H   H   H   H   H   H   H   H   H
  4    H   H   H   H   H   H   H   H   H   H
  5    H   H   H   H   H   H   H   H   H   H
  6    H   H   H   H   H   H   H   H   H   H
  7    H   H   H   H   H   H   H   H   H   H
  8    H   H   H   H   H   H   H   H   H   H
  9    H   H   H   H   H   H   H   H   H   H
 10    H   H   H   H   H   H   H   H   H   H
  A    H   H   H   H   H   H   H   H   H   H

BlackJack
       2   3   4   5   6   7   8   9  10   A
 21    S   S   S   S   S   S   S   S   S   S

========== Count: 4 ==========

Hard
       2   3   4   5   6   7   8   9  10   A
  4    S   H   H   S   H   S   H   H  Dh   H
  5    H   H   H   H   H   H   H   H   H   H
  6    H   H   H   H   H   H   H   H   H   H
  7    H   H   H   H   H   H   H   H   H   H
  8    H   H   H   H  Dh   H   H   H   H   H
  9    H  Dh  Dh  Dh  Dh   H   H   H   H   H
 10   Dh  Dh  Dh  Dh  Dh  Dh  Dh  Dh  Dh  Dh
 11   Dh  Dh  Dh  Dh  Dh  Dh  Dh  Dh  Dh  Dh
 12    S   S   S   S   S   H   H   H   H   H
 13    S   S   S   S   S   H   H   H   H   H
 14    S   S   S   S   S   H   H   H   H   H
 15    S   S   S   S   S   H   H   H   S   H
 16    S   S   S   S   S   H   H   S   S   S
 17    S   S   S   S   S   S   S   S   S   S
 18    S   S   S   S   S   S   S   S   S   S
 19    S   S   S   S   S   S   S   S   S   S
 20    S   S   S   S   S   S   S   S   S   S
 21    S   S   S   S   S   S   S   S   S   S

Soft
       2   3   4   5   6   7   8   9  10   A
 12    S   S   S   S   S   S   S   S   S   S
 13    H   H  Dh  Dh  Dh   H   H   H   H   H
 14    H   H   H  Dh  Dh   H   H   H   H   H
 15    H   H  Dh  Dh  Dh   H   H   H   H   H
 16    H   H  Dh  Dh  Dh   H   H   H   H   H
 17    H  Dh  Dh  Dh  Dh   H   H   H   H   H
 18   Ds  Ds  Ds  Ds  Ds   S   S   H   H   H
 19    S  Ds  Ds  Ds  Ds   S   S   S   S   S
 20    S   S   S   S   S   S   S   S   S   S
 21    S   S   S   S   S   S   S   S   S   S

Pair
       2   3   4   5   6   7   8   9  10   A
  2    P   P   P   P   P   P   H   H   H   H
  3    P   P   P   P   P   P   H   H   H   H
  4    H   H   P   P   P   H   H   H   H   H
  5   Dh  Dh  Dh  Dh  Dh  Dh  Dh  Dh   H  Dh
  6    P   P   P   P   P   P   H   H   H   H
  7    P   P   P   P   P   P   P   H   H   S
  8    P   P   P   P   P   P   P   P   P   P
  9    P   P   P   P   P   P   P   P   S   P
 10    S   S   S   P   P   S   S   S   S   S
 11    P   P   P   P   P   P   P   P   P   P

One card
       2   3   4   5   6   7   8   9  10   A
  2    H   H   H   H   H   H   H   H   H   H
  3    H   H   H   H   H   H   H   H   H   H
  4    H   H   H   H   H   H   H   H   H   H
  5    H   H   H   H   H   H   H   H   H   H
  6    H   H   H   H   H   H   H   H   H   H
  7    H   H   H   H   H   H   H   H   H   H
  8    H   H   H   H   H   H   H   H   H   H
  9    H   H   H   H   H   H   H   H   H   H
 10    H   H   H   H   H   H   H   H   H   H
  A    H   H   H   H   H   H   H   H   H   H

BlackJack
       2   3   4   5   6   7   8   9  10   A
 21    S   S   S   S   S   S   S   S   S   S

========== Count: 5 ==========

Hard
       2   3   4   5   6   7   8   9  10   A
  4    H   S   S   H   H  Dh  Ds   S   S   S
  5    H   H   H   H   H   H   H   H   H   H
  6    H   H   H   H   H   H   H   H   H   H
  7    H   H   H   H   H   H   H   H   H   H
  8    H   H  Dh  Dh  Dh   H   H   H   H   H
  9   Dh  Dh  Dh  Dh  Dh  Dh   H   H   H   H
 10   Dh  Dh  Dh  Dh  Dh  Dh  Dh  Dh  Dh  Dh
 11   Dh  Dh  Dh  Dh  Dh  Dh  Dh  Dh  Dh  Dh
 12    S   S   S   S   S   H   H   H   H   H
 13    S   S   S   S   S   H   H   H   H   H
 14    S   S   S   S   S   H   H   H   H   S
 15    S   S   S   S   S   H   H   H   S   S
 16    S   S   S   S   S   H   H   S   S   S
 17    S   S   S   S   S   S   S   S   S   S
 18    S   S   S   S   S   S   S   S   S   S
 19    S   S   S   S   S   S   S   S   S   S
 20    S   S   S   S   S   S   S   S   S   S
 21    S   S   S   S   S   S   S   S   S   S

Soft
       2   3   4   5   6   7   8   9  10   A
 12    S   S   S   S   S   S   S   S   S   S
 13    H  Dh  Dh  Dh  Dh   H   H   H   H   H
 14    H   H  Dh  Dh  Dh   H   H   H   H   H
 15    H  Dh  Dh  Dh  Dh   H   H   H   H   H
 16    H  Dh  Dh  Dh  Dh   H   H   H   H   H
 17   Dh  Dh  Dh  Dh  Dh   H   H   H   H   H
 18   Ds  Ds  Ds  Ds  Ds   S   S   H   H   H
 19   Ds  Ds  Ds  Ds  Ds   S   S   S   S   S
 20    S   S  Ds  Ds  Ds   S   S   S   S   S
 21    S   S   S   S   S   S   S   S   S   S

Pair
       2   3   4   5   6   7   8   9  10   A
  2    P   P   P   P   P   P   P   H   H   H
  3    P   P   P   P   P   P   H   H   H   H
  4    H   H   P   P   P   H   H   H   H   H
  5   Dh  Dh  Dh  Dh  Dh  Dh  Dh  Dh  Dh  Dh
  6    P   P   P   P   P   H   H   H   H   H
  7    P   P   P   P   P   P   P   H   S   S
  8    P   P   P   P   P   P   P   P   P   P
  9    P   P   P   P   P   P   P   P   S   P
 10    S   S   P   P   P   S   S   S   S   S
 11    P   P   P   P   P   P   P   P   P   P

One card
       2   3   4   5   6   7   8   9  10   A
  2    H   H   H   H   H   H   H   H   H   H
  3    H   H   H   H   H   H   H   H   H   H
  4    H   H   H   H   H   H   H   H   H   H
  5    H   H   H   H   H   H   H   H   H   H
  6    H   H   H   H   H   H   H   H   H   H
  7    H   H   H   H   H   H   H   H   H   H
  8    H   H   H   H   H   H   H   H   H   H
  9    H   H   H   H   H   H   H   H   H   H
 10    H   H   H   H   H   H   H   H   H   H
  A    H   H   H   H   H   H   H   H   H   H

BlackJack
       2   3   4   5   6   7   8   9  10   A
 21    S   S   S   S   S   S   S   S   S   S
========================

--- W3 ---
Recorded rounds: 5000000000  speed: 9784395 hands/sec
Count table:
  Card      Original      Used          
  --------------------------------------
  2         0.7109        0.7109        
  3         0.8589        0.8589        
  4         1.1854        1.1854        
  5         1.4476        1.4476        
  6         0.8482        0.8482        
  7         0.4768        0.4768        
  8         -0.0587       -0.0587       
  9         -0.3598       -0.3598       
  10        -1.0038       -1.0000       
  J         -0.9988       -1.0000       
  Q         -0.9975       -1.0000       
  K         -1.0000       -1.0000       
  A         -1.1093       -1.1093       
  Bias      -0.002405   
  Bet>0 TC  0.625680    
  Factor    0.003844    

Spread 1:10 evaluation edge (5000000000 rounds): 0.059787  std(X): 7.254180  E[X^2]: 52.626702
Optimal Kelly multiplier:    1.100000  fitted-signal target: 1.000000
Optimal Kelly growth/round:  1.000083  stddev: 0.000013
Sanity checks:
  Sum(weights): -0.000000  (PASS, expected near 0)
  10-value consistency: mean=-1.000000  max_dev=0.003753  rel=0.375292%  (PASS)
  Bias vs flat edge: bias=-0.002405  flat_edge=-0.001928  diff=0.000478  rel_to_0.5%=9.551260%
  Bias constraint: fixed to W1 bias
EV-count graph:         41 points  res=0.250000  speed: 9126752 hands/sec
Count histogram:        total=407804157  symmetry_rel_diff=3.8317%  (PASS, expected roughly symmetric)
