Training fresh full deviations for the selected count...
Training rounds=100000000 speed=4754207 rounds/sec avg|delta Q|=0.33722660 threshold=0.00500000
Training rounds=200000000 speed=4517324 rounds/sec avg|delta Q|=0.04376974 threshold=0.00500000
Training rounds=300000000 speed=4593618 rounds/sec avg|delta Q|=0.02656893 threshold=0.00500000
Training rounds=400000000 speed=4592581 rounds/sec avg|delta Q|=0.02071055 threshold=0.00500000
Training rounds=500000000 speed=4530955 rounds/sec avg|delta Q|=0.01762203 threshold=0.00500000
Training rounds=600000000 speed=4606632 rounds/sec avg|delta Q|=0.01576196 threshold=0.00500000
Training rounds=700000000 speed=4577168 rounds/sec avg|delta Q|=0.01449816 threshold=0.00500000
Training rounds=800000000 speed=4560795 rounds/sec avg|delta Q|=0.01358059 threshold=0.00500000
Training rounds=900000000 speed=4544376 rounds/sec avg|delta Q|=0.01297270 threshold=0.00500000
Training rounds=1000000000 speed=4533585 rounds/sec avg|delta Q|=0.01220033 threshold=0.00500000
Training rounds=1100000000 speed=4512062 rounds/sec avg|delta Q|=0.01162914 threshold=0.00500000
Training rounds=1200000000 speed=4489271 rounds/sec avg|delta Q|=0.01117593 threshold=0.00500000
Training rounds=1300000000 speed=4471672 rounds/sec avg|delta Q|=0.01065306 threshold=0.00500000
Training rounds=1400000000 speed=4448215 rounds/sec avg|delta Q|=0.01042070 threshold=0.00500000
Training rounds=1500000000 speed=4440918 rounds/sec avg|delta Q|=0.01017517 threshold=0.00500000
Training rounds=1600000000 speed=4428808 rounds/sec avg|delta Q|=0.00970696 threshold=0.00500000
Training rounds=1700000000 speed=4414082 rounds/sec avg|delta Q|=0.00946444 threshold=0.00500000
Training rounds=1800000000 speed=4411754 rounds/sec avg|delta Q|=0.00924919 threshold=0.00500000
Training rounds=1900000000 speed=4403296 rounds/sec avg|delta Q|=0.00913130 threshold=0.00500000
Training rounds=2000000000 speed=4395933 rounds/sec avg|delta Q|=0.00863285 threshold=0.00500000
Training rounds=2100000000 speed=4388605 rounds/sec avg|delta Q|=0.00858877 threshold=0.00500000
Training rounds=2200000000 speed=4377909 rounds/sec avg|delta Q|=0.00820714 threshold=0.00500000
Training rounds=2300000000 speed=4367160 rounds/sec avg|delta Q|=0.00809564 threshold=0.00500000
Training rounds=2400000000 speed=4357734 rounds/sec avg|delta Q|=0.00794431 threshold=0.00500000
Training rounds=2500000000 speed=4349029 rounds/sec avg|delta Q|=0.00774063 threshold=0.00500000
Training rounds=2600000000 speed=4341075 rounds/sec avg|delta Q|=0.00752552 threshold=0.00500000
Training rounds=2700000000 speed=4337238 rounds/sec avg|delta Q|=0.00730825 threshold=0.00500000
Training rounds=2800000000 speed=4325787 rounds/sec avg|delta Q|=0.00721026 threshold=0.00500000
Training rounds=2900000000 speed=4326518 rounds/sec avg|delta Q|=0.00702811 threshold=0.00500000
Training rounds=3000000000 speed=4318504 rounds/sec avg|delta Q|=0.00686773 threshold=0.00500000
Training rounds=3100000000 speed=4308087 rounds/sec avg|delta Q|=0.00684776 threshold=0.00500000
Training rounds=3200000000 speed=4300619 rounds/sec avg|delta Q|=0.00662783 threshold=0.00500000
Training rounds=3300000000 speed=4294689 rounds/sec avg|delta Q|=0.00657823 threshold=0.00500000
Training rounds=3400000000 speed=4287191 rounds/sec avg|delta Q|=0.00641941 threshold=0.00500000
Training rounds=3500000000 speed=4277327 rounds/sec avg|delta Q|=0.00623364 threshold=0.00500000
Training rounds=3600000000 speed=4271430 rounds/sec avg|delta Q|=0.00618999 threshold=0.00500000
Training rounds=3700000000 speed=4260189 rounds/sec avg|delta Q|=0.00600211 threshold=0.00500000
Training rounds=3800000000 speed=4254042 rounds/sec avg|delta Q|=0.00595228 threshold=0.00500000
Training rounds=3900000000 speed=4244247 rounds/sec avg|delta Q|=0.00585445 threshold=0.00500000
Training rounds=4000000000 speed=4241017 rounds/sec avg|delta Q|=0.00573043 threshold=0.00500000
Training rounds=4100000000 speed=4237568 rounds/sec avg|delta Q|=0.00565939 threshold=0.00500000
Training rounds=4200000000 speed=4232152 rounds/sec avg|delta Q|=0.00553669 threshold=0.00500000
Training rounds=4300000000 speed=4225820 rounds/sec avg|delta Q|=0.00553790 threshold=0.00500000
Training rounds=4400000000 speed=4224510 rounds/sec avg|delta Q|=0.00540913 threshold=0.00500000
Training rounds=4500000000 speed=4218112 rounds/sec avg|delta Q|=0.00530701 threshold=0.00500000
Training rounds=4600000000 speed=4212994 rounds/sec avg|delta Q|=0.00518762 threshold=0.00500000
Training rounds=4700000000 speed=4205290 rounds/sec avg|delta Q|=0.00515942 threshold=0.00500000
Training rounds=4800000000 speed=4204540 rounds/sec avg|delta Q|=0.00503405 threshold=0.00500000
Training rounds=4900000000 speed=4198099 rounds/sec avg|delta Q|=0.00506669 threshold=0.00500000
Training rounds=5000000000 speed=4196159 rounds/sec avg|delta Q|=0.00495580 threshold=0.00500000

=== EvaluateCountPolicy ===
Command:          /home/pliops/BlackJackCounts/build/bin/EvaluateCountPolicy --game blackjack --count-name omega2 --policy full-deviations --output-dir /home/pliops/BlackJackCounts/paper_materials/performance-suites/h17c03_5b_named_counts_continuous/bj6-5/omega2_d2/full_deviations --decks 2 --penetration 75 --ss17 false --peek true --surr no --das true --sas 4 --don ANY --rsa false --hsa false --bj 1.2 --factor 0.005 --bias -0.0183038 --count-normalization true --continuous-betting-count true --min-count -5 --max-count 5 --num-rounds 5000000000 --stop-mode diff --sample-rounds 100000000 --diff-threshold 0.005 --eval-rounds 5000000000 --kelly-rounds 1000000 --kelly-measurements 1000 --kelly-min 0.50 --kelly-max 1.00 --kelly-step 0.05 --max-total-wager-fraction 1.0 --num-threads 10 --seed 12345
Game:             blackjack
Scenario:         decks=2_ss17=False_das=True_sas=4_don=Any_reSplitAces=False_hitSplitAces=False_surr=no_peek=True_bj-pays=1.2
Penetration:      75.00000000%
Count:            named count omega2
Policy:           fresh full deviations trained for the selected count
Spread:           5000000000 rounds, 1:10
Kelly:            1000 x 1000000 rounds per multiplier
Kelly search:     0.50000000 to 1.00000000 step 0.05000000
Total wager cap:  1.00000000 x round-start bankroll
Threads:          10
Seed:             12345
Output:           /home/pliops/BlackJackCounts/paper_materials/performance-suites/h17c03_5b_named_counts_continuous/bj6-5/omega2_d2/full_deviations/

Count weights:
   2  1.000000000000
   3  1.000000000000
   4  2.000000000000
   5  2.000000000000
   6  2.000000000000
   7  1.000000000000
   8  0.000000000000
   9  -1.000000000000
  10  -2.000000000000
   J  -2.000000000000
   Q  -2.000000000000
   K  -2.000000000000
   A  0.000000000000
Transform: running = 0.000000000000 + (0.000000000000 * decks) + tags; selected=true_count
Signal f(c) = -0.018303800000 + 0.005000000000 * c

Running spread and Kelly evaluations...

=== Result ===
Spread edge:               0.003181821825
Kelly growth @1:           0.999929425230
Kelly exposure rounds @1: 1000000000
Mean gross wager/bankroll: 0.006933555266
Max gross wager/bankroll:  0.991814333333
Mean |fX|:                 0.006326131033
Max |fX|:                  0.984343068966

Saved results to /home/pliops/BlackJackCounts/paper_materials/performance-suites/h17c03_5b_named_counts_continuous/bj6-5/omega2_d2/full_deviations/
