Training fresh full deviations for the selected count...
Training rounds=100000000 speed=4494382 rounds/sec avg|delta Q|=0.34423528 threshold=0.00500000
Training rounds=200000000 speed=4628237 rounds/sec avg|delta Q|=0.04336144 threshold=0.00500000
Training rounds=300000000 speed=4527823 rounds/sec avg|delta Q|=0.02621862 threshold=0.00500000
Training rounds=400000000 speed=4578178 rounds/sec avg|delta Q|=0.01997636 threshold=0.00500000
Training rounds=500000000 speed=4511251 rounds/sec avg|delta Q|=0.01709153 threshold=0.00500000
Training rounds=600000000 speed=4467909 rounds/sec avg|delta Q|=0.01530474 threshold=0.00500000
Training rounds=700000000 speed=4478710 rounds/sec avg|delta Q|=0.01437481 threshold=0.00500000
Training rounds=800000000 speed=4453971 rounds/sec avg|delta Q|=0.01353230 threshold=0.00500000
Training rounds=900000000 speed=4428306 rounds/sec avg|delta Q|=0.01264519 threshold=0.00500000
Training rounds=1000000000 speed=4412148 rounds/sec avg|delta Q|=0.01207090 threshold=0.00500000
Training rounds=1100000000 speed=4399384 rounds/sec avg|delta Q|=0.01152197 threshold=0.00500000
Training rounds=1200000000 speed=4378396 rounds/sec avg|delta Q|=0.01111001 threshold=0.00500000
Training rounds=1300000000 speed=4363002 rounds/sec avg|delta Q|=0.01087597 threshold=0.00500000
Training rounds=1400000000 speed=4358465 rounds/sec avg|delta Q|=0.01049154 threshold=0.00500000
Training rounds=1500000000 speed=4349780 rounds/sec avg|delta Q|=0.00993477 threshold=0.00500000
Training rounds=1600000000 speed=4316450 rounds/sec avg|delta Q|=0.00979897 threshold=0.00500000
Training rounds=1700000000 speed=4316748 rounds/sec avg|delta Q|=0.00949827 threshold=0.00500000
Training rounds=1800000000 speed=4305901 rounds/sec avg|delta Q|=0.00912881 threshold=0.00500000
Training rounds=1900000000 speed=4299080 rounds/sec avg|delta Q|=0.00886244 threshold=0.00500000
Training rounds=2000000000 speed=4298505 rounds/sec avg|delta Q|=0.00869540 threshold=0.00500000
Training rounds=2100000000 speed=4276838 rounds/sec avg|delta Q|=0.00838342 threshold=0.00500000
Training rounds=2200000000 speed=4269523 rounds/sec avg|delta Q|=0.00820710 threshold=0.00500000
Training rounds=2300000000 speed=4262511 rounds/sec avg|delta Q|=0.00796527 threshold=0.00500000
Training rounds=2400000000 speed=4248645 rounds/sec avg|delta Q|=0.00771028 threshold=0.00500000
Training rounds=2500000000 speed=4245398 rounds/sec avg|delta Q|=0.00755043 threshold=0.00500000
Training rounds=2600000000 speed=4235804 rounds/sec avg|delta Q|=0.00738447 threshold=0.00500000
Training rounds=2700000000 speed=4225002 rounds/sec avg|delta Q|=0.00715411 threshold=0.00500000
Training rounds=2800000000 speed=4219956 rounds/sec avg|delta Q|=0.00700665 threshold=0.00500000
Training rounds=2900000000 speed=4217029 rounds/sec avg|delta Q|=0.00691145 threshold=0.00500000
Training rounds=3000000000 speed=4208365 rounds/sec avg|delta Q|=0.00679607 threshold=0.00500000
Training rounds=3100000000 speed=4202786 rounds/sec avg|delta Q|=0.00659563 threshold=0.00500000
Training rounds=3200000000 speed=4193224 rounds/sec avg|delta Q|=0.00656110 threshold=0.00500000
Training rounds=3300000000 speed=4188960 rounds/sec avg|delta Q|=0.00629454 threshold=0.00500000
Training rounds=3400000000 speed=4181419 rounds/sec avg|delta Q|=0.00624394 threshold=0.00500000
Training rounds=3500000000 speed=4179484 rounds/sec avg|delta Q|=0.00610477 threshold=0.00500000
Training rounds=3600000000 speed=4177274 rounds/sec avg|delta Q|=0.00597322 threshold=0.00500000
Training rounds=3700000000 speed=4170711 rounds/sec avg|delta Q|=0.00596242 threshold=0.00500000
Training rounds=3800000000 speed=4162130 rounds/sec avg|delta Q|=0.00582756 threshold=0.00500000
Training rounds=3900000000 speed=4155988 rounds/sec avg|delta Q|=0.00571189 threshold=0.00500000
Training rounds=4000000000 speed=4154510 rounds/sec avg|delta Q|=0.00563690 threshold=0.00500000
Training rounds=4100000000 speed=4149604 rounds/sec avg|delta Q|=0.00557203 threshold=0.00500000
Training rounds=4200000000 speed=4146379 rounds/sec avg|delta Q|=0.00538808 threshold=0.00500000
Training rounds=4300000000 speed=4144710 rounds/sec avg|delta Q|=0.00532023 threshold=0.00500000
Training rounds=4400000000 speed=4137473 rounds/sec avg|delta Q|=0.00528636 threshold=0.00500000
Training rounds=4500000000 speed=4133951 rounds/sec avg|delta Q|=0.00514370 threshold=0.00500000
Training rounds=4600000000 speed=4133836 rounds/sec avg|delta Q|=0.00507489 threshold=0.00500000
Training rounds=4700000000 speed=4128210 rounds/sec avg|delta Q|=0.00497189 threshold=0.00500000

=== EvaluateCountPolicy ===
Command:          /home/pliops/BlackJackCounts/build/bin/EvaluateCountPolicy --game blackjack --count-name hiopt1 --policy full-deviations --output-dir /home/pliops/BlackJackCounts/paper_materials/performance-suites/h17c03_5b_named_counts_continuous/bj6-5/hiopt1_d2/full_deviations --decks 2 --penetration 75 --ss17 false --peek true --surr no --das true --sas 4 --don ANY --rsa false --hsa false --bj 1.2 --factor 0.005 --bias -0.0183038 --count-normalization true --continuous-betting-count true --min-count -5 --max-count 5 --num-rounds 5000000000 --stop-mode diff --sample-rounds 100000000 --diff-threshold 0.005 --eval-rounds 5000000000 --kelly-rounds 1000000 --kelly-measurements 1000 --kelly-min 0.50 --kelly-max 1.00 --kelly-step 0.05 --max-total-wager-fraction 1.0 --num-threads 10 --seed 12345
Game:             blackjack
Scenario:         decks=2_ss17=False_das=True_sas=4_don=Any_reSplitAces=False_hitSplitAces=False_surr=no_peek=True_bj-pays=1.2
Penetration:      75.00000000%
Count:            named count hiopt1
Policy:           fresh full deviations trained for the selected count
Spread:           5000000000 rounds, 1:10
Kelly:            1000 x 1000000 rounds per multiplier
Kelly search:     0.50000000 to 1.00000000 step 0.05000000
Total wager cap:  1.00000000 x round-start bankroll
Threads:          10
Seed:             12345
Output:           /home/pliops/BlackJackCounts/paper_materials/performance-suites/h17c03_5b_named_counts_continuous/bj6-5/hiopt1_d2/full_deviations/

Count weights:
   2  0.000000000000
   3  1.000000000000
   4  1.000000000000
   5  1.000000000000
   6  1.000000000000
   7  0.000000000000
   8  0.000000000000
   9  0.000000000000
  10  -1.000000000000
   J  -1.000000000000
   Q  -1.000000000000
   K  -1.000000000000
   A  0.000000000000
Transform: running = 0.000000000000 + (0.000000000000 * decks) + tags; selected=true_count
Signal f(c) = -0.018303800000 + 0.005000000000 * c

Running spread and Kelly evaluations...

=== Result ===
Spread edge:               0.003930563591
Kelly growth @1:           1.000020641248
Kelly exposure rounds @1: 1000000000
Mean gross wager/bankroll: 0.001747430904
Max gross wager/bankroll:  0.699066088889
Mean |fX|:                 0.001588490350
Max |fX|:                  0.699066088889

Saved results to /home/pliops/BlackJackCounts/paper_materials/performance-suites/h17c03_5b_named_counts_continuous/bj6-5/hiopt1_d2/full_deviations/
