Training fresh full deviations for the selected count...
Training rounds=100000000 speed=4719207 rounds/sec avg|delta Q|=0.32947576 threshold=0.00500000
Training rounds=200000000 speed=4737204 rounds/sec avg|delta Q|=0.04413653 threshold=0.00500000
Training rounds=300000000 speed=4684499 rounds/sec avg|delta Q|=0.02718972 threshold=0.00500000
Training rounds=400000000 speed=4657391 rounds/sec avg|delta Q|=0.02110657 threshold=0.00500000
Training rounds=500000000 speed=4648179 rounds/sec avg|delta Q|=0.01802610 threshold=0.00500000
Training rounds=600000000 speed=4637108 rounds/sec avg|delta Q|=0.01622424 threshold=0.00500000
Training rounds=700000000 speed=4624094 rounds/sec avg|delta Q|=0.01491576 threshold=0.00500000
Training rounds=800000000 speed=4590815 rounds/sec avg|delta Q|=0.01365125 threshold=0.00500000
Training rounds=900000000 speed=4544973 rounds/sec avg|delta Q|=0.01281380 threshold=0.00500000
Training rounds=1000000000 speed=4509847 rounds/sec avg|delta Q|=0.01219651 threshold=0.00500000
Training rounds=1100000000 speed=4475729 rounds/sec avg|delta Q|=0.01161548 threshold=0.00500000
Training rounds=1200000000 speed=4459359 rounds/sec avg|delta Q|=0.01132259 threshold=0.00500000
Training rounds=1300000000 speed=4442531 rounds/sec avg|delta Q|=0.01083586 threshold=0.00500000
Training rounds=1400000000 speed=4435700 rounds/sec avg|delta Q|=0.01052304 threshold=0.00500000
Training rounds=1500000000 speed=4411129 rounds/sec avg|delta Q|=0.01017380 threshold=0.00500000
Training rounds=1600000000 speed=4400246 rounds/sec avg|delta Q|=0.00968080 threshold=0.00500000
Training rounds=1700000000 speed=4386361 rounds/sec avg|delta Q|=0.00955685 threshold=0.00500000
Training rounds=1800000000 speed=4368381 rounds/sec avg|delta Q|=0.00924522 threshold=0.00500000
Training rounds=1900000000 speed=4350245 rounds/sec avg|delta Q|=0.00900487 threshold=0.00500000
Training rounds=2000000000 speed=4343596 rounds/sec avg|delta Q|=0.00868182 threshold=0.00500000
Training rounds=2100000000 speed=4329915 rounds/sec avg|delta Q|=0.00859077 threshold=0.00500000
Training rounds=2200000000 speed=4319697 rounds/sec avg|delta Q|=0.00828386 threshold=0.00500000
Training rounds=2300000000 speed=4309400 rounds/sec avg|delta Q|=0.00812978 threshold=0.00500000
Training rounds=2400000000 speed=4303343 rounds/sec avg|delta Q|=0.00805195 threshold=0.00500000
Training rounds=2500000000 speed=4291927 rounds/sec avg|delta Q|=0.00783088 threshold=0.00500000
Training rounds=2600000000 speed=4288830 rounds/sec avg|delta Q|=0.00760646 threshold=0.00500000
Training rounds=2700000000 speed=4280360 rounds/sec avg|delta Q|=0.00742834 threshold=0.00500000
Training rounds=2800000000 speed=4278447 rounds/sec avg|delta Q|=0.00741064 threshold=0.00500000
Training rounds=2900000000 speed=4270823 rounds/sec avg|delta Q|=0.00711744 threshold=0.00500000
Training rounds=3000000000 speed=4260414 rounds/sec avg|delta Q|=0.00698003 threshold=0.00500000
Training rounds=3100000000 speed=4256722 rounds/sec avg|delta Q|=0.00692153 threshold=0.00500000
Training rounds=3200000000 speed=4251661 rounds/sec avg|delta Q|=0.00673068 threshold=0.00500000
Training rounds=3300000000 speed=4245296 rounds/sec avg|delta Q|=0.00667479 threshold=0.00500000
Training rounds=3400000000 speed=4246210 rounds/sec avg|delta Q|=0.00657860 threshold=0.00500000
Training rounds=3500000000 speed=4246403 rounds/sec avg|delta Q|=0.00635915 threshold=0.00500000
Training rounds=3600000000 speed=4242486 rounds/sec avg|delta Q|=0.00626928 threshold=0.00500000
Training rounds=3700000000 speed=4240877 rounds/sec avg|delta Q|=0.00609604 threshold=0.00500000
Training rounds=3800000000 speed=4238574 rounds/sec avg|delta Q|=0.00614624 threshold=0.00500000
Training rounds=3900000000 speed=4236644 rounds/sec avg|delta Q|=0.00599700 threshold=0.00500000
Training rounds=4000000000 speed=4238671 rounds/sec avg|delta Q|=0.00592383 threshold=0.00500000
Training rounds=4100000000 speed=4240215 rounds/sec avg|delta Q|=0.00582686 threshold=0.00500000
Training rounds=4200000000 speed=4235562 rounds/sec avg|delta Q|=0.00572745 threshold=0.00500000
Training rounds=4300000000 speed=4228808 rounds/sec avg|delta Q|=0.00560460 threshold=0.00500000
Training rounds=4400000000 speed=4226953 rounds/sec avg|delta Q|=0.00551670 threshold=0.00500000
Training rounds=4500000000 speed=4228791 rounds/sec avg|delta Q|=0.00540971 threshold=0.00500000
Training rounds=4600000000 speed=4227133 rounds/sec avg|delta Q|=0.00542449 threshold=0.00500000
Training rounds=4700000000 speed=4225084 rounds/sec avg|delta Q|=0.00532086 threshold=0.00500000
Training rounds=4800000000 speed=4223400 rounds/sec avg|delta Q|=0.00522440 threshold=0.00500000
Training rounds=4900000000 speed=4221729 rounds/sec avg|delta Q|=0.00515995 threshold=0.00500000
Training rounds=5000000000 speed=4219384 rounds/sec avg|delta Q|=0.00510690 threshold=0.00500000
Training rounds=5100000000 speed=4217396 rounds/sec avg|delta Q|=0.00497490 threshold=0.00500000

=== EvaluateCountPolicy ===
Command:          /home/pliops/BlackJackCounts/build/bin/EvaluateCountPolicy --game blackjack --count-name hiopt1 --policy full-deviations --output-dir /home/pliops/BlackJackCounts/paper_materials/performance-suites/h17c03_5b_named_counts_continuous/bj6-5/hiopt1_d6/full_deviations --decks 6 --penetration 75 --ss17 false --peek true --surr no --das true --sas 4 --don ANY --rsa false --hsa false --bj 1.2 --factor 0.005 --bias -0.0199842 --count-normalization true --continuous-betting-count true --min-count -5 --max-count 5 --num-rounds 5000000000 --stop-mode diff --sample-rounds 100000000 --diff-threshold 0.005 --eval-rounds 5000000000 --kelly-rounds 1000000 --kelly-measurements 1000 --kelly-min 0.50 --kelly-max 1.00 --kelly-step 0.05 --max-total-wager-fraction 1.0 --num-threads 10 --seed 12345
Game:             blackjack
Scenario:         decks=6_ss17=False_das=True_sas=4_don=Any_reSplitAces=False_hitSplitAces=False_surr=no_peek=True_bj-pays=1.2
Penetration:      75.00000000%
Count:            named count hiopt1
Policy:           fresh full deviations trained for the selected count
Spread:           5000000000 rounds, 1:10
Kelly:            1000 x 1000000 rounds per multiplier
Kelly search:     0.50000000 to 1.00000000 step 0.05000000
Total wager cap:  1.00000000 x round-start bankroll
Threads:          10
Seed:             12345
Output:           /home/pliops/BlackJackCounts/paper_materials/performance-suites/h17c03_5b_named_counts_continuous/bj6-5/hiopt1_d6/full_deviations/

Count weights:
   2  0.000000000000
   3  1.000000000000
   4  1.000000000000
   5  1.000000000000
   6  1.000000000000
   7  0.000000000000
   8  0.000000000000
   9  0.000000000000
  10  -1.000000000000
   J  -1.000000000000
   Q  -1.000000000000
   K  -1.000000000000
   A  0.000000000000
Transform: running = 0.000000000000 + (0.000000000000 * decks) + tags; selected=true_count
Signal f(c) = -0.019984200000 + 0.005000000000 * c

Running spread and Kelly evaluations...

=== Result ===
Spread edge:               -0.015989232326
Kelly growth @1:           1.000001908287
Kelly exposure rounds @1: 1000000000
Mean gross wager/bankroll: 0.000291105143
Max gross wager/bankroll:  0.305248385185
Mean |fX|:                 0.000264527876
Max |fX|:                  0.301858172816

Saved results to /home/pliops/BlackJackCounts/paper_materials/performance-suites/h17c03_5b_named_counts_continuous/bj6-5/hiopt1_d6/full_deviations/
