Training fresh full deviations for the selected count...
Training rounds=100000000 speed=4364335 rounds/sec avg|delta Q|=0.33264295 threshold=0.00500000
Training rounds=200000000 speed=4355021 rounds/sec avg|delta Q|=0.04320993 threshold=0.00500000
Training rounds=300000000 speed=4339462 rounds/sec avg|delta Q|=0.02709990 threshold=0.00500000
Training rounds=400000000 speed=4319048 rounds/sec avg|delta Q|=0.02126559 threshold=0.00500000
Training rounds=500000000 speed=4318050 rounds/sec avg|delta Q|=0.01810820 threshold=0.00500000
Training rounds=600000000 speed=4277495 rounds/sec avg|delta Q|=0.01594611 threshold=0.00500000
Training rounds=700000000 speed=4249791 rounds/sec avg|delta Q|=0.01468120 threshold=0.00500000
Training rounds=800000000 speed=4262711 rounds/sec avg|delta Q|=0.01368506 threshold=0.00500000
Training rounds=900000000 speed=4249412 rounds/sec avg|delta Q|=0.01283261 threshold=0.00500000
Training rounds=1000000000 speed=4236803 rounds/sec avg|delta Q|=0.01228650 threshold=0.00500000
Training rounds=1100000000 speed=4222697 rounds/sec avg|delta Q|=0.01175488 threshold=0.00500000
Training rounds=1200000000 speed=4206866 rounds/sec avg|delta Q|=0.01125930 threshold=0.00500000
Training rounds=1300000000 speed=4208196 rounds/sec avg|delta Q|=0.01090312 threshold=0.00500000
Training rounds=1400000000 speed=4192546 rounds/sec avg|delta Q|=0.01026584 threshold=0.00500000
Training rounds=1500000000 speed=4193775 rounds/sec avg|delta Q|=0.00998886 threshold=0.00500000
Training rounds=1600000000 speed=4183291 rounds/sec avg|delta Q|=0.00974610 threshold=0.00500000
Training rounds=1700000000 speed=4171554 rounds/sec avg|delta Q|=0.00950627 threshold=0.00500000
Training rounds=1800000000 speed=4155105 rounds/sec avg|delta Q|=0.00922148 threshold=0.00500000
Training rounds=1900000000 speed=4146426 rounds/sec avg|delta Q|=0.00890987 threshold=0.00500000
Training rounds=2000000000 speed=4140152 rounds/sec avg|delta Q|=0.00886723 threshold=0.00500000
Training rounds=2100000000 speed=4129290 rounds/sec avg|delta Q|=0.00856791 threshold=0.00500000
Training rounds=2200000000 speed=4119056 rounds/sec avg|delta Q|=0.00820429 threshold=0.00500000
Training rounds=2300000000 speed=4122854 rounds/sec avg|delta Q|=0.00815011 threshold=0.00500000
Training rounds=2400000000 speed=4111715 rounds/sec avg|delta Q|=0.00799466 threshold=0.00500000
Training rounds=2500000000 speed=4098173 rounds/sec avg|delta Q|=0.00775606 threshold=0.00500000
Training rounds=2600000000 speed=4098018 rounds/sec avg|delta Q|=0.00753812 threshold=0.00500000
Training rounds=2700000000 speed=4083571 rounds/sec avg|delta Q|=0.00729167 threshold=0.00500000
Training rounds=2800000000 speed=4075988 rounds/sec avg|delta Q|=0.00724971 threshold=0.00500000
Training rounds=2900000000 speed=4069736 rounds/sec avg|delta Q|=0.00706293 threshold=0.00500000
Training rounds=3000000000 speed=4070589 rounds/sec avg|delta Q|=0.00697337 threshold=0.00500000
Training rounds=3100000000 speed=4066443 rounds/sec avg|delta Q|=0.00693539 threshold=0.00500000
Training rounds=3200000000 speed=4061424 rounds/sec avg|delta Q|=0.00672140 threshold=0.00500000
Training rounds=3300000000 speed=4050163 rounds/sec avg|delta Q|=0.00657739 threshold=0.00500000
Training rounds=3400000000 speed=4045211 rounds/sec avg|delta Q|=0.00648513 threshold=0.00500000
Training rounds=3500000000 speed=4034684 rounds/sec avg|delta Q|=0.00640665 threshold=0.00500000
Training rounds=3600000000 speed=4031369 rounds/sec avg|delta Q|=0.00624127 threshold=0.00500000
Training rounds=3700000000 speed=4025581 rounds/sec avg|delta Q|=0.00611598 threshold=0.00500000
Training rounds=3800000000 speed=4018634 rounds/sec avg|delta Q|=0.00609265 threshold=0.00500000
Training rounds=3900000000 speed=4008000 rounds/sec avg|delta Q|=0.00586339 threshold=0.00500000
Training rounds=4000000000 speed=3997466 rounds/sec avg|delta Q|=0.00586524 threshold=0.00500000
Training rounds=4100000000 speed=3994482 rounds/sec avg|delta Q|=0.00577237 threshold=0.00500000
Training rounds=4200000000 speed=3986707 rounds/sec avg|delta Q|=0.00576206 threshold=0.00500000
Training rounds=4300000000 speed=3980324 rounds/sec avg|delta Q|=0.00564790 threshold=0.00500000
Training rounds=4400000000 speed=3982564 rounds/sec avg|delta Q|=0.00548418 threshold=0.00500000
Training rounds=4500000000 speed=3973075 rounds/sec avg|delta Q|=0.00542476 threshold=0.00500000
Training rounds=4600000000 speed=3968514 rounds/sec avg|delta Q|=0.00528025 threshold=0.00500000
Training rounds=4700000000 speed=3961434 rounds/sec avg|delta Q|=0.00522393 threshold=0.00500000
Training rounds=4800000000 speed=3958110 rounds/sec avg|delta Q|=0.00511527 threshold=0.00500000
Training rounds=4900000000 speed=3953379 rounds/sec avg|delta Q|=0.00507589 threshold=0.00500000
Training rounds=5000000000 speed=3950137 rounds/sec avg|delta Q|=0.00513766 threshold=0.00500000
Training rounds=5100000000 speed=3943892 rounds/sec avg|delta Q|=0.00498981 threshold=0.00500000

=== EvaluateCountPolicy ===
Command:          /home/pliops/BlackJackCounts/build/bin/EvaluateCountPolicy --game blackjack --count-name hilo --policy full-deviations --output-dir /home/pliops/BlackJackCounts/paper_materials/performance-suites/h17c03_5b_named_counts_continuous/bj3-2/hilo_d1/full_deviations --decks 1 --penetration 75 --ss17 false --peek true --surr no --das true --sas 4 --don ANY --rsa false --hsa false --bj 1.5 --factor 0.005 --bias -0.0015945 --count-normalization true --continuous-betting-count true --min-count -5 --max-count 5 --num-rounds 5000000000 --stop-mode diff --sample-rounds 100000000 --diff-threshold 0.005 --eval-rounds 5000000000 --kelly-rounds 1000000 --kelly-measurements 1000 --kelly-min 0.50 --kelly-max 1.00 --kelly-step 0.05 --max-total-wager-fraction 1.0 --num-threads 10 --seed 12345
Game:             blackjack
Scenario:         decks=1_ss17=False_das=True_sas=4_don=Any_reSplitAces=False_hitSplitAces=False_surr=no_peek=True_bj-pays=1.5
Penetration:      75.00000000%
Count:            named count hilo
Policy:           fresh full deviations trained for the selected count
Spread:           5000000000 rounds, 1:10
Kelly:            1000 x 1000000 rounds per multiplier
Kelly search:     0.50000000 to 1.00000000 step 0.05000000
Total wager cap:  1.00000000 x round-start bankroll
Threads:          10
Seed:             12345
Output:           /home/pliops/BlackJackCounts/paper_materials/performance-suites/h17c03_5b_named_counts_continuous/bj3-2/hilo_d1/full_deviations/

Count weights:
   2  1.000000000000
   3  1.000000000000
   4  1.000000000000
   5  1.000000000000
   6  1.000000000000
   7  0.000000000000
   8  0.000000000000
   9  0.000000000000
  10  -1.000000000000
   J  -1.000000000000
   Q  -1.000000000000
   K  -1.000000000000
   A  -1.000000000000
Transform: running = 0.000000000000 + (0.000000000000 * decks) + tags; selected=true_count
Signal f(c) = -0.001594500000 + 0.005000000000 * c

Running spread and Kelly evaluations...

=== Result ===
Spread edge:               0.101910644400
Kelly growth @1:           1.000180123093
Kelly exposure rounds @1: 1000000000
Mean gross wager/bankroll: 0.009653527959
Max gross wager/bankroll:  0.999949611111
Mean |fX|:                 0.008993327060
Max |fX|:                  0.999844764706

Saved results to /home/pliops/BlackJackCounts/paper_materials/performance-suites/h17c03_5b_named_counts_continuous/bj3-2/hilo_d1/full_deviations/
