
=== AlternatingOptimization ===
Command:       /home/neria/Desktop/BlackjaclCpp/build/bin/AlternatingOptimization --game blackjack --penetration 75 --ss17 false --peek true --surr no --das true --sas 4 --don ANY --rsa false --hsa false --bj 1.5 --num-threads 5 --stop-mode diff --sample-rounds 100000000 --diff-threshold 0.005 --num-rounds 5000000000 --eval-rounds 5000000000 --graph-rounds 500000000 --kelly-measurements 1000 --kelly-fraction-step 0.05 --iterations 3 --sample-every 5 --decks 6 --count-quadratic-kelly --count-unconstrained --checkpoint-name h17c03_5b_qk_u
Scenario:      decks=6_ss17=False_das=True_sas=4_don=Any_reSplitAces=False_hitSplitAces=False_surr=no_peek=True_bj-pays=1.5_penetration=75%
Policy stop:   diff  sample=100000000  threshold=0.005  Threads: 5
Count rounds:  25000000000  (record every 5 => target 5000000000 recorded samples)
Eval rounds:   5000000000
Graph rounds:  500000000
Iterations:    3  (each iteration learns P_k then W_{k+1})
Count objective: quadratic_kelly
Count constraint: none
Penetration:   75%
Sample-every:  5
Kelly sweep:  centered at fitted-signal multiplier 1.0 +/- 0.25 (minimum 0)  step 0.05
Folder:        /home/neria/Desktop/BlackjaclCpp/checkpoints/alternating-checkpoints/h17c03_5b_qk_u_decks=6_ss17=False_das=True_surr=no_peek=True/
Initial count: none (all zeros)
Count scaling:  average 10/J/Q/K tag = -1
===============================
P0 sample rounds=100000000  speed=6445791 hands/sec  avg|ΔQ|=0.404605  threshold=0.005000
P0 sample rounds=200000000  speed=6346587 hands/sec  avg|ΔQ|=0.015057  threshold=0.005000
P0 sample rounds=300000000  speed=6256909 hands/sec  avg|ΔQ|=0.011657  threshold=0.005000
P0 sample rounds=400000000  speed=6187832 hands/sec  avg|ΔQ|=0.010546  threshold=0.005000
P0 sample rounds=500000000  speed=6137454 hands/sec  avg|ΔQ|=0.009091  threshold=0.005000
P0 sample rounds=600000000  speed=6077365 hands/sec  avg|ΔQ|=0.007832  threshold=0.005000
P0 sample rounds=700000000  speed=6039377 hands/sec  avg|ΔQ|=0.007102  threshold=0.005000
P0 sample rounds=800000000  speed=5995923 hands/sec  avg|ΔQ|=0.006850  threshold=0.005000
P0 sample rounds=900000000  speed=5960541 hands/sec  avg|ΔQ|=0.006298  threshold=0.005000
P0 sample rounds=1000000000  speed=5938560 hands/sec  avg|ΔQ|=0.005662  threshold=0.005000
P0 sample rounds=1100000000  speed=5910515 hands/sec  avg|ΔQ|=0.005200  threshold=0.005000
P0 sample rounds=1200000000  speed=5885324 hands/sec  avg|ΔQ|=0.004987  threshold=0.005000

--- P0 ---
Training rounds: 1200000000
Training speed: 5885324 hands/sec
Training flat edge:   -0.113192
Evaluation flat edge (5000000000 rounds): -0.006453  std(X): 1.152215  E[X^2]: 1.327641
Spread/Kelly evaluation skipped for P0: W0 is the zero count, so no positive-count betting signal is expected.

=== P0 Strategy ===

========== Count: 0 ==========

Hard
       2   3   4   5   6   7   8   9  10   A
  4    H   H   H   H   H   H   S   H   H   H
  5    H   H   H   H   H   H   H   H   H   H
  6    H   H   H   H   H   H   H   H   H   H
  7    H   H   H   H   H   H   H   H   H   H
  8    H   H   H   H   H   H   H   H   H   H
  9    H  Dh  Dh  Dh  Dh   H   H   H   H   H
 10   Dh  Dh  Dh  Dh  Dh  Dh  Dh  Dh   H   H
 11   Dh  Dh  Dh  Dh  Dh  Dh  Dh  Dh  Dh   H
 12    H   H   S   S   S   H   H   H   H   H
 13    S   S   S   S   S   H   H   H   H   H
 14    S   S   S   S   S   H   H   H   H   H
 15    S   S   S   S   S   H   H   H   H   H
 16    S   S   S   S   S   H   H   H   H   H
 17    S   S   S   S   S   S   S   S   S   S
 18    S   S   S   S   S   S   S   S   S   S
 19    S   S   S   S   S   S   S   S   S   S
 20    S   S   S   S   S   S   S   S   S   S
 21    S   S   S   S   S   S   S   S   S   S

Soft
       2   3   4   5   6   7   8   9  10   A
 12    S   S   S   S   S   S   S   S   S   S
 13    H   H   H   H  Dh   H   H   H   H   H
 14    H   H   H  Dh  Dh   H   H   H   H   H
 15    H   H  Dh  Dh  Dh   H   H   H   H   H
 16    H   H   H  Dh  Dh   H   H   H   H   H
 17    H  Dh  Dh  Dh  Dh   H   H   H   H   H
 18    S  Ds  Ds  Ds  Ds   S   S   H   H   H
 19    S   S   S   S   S   S   S   S   S   S
 20    S   S   S   S   S   S   S   S   S   S
 21    S   S   S   S   S   S   S   S   S   S

Pair
       2   3   4   5   6   7   8   9  10   A
  2    P   P   P   P   P   P   H   H   H   H
  3    P   P   P   P   P   P   H   H   H   H
  4    H   H   H   P   P   H   H   H   H   H
  5   Dh  Dh  Dh  Dh  Dh  Dh  Dh  Dh   H   H
  6    P   P   P   P   P   H   H   H   H   H
  7    P   P   P   P   P   P   H   H   H   H
  8    P   P   P   P   P   P   P   P   P   P
  9    P   P   P   P   P   S   P   P   S   S
 10    S   S   S   S   S   S   S   S   S   S
 11    P   P   P   P   P   P   P   P   P   P

One card
       2   3   4   5   6   7   8   9  10   A
  2    H   H   H   H   H   H   H   H   H   H
  3    H   H   H   H   H   H   H   H   H   H
  4    H   H   H   H   H   H   H   H   H   H
  5    H   H   H   H   H   H   H   H   H   H
  6    H   H   H   H   H   H   H   H   H   H
  7    H   H   H   H   H   H   H   H   H   H
  8    H   H   H   H   H   H   H   H   H   H
  9    H   H   H   H   H   H   H   H   H   H
 10    H   H   H   H   H   H   H   H   H   H
  A    H   H   H   H   H   H   H   H   H   H

BlackJack
       2   3   4   5   6   7   8   9  10   A
 21    S   S   S   S   S   S   S   S   S   S
========================

--- W1 ---
Recorded rounds: 5000000000  speed: 11280499 hands/sec
Count table:
  Card      Original      Used          
  --------------------------------------
  2         0.7547        0.7547        
  3         0.8741        0.8741        
  4         1.1625        1.1625        
  5         1.3776        1.3776        
  6         0.8880        0.8880        
  7         0.4714        0.4714        
  8         -0.0734       -0.0734       
  9         -0.4267       -0.4267       
  10        -0.9961       -1.0000       
  J         -0.9937       -1.0000       
  Q         -1.0091       -1.0000       
  K         -1.0011       -1.0000       
  A         -1.0112       -1.0112       
  Bias      -0.004695   
  Bet>0 TC  1.233716    
  Factor    0.003806    

Spread 1:10 evaluation edge (5000000000 rounds): 0.011824  std(X): 5.709164  E[X^2]: 32.594691
Optimal Kelly multiplier:    0.900000  fitted-signal target: 1.000000
Optimal Kelly growth/round:  1.000012  stddev: 0.000005
Sanity checks:
  Sum(weights): 0.016889  (unconstrained)
  10-value consistency: mean=-1.000000  max_dev=0.009077  rel=0.907685%  (PASS)
  Bias vs flat edge: bias=-0.004695  flat_edge=-0.006453  diff=0.001757  rel_to_0.5%=35.148432%
  Bias constraint: free
EV-count graph:         41 points  res=0.250000  speed: 10028280 hands/sec
Count histogram:        total=472780656  symmetry_rel_diff=1.5406%  (PASS, expected roughly symmetric)
P1 sample rounds=100000000  speed=5308419 hands/sec  avg|ΔQ|=0.372829  threshold=0.005000
P1 sample rounds=200000000  speed=5214308 hands/sec  avg|ΔQ|=0.040282  threshold=0.005000
P1 sample rounds=300000000  speed=5137690 hands/sec  avg|ΔQ|=0.027623  threshold=0.005000
P1 sample rounds=400000000  speed=5072795 hands/sec  avg|ΔQ|=0.022922  threshold=0.005000
P1 sample rounds=500000000  speed=5022299 hands/sec  avg|ΔQ|=0.020264  threshold=0.005000
P1 sample rounds=600000000  speed=4979212 hands/sec  avg|ΔQ|=0.018969  threshold=0.005000
P1 sample rounds=700000000  speed=4939387 hands/sec  avg|ΔQ|=0.018041  threshold=0.005000
P1 sample rounds=800000000  speed=4905327 hands/sec  avg|ΔQ|=0.016633  threshold=0.005000
P1 sample rounds=900000000  speed=4870604 hands/sec  avg|ΔQ|=0.016043  threshold=0.005000
P1 sample rounds=1000000000  speed=4840201 hands/sec  avg|ΔQ|=0.015202  threshold=0.005000
P1 sample rounds=1100000000  speed=4815058 hands/sec  avg|ΔQ|=0.014610  threshold=0.005000
P1 sample rounds=1200000000  speed=4792849 hands/sec  avg|ΔQ|=0.013904  threshold=0.005000
P1 sample rounds=1300000000  speed=4768227 hands/sec  avg|ΔQ|=0.013402  threshold=0.005000
P1 sample rounds=1400000000  speed=4745248 hands/sec  avg|ΔQ|=0.012828  threshold=0.005000
P1 sample rounds=1500000000  speed=4728162 hands/sec  avg|ΔQ|=0.012453  threshold=0.005000
P1 sample rounds=1600000000  speed=4712771 hands/sec  avg|ΔQ|=0.012073  threshold=0.005000
P1 sample rounds=1700000000  speed=4694939 hands/sec  avg|ΔQ|=0.011549  threshold=0.005000
P1 sample rounds=1800000000  speed=4675981 hands/sec  avg|ΔQ|=0.011143  threshold=0.005000
P1 sample rounds=1900000000  speed=4660644 hands/sec  avg|ΔQ|=0.010898  threshold=0.005000
P1 sample rounds=2000000000  speed=4649087 hands/sec  avg|ΔQ|=0.010476  threshold=0.005000
P1 sample rounds=2100000000  speed=4634923 hands/sec  avg|ΔQ|=0.010125  threshold=0.005000
P1 sample rounds=2200000000  speed=4623743 hands/sec  avg|ΔQ|=0.009954  threshold=0.005000
P1 sample rounds=2300000000  speed=4611547 hands/sec  avg|ΔQ|=0.009690  threshold=0.005000
P1 sample rounds=2400000000  speed=4599217 hands/sec  avg|ΔQ|=0.009431  threshold=0.005000
P1 sample rounds=2500000000  speed=4585936 hands/sec  avg|ΔQ|=0.009155  threshold=0.005000
P1 sample rounds=2600000000  speed=4577344 hands/sec  avg|ΔQ|=0.008959  threshold=0.005000
P1 sample rounds=2700000000  speed=4567384 hands/sec  avg|ΔQ|=0.008594  threshold=0.005000
P1 sample rounds=2800000000  speed=4557952 hands/sec  avg|ΔQ|=0.008563  threshold=0.005000
P1 sample rounds=2900000000  speed=4548606 hands/sec  avg|ΔQ|=0.008411  threshold=0.005000
P1 sample rounds=3000000000  speed=4540948 hands/sec  avg|ΔQ|=0.008076  threshold=0.005000
P1 sample rounds=3100000000  speed=4532879 hands/sec  avg|ΔQ|=0.008020  threshold=0.005000
P1 sample rounds=3200000000  speed=4525360 hands/sec  avg|ΔQ|=0.007811  threshold=0.005000
P1 sample rounds=3300000000  speed=4518289 hands/sec  avg|ΔQ|=0.007587  threshold=0.005000
P1 sample rounds=3400000000  speed=4510277 hands/sec  avg|ΔQ|=0.007474  threshold=0.005000
P1 sample rounds=3500000000  speed=4504215 hands/sec  avg|ΔQ|=0.007216  threshold=0.005000
P1 sample rounds=3600000000  speed=4497729 hands/sec  avg|ΔQ|=0.007055  threshold=0.005000
P1 sample rounds=3700000000  speed=4491872 hands/sec  avg|ΔQ|=0.006960  threshold=0.005000
P1 sample rounds=3800000000  speed=4486280 hands/sec  avg|ΔQ|=0.006838  threshold=0.005000
P1 sample rounds=3900000000  speed=4480982 hands/sec  avg|ΔQ|=0.006868  threshold=0.005000
P1 sample rounds=4000000000  speed=4476321 hands/sec  avg|ΔQ|=0.006649  threshold=0.005000
P1 sample rounds=4100000000  speed=4471365 hands/sec  avg|ΔQ|=0.006465  threshold=0.005000
P1 sample rounds=4200000000  speed=4466660 hands/sec  avg|ΔQ|=0.006279  threshold=0.005000
P1 sample rounds=4300000000  speed=4462095 hands/sec  avg|ΔQ|=0.006215  threshold=0.005000
P1 sample rounds=4400000000  speed=4457136 hands/sec  avg|ΔQ|=0.006109  threshold=0.005000
P1 sample rounds=4500000000  speed=4452029 hands/sec  avg|ΔQ|=0.006059  threshold=0.005000
P1 sample rounds=4600000000  speed=4447801 hands/sec  avg|ΔQ|=0.005954  threshold=0.005000
P1 sample rounds=4700000000  speed=4442613 hands/sec  avg|ΔQ|=0.005896  threshold=0.005000
P1 sample rounds=4800000000  speed=4438613 hands/sec  avg|ΔQ|=0.005824  threshold=0.005000
P1 sample rounds=4900000000  speed=4434650 hands/sec  avg|ΔQ|=0.005577  threshold=0.005000
P1 sample rounds=5000000000  speed=4430660 hands/sec  avg|ΔQ|=0.005609  threshold=0.005000
P1 sample rounds=5100000000  speed=4426111 hands/sec  avg|ΔQ|=0.005483  threshold=0.005000
P1 sample rounds=5200000000  speed=4421622 hands/sec  avg|ΔQ|=0.005435  threshold=0.005000
P1 sample rounds=5300000000  speed=4417300 hands/sec  avg|ΔQ|=0.005430  threshold=0.005000
P1 sample rounds=5400000000  speed=4413683 hands/sec  avg|ΔQ|=0.005260  threshold=0.005000
P1 sample rounds=5500000000  speed=4410023 hands/sec  avg|ΔQ|=0.005122  threshold=0.005000
P1 sample rounds=5600000000  speed=4405934 hands/sec  avg|ΔQ|=0.005106  threshold=0.005000
P1 sample rounds=5700000000  speed=4401806 hands/sec  avg|ΔQ|=0.005056  threshold=0.005000
P1 sample rounds=5800000000  speed=4397497 hands/sec  avg|ΔQ|=0.005047  threshold=0.005000
P1 sample rounds=5900000000  speed=4393997 hands/sec  avg|ΔQ|=0.004914  threshold=0.005000

--- P1 ---
Training rounds: 5900000000
Training speed: 4393997 hands/sec
Training flat edge:   -0.150769
Evaluation flat edge (5000000000 rounds): -0.005588  std(X): 1.155065  E[X^2]: 1.334207
Spread 1:10 evaluation edge (5000000000 rounds): 0.017629  std(X): 5.879536  E[X^2]: 34.569251
Kelly growth per round:      1.000017  stddev: 0.000005

=== P1 Strategy ===

========== Count: -5 ==========

Hard
       2   3   4   5   6   7   8   9  10   A
  4   Dh   H   H  Ds   H   H   S   S  Ds   S
  5    H   H   H   H   H   H   H   H   H   H
  6    H   H   H   H   H   H   H   H   H   H
  7    H   H   H   H   H   H   H   H   H   H
  8    H   H   H   H   H   H   H   H   H   H
  9    H   H   H   H   H   H   H   H   H   H
 10   Dh  Dh  Dh  Dh  Dh   H   H   H   H   H
 11   Dh  Dh  Dh  Dh  Dh  Dh  Dh   H   H   H
 12    H   H   H   H   H   H   H   H   H   H
 13    H   H   H   H   S   H   H   H   H   H
 14    H   H   H   S   S   H   H   H   H   H
 15    H   S   S   S   S   H   H   H   H   H
 16    S   S   S   S   S   H   H   H   H   H
 17    S   S   S   S   S   S   S   S   S   H
 18    S   S   S   S   S   S   S   S   S   S
 19    S   S   S   S   S   S   S   S   S   S
 20    S   S   S   S   S   S   S   S   S   S
 21    S   S   S   S   S   S   S   S   S   S

Soft
       2   3   4   5   6   7   8   9  10   A
 12    S   S   S   S   S   S   S   S   S   S
 13    H   H   H   H   H   H   H   H   H   H
 14    H   H   H   H  Dh   H   H   H   H   H
 15    H   H   H   H  Dh   H   H   H   H   H
 16    H   H   H  Dh  Dh   H   H   H   H   H
 17    H   H   H  Dh  Dh   H   H   H   H   H
 18    S   S   S  Ds  Ds   S   S   H   H   H
 19    S   S   S   S   S   S   S   S   S   S
 20    S   S   S   S   S   S   S   S   S   S
 21    S   S   S   S   S   S   S   S   S   S

Pair
       2   3   4   5   6   7   8   9  10   A
  2    H   H   P   P   P   P   H   H   H   H
  3    H   H   P   P   P   P   H   H   H   H
  4    H   H   H   H   H   H   H   H   H   H
  5   Dh  Dh  Dh  Dh  Dh   H  Dh   H   H   H
  6    H   H   P   P   P   H   H   H   H   H
  7    P   P   P   P   P   P   H   H   H   H
  8    P   P   P   P   P   P   P   P   P   H
  9    S   S   P   P   P   S   P   P   S   S
 10    S   S   S   S   S   S   S   S   S   S
 11    P   P   P   P   P   P   P   P   P   H

One card
       2   3   4   5   6   7   8   9  10   A
  2    H   H   H   H   H   H   H   H   H   H
  3    H   H   H   H   H   H   H   H   H   H
  4    H   H   H   H   H   H   H   H   H   H
  5    H   H   H   H   H   H   H   H   H   H
  6    H   H   H   H   H   H   H   H   H   H
  7    H   H   H   H   H   H   H   H   H   H
  8    H   H   H   H   H   H   H   H   H   H
  9    H   H   H   H   H   H   H   H   H   H
 10    H   H   H   H   H   H   H   H   H   H
  A    H   H   H   H   H   H   H   H   H   H

BlackJack
       2   3   4   5   6   7   8   9  10   A
 21    S   S   S   S   S   S   S   S   S   S

========== Count: -4 ==========

Hard
       2   3   4   5   6   7   8   9  10   A
  4    H   H   H   H   H   S   H   H   S   H
  5    H   H   H   H   H   H   H   H   H   H
  6    H   H   H   H   H   H   H   H   H   H
  7    H   H   H   H   H   H   H   H   H   H
  8    H   H   H   H   H   H   H   H   H   H
  9    H   H   H   H  Dh   H   H   H   H   H
 10   Dh  Dh  Dh  Dh  Dh  Dh  Dh   H   H   H
 11   Dh  Dh  Dh  Dh  Dh  Dh  Dh   H   H   H
 12    H   H   H   H   H   H   H   H   H   H
 13    H   H   S   S   S   H   H   H   H   H
 14    H   S   S   S   S   H   H   H   H   H
 15    S   S   S   S   S   H   H   H   H   H
 16    S   S   S   S   S   H   H   H   H   H
 17    S   S   S   S   S   S   S   S   S   S
 18    S   S   S   S   S   S   S   S   S   S
 19    S   S   S   S   S   S   S   S   S   S
 20    S   S   S   S   S   S   S   S   S   S
 21    S   S   S   S   S   S   S   S   S   S

Soft
       2   3   4   5   6   7   8   9  10   A
 12    S   S   S   S   S   S   S   S   S   S
 13    H   H   H   H   H   H   H   H   H   H
 14    H   H   H   H  Dh   H   H   H   H   H
 15    H   H   H   H  Dh   H   H   H   H   H
 16    H   H   H  Dh  Dh   H   H   H   H   H
 17    H  Dh  Dh  Dh  Dh   H   H   H   H   H
 18    S  Ds   S   S  Ds   S   S   H   H   H
 19    S   S   S   S   S   S   S   S   S   S
 20    S   S   S   S   S   S   S   S   S   S
 21    S   S   S   S   S   S   S   S   S   S

Pair
       2   3   4   5   6   7   8   9  10   A
  2    H   P   P   P   P   P   H   H   H   H
  3    H   P   P   P   P   P   H   H   H   H
  4    H   H   H   H   P   H   H   H   H   H
  5   Dh  Dh  Dh  Dh  Dh  Dh  Dh   H   H   H
  6    H   P   P   P   P   H   H   H   H   H
  7    P   P   P   P   P   P   H   H   H   H
  8    P   P   P   P   P   P   P   P   P   H
  9    P   P   P   P   P   S   P   P   S   S
 10    S   S   S   S   S   S   S   S   S   S
 11    P   P   P   P   P   P   P   P   P   P

One card
       2   3   4   5   6   7   8   9  10   A
  2    H   H   H   H   H   H   H   H   H   H
  3    H   H   H   H   H   H   H   H   H   H
  4    H   H   H   H   H   H   H   H   H   H
  5    H   H   H   H   H   H   H   H   H   H
  6    H   H   H   H   H   H   H   H   H   H
  7    H   H   H   H   H   H   H   H   H   H
  8    H   H   H   H   H   H   H   H   H   H
  9    H   H   H   H   H   H   H   H   H   H
 10    H   H   H   H   H   H   H   H   H   H
  A    H   H   H   H   H   H   H   H   H   H

BlackJack
       2   3   4   5   6   7   8   9  10   A
 21    S   S   S   S   S   S   S   S   S   S

========== Count: -3 ==========

Hard
       2   3   4   5   6   7   8   9  10   A
  4    H   S   H   H   H   H   S   -   H   H
  5    H   H   H   H   H   H   H   H   H   H
  6    H   H   H   H   H   H   H   H   H   H
  7    H   H   H   H   H   H   H   H   H   H
  8    H   H   H   H   H   H   H   H   H   H
  9    H   H   H  Dh  Dh   H   H   H   H   H
 10   Dh  Dh  Dh  Dh  Dh  Dh  Dh   H   H   H
 11   Dh  Dh  Dh  Dh  Dh  Dh  Dh  Dh  Dh   H
 12    H   H   H   H   S   H   H   H   H   H
 13    H   H   S   S   S   H   H   H   H   H
 14    S   S   S   S   S   H   H   H   H   H
 15    S   S   S   S   S   H   H   H   H   H
 16    S   S   S   S   S   H   H   H   H   H
 17    S   S   S   S   S   S   S   S   S   S
 18    S   S   S   S   S   S   S   S   S   S
 19    S   S   S   S   S   S   S   S   S   S
 20    S   S   S   S   S   S   S   S   S   S
 21    S   S   S   S   S   S   S   S   S   S

Soft
       2   3   4   5   6   7   8   9  10   A
 12    S   S   S   S   S   S   S   S   S   S
 13    H   H   H   H   H   H   H   H   H   H
 14    H   H   H   H  Dh   H   H   H   H   H
 15    H   H   H  Dh  Dh   H   H   H   H   H
 16    H   H   H   H  Dh   H   H   H   H   H
 17    H   H  Dh  Dh  Dh   H   H   H   H   H
 18    S  Ds  Ds  Ds  Ds   S   S   H   H   H
 19    S   S   S   S   S   S   S   S   S   S
 20    S   S   S   S   S   S   S   S   S   S
 21    S   S   S   S   S   S   S   S   S   S

Pair
       2   3   4   5   6   7   8   9  10   A
  2    P   P   P   P   P   P   H   H   H   H
  3    H   P   P   P   P   P   H   H   H   H
  4    H   H   H   H   P   H   H   H   H   H
  5   Dh  Dh  Dh  Dh  Dh  Dh   H   H   H   H
  6    P   P   P   P   P   P   H   H   H   H
  7    P   P   P   P   P   P   H   H   H   H
  8    P   P   P   P   P   P   P   P   P   H
  9    S   P   P   P   P   S   P   P   S   S
 10    S   S   S   S   S   S   S   S   S   S
 11    P   P   P   P   P   P   P   P   P   P

One card
       2   3   4   5   6   7   8   9  10   A
  2    H   H   H   H   H   H   H   H   H   H
  3    H   H   H   H   H   H   H   H   H   H
  4    H   H   H   H   H   H   H   H   H   H
  5    H   H   H   H   H   H   H   H   H   H
  6    H   H   H   H   H   H   H   H   H   H
  7    H   H   H   H   H   H   H   H   H   H
  8    H   H   H   H   H   H   H   H   H   H
  9    H   H   H   H   H   H   H   H   H   H
 10    H   H   H   H   H   H   H   H   H   H
  A    H   H   H   H   H   H   H   H   H   H

BlackJack
       2   3   4   5   6   7   8   9  10   A
 21    S   S   S   S   S   S   S   S   S   S

========== Count: -2 ==========

Hard
       2   3   4   5   6   7   8   9  10   A
  4    H   S   H   S   H   H   H   S   H   H
  5    H   H   H   H   H   H   H   H   H   H
  6    H   H   H   H   H   H   H   H   H   H
  7    H   H   H   H   H   H   H   H   H   H
  8    H   H   H   H   H   H   H   H   H   H
  9    H   H  Dh  Dh  Dh   H   H   H   H   H
 10   Dh  Dh  Dh  Dh  Dh  Dh  Dh   H   H   H
 11   Dh  Dh  Dh  Dh  Dh  Dh  Dh  Dh  Dh   H
 12    H   H   H   H   S   H   H   H   H   H
 13    H   S   S   S   S   H   H   H   H   H
 14    S   S   S   S   S   H   H   H   H   H
 15    S   S   S   S   S   H   H   H   H   H
 16    S   S   S   S   S   H   H   H   H   H
 17    S   S   S   S   S   S   S   S   S   S
 18    S   S   S   S   S   S   S   S   S   S
 19    S   S   S   S   S   S   S   S   S   S
 20    S   S   S   S   S   S   S   S   S   S
 21    S   S   S   S   S   S   S   S   S   S

Soft
       2   3   4   5   6   7   8   9  10   A
 12    S   S   S   S   S   S   S   S   S   S
 13    H   H   H   H  Dh   H   H   H   H   H
 14    H   H   H  Dh  Dh   H   H   H   H   H
 15    H   H   H  Dh  Dh   H   H   H   H   H
 16    H   H   H   H  Dh   H   H   H   H   H
 17   Dh   H  Dh  Dh  Dh   H   H   H   H   H
 18    S  Ds   S  Ds  Ds   S   S   H   H   H
 19    S   S   S   S   S   S   S   S   S   S
 20    S   S   S   S   S   S   S   S   S   S
 21    S   S   S   S   S   S   S   S   S   S

Pair
       2   3   4   5   6   7   8   9  10   A
  2    P   P   P   P   P   P   H   H   H   H
  3    H   P   P   P   P   P   H   H   H   H
  4    H   H   H   H   P   H   H   H   H   H
  5   Dh  Dh  Dh  Dh  Dh  Dh  Dh   H   H   H
  6    P   P   P   P   P   H   H   H   H   H
  7    P   P   P   P   P   P   H   H   H   H
  8    P   P   P   P   P   P   P   P   P   P
  9    P   P   P   P   P   S   P   P   S   S
 10    S   S   S   S   S   S   S   S   S   S
 11    P   P   P   P   P   P   P   P   P   P

One card
       2   3   4   5   6   7   8   9  10   A
  2    H   H   H   H   H   H   H   H   H   H
  3    H   H   H   H   H   H   H   H   H   H
  4    H   H   H   H   H   H   H   H   H   H
  5    H   H   H   H   H   H   H   H   H   H
  6    H   H   H   H   H   H   H   H   H   H
  7    H   H   H   H   H   H   H   H   H   H
  8    H   H   H   H   H   H   H   H   H   H
  9    H   H   H   H   H   H   H   H   H   H
 10    H   H   H   H   H   H   H   H   H   H
  A    H   H   H   H   H   H   H   H   H   H

BlackJack
       2   3   4   5   6   7   8   9  10   A
 21    S   S   S   S   S   S   S   S   S   S

========== Count: -1 ==========

Hard
       2   3   4   5   6   7   8   9  10   A
  4    H   H   S   S   H   H   S   H   H  Dh
  5    H   H   H   H   H   H   H   H   H   H
  6    H   H   H   H   H   H   H   H   H   H
  7    H   H   H   H   H   H   H   H   H   H
  8    H   H   H   H   H   H   H   H   H   H
  9    H   H  Dh  Dh  Dh   H   H   H   H   H
 10   Dh  Dh  Dh  Dh  Dh  Dh  Dh  Dh   H   H
 11   Dh  Dh  Dh  Dh  Dh  Dh  Dh  Dh  Dh   H
 12    H   H   H   S   S   H   H   H   H   H
 13    S   S   S   S   S   H   H   H   H   H
 14    S   S   S   S   S   H   H   H   H   H
 15    S   S   S   S   S   H   H   H   H   H
 16    S   S   S   S   S   H   H   H   H   H
 17    S   S   S   S   S   S   S   S   S   S
 18    S   S   S   S   S   S   S   S   S   S
 19    S   S   S   S   S   S   S   S   S   S
 20    S   S   S   S   S   S   S   S   S   S
 21    S   S   S   S   S   S   S   S   S   S

Soft
       2   3   4   5   6   7   8   9  10   A
 12    S   S   S   S   S   S   S   S   S   S
 13    H   H   H   H  Dh   H   H   H   H   H
 14    H   H   H  Dh  Dh   H   H   H   H   H
 15    H   H   H  Dh  Dh   H   H   H   H   H
 16    H   H   H  Dh  Dh   H   H   H   H   H
 17    H   H  Dh  Dh  Dh   H   H   H   H   H
 18    S  Ds  Ds  Ds  Ds   S   S   H   H   H
 19    S   S   S   S   S   S   S   S   S   S
 20    S   S   S   S   S   S   S   S   S   S
 21    S   S   S   S   S   S   S   S   S   S

Pair
       2   3   4   5   6   7   8   9  10   A
  2    P   P   P   P   P   P   H   H   H   H
  3    H   P   P   P   P   P   H   H   H   H
  4    H   H   H   P   P   H   H   H   H   H
  5   Dh  Dh  Dh  Dh  Dh  Dh  Dh  Dh   H   H
  6    P   P   P   P   P   H   H   H   H   H
  7    P   P   P   P   P   P   H   H   H   H
  8    P   P   P   P   P   P   P   P   P   P
  9    P   P   P   P   P   S   P   P   S   S
 10    S   S   S   S   S   S   S   S   S   S
 11    P   P   P   P   P   P   P   P   P   P

One card
       2   3   4   5   6   7   8   9  10   A
  2    H   H   H   H   H   H   H   H   H   H
  3    H   H   H   H   H   H   H   H   H   H
  4    H   H   H   H   H   H   H   H   H   H
  5    H   H   H   H   H   H   H   H   H   H
  6    H   H   H   H   H   H   H   H   H   H
  7    H   H   H   H   H   H   H   H   H   H
  8    H   H   H   H   H   H   H   H   H   H
  9    H   H   H   H   H   H   H   H   H   H
 10    H   H   H   H   H   H   H   H   H   H
  A    H   H   H   H   H   H   H   H   H   H

BlackJack
       2   3   4   5   6   7   8   9  10   A
 21    S   S   S   S   S   S   S   S   S   S

========== Count: 0 ==========

Hard
       2   3   4   5   6   7   8   9  10   A
  4    H   H   H   H   H   H   H   H   H   S
  5    H   H   H   H   H   H   H   H   H   H
  6    H   H   H   H   H   H   H   H   H   H
  7    H   H   H   H   H   H   H   H   H   H
  8    H   H   H   H   H   H   H   H   H   H
  9    H  Dh  Dh  Dh  Dh   H   H   H   H   H
 10   Dh  Dh  Dh  Dh  Dh  Dh  Dh  Dh   H   H
 11   Dh  Dh  Dh  Dh  Dh  Dh  Dh  Dh  Dh  Dh
 12    H   H   S   S   S   H   H   H   H   H
 13    S   S   S   S   S   H   H   H   H   H
 14    S   S   S   S   S   H   H   H   H   H
 15    S   S   S   S   S   H   H   H   H   H
 16    S   S   S   S   S   H   H   H   H   H
 17    S   S   S   S   S   S   S   S   S   S
 18    S   S   S   S   S   S   S   S   S   S
 19    S   S   S   S   S   S   S   S   S   S
 20    S   S   S   S   S   S   S   S   S   S
 21    S   S   S   S   S   S   S   S   S   S

Soft
       2   3   4   5   6   7   8   9  10   A
 12    S   S   S   S   S   S   S   S   S   S
 13    H   H   H   H  Dh   H   H   H   H   H
 14    H   H   H   H  Dh   H   H   H   H   H
 15    H   H   H  Dh  Dh   H   H   H   H   H
 16    H   H  Dh  Dh  Dh   H   H   H   H   H
 17    H  Dh  Dh  Dh  Dh   H   H   H   H   H
 18    S  Ds  Ds  Ds  Ds   S   S   H   H   H
 19    S   S   S   S  Ds   S   S   S   S   S
 20    S   S   S   S   S   S   S   S   S   S
 21    S   S   S   S   S   S   S   S   S   S

Pair
       2   3   4   5   6   7   8   9  10   A
  2    P   P   P   P   P   P   H   H   H   H
  3    P   P   P   P   P   P   H   H   H   H
  4    H   H   H   P   P   H   H   H   H   H
  5   Dh  Dh  Dh  Dh  Dh  Dh  Dh  Dh   H   H
  6    P   P   P   P   P   H   H   H   H   H
  7    P   P   P   P   P   P   H   H   H   H
  8    P   P   P   P   P   P   P   P   P   P
  9    P   P   P   P   P   S   P   P   S   S
 10    S   S   S   S   S   S   S   S   S   S
 11    P   P   P   P   P   P   P   P   P   P

One card
       2   3   4   5   6   7   8   9  10   A
  2    H   H   H   H   H   H   H   H   H   H
  3    H   H   H   H   H   H   H   H   H   H
  4    H   H   H   H   H   H   H   H   H   H
  5    H   H   H   H   H   H   H   H   H   H
  6    H   H   H   H   H   H   H   H   H   H
  7    H   H   H   H   H   H   H   H   H   H
  8    H   H   H   H   H   H   H   H   H   H
  9    H   H   H   H   H   H   H   H   H   H
 10    H   H   H   H   H   H   H   H   H   H
  A    H   H   H   H   H   H   H   H   H   H

BlackJack
       2   3   4   5   6   7   8   9  10   A
 21    S   S   S   S   S   S   S   S   S   S

========== Count: 1 ==========

Hard
       2   3   4   5   6   7   8   9  10   A
  4    H   H   H   H   H   H   H   H   S   S
  5    H   H   H   H   H   H   H   H   H   H
  6    H   H   H   H   H   H   H   H   H   H
  7    H   H   H   H   H   H   H   H   H   H
  8    H   H   H   H   H   H   H   H   H   H
  9    H  Dh  Dh  Dh  Dh   H   H   H   H   H
 10   Dh  Dh  Dh  Dh  Dh  Dh  Dh  Dh   H   H
 11   Dh  Dh  Dh  Dh  Dh  Dh  Dh  Dh  Dh  Dh
 12    H   H   S   S   S   H   H   H   H   H
 13    S   S   S   S   S   H   H   H   H   H
 14    S   S   S   S   S   H   H   H   H   H
 15    S   S   S   S   S   H   H   H   H   H
 16    S   S   S   S   S   H   H   H   H   H
 17    S   S   S   S   S   S   S   S   S   S
 18    S   S   S   S   S   S   S   S   S   S
 19    S   S   S   S   S   S   S   S   S   S
 20    S   S   S   S   S   S   S   S   S   S
 21    S   S   S   S   S   S   S   S   S   S

Soft
       2   3   4   5   6   7   8   9  10   A
 12    S   S   S   S   S   S   S   S   S   S
 13    H   H   H   H  Dh   H   H   H   H   H
 14    H   H   H   H  Dh   H   H   H   H   H
 15    H   H   H  Dh  Dh   H   H   H   H   H
 16    H   H  Dh  Dh  Dh   H   H   H   H   H
 17    H  Dh  Dh  Dh  Dh   H   H   H   H   H
 18   Ds  Ds  Ds  Ds  Ds   S   S   H   H   H
 19    S   S   S   S  Ds   S   S   S   S   S
 20    S   S   S   S   S   S   S   S   S   S
 21    S   S   S   S   S   S   S   S   S   S

Pair
       2   3   4   5   6   7   8   9  10   A
  2    P   P   P   P   P   P   H   H   H   H
  3    P   P   P   P   P   P   H   H   H   H
  4    H   H   H   P   P   H   H   H   H   H
  5   Dh  Dh  Dh  Dh  Dh  Dh  Dh  Dh   H   H
  6    P   P   P   P   P   H   H   H   H   H
  7    P   P   P   P   P   P   H   H   H   H
  8    P   P   P   P   P   P   P   P   P   P
  9    P   P   P   P   P   S   P   P   S   S
 10    S   S   S   S   S   S   S   S   S   S
 11    P   P   P   P   P   P   P   P   P   P

One card
       2   3   4   5   6   7   8   9  10   A
  2    H   H   H   H   H   H   H   H   H   H
  3    H   H   H   H   H   H   H   H   H   H
  4    H   H   H   H   H   H   H   H   H   H
  5    H   H   H   H   H   H   H   H   H   H
  6    H   H   H   H   H   H   H   H   H   H
  7    H   H   H   H   H   H   H   H   H   H
  8    H   H   H   H   H   H   H   H   H   H
  9    H   H   H   H   H   H   H   H   H   H
 10    H   H   H   H   H   H   H   H   H   H
  A    H   H   H   H   H   H   H   H   H   H

BlackJack
       2   3   4   5   6   7   8   9  10   A
 21    S   S   S   S   S   S   S   S   S   S

========== Count: 2 ==========

Hard
       2   3   4   5   6   7   8   9  10   A
  4    H   H   H   H   H   H   S   H  Ds  Ds
  5    H   H   H   H   H   H   H   H   H   H
  6    H   H   H   H   H   H   H   H   H   H
  7    H   H   H   H   H   H   H   H   H   H
  8    H   H   H   H  Dh   H   H   H   H   H
  9    H  Dh  Dh  Dh  Dh   H   H   H   H   H
 10   Dh  Dh  Dh  Dh  Dh  Dh  Dh  Dh   H   H
 11   Dh  Dh  Dh  Dh  Dh  Dh  Dh  Dh  Dh  Dh
 12    H   S   S   S   S   H   H   H   H   H
 13    S   S   S   S   S   H   H   H   H   H
 14    S   S   S   S   S   H   H   H   H   H
 15    S   S   S   S   S   H   H   H   H   H
 16    S   S   S   S   S   H   H   H   S   H
 17    S   S   S   S   S   S   S   S   S   S
 18    S   S   S   S   S   S   S   S   S   S
 19    S   S   S   S   S   S   S   S   S   S
 20    S   S   S   S   S   S   S   S   S   S
 21    S   S   S   S   S   S   S   S   S   S

Soft
       2   3   4   5   6   7   8   9  10   A
 12    S   S   S   S   S   S   S   S   S   S
 13    H   H   H  Dh  Dh   H   H   H   H   H
 14    H   H   H   H  Dh   H   H   H   H   H
 15    H   H  Dh  Dh  Dh   H   H   H   H   H
 16    H  Dh  Dh  Dh  Dh   H   H   H   H   H
 17    H  Dh  Dh  Dh  Dh   H   H   H   H   H
 18   Ds  Ds  Ds  Ds  Ds   S   S   H   H   H
 19    S   S   S  Ds  Ds   S   S   S   S   S
 20    S   S   S   S   S   S   S   S   S   S
 21    S   S   S   S   S   S   S   S   S   S

Pair
       2   3   4   5   6   7   8   9  10   A
  2    P   P   P   P   P   P   H   H   H   H
  3    P   P   P   P   P   P   H   H   H   H
  4    H   H   H   P   P   H   H   H   H   H
  5   Dh  Dh  Dh  Dh  Dh  Dh  Dh  Dh   H   H
  6    P   P   P   P   P   H   H   H   H   H
  7    P   P   P   P   P   P   H   H   H   H
  8    P   P   P   P   P   P   P   P   P   P
  9    P   P   P   P   P   P   P   P   S   S
 10    S   S   S   S   S   S   S   S   S   S
 11    P   P   P   P   P   P   P   P   P   P

One card
       2   3   4   5   6   7   8   9  10   A
  2    H   H   H   H   H   H   H   H   H   H
  3    H   H   H   H   H   H   H   H   H   H
  4    H   H   H   H   H   H   H   H   H   H
  5    H   H   H   H   H   H   H   H   H   H
  6    H   H   H   H   H   H   H   H   H   H
  7    H   H   H   H   H   H   H   H   H   H
  8    H   H   H   H   H   H   H   H   H   H
  9    H   H   H   H   H   H   H   H   H   H
 10    H   H   H   H   H   H   H   H   H   H
  A    H   H   H   H   H   H   H   H   H   H

BlackJack
       2   3   4   5   6   7   8   9  10   A
 21    S   S   S   S   S   S   S   S   S   S

========== Count: 3 ==========

Hard
       2   3   4   5   6   7   8   9  10   A
  4    H  Dh   S   H   H   H   H   H   H   S
  5    H   H   H   H   H   H   H   H   H   H
  6    H   H   H   H   H   H   H   H   H   H
  7    H   H   H   H   H   H   H   H   H   H
  8    H   H   H   H  Dh   H   H   H   H   H
  9   Dh  Dh  Dh  Dh  Dh   H   H   H   H   H
 10   Dh  Dh  Dh  Dh  Dh  Dh  Dh  Dh   H   H
 11   Dh  Dh  Dh  Dh  Dh  Dh  Dh  Dh  Dh  Dh
 12    S   S   S   S   S   H   H   H   H   H
 13    S   S   S   S   S   H   H   H   H   H
 14    S   S   S   S   S   H   H   H   H   H
 15    S   S   S   S   S   H   H   H   H   H
 16    S   S   S   S   S   H   H   H   S   H
 17    S   S   S   S   S   S   S   S   S   S
 18    S   S   S   S   S   S   S   S   S   S
 19    S   S   S   S   S   S   S   S   S   S
 20    S   S   S   S   S   S   S   S   S   S
 21    S   S   S   S   S   S   S   S   S   S

Soft
       2   3   4   5   6   7   8   9  10   A
 12    S   S   S   S   S   S   S   S   S   S
 13    H   H  Dh  Dh  Dh   H   H   H   H   H
 14    H   H  Dh  Dh  Dh   H   H   H   H   H
 15    H   H  Dh  Dh  Dh   H   H   H   H   H
 16    H   H  Dh  Dh  Dh   H   H   H   H   H
 17    H  Dh  Dh  Dh  Dh   H   H   H   H   H
 18   Ds  Ds  Ds  Ds  Ds   S   S   H   H   H
 19    S   S   S  Ds  Ds   S   S   S   S   S
 20    S   S   S   S   S   S   S   S   S   S
 21    S   S   S   S   S   S   S   S   S   S

Pair
       2   3   4   5   6   7   8   9  10   A
  2    P   P   P   P   P   P   H   H   H   H
  3    P   P   P   P   P   P   H   H   H   H
  4    H   H   P   P   P   H   H   H   H   H
  5   Dh  Dh  Dh  Dh  Dh  Dh  Dh  Dh   H   H
  6    P   P   P   P   P   H   H   H   H   H
  7    P   P   P   P   P   P   P   H   H   H
  8    P   P   P   P   P   P   P   P   P   P
  9    P   P   P   P   P   S   P   P   S   P
 10    S   S   S   S   S   S   S   S   S   S
 11    P   P   P   P   P   P   P   P   P   P

One card
       2   3   4   5   6   7   8   9  10   A
  2    H   H   H   H   H   H   H   H   H   H
  3    H   H   H   H   H   H   H   H   H   H
  4    H   H   H   H   H   H   H   H   H   H
  5    H   H   H   H   H   H   H   H   H   H
  6    H   H   H   H   H   H   H   H   H   H
  7    H   H   H   H   H   H   H   H   H   H
  8    H   H   H   H   H   H   H   H   H   H
  9    H   H   H   H   H   H   H   H   H   H
 10    H   H   H   H   H   H   H   H   H   H
  A    H   H   H   H   H   H   H   H   H   H

BlackJack
       2   3   4   5   6   7   8   9  10   A
 21    S   S   S   S   S   S   S   S   S   S

========== Count: 4 ==========

Hard
       2   3   4   5   6   7   8   9  10   A
  4    H   H   H  Ds   H   H   H   H   H   H
  5    H   H   H   H   H   H   H   H   H   H
  6    H   H   H   H   H   H   H   H   H   H
  7    H   H   H   H   H   H   H   H   H   H
  8    H   H   H   H  Dh   H   H   H   H   H
  9   Dh  Dh  Dh  Dh  Dh   H   H   H   H   H
 10   Dh  Dh  Dh  Dh  Dh  Dh  Dh  Dh  Dh  Dh
 11   Dh  Dh  Dh  Dh  Dh  Dh  Dh  Dh  Dh  Dh
 12    S   S   S   S   S   H   H   H   H   H
 13    S   S   S   S   S   H   H   H   H   H
 14    S   S   S   S   S   H   H   H   H   H
 15    S   S   S   S   S   H   H   H   H   H
 16    S   S   S   S   S   H   H   H   S   S
 17    S   S   S   S   S   S   S   S   S   S
 18    S   S   S   S   S   S   S   S   S   S
 19    S   S   S   S   S   S   S   S   S   S
 20    S   S   S   S   S   S   S   S   S   S
 21    S   S   S   S   S   S   S   S   S   S

Soft
       2   3   4   5   6   7   8   9  10   A
 12    S   S   S   S   S   S   S   S   S   S
 13    H   H   H  Dh  Dh   H   H   H   H   H
 14    H   H  Dh  Dh  Dh   H   H   H   H   H
 15    H   H   H  Dh  Dh   H   H   H   H   H
 16    H   H  Dh  Dh  Dh   H   H   H   H   H
 17   Dh  Dh  Dh  Dh  Dh   H   H   H   H   H
 18   Ds  Ds  Ds  Ds  Ds   S   S   H   H   H
 19    S   S  Ds  Ds  Ds   S   S   S   S   S
 20    S   S   S  Ds   S   S   S   S   S   S
 21    S   S   S   S   S   S   S   S   S   S

Pair
       2   3   4   5   6   7   8   9  10   A
  2    P   P   P   P   P   P   H   H   H   H
  3    P   P   P   P   P   P   P   H   H   H
  4    H   H   P   P   P   H   H   H   H   H
  5   Dh  Dh  Dh  Dh  Dh  Dh  Dh  Dh   H  Dh
  6    P   P   P   P   P   H   H   H   H   H
  7    P   P   P   P   P   P   P   H   H   H
  8    P   P   P   P   P   P   P   P   P   P
  9    P   P   P   P   P   S   P   P   S   P
 10    S   S   S   S   P   S   S   S   S   S
 11    P   P   P   P   P   P   P   P   P   P

One card
       2   3   4   5   6   7   8   9  10   A
  2    H   H   H   H   H   H   H   H   H   H
  3    H   H   H   H   H   H   H   H   H   H
  4    H   H   H   H   H   H   H   H   H   H
  5    H   H   H   H   H   H   H   H   H   H
  6    H   H   H   H   H   H   H   H   H   H
  7    H   H   H   H   H   H   H   H   H   H
  8    H   H   H   H   H   H   H   H   H   H
  9    H   H   H   H   H   H   H   H   H   H
 10    H   H   H   H   H   H   H   H   H   H
  A    H   H   H   H   H   H   H   H   H   H

BlackJack
       2   3   4   5   6   7   8   9  10   A
 21    S   S   S   S   S   S   S   S   S   S

========== Count: 5 ==========

Hard
       2   3   4   5   6   7   8   9  10   A
  4    H   H  Dh   S   S   H   S   H   S   H
  5    H   H   H   H   H   H   H   H   H   H
  6    H   H   H   H   H   H   H   H   H   H
  7    H   H   H   H   H   H   H   H   H   H
  8    H   H   H  Dh  Dh   H   H   H   H   H
  9   Dh  Dh  Dh  Dh  Dh  Dh   H   H   H   H
 10   Dh  Dh  Dh  Dh  Dh  Dh  Dh  Dh  Dh  Dh
 11   Dh  Dh  Dh  Dh  Dh  Dh  Dh  Dh  Dh  Dh
 12    S   S   S   S   S   H   H   H   H   H
 13    S   S   S   S   S   H   H   H   H   H
 14    S   S   S   S   S   H   H   H   H   H
 15    S   S   S   S   S   H   H   H   S   S
 16    S   S   S   S   S   H   H   S   S   S
 17    S   S   S   S   S   S   S   S   S   S
 18    S   S   S   S   S   S   S   S   S   S
 19    S   S   S   S   S   S   S   S   S   S
 20    S   S   S   S   S   S   S   S   S   S
 21    S   S   S   S   S   S   S   S   S   S

Soft
       2   3   4   5   6   7   8   9  10   A
 12    S   S   S   S   S   S   S   S   S   S
 13    H   H  Dh  Dh  Dh   H   H   H   H   H
 14    H  Dh  Dh  Dh  Dh   H   H   H   H   H
 15   Dh   H  Dh  Dh  Dh   H   H   H   H   H
 16    H  Dh  Dh  Dh  Dh   H   H   H   H   H
 17   Dh  Dh  Dh  Dh  Dh   H   H   H   H   H
 18   Ds  Ds  Ds  Ds  Ds   S   S   H   H   H
 19    S  Ds  Ds  Ds  Ds   S   S   S   S   S
 20    S   S  Ds  Ds  Ds   S   S   S   S   S
 21    S   S   S   S   S   S   S   S   S   S

Pair
       2   3   4   5   6   7   8   9  10   A
  2    P   P   P   P   P   P   P   H   H   H
  3    P   P   P   P   P   P   H   H   H   H
  4    H   H   P   P   P   H   H   H   H   H
  5   Dh  Dh  Dh  Dh  Dh  Dh  Dh  Dh   H  Dh
  6    P   P   P   P   P   H   H   H   H   H
  7    P   P   P   P   P   P   P   H   H   H
  8    P   P   P   P   P   P   P   P   P   P
  9    P   P   P   P   P   P   P   P   S   P
 10    S   S   S   P   P   S   S   S   S   S
 11    P   P   P   P   P   P   P   P   P   P

One card
       2   3   4   5   6   7   8   9  10   A
  2    H   H   H   H   H   H   H   H   H   H
  3    H   H   H   H   H   H   H   H   H   H
  4    H   H   H   H   H   H   H   H   H   H
  5    H   H   H   H   H   H   H   H   H   H
  6    H   H   H   H   H   H   H   H   H   H
  7    H   H   H   H   H   H   H   H   H   H
  8    H   H   H   H   H   H   H   H   H   H
  9    H   H   H   H   H   H   H   H   H   H
 10    H   H   H   H   H   H   H   H   H   H
  A    H   H   H   H   H   H   H   H   H   H

BlackJack
       2   3   4   5   6   7   8   9  10   A
 21    S   S   S   S   S   S   S   S   S   S
========================

--- W2 ---
Recorded rounds: 5000000000  speed: 10037472 hands/sec
Count table:
  Card      Original      Used          
  --------------------------------------
  2         0.7339        0.7339        
  3         0.8750        0.8750        
  4         1.1889        1.1889        
  5         1.4279        1.4279        
  6         0.8466        0.8466        
  7         0.4581        0.4581        
  8         -0.0830       -0.0830       
  9         -0.4020       -0.4020       
  10        -0.9954       -1.0000       
  J         -0.9988       -1.0000       
  Q         -1.0047       -1.0000       
  K         -1.0011       -1.0000       
  A         -1.0143       -1.0143       
  Bias      -0.004698   
  Bet>0 TC  1.181189    
  Factor    0.003977    

Spread 1:10 evaluation edge (5000000000 rounds): 0.017895  std(X): 6.036656  E[X^2]: 36.441539
Optimal Kelly multiplier:    0.950000  fitted-signal target: 1.000000
Optimal Kelly growth/round:  1.000018  stddev: 0.000006
Sanity checks:
  Sum(weights): 0.031067  (unconstrained)
  10-value consistency: mean=-1.000000  max_dev=0.004671  rel=0.467143%  (PASS)
  Bias vs flat edge: bias=-0.004698  flat_edge=-0.005588  diff=0.000890  rel_to_0.5%=17.804734%
  Bias constraint: free
EV-count graph:         41 points  res=0.250000  speed: 9193204 hands/sec
Count histogram:        total=472444558  symmetry_rel_diff=2.0270%  (PASS, expected roughly symmetric)
P2 sample rounds=100000000  speed=5289606 hands/sec  avg|ΔQ|=0.372583  threshold=0.005000
P2 sample rounds=200000000  speed=5203726 hands/sec  avg|ΔQ|=0.040416  threshold=0.005000
P2 sample rounds=300000000  speed=5110907 hands/sec  avg|ΔQ|=0.027652  threshold=0.005000
P2 sample rounds=400000000  speed=5051781 hands/sec  avg|ΔQ|=0.022934  threshold=0.005000
P2 sample rounds=500000000  speed=5002852 hands/sec  avg|ΔQ|=0.020653  threshold=0.005000
P2 sample rounds=600000000  speed=4950577 hands/sec  avg|ΔQ|=0.018792  threshold=0.005000
P2 sample rounds=700000000  speed=4912660 hands/sec  avg|ΔQ|=0.017818  threshold=0.005000
P2 sample rounds=800000000  speed=4880668 hands/sec  avg|ΔQ|=0.016786  threshold=0.005000
P2 sample rounds=900000000  speed=4853112 hands/sec  avg|ΔQ|=0.016046  threshold=0.005000
P2 sample rounds=1000000000  speed=4826325 hands/sec  avg|ΔQ|=0.015289  threshold=0.005000
P2 sample rounds=1100000000  speed=4802696 hands/sec  avg|ΔQ|=0.014620  threshold=0.005000
P2 sample rounds=1200000000  speed=4782115 hands/sec  avg|ΔQ|=0.013906  threshold=0.005000
P2 sample rounds=1300000000  speed=4758192 hands/sec  avg|ΔQ|=0.013266  threshold=0.005000
P2 sample rounds=1400000000  speed=4736547 hands/sec  avg|ΔQ|=0.012827  threshold=0.005000
P2 sample rounds=1500000000  speed=4717040 hands/sec  avg|ΔQ|=0.012395  threshold=0.005000
P2 sample rounds=1600000000  speed=4701457 hands/sec  avg|ΔQ|=0.012051  threshold=0.005000
P2 sample rounds=1700000000  speed=4687547 hands/sec  avg|ΔQ|=0.011701  threshold=0.005000
P2 sample rounds=1800000000  speed=4674851 hands/sec  avg|ΔQ|=0.011271  threshold=0.005000
P2 sample rounds=1900000000  speed=4661867 hands/sec  avg|ΔQ|=0.010924  threshold=0.005000
P2 sample rounds=2000000000  speed=4650071 hands/sec  avg|ΔQ|=0.010379  threshold=0.005000
P2 sample rounds=2100000000  speed=4639367 hands/sec  avg|ΔQ|=0.010148  threshold=0.005000
P2 sample rounds=2200000000  speed=4626222 hands/sec  avg|ΔQ|=0.010039  threshold=0.005000
P2 sample rounds=2300000000  speed=4616296 hands/sec  avg|ΔQ|=0.009644  threshold=0.005000
P2 sample rounds=2400000000  speed=4604555 hands/sec  avg|ΔQ|=0.009507  threshold=0.005000
P2 sample rounds=2500000000  speed=4593942 hands/sec  avg|ΔQ|=0.009043  threshold=0.005000
P2 sample rounds=2600000000  speed=4584333 hands/sec  avg|ΔQ|=0.008993  threshold=0.005000
P2 sample rounds=2700000000  speed=4575015 hands/sec  avg|ΔQ|=0.008601  threshold=0.005000
P2 sample rounds=2800000000  speed=4566649 hands/sec  avg|ΔQ|=0.008518  threshold=0.005000
P2 sample rounds=2900000000  speed=4556367 hands/sec  avg|ΔQ|=0.008279  threshold=0.005000
P2 sample rounds=3000000000  speed=4548942 hands/sec  avg|ΔQ|=0.008092  threshold=0.005000
P2 sample rounds=3100000000  speed=4541492 hands/sec  avg|ΔQ|=0.007924  threshold=0.005000
P2 sample rounds=3200000000  speed=4533830 hands/sec  avg|ΔQ|=0.007662  threshold=0.005000
P2 sample rounds=3300000000  speed=4526209 hands/sec  avg|ΔQ|=0.007635  threshold=0.005000
P2 sample rounds=3400000000  speed=4520026 hands/sec  avg|ΔQ|=0.007505  threshold=0.005000
P2 sample rounds=3500000000  speed=4513485 hands/sec  avg|ΔQ|=0.007215  threshold=0.005000
P2 sample rounds=3600000000  speed=4504747 hands/sec  avg|ΔQ|=0.007102  threshold=0.005000
P2 sample rounds=3700000000  speed=4498458 hands/sec  avg|ΔQ|=0.007042  threshold=0.005000
P2 sample rounds=3800000000  speed=4493101 hands/sec  avg|ΔQ|=0.006909  threshold=0.005000
P2 sample rounds=3900000000  speed=4487845 hands/sec  avg|ΔQ|=0.006780  threshold=0.005000
P2 sample rounds=4000000000  speed=4482506 hands/sec  avg|ΔQ|=0.006616  threshold=0.005000
P2 sample rounds=4100000000  speed=4477234 hands/sec  avg|ΔQ|=0.006528  threshold=0.005000
P2 sample rounds=4200000000  speed=4471305 hands/sec  avg|ΔQ|=0.006411  threshold=0.005000
P2 sample rounds=4300000000  speed=4465292 hands/sec  avg|ΔQ|=0.006392  threshold=0.005000
P2 sample rounds=4400000000  speed=4458979 hands/sec  avg|ΔQ|=0.006161  threshold=0.005000
P2 sample rounds=4500000000  speed=4454418 hands/sec  avg|ΔQ|=0.006063  threshold=0.005000
P2 sample rounds=4600000000  speed=4449715 hands/sec  avg|ΔQ|=0.005950  threshold=0.005000
P2 sample rounds=4700000000  speed=4444390 hands/sec  avg|ΔQ|=0.005753  threshold=0.005000
P2 sample rounds=4800000000  speed=4440234 hands/sec  avg|ΔQ|=0.005680  threshold=0.005000
P2 sample rounds=4900000000  speed=4436184 hands/sec  avg|ΔQ|=0.005695  threshold=0.005000
P2 sample rounds=5000000000  speed=4431171 hands/sec  avg|ΔQ|=0.005616  threshold=0.005000
P2 sample rounds=5100000000  speed=4427414 hands/sec  avg|ΔQ|=0.005559  threshold=0.005000
P2 sample rounds=5200000000  speed=4422483 hands/sec  avg|ΔQ|=0.005403  threshold=0.005000
P2 sample rounds=5300000000  speed=4418799 hands/sec  avg|ΔQ|=0.005311  threshold=0.005000
P2 sample rounds=5400000000  speed=4414903 hands/sec  avg|ΔQ|=0.005306  threshold=0.005000
P2 sample rounds=5500000000  speed=4411371 hands/sec  avg|ΔQ|=0.005214  threshold=0.005000
P2 sample rounds=5600000000  speed=4407374 hands/sec  avg|ΔQ|=0.005045  threshold=0.005000
P2 sample rounds=5700000000  speed=4403513 hands/sec  avg|ΔQ|=0.005088  threshold=0.005000
P2 sample rounds=5800000000  speed=4400276 hands/sec  avg|ΔQ|=0.004976  threshold=0.005000

--- P2 ---
Training rounds: 5800000000
Training speed: 4400276 hands/sec
Training flat edge:   -0.151917
Evaluation flat edge (5000000000 rounds): -0.005583  std(X): 1.154449  E[X^2]: 1.332783
Spread 1:10 evaluation edge (5000000000 rounds): 0.017555  std(X): 6.009203  E[X^2]: 36.110828
Kelly growth per round:      1.000018  stddev: 0.000006

=== P2 Strategy ===

========== Count: -5 ==========

Hard
       2   3   4   5   6   7   8   9  10   A
  4    S  Ds   S   H   S   H   H   S  Dh  Dh
  5    H   H   H   H   H   H   H   H   H   H
  6    H   H   H   H   H   H   H   H   H   H
  7    H   H   H   H   H   H   H   H   H   H
  8    H   H   H   H   H   H   H   H   H   H
  9    H   H   H   H   H   H   H   H   H   H
 10   Dh  Dh  Dh  Dh  Dh   H   H   H   H   H
 11   Dh  Dh  Dh  Dh  Dh  Dh  Dh  Dh   H   H
 12    H   H   H   H   H   H   H   H   H   H
 13    H   H   H   H   S   H   H   H   H   H
 14    H   H   H   S   S   H   H   H   H   H
 15    H   S   S   S   S   H   H   H   H   H
 16    S   S   S   S   S   H   H   H   H   H
 17    S   S   S   S   S   S   S   S   S   H
 18    S   S   S   S   S   S   S   S   S   S
 19    S   S   S   S   S   S   S   S   S   S
 20    S   S   S   S   S   S   S   S   S   S
 21    S   S   S   S   S   S   S   S   S   S

Soft
       2   3   4   5   6   7   8   9  10   A
 12    S   S   S   S   S   S   S   S   S   S
 13    H   H   H   H   H   H   H   H   H   H
 14    H   H   H   H   H   H   H   H   H   H
 15    H   H   H   H  Dh   H   H   H   H   H
 16    H   H   H   H  Dh   H   H   H   H   H
 17    H   H   H  Dh  Dh   H   H   H   H   H
 18    S   S  Ds  Ds  Ds   S   S   H   H   H
 19    S   S   S   S   S   S   S   S   S   S
 20    S   S   S   S   S   S   S   S   S   S
 21    S   S   S   S   S   S   S   S   S   S

Pair
       2   3   4   5   6   7   8   9  10   A
  2    H   H   P   P   P   P   H   H   H   H
  3    H   H   P   P   P   P   H   H   H   H
  4    H   H   H   H   H   H   H   H   H   H
  5   Dh  Dh  Dh  Dh  Dh   H   H   H   H   H
  6    H   H   P   P   P   P   H   H   H   H
  7    P   P   P   P   P   P   H   H   H   H
  8    P   P   P   P   P   P   P   P   P   H
  9    S   S   P   P   P   S   P   P   S   S
 10    S   S   S   S   S   S   S   S   S   S
 11    P   P   P   P   P   P   P   P   P   H

One card
       2   3   4   5   6   7   8   9  10   A
  2    H   H   H   H   H   H   H   H   H   H
  3    H   H   H   H   H   H   H   H   H   H
  4    H   H   H   H   H   H   H   H   H   H
  5    H   H   H   H   H   H   H   H   H   H
  6    H   H   H   H   H   H   H   H   H   H
  7    H   H   H   H   H   H   H   H   H   H
  8    H   H   H   H   H   H   H   H   H   H
  9    H   H   H   H   H   H   H   H   H   H
 10    H   H   H   H   H   H   H   H   H   H
  A    H   H   H   H   H   H   H   H   H   H

BlackJack
       2   3   4   5   6   7   8   9  10   A
 21    S   S   S   S   S   S   S   S   S   S

========== Count: -4 ==========

Hard
       2   3   4   5   6   7   8   9  10   A
  4    H   H   H   H   H   H  Dh   H   H   S
  5    H   H   H   H   H   H   H   H   H   H
  6    H   H   H   H   H   H   H   H   H   H
  7    H   H   H   H   H   H   H   H   H   H
  8    H   H   H   H   H   H   H   H   H   H
  9    H   H   H   H  Dh   H   H   H   H   H
 10   Dh  Dh  Dh  Dh  Dh  Dh   H   H   H   H
 11   Dh  Dh  Dh  Dh  Dh  Dh  Dh  Dh   H   H
 12    H   H   H   H   H   H   H   H   H   H
 13    H   H   H   S   S   H   H   H   H   H
 14    H   S   S   S   S   H   H   H   H   H
 15    S   S   S   S   S   H   H   H   H   H
 16    S   S   S   S   S   H   H   H   H   H
 17    S   S   S   S   S   S   S   S   S   S
 18    S   S   S   S   S   S   S   S   S   S
 19    S   S   S   S   S   S   S   S   S   S
 20    S   S   S   S   S   S   S   S   S   S
 21    S   S   S   S   S   S   S   S   S   S

Soft
       2   3   4   5   6   7   8   9  10   A
 12    S   S   S   S   S   S   S   S   S   S
 13    H   H   H   H   H   H   H   H   H   H
 14    H   H   H   H  Dh   H   H   H   H   H
 15    H   H  Dh   H  Dh   H   H   H   H   H
 16    H   H  Dh   H  Dh   H   H   H   H   H
 17    H   H  Dh  Dh  Dh   H   H   H   H   H
 18    S   S   S  Ds  Ds   S   S   H   H   H
 19    S   S   S   S   S   S   S   S   S   S
 20    S   S   S   S   S   S   S   S   S   S
 21    S   S   S   S   S   S   S   S   S   S

Pair
       2   3   4   5   6   7   8   9  10   A
  2    H   P   P   P   P   P   H   H   H   H
  3    H   P   P   P   P   P   H   H   H   H
  4    H   H   H   H   H   H   H   H   H   H
  5   Dh  Dh  Dh  Dh  Dh  Dh   H   H   H   H
  6    H   P   P   P   P   P   H   H   H   H
  7    P   P   P   P   P   P   H   H   H   H
  8    P   P   P   P   P   P   P   P   P   H
  9    S   P   P   P   P   S   P   P   S   S
 10    S   S   S   S   S   S   S   S   S   S
 11    P   P   P   P   P   P   P   P   P   P

One card
       2   3   4   5   6   7   8   9  10   A
  2    H   H   H   H   H   H   H   H   H   H
  3    H   H   H   H   H   H   H   H   H   H
  4    H   H   H   H   H   H   H   H   H   H
  5    H   H   H   H   H   H   H   H   H   H
  6    H   H   H   H   H   H   H   H   H   H
  7    H   H   H   H   H   H   H   H   H   H
  8    H   H   H   H   H   H   H   H   H   H
  9    H   H   H   H   H   H   H   H   H   H
 10    H   H   H   H   H   H   H   H   H   H
  A    H   H   H   H   H   H   H   H   H   H

BlackJack
       2   3   4   5   6   7   8   9  10   A
 21    S   S   S   S   S   S   S   S   S   S

========== Count: -3 ==========

Hard
       2   3   4   5   6   7   8   9  10   A
  4    H   H   H   H   H   H   H   H   H  Dh
  5    H   H   H   H   H   H   H   H   H   H
  6    H   H   H   H   H   H   H   H   H   H
  7    H   H   H   H   H   H   H   H   H   H
  8    H   H   H   H   H   H   H   H   H   H
  9    H   H   H  Dh  Dh   H   H   H   H   H
 10   Dh  Dh  Dh  Dh  Dh  Dh  Dh   H   H   H
 11   Dh  Dh  Dh  Dh  Dh  Dh  Dh  Dh  Dh   H
 12    H   H   H   H   S   H   H   H   H   H
 13    H   H   S   S   S   H   H   H   H   H
 14    S   S   S   S   S   H   H   H   H   H
 15    S   S   S   S   S   H   H   H   H   H
 16    S   S   S   S   S   H   H   H   H   H
 17    S   S   S   S   S   S   S   S   S   S
 18    S   S   S   S   S   S   S   S   S   S
 19    S   S   S   S   S   S   S   S   S   S
 20    S   S   S   S   S   S   S   S   S   S
 21    S   S   S   S   S   S   S   S   S   S

Soft
       2   3   4   5   6   7   8   9  10   A
 12    S   S   S   S   S   S   S   S   S   S
 13    H   H   H   H   H   H   H   H   H   H
 14    H   H   H   H   H   H   H   H   H   H
 15    H   H   H   H  Dh   H   H   H   H   H
 16    H   H   H   H  Dh   H   H   H   H   H
 17    H   H  Dh  Dh  Dh   H   H   H   H   H
 18    S   S  Ds  Ds  Ds   S   S   H   H   H
 19    S   S   S   S   S   S   S   S   S   S
 20    S   S   S   S   S   S   S   S   S   S
 21    S   S   S   S   S   S   S   S   S   S

Pair
       2   3   4   5   6   7   8   9  10   A
  2    P   P   P   P   P   P   H   H   H   H
  3    H   P   P   P   P   P   H   H   H   H
  4    H   H   H   H   P   H   H   H   H   H
  5   Dh  Dh  Dh  Dh  Dh  Dh  Dh   H   H   H
  6    H   P   P   P   P   H   H   H   H   H
  7    P   P   P   P   P   P   P   H   H   H
  8    P   P   P   P   P   P   P   P   P   H
  9    P   P   P   P   P   S   P   P   S   S
 10    S   S   S   S   S   S   S   S   S   S
 11    P   P   P   P   P   P   P   P   P   P

One card
       2   3   4   5   6   7   8   9  10   A
  2    H   H   H   H   H   H   H   H   H   H
  3    H   H   H   H   H   H   H   H   H   H
  4    H   H   H   H   H   H   H   H   H   H
  5    H   H   H   H   H   H   H   H   H   H
  6    H   H   H   H   H   H   H   H   H   H
  7    H   H   H   H   H   H   H   H   H   H
  8    H   H   H   H   H   H   H   H   H   H
  9    H   H   H   H   H   H   H   H   H   H
 10    H   H   H   H   H   H   H   H   H   H
  A    H   H   H   H   H   H   H   H   H   H

BlackJack
       2   3   4   5   6   7   8   9  10   A
 21    S   S   S   S   S   S   S   S   S   S

========== Count: -2 ==========

Hard
       2   3   4   5   6   7   8   9  10   A
  4    H   S   H   S   H   H   S   S  Dh   H
  5    H   H   H   H   H   H   H   H   H   H
  6    H   H   H   H   H   H   H   H   H   H
  7    H   H   H   H   H   H   H   H   H   H
  8    H   H   H   H   H   H   H   H   H   H
  9    H   H   H  Dh  Dh   H   H   H   H   H
 10   Dh  Dh  Dh  Dh  Dh  Dh  Dh   H   H   H
 11   Dh  Dh  Dh  Dh  Dh  Dh  Dh  Dh  Dh   H
 12    H   H   H   H   S   H   H   H   H   H
 13    H   S   S   S   S   H   H   H   H   H
 14    S   S   S   S   S   H   H   H   H   H
 15    S   S   S   S   S   H   H   H   H   H
 16    S   S   S   S   S   H   H   H   H   H
 17    S   S   S   S   S   S   S   S   S   S
 18    S   S   S   S   S   S   S   S   S   S
 19    S   S   S   S   S   S   S   S   S   S
 20    S   S   S   S   S   S   S   S   S   S
 21    S   S   S   S   S   S   S   S   S   S

Soft
       2   3   4   5   6   7   8   9  10   A
 12    S   S   S   S   S   S   S   S   S   S
 13    H   H   H   H  Dh   H   H   H   H   H
 14    H   H   H   H  Dh   H   H   H   H   H
 15    H   H   H  Dh  Dh   H   H   H   H   H
 16    H  Dh   H  Dh  Dh   H   H   H   H   H
 17    H  Dh  Dh  Dh  Dh   H   H   H   H   H
 18    S  Ds  Ds  Ds  Ds   S   S   H   H   H
 19    S   S   S   S   S   S   S   S   S   S
 20    S   S   S   S   S   S   S   S   S   S
 21    S   S   S   S   S   S   S   S   S   S

Pair
       2   3   4   5   6   7   8   9  10   A
  2    P   P   P   P   P   P   H   H   H   H
  3    H   P   P   P   P   P   H   H   H   H
  4    H   H   H   H   P   H   H   H   H   H
  5   Dh  Dh  Dh  Dh  Dh  Dh  Dh   H   H   H
  6    P   P   P   P   P   P   H   H   H   H
  7    P   P   P   P   P   P   H   H   H   H
  8    P   P   P   P   P   P   P   P   P   P
  9    P   P   P   P   P   S   P   P   S   S
 10    S   S   S   S   S   S   S   S   S   S
 11    P   P   P   P   P   P   P   P   P   P

One card
       2   3   4   5   6   7   8   9  10   A
  2    H   H   H   H   H   H   H   H   H   H
  3    H   H   H   H   H   H   H   H   H   H
  4    H   H   H   H   H   H   H   H   H   H
  5    H   H   H   H   H   H   H   H   H   H
  6    H   H   H   H   H   H   H   H   H   H
  7    H   H   H   H   H   H   H   H   H   H
  8    H   H   H   H   H   H   H   H   H   H
  9    H   H   H   H   H   H   H   H   H   H
 10    H   H   H   H   H   H   H   H   H   H
  A    H   H   H   H   H   H   H   H   H   H

BlackJack
       2   3   4   5   6   7   8   9  10   A
 21    S   S   S   S   S   S   S   S   S   S

========== Count: -1 ==========

Hard
       2   3   4   5   6   7   8   9  10   A
  4    H   H   H   H   H   H   H   H   H   S
  5    H   H   H   H   H   H   H   H   H   H
  6    H   H   H   H   H   H   H   H   H   H
  7    H   H   H   H   H   H   H   H   H   H
  8    H   H   H   H   H   H   H   H   H   H
  9    H   H  Dh  Dh  Dh   H   H   H   H   H
 10   Dh  Dh  Dh  Dh  Dh  Dh  Dh  Dh   H   H
 11   Dh  Dh  Dh  Dh  Dh  Dh  Dh  Dh  Dh   H
 12    H   H   H   S   S   H   H   H   H   H
 13    H   S   S   S   S   H   H   H   H   H
 14    S   S   S   S   S   H   H   H   H   H
 15    S   S   S   S   S   H   H   H   H   H
 16    S   S   S   S   S   H   H   H   H   H
 17    S   S   S   S   S   S   S   S   S   S
 18    S   S   S   S   S   S   S   S   S   S
 19    S   S   S   S   S   S   S   S   S   S
 20    S   S   S   S   S   S   S   S   S   S
 21    S   S   S   S   S   S   S   S   S   S

Soft
       2   3   4   5   6   7   8   9  10   A
 12    S   S   S   S   S   S   S   S   S   S
 13    H   H   H   H   H   H   H   H   H   H
 14    H   H   H  Dh  Dh   H   H   H   H   H
 15    H   H   H  Dh  Dh   H   H   H   H   H
 16    H   H  Dh  Dh  Dh   H   H   H   H   H
 17    H  Dh  Dh  Dh  Dh   H   H   H   H   H
 18    S  Ds  Ds  Ds  Ds   S   S   H   H   H
 19    S   S   S   S   S   S   S   S   S   S
 20    S   S   S   S   S   S   S   S   S   S
 21    S   S   S   S   S   S   S   S   S   S

Pair
       2   3   4   5   6   7   8   9  10   A
  2    P   P   P   P   P   P   H   H   H   H
  3    P   P   P   P   P   P   H   H   H   H
  4    H   H   H   H   P   H   H   H   H   H
  5   Dh  Dh  Dh  Dh  Dh  Dh  Dh   H   H   H
  6    P   P   P   P   P   H   H   H   H   H
  7    P   P   P   P   P   P   H   H   H   H
  8    P   P   P   P   P   P   P   P   P   P
  9    P   P   P   P   P   S   P   P   S   S
 10    S   S   S   S   S   S   S   S   S   S
 11    P   P   P   P   P   P   P   P   P   P

One card
       2   3   4   5   6   7   8   9  10   A
  2    H   H   H   H   H   H   H   H   H   H
  3    H   H   H   H   H   H   H   H   H   H
  4    H   H   H   H   H   H   H   H   H   H
  5    H   H   H   H   H   H   H   H   H   H
  6    H   H   H   H   H   H   H   H   H   H
  7    H   H   H   H   H   H   H   H   H   H
  8    H   H   H   H   H   H   H   H   H   H
  9    H   H   H   H   H   H   H   H   H   H
 10    H   H   H   H   H   H   H   H   H   H
  A    H   H   H   H   H   H   H   H   H   H

BlackJack
       2   3   4   5   6   7   8   9  10   A
 21    S   S   S   S   S   S   S   S   S   S

========== Count: 0 ==========

Hard
       2   3   4   5   6   7   8   9  10   A
  4    H   H   H   H   H   H   H  Dh  Dh   H
  5    H   H   H   H   H   H   H   H   H   H
  6    H   H   H   H   H   H   H   H   H   H
  7    H   H   H   H   H   H   H   H   H   H
  8    H   H   H   H   H   H   H   H   H   H
  9    H  Dh  Dh  Dh  Dh   H   H   H   H   H
 10   Dh  Dh  Dh  Dh  Dh  Dh  Dh  Dh   H   H
 11   Dh  Dh  Dh  Dh  Dh  Dh  Dh  Dh  Dh  Dh
 12    H   H   S   S   S   H   H   H   H   H
 13    S   S   S   S   S   H   H   H   H   H
 14    S   S   S   S   S   H   H   H   H   H
 15    S   S   S   S   S   H   H   H   H   H
 16    S   S   S   S   S   H   H   H   H   H
 17    S   S   S   S   S   S   S   S   S   S
 18    S   S   S   S   S   S   S   S   S   S
 19    S   S   S   S   S   S   S   S   S   S
 20    S   S   S   S   S   S   S   S   S   S
 21    S   S   S   S   S   S   S   S   S   S

Soft
       2   3   4   5   6   7   8   9  10   A
 12    S   S   S   S   S   S   S   S   S   S
 13    H   H   H   H  Dh   H   H   H   H   H
 14    H   H   H  Dh  Dh   H   H   H   H   H
 15    H   H  Dh  Dh  Dh   H   H   H   H   H
 16    H   H  Dh  Dh  Dh   H   H   H   H   H
 17    H  Dh  Dh  Dh  Dh   H   H   H   H   H
 18    S  Ds  Ds  Ds  Ds   S   S   H   H   H
 19    S   S   S   S  Ds   S   S   S   S   S
 20    S   S   S   S   S   S   S   S   S   S
 21    S   S   S   S   S   S   S   S   S   S

Pair
       2   3   4   5   6   7   8   9  10   A
  2    P   P   P   P   P   P   H   H   H   H
  3    P   P   P   P   P   P   H   H   H   H
  4    H   H   H   P   P   H   H   H   H   H
  5   Dh  Dh  Dh  Dh  Dh  Dh  Dh  Dh   H   H
  6    P   P   P   P   P   H   H   H   H   H
  7    P   P   P   P   P   P   H   H   H   H
  8    P   P   P   P   P   P   P   P   P   P
  9    P   P   P   P   P   S   P   P   S   S
 10    S   S   S   S   S   S   S   S   S   S
 11    P   P   P   P   P   P   P   P   P   P

One card
       2   3   4   5   6   7   8   9  10   A
  2    H   H   H   H   H   H   H   H   H   H
  3    H   H   H   H   H   H   H   H   H   H
  4    H   H   H   H   H   H   H   H   H   H
  5    H   H   H   H   H   H   H   H   H   H
  6    H   H   H   H   H   H   H   H   H   H
  7    H   H   H   H   H   H   H   H   H   H
  8    H   H   H   H   H   H   H   H   H   H
  9    H   H   H   H   H   H   H   H   H   H
 10    H   H   H   H   H   H   H   H   H   H
  A    H   H   H   H   H   H   H   H   H   H

BlackJack
       2   3   4   5   6   7   8   9  10   A
 21    S   S   S   S   S   S   S   S   S   S

========== Count: 1 ==========

Hard
       2   3   4   5   6   7   8   9  10   A
  4    H   H   H   H   H   H   H   H   H   H
  5    H   H   H   H   H   H   H   H   H   H
  6    H   H   H   H   H   H   H   H   H   H
  7    H   H   H   H   H   H   H   H   H   H
  8    H   H   H   H   H   H   H   H   H   H
  9    H  Dh  Dh  Dh  Dh   H   H   H   H   H
 10   Dh  Dh  Dh  Dh  Dh  Dh  Dh  Dh   H   H
 11   Dh  Dh  Dh  Dh  Dh  Dh  Dh  Dh  Dh  Dh
 12    H   H   S   S   S   H   H   H   H   H
 13    S   S   S   S   S   H   H   H   H   H
 14    S   S   S   S   S   H   H   H   H   H
 15    S   S   S   S   S   H   H   H   H   H
 16    S   S   S   S   S   H   H   H   S   H
 17    S   S   S   S   S   S   S   S   S   S
 18    S   S   S   S   S   S   S   S   S   S
 19    S   S   S   S   S   S   S   S   S   S
 20    S   S   S   S   S   S   S   S   S   S
 21    S   S   S   S   S   S   S   S   S   S

Soft
       2   3   4   5   6   7   8   9  10   A
 12    S   S   S   S   S   S   S   S   S   S
 13    H   H   H   H  Dh   H   H   H   H   H
 14    H   H   H  Dh  Dh   H   H   H   H   H
 15    H   H   H  Dh  Dh   H   H   H   H   H
 16    H   H   H  Dh  Dh   H   H   H   H   H
 17   Dh  Dh  Dh  Dh  Dh   H   H   H   H   H
 18    S  Ds  Ds  Ds  Ds   S   S   H   H   H
 19    S   S   S   S   S   S   S   S   S   S
 20    S   S   S   S   S   S   S   S   S   S
 21    S   S   S   S   S   S   S   S   S   S

Pair
       2   3   4   5   6   7   8   9  10   A
  2    P   P   P   P   P   P   H   H   H   H
  3    P   P   P   P   P   P   H   H   H   H
  4    H   H   H   P   P   H   H   H   H   H
  5   Dh  Dh  Dh  Dh  Dh  Dh  Dh   H   H   H
  6    P   P   P   P   P   H   H   H   H   H
  7    P   P   P   P   P   P   P   H   H   H
  8    P   P   P   P   P   P   P   P   P   P
  9    P   P   P   P   P   S   P   P   S   P
 10    S   S   S   S   S   S   S   S   S   S
 11    P   P   P   P   P   P   P   P   P   P

One card
       2   3   4   5   6   7   8   9  10   A
  2    H   H   H   H   H   H   H   H   H   H
  3    H   H   H   H   H   H   H   H   H   H
  4    H   H   H   H   H   H   H   H   H   H
  5    H   H   H   H   H   H   H   H   H   H
  6    H   H   H   H   H   H   H   H   H   H
  7    H   H   H   H   H   H   H   H   H   H
  8    H   H   H   H   H   H   H   H   H   H
  9    H   H   H   H   H   H   H   H   H   H
 10    H   H   H   H   H   H   H   H   H   H
  A    H   H   H   H   H   H   H   H   H   H

BlackJack
       2   3   4   5   6   7   8   9  10   A
 21    S   S   S   S   S   S   S   S   S   S

========== Count: 2 ==========

Hard
       2   3   4   5   6   7   8   9  10   A
  4    S   H   H   H   H   H   S   S   S   H
  5    H   H   H   H   H   H   H   H   H   H
  6    H   H   H   H   H   H   H   H   H   H
  7    H   H   H   H   H   H   H   H   H   H
  8    H   H   H   H   H   H   H   H   H   H
  9    H  Dh  Dh  Dh  Dh   H   H   H   H   H
 10   Dh  Dh  Dh  Dh  Dh  Dh  Dh  Dh   H   H
 11   Dh  Dh  Dh  Dh  Dh  Dh  Dh  Dh  Dh  Dh
 12    H   H   S   S   S   H   H   H   H   H
 13    S   S   S   S   S   H   H   H   H   H
 14    S   S   S   S   S   H   H   H   H   H
 15    S   S   S   S   S   H   H   H   H   H
 16    S   S   S   S   S   H   H   H   S   H
 17    S   S   S   S   S   S   S   S   S   S
 18    S   S   S   S   S   S   S   S   S   S
 19    S   S   S   S   S   S   S   S   S   S
 20    S   S   S   S   S   S   S   S   S   S
 21    S   S   S   S   S   S   S   S   S   S

Soft
       2   3   4   5   6   7   8   9  10   A
 12    S   S   S   S   S   S   S   S   S   S
 13    H   H   H  Dh  Dh   H   H   H   H   H
 14    H   H   H  Dh  Dh   H   H   H   H   H
 15    H   H   H  Dh  Dh   H   H   H   H   H
 16    H   H  Dh  Dh  Dh   H   H   H   H   H
 17    H  Dh  Dh  Dh  Dh   H   H   H   H   H
 18   Ds  Ds  Ds  Ds  Ds   S   S   H   H   H
 19    S   S   S   S  Ds   S   S   S   S   S
 20    S   S   S   S   S   S   S   S   S   S
 21    S   S   S   S   S   S   S   S   S   S

Pair
       2   3   4   5   6   7   8   9  10   A
  2    P   P   P   P   P   P   H   H   H   H
  3    P   P   P   P   P   P   H   H   H   H
  4    H   H   H   P   P   H   H   H   H   H
  5   Dh  Dh  Dh  Dh  Dh  Dh  Dh  Dh   H   H
  6    P   P   P   P   P   H   H   H   H   H
  7    P   P   P   P   P   P   H   H   H   H
  8    P   P   P   P   P   P   P   P   P   P
  9    P   P   P   P   P   S   P   P   S   P
 10    S   S   S   S   S   S   S   S   S   S
 11    P   P   P   P   P   P   P   P   P   P

One card
       2   3   4   5   6   7   8   9  10   A
  2    H   H   H   H   H   H   H   H   H   H
  3    H   H   H   H   H   H   H   H   H   H
  4    H   H   H   H   H   H   H   H   H   H
  5    H   H   H   H   H   H   H   H   H   H
  6    H   H   H   H   H   H   H   H   H   H
  7    H   H   H   H   H   H   H   H   H   H
  8    H   H   H   H   H   H   H   H   H   H
  9    H   H   H   H   H   H   H   H   H   H
 10    H   H   H   H   H   H   H   H   H   H
  A    H   H   H   H   H   H   H   H   H   H

BlackJack
       2   3   4   5   6   7   8   9  10   A
 21    S   S   S   S   S   S   S   S   S   S

========== Count: 3 ==========

Hard
       2   3   4   5   6   7   8   9  10   A
  4    H   H   H   H   H   H   H   H   S   S
  5    H   H   H   H   H   H   H   H   H   H
  6    H   H   H   H   H   H   H   H   H   H
  7    H   H   H   H   H   H   H   H   H   H
  8    H   H   H   H   H   H   H   H   H   H
  9    H  Dh  Dh  Dh  Dh   H   H   H   H   H
 10   Dh  Dh  Dh  Dh  Dh  Dh  Dh  Dh   H   H
 11   Dh  Dh  Dh  Dh  Dh  Dh  Dh  Dh  Dh  Dh
 12    H   S   S   S   S   H   H   H   H   H
 13    S   S   S   S   S   H   H   H   H   H
 14    S   S   S   S   S   H   H   H   H   H
 15    S   S   S   S   S   H   H   H   H   H
 16    S   S   S   S   S   H   H   H   S   H
 17    S   S   S   S   S   S   S   S   S   S
 18    S   S   S   S   S   S   S   S   S   S
 19    S   S   S   S   S   S   S   S   S   S
 20    S   S   S   S   S   S   S   S   S   S
 21    S   S   S   S   S   S   S   S   S   S

Soft
       2   3   4   5   6   7   8   9  10   A
 12    S   S   S   S   S   S   S   S   S   S
 13    H   H   H  Dh  Dh   H   H   H   H   H
 14    H   H   H  Dh  Dh   H   H   H   H   H
 15    H   H  Dh  Dh  Dh   H   H   H   H   H
 16    H   H  Dh  Dh  Dh   H   H   H   H   H
 17    H  Dh  Dh  Dh  Dh   H   H   H   H   H
 18   Ds  Ds  Ds  Ds  Ds   S   S   H   H   H
 19    S   S   S  Ds  Ds   S   S   S   S   S
 20    S   S   S   S   S   S   S   S   S   S
 21    S   S   S   S   S   S   S   S   S   S

Pair
       2   3   4   5   6   7   8   9  10   A
  2    P   P   P   P   P   P   H   H   H   H
  3    P   P   P   P   P   P   H   H   H   H
  4    H   H   H   P   P   H   H   H   H   H
  5   Dh  Dh  Dh  Dh  Dh  Dh  Dh  Dh   H  Dh
  6    P   P   P   P   P   H   H   H   H   H
  7    P   P   P   P   P   P   H   H   H   H
  8    P   P   P   P   P   P   P   P   P   P
  9    P   P   P   P   P   S   P   P   S   S
 10    S   S   S   S   S   S   S   S   S   S
 11    P   P   P   P   P   P   P   P   P   P

One card
       2   3   4   5   6   7   8   9  10   A
  2    H   H   H   H   H   H   H   H   H   H
  3    H   H   H   H   H   H   H   H   H   H
  4    H   H   H   H   H   H   H   H   H   H
  5    H   H   H   H   H   H   H   H   H   H
  6    H   H   H   H   H   H   H   H   H   H
  7    H   H   H   H   H   H   H   H   H   H
  8    H   H   H   H   H   H   H   H   H   H
  9    H   H   H   H   H   H   H   H   H   H
 10    H   H   H   H   H   H   H   H   H   H
  A    H   H   H   H   H   H   H   H   H   H

BlackJack
       2   3   4   5   6   7   8   9  10   A
 21    S   S   S   S   S   S   S   S   S   S

========== Count: 4 ==========

Hard
       2   3   4   5   6   7   8   9  10   A
  4    H   S   H   H   H   H   H   H   S   H
  5    H   H   H   H   H   H   H   H   H   H
  6    H   H   H   H   H   H   H   H   H   H
  7    H   H   H   H   H   H   H   H   H   H
  8    H   H   H   H  Dh   H   H   H   H   H
  9   Dh  Dh  Dh  Dh  Dh   H   H   H   H   H
 10   Dh  Dh  Dh  Dh  Dh  Dh  Dh  Dh   H  Dh
 11   Dh  Dh  Dh  Dh  Dh  Dh  Dh  Dh  Dh  Dh
 12    S   S   S   S   S   H   H   H   H   H
 13    S   S   S   S   S   H   H   H   H   H
 14    S   S   S   S   S   H   H   H   H   H
 15    S   S   S   S   S   H   H   H   H   H
 16    S   S   S   S   S   H   H   H   S   H
 17    S   S   S   S   S   S   S   S   S   S
 18    S   S   S   S   S   S   S   S   S   S
 19    S   S   S   S   S   S   S   S   S   S
 20    S   S   S   S   S   S   S   S   S   S
 21    S   S   S   S   S   S   S   S   S   S

Soft
       2   3   4   5   6   7   8   9  10   A
 12    S   S   S   S   S   S   S   S   S   S
 13    H   H   H  Dh  Dh   H   H   H   H   H
 14    H   H  Dh  Dh  Dh   H   H   H   H   H
 15    H   H  Dh  Dh  Dh   H   H   H   H   H
 16    H  Dh  Dh  Dh  Dh   H   H   H   H   H
 17   Dh  Dh  Dh  Dh  Dh   H   H   H   H   H
 18   Ds  Ds  Ds  Ds  Ds   S   S   H   H   H
 19    S   S  Ds  Ds  Ds   S   S   S   S   S
 20    S   S   S   S   S   S   S   S   S   S
 21    S   S   S   S   S   S   S   S   S   S

Pair
       2   3   4   5   6   7   8   9  10   A
  2    P   P   P   P   P   P   H   H   H   H
  3    P   P   P   P   P   P   H   H   H   H
  4    H   H   P   P   P   H   H   H   H   H
  5   Dh  Dh  Dh  Dh  Dh  Dh  Dh  Dh   H   H
  6    P   P   P   P   P   H   H   H   H   H
  7    P   P   P   P   P   P   P   H   H   H
  8    P   P   P   P   P   P   P   P   P   P
  9    P   P   P   P   P   P   P   P   S   P
 10    S   S   S   S   P   S   S   S   S   S
 11    P   P   P   P   P   P   P   P   P   P

One card
       2   3   4   5   6   7   8   9  10   A
  2    H   H   H   H   H   H   H   H   H   H
  3    H   H   H   H   H   H   H   H   H   H
  4    H   H   H   H   H   H   H   H   H   H
  5    H   H   H   H   H   H   H   H   H   H
  6    H   H   H   H   H   H   H   H   H   H
  7    H   H   H   H   H   H   H   H   H   H
  8    H   H   H   H   H   H   H   H   H   H
  9    H   H   H   H   H   H   H   H   H   H
 10    H   H   H   H   H   H   H   H   H   H
  A    H   H   H   H   H   H   H   H   H   H

BlackJack
       2   3   4   5   6   7   8   9  10   A
 21    S   S   S   S   S   S   S   S   S   S

========== Count: 5 ==========

Hard
       2   3   4   5   6   7   8   9  10   A
  4    H   H   H   H   H   S   H   H   S  Dh
  5    H   H   H   H   H   H   H   H   H   H
  6    H   H   H   H   H   H   H   H   H   H
  7    H   H   H   H   H   H   H   H   H   H
  8    H   H  Dh  Dh  Dh   H   H   H   H   H
  9   Dh  Dh  Dh  Dh  Dh  Dh   H   H   H   H
 10   Dh  Dh  Dh  Dh  Dh  Dh  Dh  Dh  Dh  Dh
 11   Dh  Dh  Dh  Dh  Dh  Dh  Dh  Dh  Dh  Dh
 12    S   S   S   S   S   H   H   H   H   H
 13    S   S   S   S   S   H   H   H   H   H
 14    S   S   S   S   S   H   H   H   H   H
 15    S   S   S   S   S   H   H   H   S   S
 16    S   S   S   S   S   H   H   S   S   S
 17    S   S   S   S   S   S   S   S   S   S
 18    S   S   S   S   S   S   S   S   S   S
 19    S   S   S   S   S   S   S   S   S   S
 20    S   S   S   S   S   S   S   S   S   S
 21    S   S   S   S   S   S   S   S   S   S

Soft
       2   3   4   5   6   7   8   9  10   A
 12    S   S   S   S   S   S   S   S   S   S
 13    H   H   H  Dh  Dh   H   H   H   H   H
 14    H   H  Dh  Dh  Dh   H   H   H   H   H
 15    H   H  Dh  Dh  Dh   H   H   H   H   H
 16    H  Dh  Dh  Dh  Dh   H   H   H   H   H
 17   Dh  Dh  Dh  Dh  Dh   H   H   H   H   H
 18   Ds  Ds  Ds  Ds  Ds   S   S   H   H   H
 19   Ds  Ds  Ds  Ds  Ds   S   S   S   S   S
 20    S   S   S  Ds  Ds   S   S   S   S   S
 21    S   S   S   S   S   S   S   S   S   S

Pair
       2   3   4   5   6   7   8   9  10   A
  2    P   P   P   P   P   P   P   H   H   H
  3    P   P   P   P   P   P   H   H   H   H
  4    H   H   P   P   P   H   H   H   H   H
  5   Dh  Dh  Dh  Dh  Dh  Dh  Dh  Dh  Dh  Dh
  6    P   P   P   P   P   H   H   H   H   H
  7    P   P   P   P   P   P   P   H   H   S
  8    P   P   P   P   P   P   P   P   P   P
  9    P   P   P   P   P   P   P   P   S   P
 10    S   S   S   P   P   S   S   S   S   S
 11    P   P   P   P   P   P   P   P   P   P

One card
       2   3   4   5   6   7   8   9  10   A
  2    H   H   H   H   H   H   H   H   H   H
  3    H   H   H   H   H   H   H   H   H   H
  4    H   H   H   H   H   H   H   H   H   H
  5    H   H   H   H   H   H   H   H   H   H
  6    H   H   H   H   H   H   H   H   H   H
  7    H   H   H   H   H   H   H   H   H   H
  8    H   H   H   H   H   H   H   H   H   H
  9    H   H   H   H   H   H   H   H   H   H
 10    H   H   H   H   H   H   H   H   H   H
  A    H   H   H   H   H   H   H   H   H   H

BlackJack
       2   3   4   5   6   7   8   9  10   A
 21    S   S   S   S   S   S   S   S   S   S
========================

--- W3 ---
Recorded rounds: 5000000000  speed: 9883583 hands/sec
Count table:
  Card      Original      Used          
  --------------------------------------
  2         0.7396        0.7396        
  3         0.8818        0.8818        
  4         1.2021        1.2021        
  5         1.4486        1.4486        
  6         0.8277        0.8277        
  7         0.4562        0.4562        
  8         -0.0907       -0.0907       
  9         -0.4167       -0.4167       
  10        -1.0034       -1.0000       
  J         -0.9941       -1.0000       
  Q         -1.0005       -1.0000       
  K         -1.0019       -1.0000       
  A         -1.0175       -1.0175       
  Bias      -0.004653   
  Bet>0 TC  1.174928    
  Factor    0.003960    

Spread 1:10 evaluation edge (5000000000 rounds): 0.017773  std(X): 6.027781  E[X^2]: 36.334461
Optimal Kelly multiplier:    1.000000  fitted-signal target: 1.000000
Optimal Kelly growth/round:  1.000018  stddev: 0.000006
Sanity checks:
  Sum(weights): 0.031086  (unconstrained)
  10-value consistency: mean=-1.000000  max_dev=0.005853  rel=0.585311%  (PASS)
  Bias vs flat edge: bias=-0.004653  flat_edge=-0.005583  diff=0.000929  rel_to_0.5%=18.588539%
  Bias constraint: free
EV-count graph:         41 points  res=0.250000  speed: 9339859 hands/sec
Count histogram:        total=472101276  symmetry_rel_diff=1.9376%  (PASS, expected roughly symmetric)
