Training fresh full deviations for the selected count...
Training rounds=100000000 speed=4506738 rounds/sec avg|delta Q|=0.19852870 threshold=0.00500000
Training rounds=200000000 speed=4425758 rounds/sec avg|delta Q|=0.03960009 threshold=0.00500000
Training rounds=300000000 speed=4448003 rounds/sec avg|delta Q|=0.02528306 threshold=0.00500000
Training rounds=400000000 speed=4376942 rounds/sec avg|delta Q|=0.01949493 threshold=0.00500000
Training rounds=500000000 speed=4380739 rounds/sec avg|delta Q|=0.01620914 threshold=0.00500000
Training rounds=600000000 speed=4360307 rounds/sec avg|delta Q|=0.01426463 threshold=0.00500000
Training rounds=700000000 speed=4307851 rounds/sec avg|delta Q|=0.01297707 threshold=0.00500000
Training rounds=800000000 speed=4279127 rounds/sec avg|delta Q|=0.01195147 threshold=0.00500000
Training rounds=900000000 speed=4277302 rounds/sec avg|delta Q|=0.01105051 threshold=0.00500000
Training rounds=1000000000 speed=4239480 rounds/sec avg|delta Q|=0.01039304 threshold=0.00500000
Training rounds=1100000000 speed=4240490 rounds/sec avg|delta Q|=0.00995617 threshold=0.00500000
Training rounds=1200000000 speed=4224698 rounds/sec avg|delta Q|=0.00945278 threshold=0.00500000
Training rounds=1300000000 speed=4216522 rounds/sec avg|delta Q|=0.00909799 threshold=0.00500000
Training rounds=1400000000 speed=4210172 rounds/sec avg|delta Q|=0.00873609 threshold=0.00500000
Training rounds=1500000000 speed=4203953 rounds/sec avg|delta Q|=0.00836567 threshold=0.00500000
Training rounds=1600000000 speed=4178135 rounds/sec avg|delta Q|=0.00815802 threshold=0.00500000
Training rounds=1700000000 speed=4174719 rounds/sec avg|delta Q|=0.00787053 threshold=0.00500000
Training rounds=1800000000 speed=4163294 rounds/sec avg|delta Q|=0.00768608 threshold=0.00500000
Training rounds=1900000000 speed=4155312 rounds/sec avg|delta Q|=0.00740834 threshold=0.00500000
Training rounds=2000000000 speed=4138593 rounds/sec avg|delta Q|=0.00719885 threshold=0.00500000
Training rounds=2100000000 speed=4132874 rounds/sec avg|delta Q|=0.00708121 threshold=0.00500000
Training rounds=2200000000 speed=4121919 rounds/sec avg|delta Q|=0.00683503 threshold=0.00500000
Training rounds=2300000000 speed=4112805 rounds/sec avg|delta Q|=0.00685247 threshold=0.00500000
Training rounds=2400000000 speed=4097080 rounds/sec avg|delta Q|=0.00665091 threshold=0.00500000
Training rounds=2500000000 speed=4083826 rounds/sec avg|delta Q|=0.00641323 threshold=0.00500000
Training rounds=2600000000 speed=4071897 rounds/sec avg|delta Q|=0.00628967 threshold=0.00500000
Training rounds=2700000000 speed=4060242 rounds/sec avg|delta Q|=0.00615615 threshold=0.00500000
Training rounds=2800000000 speed=4057689 rounds/sec avg|delta Q|=0.00606156 threshold=0.00500000
Training rounds=2900000000 speed=4047526 rounds/sec avg|delta Q|=0.00594683 threshold=0.00500000
Training rounds=3000000000 speed=4033190 rounds/sec avg|delta Q|=0.00585627 threshold=0.00500000
Training rounds=3100000000 speed=4026570 rounds/sec avg|delta Q|=0.00574462 threshold=0.00500000
Training rounds=3200000000 speed=4020202 rounds/sec avg|delta Q|=0.00562993 threshold=0.00500000
Training rounds=3300000000 speed=4005496 rounds/sec avg|delta Q|=0.00556188 threshold=0.00500000
Training rounds=3400000000 speed=3997987 rounds/sec avg|delta Q|=0.00550219 threshold=0.00500000
Training rounds=3500000000 speed=3995192 rounds/sec avg|delta Q|=0.00535846 threshold=0.00500000
Training rounds=3600000000 speed=3981667 rounds/sec avg|delta Q|=0.00533491 threshold=0.00500000
Training rounds=3700000000 speed=3977049 rounds/sec avg|delta Q|=0.00528862 threshold=0.00500000
Training rounds=3800000000 speed=3966821 rounds/sec avg|delta Q|=0.00519622 threshold=0.00500000
Training rounds=3900000000 speed=3964293 rounds/sec avg|delta Q|=0.00510877 threshold=0.00500000
Training rounds=4000000000 speed=3957587 rounds/sec avg|delta Q|=0.00502055 threshold=0.00500000
Training rounds=4100000000 speed=3953183 rounds/sec avg|delta Q|=0.00493811 threshold=0.00500000

=== EvaluateCountPolicy ===
Command:          /home/pliops/BlackJackCounts/build/bin/EvaluateCountPolicy --game blackjack --count-name ko --policy full-deviations --output-dir /home/pliops/BlackJackCounts/paper_materials/performance-suites/h17c03_5b_named_counts_continuous/bj3-2/ko_d1/full_deviations --decks 1 --penetration 75 --ss17 false --peek true --surr no --das true --sas 4 --don ANY --rsa false --hsa false --bj 1.5 --factor 0.005 --bias -0.0015945 --count-normalization running --initial-count 0 --initial-count-per-deck 0 --continuous-betting-count true --min-count -20 --max-count 30 --num-rounds 5000000000 --stop-mode diff --sample-rounds 100000000 --diff-threshold 0.005 --eval-rounds 5000000000 --kelly-rounds 1000000 --kelly-measurements 1000 --kelly-min 0.50 --kelly-max 1.00 --kelly-step 0.05 --max-total-wager-fraction 1.0 --num-threads 10 --seed 12345
Game:             blackjack
Scenario:         decks=1_ss17=False_das=True_sas=4_don=Any_reSplitAces=False_hitSplitAces=False_surr=no_peek=True_bj-pays=1.5
Penetration:      75.00000000%
Count:            named count ko
Policy:           fresh full deviations trained for the selected count
Spread:           5000000000 rounds, 1:10
Kelly:            1000 x 1000000 rounds per multiplier
Kelly search:     0.50000000 to 1.00000000 step 0.05000000
Total wager cap:  1.00000000 x round-start bankroll
Threads:          10
Seed:             12345
Output:           /home/pliops/BlackJackCounts/paper_materials/performance-suites/h17c03_5b_named_counts_continuous/bj3-2/ko_d1/full_deviations/

Count weights:
   2  1.000000000000
   3  1.000000000000
   4  1.000000000000
   5  1.000000000000
   6  1.000000000000
   7  1.000000000000
   8  0.000000000000
   9  0.000000000000
  10  -1.000000000000
   J  -1.000000000000
   Q  -1.000000000000
   K  -1.000000000000
   A  -1.000000000000
Transform: running = 0.000000000000 + (0.000000000000 * decks) + tags; selected=running_count
Signal f(c) = -0.001594500000 + 0.005000000000 * c

Running spread and Kelly evaluations...

=== Result ===
Spread edge:               0.108202717300
Kelly growth @1:           1.000185715258
Kelly exposure rounds @1: 1000000000
Mean gross wager/bankroll: 0.009357783159
Max gross wager/bankroll:  0.443838500000
Mean |fX|:                 0.008740181105
Max |fX|:                  0.443838500000

Saved results to /home/pliops/BlackJackCounts/paper_materials/performance-suites/h17c03_5b_named_counts_continuous/bj3-2/ko_d1/full_deviations/
