Training fresh full deviations for the selected count...
Training rounds=100000000 speed=4522227 rounds/sec avg|delta Q|=0.34848478 threshold=0.00500000
Training rounds=200000000 speed=4578021 rounds/sec avg|delta Q|=0.04314851 threshold=0.00500000
Training rounds=300000000 speed=4472005 rounds/sec avg|delta Q|=0.02514114 threshold=0.00500000
Training rounds=400000000 speed=4479685 rounds/sec avg|delta Q|=0.01943971 threshold=0.00500000
Training rounds=500000000 speed=4462931 rounds/sec avg|delta Q|=0.01672983 threshold=0.00500000
Training rounds=600000000 speed=4473639 rounds/sec avg|delta Q|=0.01519369 threshold=0.00500000
Training rounds=700000000 speed=4473873 rounds/sec avg|delta Q|=0.01405253 threshold=0.00500000
Training rounds=800000000 speed=4452186 rounds/sec avg|delta Q|=0.01337085 threshold=0.00500000
Training rounds=900000000 speed=4422170 rounds/sec avg|delta Q|=0.01246253 threshold=0.00500000
Training rounds=1000000000 speed=4414193 rounds/sec avg|delta Q|=0.01189179 threshold=0.00500000
Training rounds=1100000000 speed=4403858 rounds/sec avg|delta Q|=0.01151592 threshold=0.00500000
Training rounds=1200000000 speed=4378715 rounds/sec avg|delta Q|=0.01111254 threshold=0.00500000
Training rounds=1300000000 speed=4377222 rounds/sec avg|delta Q|=0.01064715 threshold=0.00500000
Training rounds=1400000000 speed=4369784 rounds/sec avg|delta Q|=0.01028653 threshold=0.00500000
Training rounds=1500000000 speed=4359401 rounds/sec avg|delta Q|=0.01005985 threshold=0.00500000
Training rounds=1600000000 speed=4340690 rounds/sec avg|delta Q|=0.00968025 threshold=0.00500000
Training rounds=1700000000 speed=4315038 rounds/sec avg|delta Q|=0.00939090 threshold=0.00500000
Training rounds=1800000000 speed=4305623 rounds/sec avg|delta Q|=0.00901931 threshold=0.00500000
Training rounds=1900000000 speed=4300754 rounds/sec avg|delta Q|=0.00880653 threshold=0.00500000
Training rounds=2000000000 speed=4287420 rounds/sec avg|delta Q|=0.00853007 threshold=0.00500000
Training rounds=2100000000 speed=4278197 rounds/sec avg|delta Q|=0.00811131 threshold=0.00500000
Training rounds=2200000000 speed=4274667 rounds/sec avg|delta Q|=0.00815705 threshold=0.00500000
Training rounds=2300000000 speed=4257162 rounds/sec avg|delta Q|=0.00788844 threshold=0.00500000
Training rounds=2400000000 speed=4247976 rounds/sec avg|delta Q|=0.00766631 threshold=0.00500000
Training rounds=2500000000 speed=4229560 rounds/sec avg|delta Q|=0.00758575 threshold=0.00500000
Training rounds=2600000000 speed=4225821 rounds/sec avg|delta Q|=0.00738458 threshold=0.00500000
Training rounds=2700000000 speed=4215384 rounds/sec avg|delta Q|=0.00726063 threshold=0.00500000
Training rounds=2800000000 speed=4209438 rounds/sec avg|delta Q|=0.00694990 threshold=0.00500000
Training rounds=2900000000 speed=4201729 rounds/sec avg|delta Q|=0.00686887 threshold=0.00500000
Training rounds=3000000000 speed=4188716 rounds/sec avg|delta Q|=0.00669392 threshold=0.00500000
Training rounds=3100000000 speed=4181391 rounds/sec avg|delta Q|=0.00658723 threshold=0.00500000
Training rounds=3200000000 speed=4169571 rounds/sec avg|delta Q|=0.00655290 threshold=0.00500000
Training rounds=3300000000 speed=4164012 rounds/sec avg|delta Q|=0.00626712 threshold=0.00500000
Training rounds=3400000000 speed=4152261 rounds/sec avg|delta Q|=0.00617906 threshold=0.00500000
Training rounds=3500000000 speed=4146001 rounds/sec avg|delta Q|=0.00616142 threshold=0.00500000
Training rounds=3600000000 speed=4139025 rounds/sec avg|delta Q|=0.00599772 threshold=0.00500000
Training rounds=3700000000 speed=4131802 rounds/sec avg|delta Q|=0.00587615 threshold=0.00500000
Training rounds=3800000000 speed=4124759 rounds/sec avg|delta Q|=0.00568921 threshold=0.00500000
Training rounds=3900000000 speed=4118068 rounds/sec avg|delta Q|=0.00556000 threshold=0.00500000
Training rounds=4000000000 speed=4113263 rounds/sec avg|delta Q|=0.00553985 threshold=0.00500000
Training rounds=4100000000 speed=4102983 rounds/sec avg|delta Q|=0.00554538 threshold=0.00500000
Training rounds=4200000000 speed=4098289 rounds/sec avg|delta Q|=0.00536085 threshold=0.00500000
Training rounds=4300000000 speed=4094181 rounds/sec avg|delta Q|=0.00527397 threshold=0.00500000
Training rounds=4400000000 speed=4091512 rounds/sec avg|delta Q|=0.00515491 threshold=0.00500000
Training rounds=4500000000 speed=4080178 rounds/sec avg|delta Q|=0.00508999 threshold=0.00500000
Training rounds=4600000000 speed=4076359 rounds/sec avg|delta Q|=0.00506785 threshold=0.00500000
Training rounds=4700000000 speed=4079744 rounds/sec avg|delta Q|=0.00498364 threshold=0.00500000

=== EvaluateCountPolicy ===
Command:          /home/pliops/BlackJackCounts/build/bin/EvaluateCountPolicy --game blackjack --count-name hiopt2 --policy full-deviations --output-dir /home/pliops/BlackJackCounts/paper_materials/performance-suites/h17c03_5b_named_counts_continuous/bj6-5/hiopt2_d6/full_deviations --decks 6 --penetration 75 --ss17 false --peek true --surr no --das true --sas 4 --don ANY --rsa false --hsa false --bj 1.2 --factor 0.005 --bias -0.0199842 --count-normalization true --continuous-betting-count true --min-count -5 --max-count 5 --num-rounds 5000000000 --stop-mode diff --sample-rounds 100000000 --diff-threshold 0.005 --eval-rounds 5000000000 --kelly-rounds 1000000 --kelly-measurements 1000 --kelly-min 0.50 --kelly-max 1.00 --kelly-step 0.05 --max-total-wager-fraction 1.0 --num-threads 10 --seed 12345
Game:             blackjack
Scenario:         decks=6_ss17=False_das=True_sas=4_don=Any_reSplitAces=False_hitSplitAces=False_surr=no_peek=True_bj-pays=1.2
Penetration:      75.00000000%
Count:            named count hiopt2
Policy:           fresh full deviations trained for the selected count
Spread:           5000000000 rounds, 1:10
Kelly:            1000 x 1000000 rounds per multiplier
Kelly search:     0.50000000 to 1.00000000 step 0.05000000
Total wager cap:  1.00000000 x round-start bankroll
Threads:          10
Seed:             12345
Output:           /home/pliops/BlackJackCounts/paper_materials/performance-suites/h17c03_5b_named_counts_continuous/bj6-5/hiopt2_d6/full_deviations/

Count weights:
   2  1.000000000000
   3  1.000000000000
   4  2.000000000000
   5  2.000000000000
   6  1.000000000000
   7  1.000000000000
   8  0.000000000000
   9  0.000000000000
  10  -2.000000000000
   J  -2.000000000000
   Q  -2.000000000000
   K  -2.000000000000
   A  0.000000000000
Transform: running = 0.000000000000 + (0.000000000000 * decks) + tags; selected=true_count
Signal f(c) = -0.019984200000 + 0.005000000000 * c

Running spread and Kelly evaluations...

=== Result ===
Spread edge:               -0.018326085860
Kelly growth @1:           0.999983964404
Kelly exposure rounds @1: 1000000000
Mean gross wager/bankroll: 0.001900378076
Max gross wager/bankroll:  0.672926133981
Mean |fX|:                 0.001739804417
Max |fX|:                  0.672926133981

Saved results to /home/pliops/BlackJackCounts/paper_materials/performance-suites/h17c03_5b_named_counts_continuous/bj6-5/hiopt2_d6/full_deviations/
