Training fresh full deviations for the selected count...
Training rounds=100000000 speed=3610630 rounds/sec avg|delta Q|=0.21097489 threshold=0.00500000
Training rounds=200000000 speed=3533382 rounds/sec avg|delta Q|=0.04741921 threshold=0.00500000
Training rounds=300000000 speed=3537277 rounds/sec avg|delta Q|=0.02965381 threshold=0.00500000
Training rounds=400000000 speed=3461825 rounds/sec avg|delta Q|=0.02276767 threshold=0.00500000
Training rounds=500000000 speed=3401129 rounds/sec avg|delta Q|=0.01897335 threshold=0.00500000
Training rounds=600000000 speed=3370938 rounds/sec avg|delta Q|=0.01659794 threshold=0.00500000
Training rounds=700000000 speed=3356043 rounds/sec avg|delta Q|=0.01503094 threshold=0.00500000
Training rounds=800000000 speed=3340306 rounds/sec avg|delta Q|=0.01382278 threshold=0.00500000
Training rounds=900000000 speed=3328747 rounds/sec avg|delta Q|=0.01302199 threshold=0.00500000
Training rounds=1000000000 speed=3317234 rounds/sec avg|delta Q|=0.01233133 threshold=0.00500000
Training rounds=1100000000 speed=3300281 rounds/sec avg|delta Q|=0.01172766 threshold=0.00500000
Training rounds=1200000000 speed=3289402 rounds/sec avg|delta Q|=0.01124392 threshold=0.00500000
Training rounds=1300000000 speed=3277697 rounds/sec avg|delta Q|=0.01080705 threshold=0.00500000
Training rounds=1400000000 speed=3268210 rounds/sec avg|delta Q|=0.01048991 threshold=0.00500000
Training rounds=1500000000 speed=3265939 rounds/sec avg|delta Q|=0.01009798 threshold=0.00500000
Training rounds=1600000000 speed=3254500 rounds/sec avg|delta Q|=0.00977581 threshold=0.00500000
Training rounds=1700000000 speed=3241893 rounds/sec avg|delta Q|=0.00961698 threshold=0.00500000
Training rounds=1800000000 speed=3238336 rounds/sec avg|delta Q|=0.00932316 threshold=0.00500000
Training rounds=1900000000 speed=3233058 rounds/sec avg|delta Q|=0.00906547 threshold=0.00500000
Training rounds=2000000000 speed=3224595 rounds/sec avg|delta Q|=0.00892356 threshold=0.00500000
Training rounds=2100000000 speed=3225172 rounds/sec avg|delta Q|=0.00868866 threshold=0.00500000
Training rounds=2200000000 speed=3216534 rounds/sec avg|delta Q|=0.00854228 threshold=0.00500000
Training rounds=2300000000 speed=3218588 rounds/sec avg|delta Q|=0.00839099 threshold=0.00500000
Training rounds=2400000000 speed=3217365 rounds/sec avg|delta Q|=0.00821610 threshold=0.00500000
Training rounds=2500000000 speed=3221479 rounds/sec avg|delta Q|=0.00801283 threshold=0.00500000
Training rounds=2600000000 speed=3217858 rounds/sec avg|delta Q|=0.00794286 threshold=0.00500000
Training rounds=2700000000 speed=3214737 rounds/sec avg|delta Q|=0.00773778 threshold=0.00500000
Training rounds=2800000000 speed=3217518 rounds/sec avg|delta Q|=0.00767866 threshold=0.00500000
Training rounds=2900000000 speed=3214564 rounds/sec avg|delta Q|=0.00747451 threshold=0.00500000
Training rounds=3000000000 speed=3214097 rounds/sec avg|delta Q|=0.00738327 threshold=0.00500000
Training rounds=3100000000 speed=3213184 rounds/sec avg|delta Q|=0.00728334 threshold=0.00500000
Training rounds=3200000000 speed=3210598 rounds/sec avg|delta Q|=0.00720340 threshold=0.00500000
Training rounds=3300000000 speed=3207720 rounds/sec avg|delta Q|=0.00707605 threshold=0.00500000
Training rounds=3400000000 speed=3208377 rounds/sec avg|delta Q|=0.00696507 threshold=0.00500000
Training rounds=3500000000 speed=3209778 rounds/sec avg|delta Q|=0.00686096 threshold=0.00500000
Training rounds=3600000000 speed=3206930 rounds/sec avg|delta Q|=0.00677616 threshold=0.00500000
Training rounds=3700000000 speed=3207407 rounds/sec avg|delta Q|=0.00671312 threshold=0.00500000
Training rounds=3800000000 speed=3205553 rounds/sec avg|delta Q|=0.00658212 threshold=0.00500000
Training rounds=3900000000 speed=3202533 rounds/sec avg|delta Q|=0.00650982 threshold=0.00500000
Training rounds=4000000000 speed=3202744 rounds/sec avg|delta Q|=0.00642962 threshold=0.00500000
Training rounds=4100000000 speed=3198113 rounds/sec avg|delta Q|=0.00631207 threshold=0.00500000
Training rounds=4200000000 speed=3194094 rounds/sec avg|delta Q|=0.00627474 threshold=0.00500000
Training rounds=4300000000 speed=3190654 rounds/sec avg|delta Q|=0.00619104 threshold=0.00500000
Training rounds=4400000000 speed=3186559 rounds/sec avg|delta Q|=0.00611716 threshold=0.00500000
Training rounds=4500000000 speed=3182731 rounds/sec avg|delta Q|=0.00605442 threshold=0.00500000
Training rounds=4600000000 speed=3177283 rounds/sec avg|delta Q|=0.00594256 threshold=0.00500000
Training rounds=4700000000 speed=3172178 rounds/sec avg|delta Q|=0.00590878 threshold=0.00500000
Training rounds=4800000000 speed=3168221 rounds/sec avg|delta Q|=0.00590483 threshold=0.00500000
Training rounds=4900000000 speed=3165667 rounds/sec avg|delta Q|=0.00580974 threshold=0.00500000
Training rounds=5000000000 speed=3161647 rounds/sec avg|delta Q|=0.00573833 threshold=0.00500000
Training rounds=5100000000 speed=3159464 rounds/sec avg|delta Q|=0.00566718 threshold=0.00500000
Training rounds=5200000000 speed=3154712 rounds/sec avg|delta Q|=0.00562369 threshold=0.00500000
Training rounds=5300000000 speed=3152786 rounds/sec avg|delta Q|=0.00554456 threshold=0.00500000
Training rounds=5400000000 speed=3149219 rounds/sec avg|delta Q|=0.00553945 threshold=0.00500000
Training rounds=5500000000 speed=3146907 rounds/sec avg|delta Q|=0.00545507 threshold=0.00500000
Training rounds=5600000000 speed=3142466 rounds/sec avg|delta Q|=0.00542917 threshold=0.00500000
Training rounds=5700000000 speed=3140586 rounds/sec avg|delta Q|=0.00538597 threshold=0.00500000
Training rounds=5800000000 speed=3137404 rounds/sec avg|delta Q|=0.00534225 threshold=0.00500000
Training rounds=5900000000 speed=3136259 rounds/sec avg|delta Q|=0.00526675 threshold=0.00500000
Training rounds=6000000000 speed=3136037 rounds/sec avg|delta Q|=0.00523526 threshold=0.00500000
Training rounds=6100000000 speed=3136273 rounds/sec avg|delta Q|=0.00515698 threshold=0.00500000
Training rounds=6200000000 speed=3136568 rounds/sec avg|delta Q|=0.00514912 threshold=0.00500000
Training rounds=6300000000 speed=3135895 rounds/sec avg|delta Q|=0.00510583 threshold=0.00500000
Training rounds=6400000000 speed=3135308 rounds/sec avg|delta Q|=0.00503569 threshold=0.00500000
Training rounds=6500000000 speed=3135640 rounds/sec avg|delta Q|=0.00500674 threshold=0.00500000
Training rounds=6600000000 speed=3135681 rounds/sec avg|delta Q|=0.00495234 threshold=0.00500000

=== EvaluateCountPolicy ===
Command:          /home/pliops/BlackJackCounts/build/bin/EvaluateCountPolicy --game blackjack --count-name ko --policy full-deviations --output-dir /home/pliops/BlackJackCounts/paper_materials/performance-suites/h17c03_5b_named_counts_continuous/bj3-2/ko_d6/full_deviations --decks 6 --penetration 75 --ss17 false --peek true --surr no --das true --sas 4 --don ANY --rsa false --hsa false --bj 1.5 --factor 0.005 --bias -0.0063873 --count-normalization running --initial-count 0 --initial-count-per-deck 0 --continuous-betting-count true --min-count -20 --max-count 30 --num-rounds 5000000000 --stop-mode diff --sample-rounds 100000000 --diff-threshold 0.005 --eval-rounds 5000000000 --kelly-rounds 1000000 --kelly-measurements 1000 --kelly-min 0.50 --kelly-max 1.00 --kelly-step 0.05 --max-total-wager-fraction 1.0 --num-threads 10 --seed 12345
Game:             blackjack
Scenario:         decks=6_ss17=False_das=True_sas=4_don=Any_reSplitAces=False_hitSplitAces=False_surr=no_peek=True_bj-pays=1.5
Penetration:      75.00000000%
Count:            named count ko
Policy:           fresh full deviations trained for the selected count
Spread:           5000000000 rounds, 1:10
Kelly:            1000 x 1000000 rounds per multiplier
Kelly search:     0.50000000 to 1.00000000 step 0.05000000
Total wager cap:  1.00000000 x round-start bankroll
Threads:          10
Seed:             12345
Output:           /home/pliops/BlackJackCounts/paper_materials/performance-suites/h17c03_5b_named_counts_continuous/bj3-2/ko_d6/full_deviations/

Count weights:
   2  1.000000000000
   3  1.000000000000
   4  1.000000000000
   5  1.000000000000
   6  1.000000000000
   7  1.000000000000
   8  0.000000000000
   9  0.000000000000
  10  -1.000000000000
   J  -1.000000000000
   Q  -1.000000000000
   K  -1.000000000000
   A  -1.000000000000
Transform: running = 0.000000000000 + (0.000000000000 * decks) + tags; selected=running_count
Signal f(c) = -0.006387300000 + 0.005000000000 * c

Running spread and Kelly evaluations...

=== Result ===
Spread edge:               -0.027649247600
Kelly growth @1:           0.965013527092
Kelly exposure rounds @1: 1000000000
Mean gross wager/bankroll: 0.046847129900
Max gross wager/bankroll:  1.428901600000
Mean |fX|:                 0.043516756413
Max |fX|:                  1.355288900000

Saved results to /home/pliops/BlackJackCounts/paper_materials/performance-suites/h17c03_5b_named_counts_continuous/bj3-2/ko_d6/full_deviations/
