Training fresh full deviations for the selected count...
Training rounds=100000000 speed=4441286 rounds/sec avg|delta Q|=0.33217870 threshold=0.00500000
Training rounds=200000000 speed=4433705 rounds/sec avg|delta Q|=0.04276749 threshold=0.00500000
Training rounds=300000000 speed=4368656 rounds/sec avg|delta Q|=0.02668228 threshold=0.00500000
Training rounds=400000000 speed=4326944 rounds/sec avg|delta Q|=0.02081053 threshold=0.00500000
Training rounds=500000000 speed=4317044 rounds/sec avg|delta Q|=0.01807238 threshold=0.00500000
Training rounds=600000000 speed=4288073 rounds/sec avg|delta Q|=0.01597023 threshold=0.00500000
Training rounds=700000000 speed=4252372 rounds/sec avg|delta Q|=0.01470794 threshold=0.00500000
Training rounds=800000000 speed=4232446 rounds/sec avg|delta Q|=0.01364858 threshold=0.00500000
Training rounds=900000000 speed=4212103 rounds/sec avg|delta Q|=0.01274945 threshold=0.00500000
Training rounds=1000000000 speed=4187026 rounds/sec avg|delta Q|=0.01217675 threshold=0.00500000
Training rounds=1100000000 speed=4169747 rounds/sec avg|delta Q|=0.01162061 threshold=0.00500000
Training rounds=1200000000 speed=4150138 rounds/sec avg|delta Q|=0.01115957 threshold=0.00500000
Training rounds=1300000000 speed=4147458 rounds/sec avg|delta Q|=0.01085286 threshold=0.00500000
Training rounds=1400000000 speed=4144980 rounds/sec avg|delta Q|=0.01058882 threshold=0.00500000
Training rounds=1500000000 speed=4127922 rounds/sec avg|delta Q|=0.01016624 threshold=0.00500000
Training rounds=1600000000 speed=4112064 rounds/sec avg|delta Q|=0.00962689 threshold=0.00500000
Training rounds=1700000000 speed=4103327 rounds/sec avg|delta Q|=0.00935972 threshold=0.00500000
Training rounds=1800000000 speed=4089654 rounds/sec avg|delta Q|=0.00914624 threshold=0.00500000
Training rounds=1900000000 speed=4089830 rounds/sec avg|delta Q|=0.00898735 threshold=0.00500000
Training rounds=2000000000 speed=4080225 rounds/sec avg|delta Q|=0.00873199 threshold=0.00500000
Training rounds=2100000000 speed=4082926 rounds/sec avg|delta Q|=0.00851227 threshold=0.00500000
Training rounds=2200000000 speed=4078424 rounds/sec avg|delta Q|=0.00824234 threshold=0.00500000
Training rounds=2300000000 speed=4072707 rounds/sec avg|delta Q|=0.00827217 threshold=0.00500000
Training rounds=2400000000 speed=4067273 rounds/sec avg|delta Q|=0.00789811 threshold=0.00500000
Training rounds=2500000000 speed=4059265 rounds/sec avg|delta Q|=0.00781495 threshold=0.00500000
Training rounds=2600000000 speed=4056542 rounds/sec avg|delta Q|=0.00751620 threshold=0.00500000
Training rounds=2700000000 speed=4049585 rounds/sec avg|delta Q|=0.00734469 threshold=0.00500000
Training rounds=2800000000 speed=4051031 rounds/sec avg|delta Q|=0.00715363 threshold=0.00500000
Training rounds=2900000000 speed=4049329 rounds/sec avg|delta Q|=0.00711191 threshold=0.00500000
Training rounds=3000000000 speed=4048982 rounds/sec avg|delta Q|=0.00686233 threshold=0.00500000
Training rounds=3100000000 speed=4046723 rounds/sec avg|delta Q|=0.00679440 threshold=0.00500000
Training rounds=3200000000 speed=4037381 rounds/sec avg|delta Q|=0.00672843 threshold=0.00500000
Training rounds=3300000000 speed=4033934 rounds/sec avg|delta Q|=0.00662164 threshold=0.00500000
Training rounds=3400000000 speed=4030499 rounds/sec avg|delta Q|=0.00650813 threshold=0.00500000
Training rounds=3500000000 speed=4028360 rounds/sec avg|delta Q|=0.00629656 threshold=0.00500000
Training rounds=3600000000 speed=4028409 rounds/sec avg|delta Q|=0.00628029 threshold=0.00500000
Training rounds=3700000000 speed=4026917 rounds/sec avg|delta Q|=0.00613735 threshold=0.00500000
Training rounds=3800000000 speed=4027775 rounds/sec avg|delta Q|=0.00593757 threshold=0.00500000
Training rounds=3900000000 speed=4025241 rounds/sec avg|delta Q|=0.00599354 threshold=0.00500000
Training rounds=4000000000 speed=4023206 rounds/sec avg|delta Q|=0.00586962 threshold=0.00500000
Training rounds=4100000000 speed=4015773 rounds/sec avg|delta Q|=0.00568350 threshold=0.00500000
Training rounds=4200000000 speed=4015895 rounds/sec avg|delta Q|=0.00560066 threshold=0.00500000
Training rounds=4300000000 speed=4014403 rounds/sec avg|delta Q|=0.00545708 threshold=0.00500000
Training rounds=4400000000 speed=4010800 rounds/sec avg|delta Q|=0.00541560 threshold=0.00500000
Training rounds=4500000000 speed=4012083 rounds/sec avg|delta Q|=0.00533376 threshold=0.00500000
Training rounds=4600000000 speed=4008383 rounds/sec avg|delta Q|=0.00529789 threshold=0.00500000
Training rounds=4700000000 speed=4008419 rounds/sec avg|delta Q|=0.00519264 threshold=0.00500000
Training rounds=4800000000 speed=4002068 rounds/sec avg|delta Q|=0.00514582 threshold=0.00500000
Training rounds=4900000000 speed=4000333 rounds/sec avg|delta Q|=0.00511961 threshold=0.00500000
Training rounds=5000000000 speed=3998768 rounds/sec avg|delta Q|=0.00497175 threshold=0.00500000

=== EvaluateCountPolicy ===
Command:          /home/pliops/BlackJackCounts/build/bin/EvaluateCountPolicy --game blackjack --count-name hiopt1 --policy full-deviations --output-dir /home/pliops/BlackJackCounts/paper_materials/performance-suites/h17c03_5b_named_counts_continuous/bj6-5/hiopt1_d1/full_deviations --decks 1 --penetration 75 --ss17 false --peek true --surr no --das true --sas 4 --don ANY --rsa false --hsa false --bj 1.2 --factor 0.005 --bias -0.0155422 --count-normalization true --continuous-betting-count true --min-count -5 --max-count 5 --num-rounds 5000000000 --stop-mode diff --sample-rounds 100000000 --diff-threshold 0.005 --eval-rounds 5000000000 --kelly-rounds 1000000 --kelly-measurements 1000 --kelly-min 0.50 --kelly-max 1.00 --kelly-step 0.05 --max-total-wager-fraction 1.0 --num-threads 10 --seed 12345
Game:             blackjack
Scenario:         decks=1_ss17=False_das=True_sas=4_don=Any_reSplitAces=False_hitSplitAces=False_surr=no_peek=True_bj-pays=1.2
Penetration:      75.00000000%
Count:            named count hiopt1
Policy:           fresh full deviations trained for the selected count
Spread:           5000000000 rounds, 1:10
Kelly:            1000 x 1000000 rounds per multiplier
Kelly search:     0.50000000 to 1.00000000 step 0.05000000
Total wager cap:  1.00000000 x round-start bankroll
Threads:          10
Seed:             12345
Output:           /home/pliops/BlackJackCounts/paper_materials/performance-suites/h17c03_5b_named_counts_continuous/bj6-5/hiopt1_d1/full_deviations/

Count weights:
   2  0.000000000000
   3  1.000000000000
   4  1.000000000000
   5  1.000000000000
   6  1.000000000000
   7  0.000000000000
   8  0.000000000000
   9  0.000000000000
  10  -1.000000000000
   J  -1.000000000000
   Q  -1.000000000000
   K  -1.000000000000
   A  0.000000000000
Transform: running = 0.000000000000 + (0.000000000000 * decks) + tags; selected=true_count
Signal f(c) = -0.015542200000 + 0.005000000000 * c

Running spread and Kelly evaluations...

=== Result ===
Spread edge:               0.036262918928
Kelly growth @1:           1.000068670077
Kelly exposure rounds @1: 1000000000
Mean gross wager/bankroll: 0.004132658857
Max gross wager/bankroll:  0.881746800000
Mean |fX|:                 0.003748681861
Max |fX|:                  0.881746800000

Saved results to /home/pliops/BlackJackCounts/paper_materials/performance-suites/h17c03_5b_named_counts_continuous/bj6-5/hiopt1_d1/full_deviations/
