Training fresh full deviations for the selected count...
Training rounds=100000000 speed=4544835 rounds/sec avg|delta Q|=0.34069445 threshold=0.00500000
Training rounds=200000000 speed=4461995 rounds/sec avg|delta Q|=0.04350636 threshold=0.00500000
Training rounds=300000000 speed=4346755 rounds/sec avg|delta Q|=0.02662437 threshold=0.00500000
Training rounds=400000000 speed=4356539 rounds/sec avg|delta Q|=0.02077650 threshold=0.00500000
Training rounds=500000000 speed=4315777 rounds/sec avg|delta Q|=0.01741624 threshold=0.00500000
Training rounds=600000000 speed=4285898 rounds/sec avg|delta Q|=0.01562164 threshold=0.00500000
Training rounds=700000000 speed=4243968 rounds/sec avg|delta Q|=0.01437130 threshold=0.00500000
Training rounds=800000000 speed=4268784 rounds/sec avg|delta Q|=0.01337922 threshold=0.00500000
Training rounds=900000000 speed=4245483 rounds/sec avg|delta Q|=0.01271441 threshold=0.00500000
Training rounds=1000000000 speed=4213099 rounds/sec avg|delta Q|=0.01226097 threshold=0.00500000
Training rounds=1100000000 speed=4196023 rounds/sec avg|delta Q|=0.01160723 threshold=0.00500000
Training rounds=1200000000 speed=4172955 rounds/sec avg|delta Q|=0.01115711 threshold=0.00500000
Training rounds=1300000000 speed=4160466 rounds/sec avg|delta Q|=0.01077702 threshold=0.00500000
Training rounds=1400000000 speed=4140542 rounds/sec avg|delta Q|=0.01035878 threshold=0.00500000
Training rounds=1500000000 speed=4143189 rounds/sec avg|delta Q|=0.01012215 threshold=0.00500000
Training rounds=1600000000 speed=4125093 rounds/sec avg|delta Q|=0.00981694 threshold=0.00500000
Training rounds=1700000000 speed=4126704 rounds/sec avg|delta Q|=0.00955222 threshold=0.00500000
Training rounds=1800000000 speed=4119464 rounds/sec avg|delta Q|=0.00916719 threshold=0.00500000
Training rounds=1900000000 speed=4115592 rounds/sec avg|delta Q|=0.00906859 threshold=0.00500000
Training rounds=2000000000 speed=4106178 rounds/sec avg|delta Q|=0.00876779 threshold=0.00500000
Training rounds=2100000000 speed=4094373 rounds/sec avg|delta Q|=0.00848040 threshold=0.00500000
Training rounds=2200000000 speed=4092110 rounds/sec avg|delta Q|=0.00835292 threshold=0.00500000
Training rounds=2300000000 speed=4092629 rounds/sec avg|delta Q|=0.00808631 threshold=0.00500000
Training rounds=2400000000 speed=4080890 rounds/sec avg|delta Q|=0.00802372 threshold=0.00500000
Training rounds=2500000000 speed=4070335 rounds/sec avg|delta Q|=0.00763781 threshold=0.00500000
Training rounds=2600000000 speed=4071776 rounds/sec avg|delta Q|=0.00751939 threshold=0.00500000
Training rounds=2700000000 speed=4062185 rounds/sec avg|delta Q|=0.00731749 threshold=0.00500000
Training rounds=2800000000 speed=4052714 rounds/sec avg|delta Q|=0.00715968 threshold=0.00500000
Training rounds=2900000000 speed=4051785 rounds/sec avg|delta Q|=0.00711489 threshold=0.00500000
Training rounds=3000000000 speed=4045646 rounds/sec avg|delta Q|=0.00688946 threshold=0.00500000
Training rounds=3100000000 speed=4034026 rounds/sec avg|delta Q|=0.00664967 threshold=0.00500000
Training rounds=3200000000 speed=4034902 rounds/sec avg|delta Q|=0.00664301 threshold=0.00500000
Training rounds=3300000000 speed=4023929 rounds/sec avg|delta Q|=0.00651866 threshold=0.00500000
Training rounds=3400000000 speed=4024378 rounds/sec avg|delta Q|=0.00630409 threshold=0.00500000
Training rounds=3500000000 speed=4023937 rounds/sec avg|delta Q|=0.00621761 threshold=0.00500000
Training rounds=3600000000 speed=4017938 rounds/sec avg|delta Q|=0.00607892 threshold=0.00500000
Training rounds=3700000000 speed=4015018 rounds/sec avg|delta Q|=0.00602973 threshold=0.00500000
Training rounds=3800000000 speed=4009589 rounds/sec avg|delta Q|=0.00599463 threshold=0.00500000
Training rounds=3900000000 speed=4008556 rounds/sec avg|delta Q|=0.00584727 threshold=0.00500000
Training rounds=4000000000 speed=4002133 rounds/sec avg|delta Q|=0.00572976 threshold=0.00500000
Training rounds=4100000000 speed=3997344 rounds/sec avg|delta Q|=0.00562828 threshold=0.00500000
Training rounds=4200000000 speed=3988396 rounds/sec avg|delta Q|=0.00561710 threshold=0.00500000
Training rounds=4300000000 speed=3978755 rounds/sec avg|delta Q|=0.00552896 threshold=0.00500000
Training rounds=4400000000 speed=3973680 rounds/sec avg|delta Q|=0.00537740 threshold=0.00500000
Training rounds=4500000000 speed=3965774 rounds/sec avg|delta Q|=0.00525949 threshold=0.00500000
Training rounds=4600000000 speed=3959063 rounds/sec avg|delta Q|=0.00523166 threshold=0.00500000
Training rounds=4700000000 speed=3950689 rounds/sec avg|delta Q|=0.00515650 threshold=0.00500000
Training rounds=4800000000 speed=3942544 rounds/sec avg|delta Q|=0.00511296 threshold=0.00500000
Training rounds=4900000000 speed=3935095 rounds/sec avg|delta Q|=0.00496769 threshold=0.00500000

=== EvaluateCountPolicy ===
Command:          /home/pliops/BlackJackCounts/build/bin/EvaluateCountPolicy --game blackjack --count-name hiopt2 --policy full-deviations --output-dir /home/pliops/BlackJackCounts/paper_materials/performance-suites/h17c03_5b_named_counts_continuous/bj3-2/hiopt2_d2/full_deviations --decks 2 --penetration 75 --ss17 false --peek true --surr no --das true --sas 4 --don ANY --rsa false --hsa false --bj 1.5 --factor 0.005 --bias -0.0045688 --count-normalization true --continuous-betting-count true --min-count -5 --max-count 5 --num-rounds 5000000000 --stop-mode diff --sample-rounds 100000000 --diff-threshold 0.005 --eval-rounds 5000000000 --kelly-rounds 1000000 --kelly-measurements 1000 --kelly-min 0.50 --kelly-max 1.00 --kelly-step 0.05 --max-total-wager-fraction 1.0 --num-threads 10 --seed 12345
Game:             blackjack
Scenario:         decks=2_ss17=False_das=True_sas=4_don=Any_reSplitAces=False_hitSplitAces=False_surr=no_peek=True_bj-pays=1.5
Penetration:      75.00000000%
Count:            named count hiopt2
Policy:           fresh full deviations trained for the selected count
Spread:           5000000000 rounds, 1:10
Kelly:            1000 x 1000000 rounds per multiplier
Kelly search:     0.50000000 to 1.00000000 step 0.05000000
Total wager cap:  1.00000000 x round-start bankroll
Threads:          10
Seed:             12345
Output:           /home/pliops/BlackJackCounts/paper_materials/performance-suites/h17c03_5b_named_counts_continuous/bj3-2/hiopt2_d2/full_deviations/

Count weights:
   2  1.000000000000
   3  1.000000000000
   4  2.000000000000
   5  2.000000000000
   6  1.000000000000
   7  1.000000000000
   8  0.000000000000
   9  0.000000000000
  10  -2.000000000000
   J  -2.000000000000
   Q  -2.000000000000
   K  -2.000000000000
   A  0.000000000000
Transform: running = 0.000000000000 + (0.000000000000 * decks) + tags; selected=true_count
Signal f(c) = -0.004568800000 + 0.005000000000 * c

Running spread and Kelly evaluations...

=== Result ===
Spread edge:               0.055156200100
Kelly growth @1:           0.999985300751
Kelly exposure rounds @1: 1000000000
Mean gross wager/bankroll: 0.010720076714
Max gross wager/bankroll:  0.998584571429
Mean |fX|:                 0.009971114180
Max |fX|:                  0.998584571429

Saved results to /home/pliops/BlackJackCounts/paper_materials/performance-suites/h17c03_5b_named_counts_continuous/bj3-2/hiopt2_d2/full_deviations/
