Training fresh full deviations for the selected count...
Training rounds=100000000 speed=4633491 rounds/sec avg|delta Q|=0.33664732 threshold=0.00500000
Training rounds=200000000 speed=4650838 rounds/sec avg|delta Q|=0.04352859 threshold=0.00500000
Training rounds=300000000 speed=4681648 rounds/sec avg|delta Q|=0.02689557 threshold=0.00500000
Training rounds=400000000 speed=4649325 rounds/sec avg|delta Q|=0.02055425 threshold=0.00500000
Training rounds=500000000 speed=4599012 rounds/sec avg|delta Q|=0.01764974 threshold=0.00500000
Training rounds=600000000 speed=4535285 rounds/sec avg|delta Q|=0.01555769 threshold=0.00500000
Training rounds=700000000 speed=4540825 rounds/sec avg|delta Q|=0.01407331 threshold=0.00500000
Training rounds=800000000 speed=4501590 rounds/sec avg|delta Q|=0.01331263 threshold=0.00500000
Training rounds=900000000 speed=4506016 rounds/sec avg|delta Q|=0.01278352 threshold=0.00500000
Training rounds=1000000000 speed=4490507 rounds/sec avg|delta Q|=0.01217611 threshold=0.00500000
Training rounds=1100000000 speed=4466787 rounds/sec avg|delta Q|=0.01155464 threshold=0.00500000
Training rounds=1200000000 speed=4455997 rounds/sec avg|delta Q|=0.01106966 threshold=0.00500000
Training rounds=1300000000 speed=4445812 rounds/sec avg|delta Q|=0.01089460 threshold=0.00500000
Training rounds=1400000000 speed=4429314 rounds/sec avg|delta Q|=0.01038798 threshold=0.00500000
Training rounds=1500000000 speed=4418301 rounds/sec avg|delta Q|=0.01019391 threshold=0.00500000
Training rounds=1600000000 speed=4409596 rounds/sec avg|delta Q|=0.00975075 threshold=0.00500000
Training rounds=1700000000 speed=4394945 rounds/sec avg|delta Q|=0.00946955 threshold=0.00500000
Training rounds=1800000000 speed=4383583 rounds/sec avg|delta Q|=0.00914169 threshold=0.00500000
Training rounds=1900000000 speed=4373547 rounds/sec avg|delta Q|=0.00892061 threshold=0.00500000
Training rounds=2000000000 speed=4363620 rounds/sec avg|delta Q|=0.00868500 threshold=0.00500000
Training rounds=2100000000 speed=4358049 rounds/sec avg|delta Q|=0.00848936 threshold=0.00500000
Training rounds=2200000000 speed=4344486 rounds/sec avg|delta Q|=0.00824177 threshold=0.00500000
Training rounds=2300000000 speed=4341507 rounds/sec avg|delta Q|=0.00809632 threshold=0.00500000
Training rounds=2400000000 speed=4337501 rounds/sec avg|delta Q|=0.00782322 threshold=0.00500000
Training rounds=2500000000 speed=4322582 rounds/sec avg|delta Q|=0.00772549 threshold=0.00500000
Training rounds=2600000000 speed=4322024 rounds/sec avg|delta Q|=0.00751247 threshold=0.00500000
Training rounds=2700000000 speed=4308110 rounds/sec avg|delta Q|=0.00729400 threshold=0.00500000
Training rounds=2800000000 speed=4307175 rounds/sec avg|delta Q|=0.00712277 threshold=0.00500000
Training rounds=2900000000 speed=4294528 rounds/sec avg|delta Q|=0.00712396 threshold=0.00500000
Training rounds=3000000000 speed=4292564 rounds/sec avg|delta Q|=0.00685189 threshold=0.00500000
Training rounds=3100000000 speed=4289672 rounds/sec avg|delta Q|=0.00673756 threshold=0.00500000
Training rounds=3200000000 speed=4285362 rounds/sec avg|delta Q|=0.00656493 threshold=0.00500000
Training rounds=3300000000 speed=4282355 rounds/sec avg|delta Q|=0.00649168 threshold=0.00500000
Training rounds=3400000000 speed=4270917 rounds/sec avg|delta Q|=0.00643919 threshold=0.00500000
Training rounds=3500000000 speed=4265530 rounds/sec avg|delta Q|=0.00629986 threshold=0.00500000
Training rounds=3600000000 speed=4265266 rounds/sec avg|delta Q|=0.00611343 threshold=0.00500000
Training rounds=3700000000 speed=4255094 rounds/sec avg|delta Q|=0.00616800 threshold=0.00500000
Training rounds=3800000000 speed=4250574 rounds/sec avg|delta Q|=0.00597749 threshold=0.00500000
Training rounds=3900000000 speed=4246844 rounds/sec avg|delta Q|=0.00586503 threshold=0.00500000
Training rounds=4000000000 speed=4245942 rounds/sec avg|delta Q|=0.00577288 threshold=0.00500000
Training rounds=4100000000 speed=4243142 rounds/sec avg|delta Q|=0.00571520 threshold=0.00500000
Training rounds=4200000000 speed=4236609 rounds/sec avg|delta Q|=0.00558667 threshold=0.00500000
Training rounds=4300000000 speed=4232763 rounds/sec avg|delta Q|=0.00553708 threshold=0.00500000
Training rounds=4400000000 speed=4230204 rounds/sec avg|delta Q|=0.00536507 threshold=0.00500000
Training rounds=4500000000 speed=4227277 rounds/sec avg|delta Q|=0.00527288 threshold=0.00500000
Training rounds=4600000000 speed=4218631 rounds/sec avg|delta Q|=0.00527880 threshold=0.00500000
Training rounds=4700000000 speed=4217429 rounds/sec avg|delta Q|=0.00519493 threshold=0.00500000
Training rounds=4800000000 speed=4214508 rounds/sec avg|delta Q|=0.00503765 threshold=0.00500000
Training rounds=4900000000 speed=4212007 rounds/sec avg|delta Q|=0.00500730 threshold=0.00500000
Training rounds=5000000000 speed=4210232 rounds/sec avg|delta Q|=0.00492790 threshold=0.00500000

=== EvaluateCountPolicy ===
Command:          /home/pliops/BlackJackCounts/build/bin/EvaluateCountPolicy --game blackjack --count-name zen --policy full-deviations --output-dir /home/pliops/BlackJackCounts/paper_materials/performance-suites/h17c03_5b_named_counts_continuous/bj6-5/zen_d2/full_deviations --decks 2 --penetration 75 --ss17 false --peek true --surr no --das true --sas 4 --don ANY --rsa false --hsa false --bj 1.2 --factor 0.005 --bias -0.0183038 --count-normalization true --continuous-betting-count true --min-count -5 --max-count 5 --num-rounds 5000000000 --stop-mode diff --sample-rounds 100000000 --diff-threshold 0.005 --eval-rounds 5000000000 --kelly-rounds 1000000 --kelly-measurements 1000 --kelly-min 0.50 --kelly-max 1.00 --kelly-step 0.05 --max-total-wager-fraction 1.0 --num-threads 10 --seed 12345
Game:             blackjack
Scenario:         decks=2_ss17=False_das=True_sas=4_don=Any_reSplitAces=False_hitSplitAces=False_surr=no_peek=True_bj-pays=1.2
Penetration:      75.00000000%
Count:            named count zen
Policy:           fresh full deviations trained for the selected count
Spread:           5000000000 rounds, 1:10
Kelly:            1000 x 1000000 rounds per multiplier
Kelly search:     0.50000000 to 1.00000000 step 0.05000000
Total wager cap:  1.00000000 x round-start bankroll
Threads:          10
Seed:             12345
Output:           /home/pliops/BlackJackCounts/paper_materials/performance-suites/h17c03_5b_named_counts_continuous/bj6-5/zen_d2/full_deviations/

Count weights:
   2  1.000000000000
   3  1.000000000000
   4  2.000000000000
   5  2.000000000000
   6  2.000000000000
   7  1.000000000000
   8  0.000000000000
   9  0.000000000000
  10  -2.000000000000
   J  -2.000000000000
   Q  -2.000000000000
   K  -2.000000000000
   A  -1.000000000000
Transform: running = 0.000000000000 + (0.000000000000 * decks) + tags; selected=true_count
Signal f(c) = -0.018303800000 + 0.005000000000 * c

Running spread and Kelly evaluations...

=== Result ===
Spread edge:               0.002983226119
Kelly growth @1:           0.999931147216
Kelly exposure rounds @1: 1000000000
Mean gross wager/bankroll: 0.006965276072
Max gross wager/bankroll:  0.976873400000
Mean |fX|:                 0.006361026192
Max |fX|:                  0.976873400000

Saved results to /home/pliops/BlackJackCounts/paper_materials/performance-suites/h17c03_5b_named_counts_continuous/bj6-5/zen_d2/full_deviations/
