Training fresh full deviations for the selected count...
Training rounds=100000000 speed=4491152 rounds/sec avg|delta Q|=0.33335575 threshold=0.00500000
Training rounds=200000000 speed=4455236 rounds/sec avg|delta Q|=0.04341963 threshold=0.00500000
Training rounds=300000000 speed=4449454 rounds/sec avg|delta Q|=0.02709938 threshold=0.00500000
Training rounds=400000000 speed=4504352 rounds/sec avg|delta Q|=0.02116680 threshold=0.00500000
Training rounds=500000000 speed=4450220 rounds/sec avg|delta Q|=0.01811923 threshold=0.00500000
Training rounds=600000000 speed=4423115 rounds/sec avg|delta Q|=0.01630068 threshold=0.00500000
Training rounds=700000000 speed=4427101 rounds/sec avg|delta Q|=0.01464690 threshold=0.00500000
Training rounds=800000000 speed=4413720 rounds/sec avg|delta Q|=0.01350175 threshold=0.00500000
Training rounds=900000000 speed=4407034 rounds/sec avg|delta Q|=0.01289357 threshold=0.00500000
Training rounds=1000000000 speed=4393287 rounds/sec avg|delta Q|=0.01231776 threshold=0.00500000
Training rounds=1100000000 speed=4356815 rounds/sec avg|delta Q|=0.01161862 threshold=0.00500000
Training rounds=1200000000 speed=4315631 rounds/sec avg|delta Q|=0.01122078 threshold=0.00500000
Training rounds=1300000000 speed=4314894 rounds/sec avg|delta Q|=0.01060833 threshold=0.00500000
Training rounds=1400000000 speed=4306857 rounds/sec avg|delta Q|=0.01051382 threshold=0.00500000
Training rounds=1500000000 speed=4290409 rounds/sec avg|delta Q|=0.01017606 threshold=0.00500000
Training rounds=1600000000 speed=4272443 rounds/sec avg|delta Q|=0.00985608 threshold=0.00500000
Training rounds=1700000000 speed=4256235 rounds/sec avg|delta Q|=0.00945003 threshold=0.00500000
Training rounds=1800000000 speed=4244642 rounds/sec avg|delta Q|=0.00924101 threshold=0.00500000
Training rounds=1900000000 speed=4236117 rounds/sec avg|delta Q|=0.00898497 threshold=0.00500000
Training rounds=2000000000 speed=4226096 rounds/sec avg|delta Q|=0.00878481 threshold=0.00500000
Training rounds=2100000000 speed=4213272 rounds/sec avg|delta Q|=0.00854225 threshold=0.00500000
Training rounds=2200000000 speed=4201296 rounds/sec avg|delta Q|=0.00843718 threshold=0.00500000
Training rounds=2300000000 speed=4188756 rounds/sec avg|delta Q|=0.00810406 threshold=0.00500000
Training rounds=2400000000 speed=4185458 rounds/sec avg|delta Q|=0.00798284 threshold=0.00500000
Training rounds=2500000000 speed=4177975 rounds/sec avg|delta Q|=0.00768243 threshold=0.00500000
Training rounds=2600000000 speed=4165946 rounds/sec avg|delta Q|=0.00754328 threshold=0.00500000
Training rounds=2700000000 speed=4157895 rounds/sec avg|delta Q|=0.00738999 threshold=0.00500000
Training rounds=2800000000 speed=4154617 rounds/sec avg|delta Q|=0.00737101 threshold=0.00500000
Training rounds=2900000000 speed=4142662 rounds/sec avg|delta Q|=0.00713111 threshold=0.00500000
Training rounds=3000000000 speed=4135170 rounds/sec avg|delta Q|=0.00698331 threshold=0.00500000
Training rounds=3100000000 speed=4121831 rounds/sec avg|delta Q|=0.00686777 threshold=0.00500000
Training rounds=3200000000 speed=4119507 rounds/sec avg|delta Q|=0.00673899 threshold=0.00500000
Training rounds=3300000000 speed=4105683 rounds/sec avg|delta Q|=0.00658293 threshold=0.00500000
Training rounds=3400000000 speed=4100936 rounds/sec avg|delta Q|=0.00645984 threshold=0.00500000
Training rounds=3500000000 speed=4098399 rounds/sec avg|delta Q|=0.00630944 threshold=0.00500000
Training rounds=3600000000 speed=4085088 rounds/sec avg|delta Q|=0.00618036 threshold=0.00500000
Training rounds=3700000000 speed=4076488 rounds/sec avg|delta Q|=0.00614827 threshold=0.00500000
Training rounds=3800000000 speed=4076505 rounds/sec avg|delta Q|=0.00606423 threshold=0.00500000
Training rounds=3900000000 speed=4074043 rounds/sec avg|delta Q|=0.00591569 threshold=0.00500000
Training rounds=4000000000 speed=4064483 rounds/sec avg|delta Q|=0.00585259 threshold=0.00500000
Training rounds=4100000000 speed=4057293 rounds/sec avg|delta Q|=0.00581182 threshold=0.00500000
Training rounds=4200000000 speed=4052427 rounds/sec avg|delta Q|=0.00563960 threshold=0.00500000
Training rounds=4300000000 speed=4047493 rounds/sec avg|delta Q|=0.00562517 threshold=0.00500000
Training rounds=4400000000 speed=4041235 rounds/sec avg|delta Q|=0.00545991 threshold=0.00500000
Training rounds=4500000000 speed=4038580 rounds/sec avg|delta Q|=0.00539046 threshold=0.00500000
Training rounds=4600000000 speed=4028931 rounds/sec avg|delta Q|=0.00535185 threshold=0.00500000
Training rounds=4700000000 speed=4028384 rounds/sec avg|delta Q|=0.00520922 threshold=0.00500000
Training rounds=4800000000 speed=4025552 rounds/sec avg|delta Q|=0.00516622 threshold=0.00500000
Training rounds=4900000000 speed=4022737 rounds/sec avg|delta Q|=0.00514350 threshold=0.00500000
Training rounds=5000000000 speed=4018669 rounds/sec avg|delta Q|=0.00503071 threshold=0.00500000
Training rounds=5100000000 speed=4014253 rounds/sec avg|delta Q|=0.00494677 threshold=0.00500000

=== EvaluateCountPolicy ===
Command:          /home/pliops/BlackJackCounts/build/bin/EvaluateCountPolicy --game blackjack --count-name halves --policy full-deviations --output-dir /home/pliops/BlackJackCounts/paper_materials/performance-suites/h17c03_5b_named_counts_continuous/bj3-2/halves_d1/full_deviations --decks 1 --penetration 75 --ss17 false --peek true --surr no --das true --sas 4 --don ANY --rsa false --hsa false --bj 1.5 --factor 0.005 --bias -0.0015945 --count-normalization true --continuous-betting-count true --min-count -5 --max-count 5 --num-rounds 5000000000 --stop-mode diff --sample-rounds 100000000 --diff-threshold 0.005 --eval-rounds 5000000000 --kelly-rounds 1000000 --kelly-measurements 1000 --kelly-min 0.50 --kelly-max 1.00 --kelly-step 0.05 --max-total-wager-fraction 1.0 --num-threads 10 --seed 12345
Game:             blackjack
Scenario:         decks=1_ss17=False_das=True_sas=4_don=Any_reSplitAces=False_hitSplitAces=False_surr=no_peek=True_bj-pays=1.5
Penetration:      75.00000000%
Count:            named count halves
Policy:           fresh full deviations trained for the selected count
Spread:           5000000000 rounds, 1:10
Kelly:            1000 x 1000000 rounds per multiplier
Kelly search:     0.50000000 to 1.00000000 step 0.05000000
Total wager cap:  1.00000000 x round-start bankroll
Threads:          10
Seed:             12345
Output:           /home/pliops/BlackJackCounts/paper_materials/performance-suites/h17c03_5b_named_counts_continuous/bj3-2/halves_d1/full_deviations/

Count weights:
   2  0.500000000000
   3  1.000000000000
   4  1.000000000000
   5  1.500000000000
   6  1.000000000000
   7  0.500000000000
   8  0.000000000000
   9  -0.500000000000
  10  -1.000000000000
   J  -1.000000000000
   Q  -1.000000000000
   K  -1.000000000000
   A  -1.000000000000
Transform: running = 0.000000000000 + (0.000000000000 * decks) + tags; selected=true_count
Signal f(c) = -0.001594500000 + 0.005000000000 * c

Running spread and Kelly evaluations...

=== Result ===
Spread edge:               0.109565079800
Kelly growth @1:           1.000198539835
Kelly exposure rounds @1: 1000000000
Mean gross wager/bankroll: 0.010235717104
Max gross wager/bankroll:  0.999844764706
Mean |fX|:                 0.009534516386
Max |fX|:                  0.999844764706

Saved results to /home/pliops/BlackJackCounts/paper_materials/performance-suites/h17c03_5b_named_counts_continuous/bj3-2/halves_d1/full_deviations/
