Training fresh full deviations for the selected count...
Training rounds=100000000 speed=7787555 rounds/sec avg|delta Q|=0.34703163 threshold=0.00500000
Training rounds=200000000 speed=7800616 rounds/sec avg|delta Q|=0.04344712 threshold=0.00500000
Training rounds=300000000 speed=7721809 rounds/sec avg|delta Q|=0.02605142 threshold=0.00500000
Training rounds=400000000 speed=7684475 rounds/sec avg|delta Q|=0.01992513 threshold=0.00500000
Training rounds=500000000 speed=7621370 rounds/sec avg|delta Q|=0.01709496 threshold=0.00500000
Training rounds=600000000 speed=7578437 rounds/sec avg|delta Q|=0.01524472 threshold=0.00500000
Training rounds=700000000 speed=7536282 rounds/sec avg|delta Q|=0.01400878 threshold=0.00500000
Training rounds=800000000 speed=7500188 rounds/sec avg|delta Q|=0.01330196 threshold=0.00500000
Training rounds=900000000 speed=7485154 rounds/sec avg|delta Q|=0.01260673 threshold=0.00500000
Training rounds=1000000000 speed=7452453 rounds/sec avg|delta Q|=0.01205331 threshold=0.00500000
Training rounds=1100000000 speed=7417447 rounds/sec avg|delta Q|=0.01153514 threshold=0.00500000
Training rounds=1200000000 speed=7410152 rounds/sec avg|delta Q|=0.01114803 threshold=0.00500000
Training rounds=1300000000 speed=7375677 rounds/sec avg|delta Q|=0.01082889 threshold=0.00500000
Training rounds=1400000000 speed=7347384 rounds/sec avg|delta Q|=0.01033609 threshold=0.00500000
Training rounds=1500000000 speed=7321966 rounds/sec avg|delta Q|=0.01001073 threshold=0.00500000
Training rounds=1600000000 speed=7297406 rounds/sec avg|delta Q|=0.00974178 threshold=0.00500000
Training rounds=1700000000 speed=7268405 rounds/sec avg|delta Q|=0.00942922 threshold=0.00500000
Training rounds=1800000000 speed=7246727 rounds/sec avg|delta Q|=0.00918503 threshold=0.00500000
Training rounds=1900000000 speed=7228512 rounds/sec avg|delta Q|=0.00897078 threshold=0.00500000
Training rounds=2000000000 speed=7203314 rounds/sec avg|delta Q|=0.00862167 threshold=0.00500000
Training rounds=2100000000 speed=7185604 rounds/sec avg|delta Q|=0.00847099 threshold=0.00500000
Training rounds=2200000000 speed=7168692 rounds/sec avg|delta Q|=0.00811916 threshold=0.00500000
Training rounds=2300000000 speed=7150185 rounds/sec avg|delta Q|=0.00786626 threshold=0.00500000
Training rounds=2400000000 speed=7132795 rounds/sec avg|delta Q|=0.00784071 threshold=0.00500000
Training rounds=2500000000 speed=7117944 rounds/sec avg|delta Q|=0.00755865 threshold=0.00500000
Training rounds=2600000000 speed=7102040 rounds/sec avg|delta Q|=0.00744379 threshold=0.00500000
Training rounds=2700000000 speed=7105600 rounds/sec avg|delta Q|=0.00715556 threshold=0.00500000
Training rounds=2800000000 speed=7087262 rounds/sec avg|delta Q|=0.00703623 threshold=0.00500000
Training rounds=2900000000 speed=7072394 rounds/sec avg|delta Q|=0.00708945 threshold=0.00500000
Training rounds=3000000000 speed=7057296 rounds/sec avg|delta Q|=0.00682553 threshold=0.00500000
Training rounds=3100000000 speed=7044334 rounds/sec avg|delta Q|=0.00664905 threshold=0.00500000
Training rounds=3200000000 speed=7031932 rounds/sec avg|delta Q|=0.00648686 threshold=0.00500000
Training rounds=3300000000 speed=7020679 rounds/sec avg|delta Q|=0.00638910 threshold=0.00500000
Training rounds=3400000000 speed=7008691 rounds/sec avg|delta Q|=0.00632466 threshold=0.00500000
Training rounds=3500000000 speed=6997285 rounds/sec avg|delta Q|=0.00616612 threshold=0.00500000
Training rounds=3600000000 speed=6990278 rounds/sec avg|delta Q|=0.00609246 threshold=0.00500000
Training rounds=3700000000 speed=6979697 rounds/sec avg|delta Q|=0.00584373 threshold=0.00500000
Training rounds=3800000000 speed=6970648 rounds/sec avg|delta Q|=0.00584480 threshold=0.00500000
Training rounds=3900000000 speed=6958284 rounds/sec avg|delta Q|=0.00580801 threshold=0.00500000
Training rounds=4000000000 speed=6947460 rounds/sec avg|delta Q|=0.00556439 threshold=0.00500000
Training rounds=4100000000 speed=6937101 rounds/sec avg|delta Q|=0.00547502 threshold=0.00500000
Training rounds=4200000000 speed=6927812 rounds/sec avg|delta Q|=0.00544660 threshold=0.00500000
Training rounds=4300000000 speed=6918556 rounds/sec avg|delta Q|=0.00537758 threshold=0.00500000
Training rounds=4400000000 speed=6910633 rounds/sec avg|delta Q|=0.00526894 threshold=0.00500000
Training rounds=4500000000 speed=6902793 rounds/sec avg|delta Q|=0.00516540 threshold=0.00500000
Training rounds=4600000000 speed=6901788 rounds/sec avg|delta Q|=0.00513087 threshold=0.00500000
Training rounds=4700000000 speed=6893689 rounds/sec avg|delta Q|=0.00499713 threshold=0.00500000

=== EvaluateCountPolicy ===
Command:          /home/neria/Desktop/BlackjaclCpp/build/bin/EvaluateCountPolicy --game blackjack --count-name hilo --policy full-deviations --output-dir /home/neria/Desktop/BlackjaclCpp/checkpoints/performance-suites/h17c03_5b_hilo_bias_continuous/bj3-2/fixed_0p5pct_d2/full_deviations --penetration 75 --ss17 false --peek true --surr no --das true --sas 4 --don ANY --rsa false --hsa false --bj 1.5 --num-rounds 5000000000 --stop-mode diff --sample-rounds 100000000 --diff-threshold 0.005 --eval-rounds 5000000000 --kelly-rounds 1000000 --kelly-measurements 1000 --kelly-min 0.50 --kelly-max 1.00 --kelly-step 0.05 --num-threads 10 --seed 12345 --decks 2 --factor 0.005 --bias -0.005 --continuous-betting-count true
Game:             blackjack
Scenario:         decks=2_ss17=False_das=True_sas=4_don=Any_reSplitAces=False_hitSplitAces=False_surr=no_peek=True_bj-pays=1.5
Penetration:      75.00000000%
Count:            named count hilo
Policy:           fresh full deviations trained for the selected count
Spread:           5000000000 rounds, 1:10
Kelly:            1000 x 1000000 rounds per multiplier
Kelly search:     0.50000000 to 1.00000000 step 0.05000000
Threads:          10
Seed:             12345
Output:           /home/neria/Desktop/BlackjaclCpp/checkpoints/performance-suites/h17c03_5b_hilo_bias_continuous/bj3-2/fixed_0p5pct_d2/full_deviations/

Count weights:
   2  1.000000000000
   3  1.000000000000
   4  1.000000000000
   5  1.000000000000
   6  1.000000000000
   7  0.000000000000
   8  0.000000000000
   9  0.000000000000
  10  -1.000000000000
   J  -1.000000000000
   Q  -1.000000000000
   K  -1.000000000000
   A  -1.000000000000
Transform: running = 0.000000000000 + (0.000000000000 * decks) + tags; selected=true_count
Signal f(c) = -0.005000000000 + 0.005000000000 * c

Running spread and Kelly evaluations...

=== Result ===
Spread edge:               0.055972139700
Kelly growth @1:           1.000072129695
Kelly exposure rounds @1: 1000000000
Mean gross wager/bankroll: 0.005579121978
Max gross wager/bankroll:  0.952222222222
Mean |fX|:                 0.005185818112
Max |fX|:                  0.836666666667

Saved results to /home/neria/Desktop/BlackjaclCpp/checkpoints/performance-suites/h17c03_5b_hilo_bias_continuous/bj3-2/fixed_0p5pct_d2/full_deviations/
