Training fresh full deviations for the selected count...
Training rounds=100000000 speed=7961783 rounds/sec avg|delta Q|=0.34492265 threshold=0.00500000
Training rounds=200000000 speed=7863181 rounds/sec avg|delta Q|=0.04337339 threshold=0.00500000
Training rounds=300000000 speed=7775848 rounds/sec avg|delta Q|=0.02605916 threshold=0.00500000
Training rounds=400000000 speed=7719921 rounds/sec avg|delta Q|=0.02007810 threshold=0.00500000
Training rounds=500000000 speed=7654975 rounds/sec avg|delta Q|=0.01706696 threshold=0.00500000
Training rounds=600000000 speed=7605720 rounds/sec avg|delta Q|=0.01553940 threshold=0.00500000
Training rounds=700000000 speed=7555397 rounds/sec avg|delta Q|=0.01432474 threshold=0.00500000
Training rounds=800000000 speed=7523464 rounds/sec avg|delta Q|=0.01340931 threshold=0.00500000
Training rounds=900000000 speed=7546600 rounds/sec avg|delta Q|=0.01265073 threshold=0.00500000
Training rounds=1000000000 speed=7499344 rounds/sec avg|delta Q|=0.01200925 threshold=0.00500000
Training rounds=1100000000 speed=7464662 rounds/sec avg|delta Q|=0.01155854 threshold=0.00500000
Training rounds=1200000000 speed=7425834 rounds/sec avg|delta Q|=0.01097319 threshold=0.00500000
Training rounds=1300000000 speed=7396113 rounds/sec avg|delta Q|=0.01058829 threshold=0.00500000
Training rounds=1400000000 speed=7361757 rounds/sec avg|delta Q|=0.01023747 threshold=0.00500000
Training rounds=1500000000 speed=7346603 rounds/sec avg|delta Q|=0.01013254 threshold=0.00500000
Training rounds=1600000000 speed=7303868 rounds/sec avg|delta Q|=0.00963000 threshold=0.00500000
Training rounds=1700000000 speed=7267069 rounds/sec avg|delta Q|=0.00941309 threshold=0.00500000
Training rounds=1800000000 speed=7230716 rounds/sec avg|delta Q|=0.00911245 threshold=0.00500000
Training rounds=1900000000 speed=7199915 rounds/sec avg|delta Q|=0.00873143 threshold=0.00500000
Training rounds=2000000000 speed=7175609 rounds/sec avg|delta Q|=0.00853064 threshold=0.00500000
Training rounds=2100000000 speed=7142153 rounds/sec avg|delta Q|=0.00839137 threshold=0.00500000
Training rounds=2200000000 speed=7120916 rounds/sec avg|delta Q|=0.00815912 threshold=0.00500000
Training rounds=2300000000 speed=7101637 rounds/sec avg|delta Q|=0.00787533 threshold=0.00500000
Training rounds=2400000000 speed=7104312 rounds/sec avg|delta Q|=0.00784231 threshold=0.00500000
Training rounds=2500000000 speed=7087815 rounds/sec avg|delta Q|=0.00752843 threshold=0.00500000
Training rounds=2600000000 speed=7073733 rounds/sec avg|delta Q|=0.00732843 threshold=0.00500000
Training rounds=2700000000 speed=7058178 rounds/sec avg|delta Q|=0.00717807 threshold=0.00500000
Training rounds=2800000000 speed=7047128 rounds/sec avg|delta Q|=0.00702227 threshold=0.00500000
Training rounds=2900000000 speed=7031820 rounds/sec avg|delta Q|=0.00690831 threshold=0.00500000
Training rounds=3000000000 speed=7025564 rounds/sec avg|delta Q|=0.00677562 threshold=0.00500000
Training rounds=3100000000 speed=7009134 rounds/sec avg|delta Q|=0.00661453 threshold=0.00500000
Training rounds=3200000000 speed=6989586 rounds/sec avg|delta Q|=0.00648448 threshold=0.00500000
Training rounds=3300000000 speed=6971173 rounds/sec avg|delta Q|=0.00640886 threshold=0.00500000
Training rounds=3400000000 speed=6955839 rounds/sec avg|delta Q|=0.00623196 threshold=0.00500000
Training rounds=3500000000 speed=6948649 rounds/sec avg|delta Q|=0.00621383 threshold=0.00500000
Training rounds=3600000000 speed=6933290 rounds/sec avg|delta Q|=0.00601544 threshold=0.00500000
Training rounds=3700000000 speed=6923653 rounds/sec avg|delta Q|=0.00588919 threshold=0.00500000
Training rounds=3800000000 speed=6907006 rounds/sec avg|delta Q|=0.00589119 threshold=0.00500000
Training rounds=3900000000 speed=6890971 rounds/sec avg|delta Q|=0.00568973 threshold=0.00500000
Training rounds=4000000000 speed=6875688 rounds/sec avg|delta Q|=0.00562236 threshold=0.00500000
Training rounds=4100000000 speed=6874177 rounds/sec avg|delta Q|=0.00552064 threshold=0.00500000
Training rounds=4200000000 speed=6863429 rounds/sec avg|delta Q|=0.00548604 threshold=0.00500000
Training rounds=4300000000 speed=6851891 rounds/sec avg|delta Q|=0.00533686 threshold=0.00500000
Training rounds=4400000000 speed=6840062 rounds/sec avg|delta Q|=0.00525792 threshold=0.00500000
Training rounds=4500000000 speed=6833267 rounds/sec avg|delta Q|=0.00517605 threshold=0.00500000
Training rounds=4600000000 speed=6822355 rounds/sec avg|delta Q|=0.00516031 threshold=0.00500000
Training rounds=4700000000 speed=6821322 rounds/sec avg|delta Q|=0.00501838 threshold=0.00500000
Training rounds=4800000000 speed=6807680 rounds/sec avg|delta Q|=0.00494900 threshold=0.00500000

=== EvaluateCountPolicy ===
Command:          /home/neria/Desktop/BlackjaclCpp/build/bin/EvaluateCountPolicy --game blackjack --count-name hilo --policy full-deviations --output-dir /home/neria/Desktop/BlackjaclCpp/checkpoints/performance-suites/h17c03_5b_hilo_bias_continuous/bj6-5/fixed_0p5pct_d2/full_deviations --penetration 75 --ss17 false --peek true --surr no --das true --sas 4 --don ANY --rsa false --hsa false --bj 1.2 --num-rounds 5000000000 --stop-mode diff --sample-rounds 100000000 --diff-threshold 0.005 --eval-rounds 5000000000 --kelly-rounds 1000000 --kelly-measurements 1000 --kelly-min 0.50 --kelly-max 1.00 --kelly-step 0.05 --num-threads 10 --seed 12345 --decks 2 --factor 0.005 --bias -0.005 --continuous-betting-count true
Game:             blackjack
Scenario:         decks=2_ss17=False_das=True_sas=4_don=Any_reSplitAces=False_hitSplitAces=False_surr=no_peek=True_bj-pays=1.2
Penetration:      75.00000000%
Count:            named count hilo
Policy:           fresh full deviations trained for the selected count
Spread:           5000000000 rounds, 1:10
Kelly:            1000 x 1000000 rounds per multiplier
Kelly search:     0.50000000 to 1.00000000 step 0.05000000
Threads:          10
Seed:             12345
Output:           /home/neria/Desktop/BlackjaclCpp/checkpoints/performance-suites/h17c03_5b_hilo_bias_continuous/bj6-5/fixed_0p5pct_d2/full_deviations/

Count weights:
   2  1.000000000000
   3  1.000000000000
   4  1.000000000000
   5  1.000000000000
   6  1.000000000000
   7  0.000000000000
   8  0.000000000000
   9  0.000000000000
  10  -1.000000000000
   J  -1.000000000000
   Q  -1.000000000000
   K  -1.000000000000
   A  -1.000000000000
Transform: running = 0.000000000000 + (0.000000000000 * decks) + tags; selected=true_count
Signal f(c) = -0.005000000000 + 0.005000000000 * c

Running spread and Kelly evaluations...

=== Result ===
Spread edge:               -0.006667186074
Kelly growth @1:           0.999987303464
Kelly exposure rounds @1: 1000000000
Mean gross wager/bankroll: 0.005570896874
Max gross wager/bankroll:  0.952222222222
Mean |fX|:                 0.005089182403
Max |fX|:                  0.836666666667

Saved results to /home/neria/Desktop/BlackjaclCpp/checkpoints/performance-suites/h17c03_5b_hilo_bias_continuous/bj6-5/fixed_0p5pct_d2/full_deviations/
