
=== Spanish21AlternatingOptimization ===
Command:       /home/pliops/Desktop/BlackJackS/build/bin/AlternatingOptimization --game spanish21 --penetration 75 --ss17 false --redouble 1 --ddr true --card-count-bonuses false --num-threads 10 --stop-mode diff --sample-rounds 100000000 --diff-threshold 0.005 --num-rounds 5000000000 --eval-rounds 5000000000 --graph-rounds 500000000 --kelly-measurements 1000 --kelly-fraction-step 0.05 --iterations 3 --sample-every 2 --decks 1 --count-classical-ols --count-sum-zero-fixed-p0-edge --checkpoint-name sp21_nobonus_ols_p0
Scenario:      decks=1_ss17=false_redouble=1_ddr=true_cardCountBonuses=false_penetration=75%
Policy stop:   diff  sample=100000000  threshold=0.005  Threads: 10
Count rounds:  10000000000  (record every 2 => target 5000000000 recorded samples)
Eval rounds:   5000000000
Graph rounds:  500000000
Iterations:    3  (each iteration learns P_k then W_{k+1})
Count objective: classical_ols
Count constraint: sum_zero_fixed_p0_flat_edge
Penetration:   75%
Sample-every:  2
Kelly sweep:  centered at nearest step to 1/E[X^2] +/- 0.25 (minimum 0)  step 0.05
Folder:        /home/pliops/Desktop/BlackJackS/checkpoints/spanish21-alternating-checkpoints/sp21_nobonus_ols_p0_decks=1_ss17=false_redouble=1_ddr=true_cardCountBonuses=false/
Initial count: none (all zeros)
Count scaling:  average 10/J/Q/K tag = -1
===============================
P0 sample rounds=100000000  speed=5538018 hands/sec  avg|ΔQ|=0.430016  threshold=0.005000
P0 sample rounds=200000000  speed=5232178 hands/sec  avg|ΔQ|=0.013463  threshold=0.005000
P0 sample rounds=300000000  speed=4858536 hands/sec  avg|ΔQ|=0.009591  threshold=0.005000
P0 sample rounds=400000000  speed=4772529 hands/sec  avg|ΔQ|=0.007862  threshold=0.005000
P0 sample rounds=500000000  speed=4655797 hands/sec  avg|ΔQ|=0.006777  threshold=0.005000
P0 sample rounds=600000000  speed=4578091 hands/sec  avg|ΔQ|=0.006209  threshold=0.005000
P0 sample rounds=700000000  speed=4495537 hands/sec  avg|ΔQ|=0.005835  threshold=0.005000
P0 sample rounds=800000000  speed=4475374 hands/sec  avg|ΔQ|=0.005229  threshold=0.005000
P0 sample rounds=900000000  speed=4447849 hands/sec  avg|ΔQ|=0.004651  threshold=0.005000

--- P0 ---
Training rounds: 900000000
Training speed: 4447849 hands/sec
Training flat edge:   -0.340981
Evaluation flat edge (5000000000 rounds): -0.002673  std(X): 1.251063  E[X^2]: 1.565165
Spread/Kelly evaluation skipped for P0: W0 is the zero count, so no positive-count betting signal is expected.

--- W1 ---
Recorded rounds: 5000000000  speed: 8080710 hands/sec
Count table:
  Card      Original      Used          
  --------------------------------------
  2         0.4802        0.4802        
  3         0.7724        0.7724        
  4         1.1563        1.1563        
  5         1.3234        1.3234        
  6         0.8937        0.8937        
  7         0.3020        0.3020        
  8         -0.2071       -0.2071       
  9         -0.4029       -0.4029       
  10        ---           ---           
  J         -0.9997       -1.0000       
  Q         -1.0017       -1.0000       
  K         -0.9986       -1.0000       
  A         -1.3180       -1.3180       
  Bias      -0.002673   
  EV>0 TC   0.499167    
  Factor    0.005356    

Spread 1:10 evaluation edge (5000000000 rounds): 0.077892  std(X): 7.330853  E[X^2]: 53.747477
Optimal Kelly multiplier:    0.750000  predicted 1/E[X^2]: 0.638910
Optimal Kelly growth/round:  1.000114  stddev: 0.000014
Sanity checks:
  Sum(weights): 0.000000  (PASS, expected near 0)
  10-value consistency: mean=-1.000000  max_dev=0.001697  rel=0.169717%  (PASS)
  Bias vs flat edge: bias=-0.002673  flat_edge=-0.002673  diff=0.000000  rel_to_0.5%=0.000000%
  Bias constraint: fixed to P0 flat edge
EV-count graph:         41 points  res=0.250000  speed: 6851849 hands/sec
Count histogram:        total=354166906  symmetry_rel_diff=5.4895%  (PASS, expected roughly symmetric)
P1 sample rounds=100000000  speed=4213542 hands/sec  avg|ΔQ|=0.337451  threshold=0.005000
P1 sample rounds=200000000  speed=4107451 hands/sec  avg|ΔQ|=0.044898  threshold=0.005000
P1 sample rounds=300000000  speed=3990582 hands/sec  avg|ΔQ|=0.024656  threshold=0.005000
P1 sample rounds=400000000  speed=3879503 hands/sec  avg|ΔQ|=0.017731  threshold=0.005000
P1 sample rounds=500000000  speed=3837034 hands/sec  avg|ΔQ|=0.014093  threshold=0.005000
P1 sample rounds=600000000  speed=3793483 hands/sec  avg|ΔQ|=0.011994  threshold=0.005000
P1 sample rounds=700000000  speed=3752325 hands/sec  avg|ΔQ|=0.010568  threshold=0.005000
P1 sample rounds=800000000  speed=3720463 hands/sec  avg|ΔQ|=0.009615  threshold=0.005000
P1 sample rounds=900000000  speed=3683286 hands/sec  avg|ΔQ|=0.008907  threshold=0.005000
P1 sample rounds=1000000000  speed=3651207 hands/sec  avg|ΔQ|=0.008387  threshold=0.005000
P1 sample rounds=1100000000  speed=3628112 hands/sec  avg|ΔQ|=0.007878  threshold=0.005000
P1 sample rounds=1200000000  speed=3601538 hands/sec  avg|ΔQ|=0.007593  threshold=0.005000
P1 sample rounds=1300000000  speed=3580606 hands/sec  avg|ΔQ|=0.007180  threshold=0.005000
P1 sample rounds=1400000000  speed=3560502 hands/sec  avg|ΔQ|=0.006870  threshold=0.005000
P1 sample rounds=1500000000  speed=3541804 hands/sec  avg|ΔQ|=0.006558  threshold=0.005000
P1 sample rounds=1600000000  speed=3525355 hands/sec  avg|ΔQ|=0.006421  threshold=0.005000
P1 sample rounds=1700000000  speed=3509235 hands/sec  avg|ΔQ|=0.006096  threshold=0.005000
P1 sample rounds=1800000000  speed=3487946 hands/sec  avg|ΔQ|=0.005939  threshold=0.005000
P1 sample rounds=1900000000  speed=3472368 hands/sec  avg|ΔQ|=0.005796  threshold=0.005000
P1 sample rounds=2000000000  speed=3455180 hands/sec  avg|ΔQ|=0.005620  threshold=0.005000
P1 sample rounds=2100000000  speed=3442657 hands/sec  avg|ΔQ|=0.005437  threshold=0.005000
P1 sample rounds=2200000000  speed=3430002 hands/sec  avg|ΔQ|=0.005343  threshold=0.005000
P1 sample rounds=2300000000  speed=3418880 hands/sec  avg|ΔQ|=0.005178  threshold=0.005000
P1 sample rounds=2400000000  speed=3409788 hands/sec  avg|ΔQ|=0.005081  threshold=0.005000
P1 sample rounds=2500000000  speed=3396619 hands/sec  avg|ΔQ|=0.004911  threshold=0.005000

--- P1 ---
Training rounds: 2500000000
Training speed: 3396619 hands/sec
Training flat edge:   -0.510293
Evaluation flat edge (5000000000 rounds): 0.005839  std(X): 1.247360  E[X^2]: 1.555941
Spread 1:10 evaluation edge (5000000000 rounds): 0.121724  std(X): 7.733431  E[X^2]: 59.820769
Kelly growth per round:      1.000243  stddev: 0.000021

--- W2 ---
Recorded rounds: 5000000000  speed: 7281163 hands/sec
Count table:
  Card      Original      Used          
  --------------------------------------
  2         0.3256        0.3256        
  3         0.6413        0.6413        
  4         1.0899        1.0899        
  5         1.2760        1.2760        
  6         0.9090        0.9090        
  7         0.5213        0.5213        
  8         -0.0187       -0.0187       
  9         -0.2710       -0.2710       
  10        ---           ---           
  J         -0.9990       -1.0000       
  Q         -1.0005       -1.0000       
  K         -1.0005       -1.0000       
  A         -1.4735       -1.4735       
  Bias      -0.002673   
  EV>0 TC   0.561679    
  Factor    0.004760    

Spread 1:10 evaluation edge (5000000000 rounds): 0.119999  std(X): 7.781940  E[X^2]: 60.572995
Optimal Kelly multiplier:    0.900000  predicted 1/E[X^2]: 0.642698
Optimal Kelly growth/round:  1.000227  stddev: 0.000016
Sanity checks:
  Sum(weights): 0.000000  (PASS, expected near 0)
  10-value consistency: mean=-1.000000  max_dev=0.001033  rel=0.103310%  (PASS)
  Bias vs flat edge: bias=-0.002673  flat_edge=0.005839  diff=0.008512  rel_to_0.5%=170.243620%
  Bias constraint: fixed to P0 flat edge
EV-count graph:         41 points  res=0.250000  speed: 6805777 hands/sec
Count histogram:        total=353693560  symmetry_rel_diff=4.0096%  (PASS, expected roughly symmetric)
P2 sample rounds=100000000  speed=4310716 hands/sec  avg|ΔQ|=0.337641  threshold=0.005000
P2 sample rounds=200000000  speed=4026738 hands/sec  avg|ΔQ|=0.044893  threshold=0.005000
P2 sample rounds=300000000  speed=3947368 hands/sec  avg|ΔQ|=0.024885  threshold=0.005000
P2 sample rounds=400000000  speed=3902249 hands/sec  avg|ΔQ|=0.017697  threshold=0.005000
P2 sample rounds=500000000  speed=3819272 hands/sec  avg|ΔQ|=0.013998  threshold=0.005000
P2 sample rounds=600000000  speed=3762298 hands/sec  avg|ΔQ|=0.011997  threshold=0.005000
P2 sample rounds=700000000  speed=3716979 hands/sec  avg|ΔQ|=0.010614  threshold=0.005000
P2 sample rounds=800000000  speed=3688523 hands/sec  avg|ΔQ|=0.009602  threshold=0.005000
P2 sample rounds=900000000  speed=3655713 hands/sec  avg|ΔQ|=0.008910  threshold=0.005000
P2 sample rounds=1000000000  speed=3625697 hands/sec  avg|ΔQ|=0.008329  threshold=0.005000
P2 sample rounds=1100000000  speed=3606475 hands/sec  avg|ΔQ|=0.007855  threshold=0.005000
P2 sample rounds=1200000000  speed=3582325 hands/sec  avg|ΔQ|=0.007547  threshold=0.005000
P2 sample rounds=1300000000  speed=3548616 hands/sec  avg|ΔQ|=0.007166  threshold=0.005000
P2 sample rounds=1400000000  speed=3534943 hands/sec  avg|ΔQ|=0.006857  threshold=0.005000
P2 sample rounds=1500000000  speed=3511335 hands/sec  avg|ΔQ|=0.006574  threshold=0.005000
P2 sample rounds=1600000000  speed=3489374 hands/sec  avg|ΔQ|=0.006351  threshold=0.005000
P2 sample rounds=1700000000  speed=3476497 hands/sec  avg|ΔQ|=0.006169  threshold=0.005000
P2 sample rounds=1800000000  speed=3464003 hands/sec  avg|ΔQ|=0.006003  threshold=0.005000
P2 sample rounds=1900000000  speed=3448220 hands/sec  avg|ΔQ|=0.005848  threshold=0.005000
P2 sample rounds=2000000000  speed=3433865 hands/sec  avg|ΔQ|=0.005616  threshold=0.005000
P2 sample rounds=2100000000  speed=3426485 hands/sec  avg|ΔQ|=0.005484  threshold=0.005000
P2 sample rounds=2200000000  speed=3411731 hands/sec  avg|ΔQ|=0.005284  threshold=0.005000
P2 sample rounds=2300000000  speed=3396839 hands/sec  avg|ΔQ|=0.005127  threshold=0.005000
P2 sample rounds=2400000000  speed=3388280 hands/sec  avg|ΔQ|=0.005106  threshold=0.005000
P2 sample rounds=2500000000  speed=3379369 hands/sec  avg|ΔQ|=0.004936  threshold=0.005000

--- P2 ---
Training rounds: 2500000000
Training speed: 3379369 hands/sec
Training flat edge:   -0.510287
Evaluation flat edge (5000000000 rounds): 0.005392  std(X): 1.252793  E[X^2]: 1.569520
Spread 1:10 evaluation edge (5000000000 rounds): 0.120176  std(X): 7.811033  E[X^2]: 61.026672
Kelly growth per round:      1.000234  stddev: 0.000018

--- W3 ---
Recorded rounds: 5000000000  speed: 7064457 hands/sec
Count table:
  Card      Original      Used          
  --------------------------------------
  2         0.3326        0.3326        
  3         0.6488        0.6488        
  4         1.0848        1.0848        
  5         1.2848        1.2848        
  6         0.9151        0.9151        
  7         0.4838        0.4838        
  8         -0.0493       -0.0493       
  9         -0.2888       -0.2888       
  10        ---           ---           
  J         -0.9988       -1.0000       
  Q         -1.0000       -1.0000       
  K         -1.0012       -1.0000       
  A         -1.4119       -1.4119       
  Bias      -0.002673   
  EV>0 TC   0.546502    
  Factor    0.004892    

Spread 1:10 evaluation edge (5000000000 rounds): 0.121380  std(X): 7.794580  E[X^2]: 60.770203
Optimal Kelly multiplier:    0.900000  predicted 1/E[X^2]: 0.637137
Optimal Kelly growth/round:  1.000230  stddev: 0.000017
Sanity checks:
  Sum(weights): 0.000000  (PASS, expected near 0)
  10-value consistency: mean=-1.000000  max_dev=0.001243  rel=0.124322%  (PASS)
  Bias vs flat edge: bias=-0.002673  flat_edge=0.005392  diff=0.008066  rel_to_0.5%=161.311240%
  Bias constraint: fixed to P0 flat edge
EV-count graph:         41 points  res=0.250000  speed: 6894555 hands/sec
Count histogram:        total=355142667  symmetry_rel_diff=4.3402%  (PASS, expected roughly symmetric)
