
=== Spanish21AlternatingOptimization ===
Command:       /home/pliops/Desktop/BlackJackS/build/bin/AlternatingOptimization --game spanish21 --penetration 75 --ss17 false --redouble 1 --ddr true --card-count-bonuses false --num-threads 10 --stop-mode diff --sample-rounds 100000000 --diff-threshold 0.005 --num-rounds 5000000000 --eval-rounds 5000000000 --graph-rounds 500000000 --kelly-measurements 1000 --kelly-fraction-step 0.05 --iterations 3 --sample-every 2 --decks 1 --count-classical-ols --count-unconstrained --checkpoint-name sp21_nobonus_ols_u
Scenario:      decks=1_ss17=false_redouble=1_ddr=true_cardCountBonuses=false_penetration=75%
Policy stop:   diff  sample=100000000  threshold=0.005  Threads: 10
Count rounds:  10000000000  (record every 2 => target 5000000000 recorded samples)
Eval rounds:   5000000000
Graph rounds:  500000000
Iterations:    3  (each iteration learns P_k then W_{k+1})
Count objective: classical_ols
Count constraint: none
Penetration:   75%
Sample-every:  2
Kelly sweep:  centered at nearest step to 1/E[X^2] +/- 0.25 (minimum 0)  step 0.05
Folder:        /home/pliops/Desktop/BlackJackS/checkpoints/spanish21-alternating-checkpoints/sp21_nobonus_ols_u_decks=1_ss17=false_redouble=1_ddr=true_cardCountBonuses=false/
Initial count: none (all zeros)
Count scaling:  average 10/J/Q/K tag = -1
===============================
P0 sample rounds=100000000  speed=5530362 hands/sec  avg|ΔQ|=0.429950  threshold=0.005000
P0 sample rounds=200000000  speed=5144033 hands/sec  avg|ΔQ|=0.013716  threshold=0.005000
P0 sample rounds=300000000  speed=4919323 hands/sec  avg|ΔQ|=0.009416  threshold=0.005000
P0 sample rounds=400000000  speed=4816898 hands/sec  avg|ΔQ|=0.007831  threshold=0.005000
P0 sample rounds=500000000  speed=4733549 hands/sec  avg|ΔQ|=0.006714  threshold=0.005000
P0 sample rounds=600000000  speed=4650045 hands/sec  avg|ΔQ|=0.005926  threshold=0.005000
P0 sample rounds=700000000  speed=4599604 hands/sec  avg|ΔQ|=0.005257  threshold=0.005000
P0 sample rounds=800000000  speed=4524733 hands/sec  avg|ΔQ|=0.005236  threshold=0.005000
P0 sample rounds=900000000  speed=4474874 hands/sec  avg|ΔQ|=0.004787  threshold=0.005000

--- P0 ---
Training rounds: 900000000
Training speed: 4474874 hands/sec
Training flat edge:   -0.341054
Evaluation flat edge (5000000000 rounds): -0.002613  std(X): 1.244407  E[X^2]: 1.548555
Spread/Kelly evaluation skipped for P0: W0 is the zero count, so no positive-count betting signal is expected.

--- W1 ---
Recorded rounds: 5000000000  speed: 8000806 hands/sec
Count table:
  Card      Original      Used          
  --------------------------------------
  2         0.4884        0.4884        
  3         0.7729        0.7729        
  4         1.1650        1.1650        
  5         1.3320        1.3320        
  6         0.8912        0.8912        
  7         0.2961        0.2961        
  8         -0.2032       -0.2032       
  9         -0.3851       -0.3851       
  10        ---           ---           
  J         -0.9989       -1.0000       
  Q         -0.9993       -1.0000       
  K         -1.0018       -1.0000       
  A         -1.3568       -1.3568       
  Bias      -0.001501   
  EV>0 TC   0.283878    
  Factor    0.005286    

Spread 1:10 evaluation edge (5000000000 rounds): 0.077558  std(X): 7.314699  E[X^2]: 53.510842
Optimal Kelly multiplier:    0.750000  predicted 1/E[X^2]: 0.645763
Optimal Kelly growth/round:  1.000115  stddev: 0.000015
Sanity checks:
  Sum(weights): 0.000707  (unconstrained)
  10-value consistency: mean=-1.000000  max_dev=0.001829  rel=0.182941%  (PASS)
  Bias vs flat edge: bias=-0.001501  flat_edge=-0.002613  diff=0.001113  rel_to_0.5%=22.252533%
  Bias constraint: free
EV-count graph:         41 points  res=0.250000  speed: 6904551 hands/sec
Count histogram:        total=352753943  symmetry_rel_diff=5.2661%  (PASS, expected roughly symmetric)
P1 sample rounds=100000000  speed=3883495 hands/sec  avg|ΔQ|=0.337245  threshold=0.005000
P1 sample rounds=200000000  speed=3721069 hands/sec  avg|ΔQ|=0.045002  threshold=0.005000
P1 sample rounds=300000000  speed=3736455 hands/sec  avg|ΔQ|=0.024925  threshold=0.005000
P1 sample rounds=400000000  speed=3690548 hands/sec  avg|ΔQ|=0.017653  threshold=0.005000
P1 sample rounds=500000000  speed=3652701 hands/sec  avg|ΔQ|=0.014080  threshold=0.005000
P1 sample rounds=600000000  speed=3605098 hands/sec  avg|ΔQ|=0.011881  threshold=0.005000
P1 sample rounds=700000000  speed=3566843 hands/sec  avg|ΔQ|=0.010550  threshold=0.005000
P1 sample rounds=800000000  speed=3524710 hands/sec  avg|ΔQ|=0.009589  threshold=0.005000
P1 sample rounds=900000000  speed=3509182 hands/sec  avg|ΔQ|=0.008877  threshold=0.005000
P1 sample rounds=1000000000  speed=3466301 hands/sec  avg|ΔQ|=0.008394  threshold=0.005000
P1 sample rounds=1100000000  speed=3452963 hands/sec  avg|ΔQ|=0.007861  threshold=0.005000
P1 sample rounds=1200000000  speed=3431581 hands/sec  avg|ΔQ|=0.007497  threshold=0.005000
P1 sample rounds=1300000000  speed=3416126 hands/sec  avg|ΔQ|=0.007165  threshold=0.005000
P1 sample rounds=1400000000  speed=3400386 hands/sec  avg|ΔQ|=0.006866  threshold=0.005000
P1 sample rounds=1500000000  speed=3380312 hands/sec  avg|ΔQ|=0.006566  threshold=0.005000
P1 sample rounds=1600000000  speed=3365367 hands/sec  avg|ΔQ|=0.006329  threshold=0.005000
P1 sample rounds=1700000000  speed=3353189 hands/sec  avg|ΔQ|=0.006182  threshold=0.005000
P1 sample rounds=1800000000  speed=3330724 hands/sec  avg|ΔQ|=0.005999  threshold=0.005000
P1 sample rounds=1900000000  speed=3317937 hands/sec  avg|ΔQ|=0.005763  threshold=0.005000
P1 sample rounds=2000000000  speed=3311412 hands/sec  avg|ΔQ|=0.005609  threshold=0.005000
P1 sample rounds=2100000000  speed=3299677 hands/sec  avg|ΔQ|=0.005512  threshold=0.005000
P1 sample rounds=2200000000  speed=3287945 hands/sec  avg|ΔQ|=0.005323  threshold=0.005000
P1 sample rounds=2300000000  speed=3275126 hands/sec  avg|ΔQ|=0.005182  threshold=0.005000
P1 sample rounds=2400000000  speed=3264893 hands/sec  avg|ΔQ|=0.005095  threshold=0.005000
P1 sample rounds=2500000000  speed=3256111 hands/sec  avg|ΔQ|=0.004946  threshold=0.005000

--- P1 ---
Training rounds: 2500000000
Training speed: 3256111 hands/sec
Training flat edge:   -0.509992
Evaluation flat edge (5000000000 rounds): 0.005683  std(X): 1.245919  E[X^2]: 1.552348
Spread 1:10 evaluation edge (5000000000 rounds): 0.120858  std(X): 7.712987  E[X^2]: 59.504772
Kelly growth per round:      1.000243  stddev: 0.000021

--- W2 ---
Recorded rounds: 5000000000  speed: 6849461 hands/sec
Count table:
  Card      Original      Used          
  --------------------------------------
  2         0.4067        0.4067        
  3         0.7343        0.7343        
  4         1.1901        1.1901        
  5         1.3814        1.3814        
  6         0.9901        0.9901        
  7         0.5563        0.5563        
  8         0.0127        0.0127        
  9         -0.2515       -0.2515       
  10        ---           ---           
  J         -1.0002       -1.0000       
  Q         -1.0012       -1.0000       
  K         -0.9986       -1.0000       
  A         -1.4613       -1.4613       
  Bias      -0.001939   
  EV>0 TC   0.421560    
  Factor    0.004599    

Spread 1:10 evaluation edge (5000000000 rounds): 0.109949  std(X): 8.830469  E[X^2]: 77.989265
Optimal Kelly multiplier:    0.800000  predicted 1/E[X^2]: 0.644186
Optimal Kelly growth/round:  1.000220  stddev: 0.000020
Sanity checks:
  Sum(weights): 0.558911  (unconstrained)
  10-value consistency: mean=-1.000000  max_dev=0.001372  rel=0.137163%  (PASS)
  Bias vs flat edge: bias=-0.001939  flat_edge=0.005683  diff=0.007622  rel_to_0.5%=152.430433%
  Bias constraint: free
EV-count graph:         41 points  res=0.250000  speed: 6621552 hands/sec
Count histogram:        total=339869845  symmetry_rel_diff=6.5153%  (PASS, expected roughly symmetric)
P2 sample rounds=100000000  speed=3881536 hands/sec  avg|ΔQ|=0.329020  threshold=0.005000
P2 sample rounds=200000000  speed=3795571 hands/sec  avg|ΔQ|=0.044531  threshold=0.005000
P2 sample rounds=300000000  speed=3719915 hands/sec  avg|ΔQ|=0.024711  threshold=0.005000
P2 sample rounds=400000000  speed=3644747 hands/sec  avg|ΔQ|=0.017868  threshold=0.005000
P2 sample rounds=500000000  speed=3600879 hands/sec  avg|ΔQ|=0.014171  threshold=0.005000
P2 sample rounds=600000000  speed=3560303 hands/sec  avg|ΔQ|=0.012107  threshold=0.005000
P2 sample rounds=700000000  speed=3519994 hands/sec  avg|ΔQ|=0.010637  threshold=0.005000
P2 sample rounds=800000000  speed=3503102 hands/sec  avg|ΔQ|=0.009723  threshold=0.005000
P2 sample rounds=900000000  speed=3490632 hands/sec  avg|ΔQ|=0.009046  threshold=0.005000
P2 sample rounds=1000000000  speed=3485098 hands/sec  avg|ΔQ|=0.008372  threshold=0.005000
P2 sample rounds=1100000000  speed=3455686 hands/sec  avg|ΔQ|=0.007885  threshold=0.005000
P2 sample rounds=1200000000  speed=3456898 hands/sec  avg|ΔQ|=0.007525  threshold=0.005000
P2 sample rounds=1300000000  speed=3443782 hands/sec  avg|ΔQ|=0.007195  threshold=0.005000
P2 sample rounds=1400000000  speed=3424431 hands/sec  avg|ΔQ|=0.006963  threshold=0.005000
P2 sample rounds=1500000000  speed=3401037 hands/sec  avg|ΔQ|=0.006673  threshold=0.005000
P2 sample rounds=1600000000  speed=3397107 hands/sec  avg|ΔQ|=0.006378  threshold=0.005000
P2 sample rounds=1700000000  speed=3376922 hands/sec  avg|ΔQ|=0.006159  threshold=0.005000
P2 sample rounds=1800000000  speed=3374022 hands/sec  avg|ΔQ|=0.006018  threshold=0.005000
P2 sample rounds=1900000000  speed=3356938 hands/sec  avg|ΔQ|=0.005781  threshold=0.005000
P2 sample rounds=2000000000  speed=3346591 hands/sec  avg|ΔQ|=0.005606  threshold=0.005000
P2 sample rounds=2100000000  speed=3343864 hands/sec  avg|ΔQ|=0.005467  threshold=0.005000
P2 sample rounds=2200000000  speed=3335603 hands/sec  avg|ΔQ|=0.005299  threshold=0.005000
P2 sample rounds=2300000000  speed=3327306 hands/sec  avg|ΔQ|=0.005185  threshold=0.005000
P2 sample rounds=2400000000  speed=3317919 hands/sec  avg|ΔQ|=0.005015  threshold=0.005000
P2 sample rounds=2500000000  speed=3310083 hands/sec  avg|ΔQ|=0.004936  threshold=0.005000

--- P2 ---
Training rounds: 2500000000
Training speed: 3310083 hands/sec
Training flat edge:   -0.500700
Evaluation flat edge (5000000000 rounds): 0.004401  std(X): 1.247845  E[X^2]: 1.557135
Spread 1:10 evaluation edge (5000000000 rounds): 0.116104  std(X): 8.648411  E[X^2]: 74.808487
Kelly growth per round:      1.000217  stddev: 0.000025

--- W3 ---
Recorded rounds: 5000000000  speed: 7155886 hands/sec
Count table:
  Card      Original      Used          
  --------------------------------------
  2         0.3957        0.3957        
  3         0.6906        0.6906        
  4         1.1099        1.1099        
  5         1.3295        1.3295        
  6         0.9214        0.9214        
  7         0.4709        0.4709        
  8         -0.0205       -0.0205       
  9         -0.3255       -0.3255       
  10        ---           ---           
  J         -0.9991       -1.0000       
  Q         -1.0014       -1.0000       
  K         -0.9995       -1.0000       
  A         -1.1680       -1.1680       
  Bias      -0.001256   
  EV>0 TC   0.258893    
  Factor    0.004853    

Spread 1:10 evaluation edge (5000000000 rounds): 0.121970  std(X): 8.367680  E[X^2]: 70.032939
Optimal Kelly multiplier:    0.900000  predicted 1/E[X^2]: 0.642205
Optimal Kelly growth/round:  1.000233  stddev: 0.000021
Sanity checks:
  Sum(weights): 0.403944  (unconstrained)
  10-value consistency: mean=-1.000000  max_dev=0.001396  rel=0.139617%  (PASS)
  Bias vs flat edge: bias=-0.001256  flat_edge=0.004401  diff=0.005657  rel_to_0.5%=113.139393%
  Bias constraint: free
EV-count graph:         41 points  res=0.250000  speed: 6855607 hands/sec
Count histogram:        total=354293775  symmetry_rel_diff=3.9050%  (PASS, expected roughly symmetric)
