
=== Spanish21AlternatingOptimization ===
Command:       /home/pliops/Desktop/BlackJackS/build/bin/AlternatingOptimization --game spanish21 --penetration 75 --ss17 false --redouble 1 --ddr true --card-count-bonuses false --num-threads 10 --stop-mode diff --sample-rounds 100000000 --diff-threshold 0.005 --num-rounds 5000000000 --eval-rounds 5000000000 --graph-rounds 500000000 --kelly-measurements 1000 --kelly-fraction-step 0.05 --iterations 3 --sample-every 2 --decks 6 --count-quadratic-kelly --count-sum-zero-fixed-p0-edge --checkpoint-name sp21_nobonus_qk_p0
Scenario:      decks=6_ss17=false_redouble=1_ddr=true_cardCountBonuses=false_penetration=75%
Policy stop:   diff  sample=100000000  threshold=0.005  Threads: 10
Count rounds:  10000000000  (record every 2 => target 5000000000 recorded samples)
Eval rounds:   5000000000
Graph rounds:  500000000
Iterations:    3  (each iteration learns P_k then W_{k+1})
Count objective: quadratic_kelly
Count constraint: sum_zero_fixed_p0_flat_edge
Penetration:   75%
Sample-every:  2
Kelly sweep:  centered at fitted-signal multiplier 1.0 +/- 0.25 (minimum 0)  step 0.05
Folder:        /home/pliops/Desktop/BlackJackS/checkpoints/spanish21-alternating-checkpoints/sp21_nobonus_qk_p0_decks=6_ss17=false_redouble=1_ddr=true_cardCountBonuses=false/
Initial count: none (all zeros)
Count scaling:  average 10/J/Q/K tag = -1
===============================
P0 sample rounds=100000000  speed=5229852 hands/sec  avg|ΔQ|=0.425482  threshold=0.005000
P0 sample rounds=200000000  speed=4817188 hands/sec  avg|ΔQ|=0.013715  threshold=0.005000
P0 sample rounds=300000000  speed=4676466 hands/sec  avg|ΔQ|=0.009191  threshold=0.005000
P0 sample rounds=400000000  speed=4539574 hands/sec  avg|ΔQ|=0.007915  threshold=0.005000
P0 sample rounds=500000000  speed=4401021 hands/sec  avg|ΔQ|=0.006733  threshold=0.005000
P0 sample rounds=600000000  speed=4335166 hands/sec  avg|ΔQ|=0.005875  threshold=0.005000
P0 sample rounds=700000000  speed=4257053 hands/sec  avg|ΔQ|=0.005467  threshold=0.005000
P0 sample rounds=800000000  speed=4215207 hands/sec  avg|ΔQ|=0.004810  threshold=0.005000

--- P0 ---
Training rounds: 800000000
Training speed: 4215207 hands/sec
Training flat edge:   -0.364186
Evaluation flat edge (5000000000 rounds): -0.008269  std(X): 1.238037  E[X^2]: 1.532804
Spread/Kelly evaluation skipped for P0: W0 is the zero count, so no positive-count betting signal is expected.

--- W1 ---
Recorded rounds: 5000000000  speed: 7597699 hands/sec
Count table:
  Card      Original      Used          
  --------------------------------------
  2         0.5445        0.5445        
  3         0.8403        0.8403        
  4         1.2707        1.2707        
  5         1.5074        1.5074        
  6         0.9379        0.9379        
  7         0.2666        0.2666        
  8         -0.3313       -0.3313       
  9         -0.4068       -0.4068       
  10        ---           ---           
  J         -1.0011       -1.0000       
  Q         -0.9987       -1.0000       
  K         -1.0001       -1.0000       
  A         -1.6293       -1.6293       
  Bias      -0.008269   
  Bet>0 TC  2.593299    
  Factor    0.003189    

Spread 1:10 evaluation edge (5000000000 rounds): 0.006624  std(X): 4.089069  E[X^2]: 16.720527
Optimal Kelly multiplier:    1.250000  fitted-signal target: 1.000000
Optimal Kelly growth/round:  1.000010  stddev: 0.000003
Sanity checks:
  Sum(weights): 0.000000  (PASS, expected near 0)
  10-value consistency: mean=-1.000000  max_dev=0.001277  rel=0.127709%  (PASS)
  Bias vs flat edge: bias=-0.008269  flat_edge=-0.008269  diff=0.000000  rel_to_0.5%=0.000000%
  Bias constraint: fixed to P0 flat edge
EV-count graph:         41 points  res=0.250000  speed: 6663823 hands/sec
Count histogram:        total=461738925  symmetry_rel_diff=2.2142%  (PASS, expected roughly symmetric)
P1 sample rounds=100000000  speed=4136334 hands/sec  avg|ΔQ|=0.332925  threshold=0.005000
P1 sample rounds=200000000  speed=4038120 hands/sec  avg|ΔQ|=0.047286  threshold=0.005000
P1 sample rounds=300000000  speed=3914201 hands/sec  avg|ΔQ|=0.025062  threshold=0.005000
P1 sample rounds=400000000  speed=3820074 hands/sec  avg|ΔQ|=0.018031  threshold=0.005000
P1 sample rounds=500000000  speed=3738234 hands/sec  avg|ΔQ|=0.014307  threshold=0.005000
P1 sample rounds=600000000  speed=3715607 hands/sec  avg|ΔQ|=0.012262  threshold=0.005000
P1 sample rounds=700000000  speed=3666803 hands/sec  avg|ΔQ|=0.010870  threshold=0.005000
P1 sample rounds=800000000  speed=3619304 hands/sec  avg|ΔQ|=0.009794  threshold=0.005000
P1 sample rounds=900000000  speed=3612180 hands/sec  avg|ΔQ|=0.009034  threshold=0.005000
P1 sample rounds=1000000000  speed=3584949 hands/sec  avg|ΔQ|=0.008410  threshold=0.005000
P1 sample rounds=1100000000  speed=3542901 hands/sec  avg|ΔQ|=0.007976  threshold=0.005000
P1 sample rounds=1200000000  speed=3527544 hands/sec  avg|ΔQ|=0.007562  threshold=0.005000
P1 sample rounds=1300000000  speed=3493178 hands/sec  avg|ΔQ|=0.007238  threshold=0.005000
P1 sample rounds=1400000000  speed=3479160 hands/sec  avg|ΔQ|=0.006923  threshold=0.005000
P1 sample rounds=1500000000  speed=3463243 hands/sec  avg|ΔQ|=0.006711  threshold=0.005000
P1 sample rounds=1600000000  speed=3440431 hands/sec  avg|ΔQ|=0.006423  threshold=0.005000
P1 sample rounds=1700000000  speed=3429867 hands/sec  avg|ΔQ|=0.006174  threshold=0.005000
P1 sample rounds=1800000000  speed=3403689 hands/sec  avg|ΔQ|=0.005978  threshold=0.005000
P1 sample rounds=1900000000  speed=3388241 hands/sec  avg|ΔQ|=0.005818  threshold=0.005000
P1 sample rounds=2000000000  speed=3379829 hands/sec  avg|ΔQ|=0.005667  threshold=0.005000
P1 sample rounds=2100000000  speed=3361716 hands/sec  avg|ΔQ|=0.005503  threshold=0.005000
P1 sample rounds=2200000000  speed=3348258 hands/sec  avg|ΔQ|=0.005394  threshold=0.005000
P1 sample rounds=2300000000  speed=3332010 hands/sec  avg|ΔQ|=0.005190  threshold=0.005000
P1 sample rounds=2400000000  speed=3320756 hands/sec  avg|ΔQ|=0.005129  threshold=0.005000
P1 sample rounds=2500000000  speed=3308165 hands/sec  avg|ΔQ|=0.004965  threshold=0.005000

--- P1 ---
Training rounds: 2500000000
Training speed: 3308165 hands/sec
Training flat edge:   -0.503363
Evaluation flat edge (5000000000 rounds): -0.006712  std(X): 1.240963  E[X^2]: 1.540034
Spread 1:10 evaluation edge (5000000000 rounds): 0.012915  std(X): 4.296985  E[X^2]: 18.464244
Kelly growth per round:      1.000012  stddev: 0.000003

--- W2 ---
Recorded rounds: 5000000000  speed: 6773865 hands/sec
Count table:
  Card      Original      Used          
  --------------------------------------
  2         0.5135        0.5135        
  3         0.8179        0.8179        
  4         1.2678        1.2678        
  5         1.4959        1.4959        
  6         0.9233        0.9233        
  7         0.3087        0.3087        
  8         -0.2658       -0.2658       
  9         -0.4157       -0.4157       
  10        ---           ---           
  J         -0.9983       -1.0000       
  Q         -1.0059       -1.0000       
  K         -0.9958       -1.0000       
  A         -1.6457       -1.6457       
  Bias      -0.008269   
  Bet>0 TC  2.453849    
  Factor    0.003370    

Spread 1:10 evaluation edge (5000000000 rounds): 0.013729  std(X): 4.450736  E[X^2]: 19.809238
Optimal Kelly multiplier:    1.250000  fitted-signal target: 1.000000
Optimal Kelly growth/round:  1.000015  stddev: 0.000004
Sanity checks:
  Sum(weights): -0.000000  (PASS, expected near 0)
  10-value consistency: mean=-1.000000  max_dev=0.005880  rel=0.588007%  (PASS)
  Bias vs flat edge: bias=-0.008269  flat_edge=-0.006712  diff=0.001558  rel_to_0.5%=31.155420%
  Bias constraint: fixed to P0 flat edge
EV-count graph:         41 points  res=0.250000  speed: 6540222 hands/sec
Count histogram:        total=461970377  symmetry_rel_diff=1.9567%  (PASS, expected roughly symmetric)
P2 sample rounds=100000000  speed=4076142 hands/sec  avg|ΔQ|=0.332916  threshold=0.005000
P2 sample rounds=200000000  speed=3879427 hands/sec  avg|ΔQ|=0.047275  threshold=0.005000
P2 sample rounds=300000000  speed=3810153 hands/sec  avg|ΔQ|=0.025299  threshold=0.005000
P2 sample rounds=400000000  speed=3717196 hands/sec  avg|ΔQ|=0.017971  threshold=0.005000
P2 sample rounds=500000000  speed=3658822 hands/sec  avg|ΔQ|=0.014408  threshold=0.005000
P2 sample rounds=600000000  speed=3607569 hands/sec  avg|ΔQ|=0.012269  threshold=0.005000
P2 sample rounds=700000000  speed=3562178 hands/sec  avg|ΔQ|=0.010814  threshold=0.005000
P2 sample rounds=800000000  speed=3524804 hands/sec  avg|ΔQ|=0.009681  threshold=0.005000
P2 sample rounds=900000000  speed=3493789 hands/sec  avg|ΔQ|=0.009031  threshold=0.005000
P2 sample rounds=1000000000  speed=3468802 hands/sec  avg|ΔQ|=0.008418  threshold=0.005000
P2 sample rounds=1100000000  speed=3431645 hands/sec  avg|ΔQ|=0.007958  threshold=0.005000
P2 sample rounds=1200000000  speed=3404729 hands/sec  avg|ΔQ|=0.007467  threshold=0.005000
P2 sample rounds=1300000000  speed=3386731 hands/sec  avg|ΔQ|=0.007236  threshold=0.005000
P2 sample rounds=1400000000  speed=3366461 hands/sec  avg|ΔQ|=0.006945  threshold=0.005000
P2 sample rounds=1500000000  speed=3356711 hands/sec  avg|ΔQ|=0.006671  threshold=0.005000
P2 sample rounds=1600000000  speed=3336837 hands/sec  avg|ΔQ|=0.006453  threshold=0.005000
P2 sample rounds=1700000000  speed=3319923 hands/sec  avg|ΔQ|=0.006141  threshold=0.005000
P2 sample rounds=1800000000  speed=3308039 hands/sec  avg|ΔQ|=0.005993  threshold=0.005000
P2 sample rounds=1900000000  speed=3291913 hands/sec  avg|ΔQ|=0.005825  threshold=0.005000
P2 sample rounds=2000000000  speed=3276873 hands/sec  avg|ΔQ|=0.005616  threshold=0.005000
P2 sample rounds=2100000000  speed=3268742 hands/sec  avg|ΔQ|=0.005520  threshold=0.005000
P2 sample rounds=2200000000  speed=3257088 hands/sec  avg|ΔQ|=0.005344  threshold=0.005000
P2 sample rounds=2300000000  speed=3254365 hands/sec  avg|ΔQ|=0.005219  threshold=0.005000
P2 sample rounds=2400000000  speed=3242967 hands/sec  avg|ΔQ|=0.005095  threshold=0.005000
P2 sample rounds=2500000000  speed=3230291 hands/sec  avg|ΔQ|=0.004936  threshold=0.005000

--- P2 ---
Training rounds: 2500000000
Training speed: 3230291 hands/sec
Training flat edge:   -0.502851
Evaluation flat edge (5000000000 rounds): -0.006784  std(X): 1.237922  E[X^2]: 1.532497
Spread 1:10 evaluation edge (5000000000 rounds): 0.013747  std(X): 4.449638  E[X^2]: 19.799470
Kelly growth per round:      1.000013  stddev: 0.000003

--- W3 ---
Recorded rounds: 5000000000  speed: 6630966 hands/sec
Count table:
  Card      Original      Used          
  --------------------------------------
  2         0.5345        0.5345        
  3         0.8217        0.8217        
  4         1.2761        1.2761        
  5         1.4990        1.4990        
  6         0.9208        0.9208        
  7         0.3024        0.3024        
  8         -0.2685       -0.2685       
  9         -0.4094       -0.4094       
  10        ---           ---           
  J         -1.0012       -1.0000       
  Q         -0.9928       -1.0000       
  K         -1.0060       -1.0000       
  A         -1.6766       -1.6766       
  Bias      -0.008269   
  Bet>0 TC  2.439845    
  Factor    0.003389    

Spread 1:10 evaluation edge (5000000000 rounds): 0.013884  std(X): 4.486903  E[X^2]: 20.132488
Optimal Kelly multiplier:    1.250000  fitted-signal target: 1.000000
Optimal Kelly growth/round:  1.000015  stddev: 0.000004
Sanity checks:
  Sum(weights): 0.000000  (PASS, expected near 0)
  10-value consistency: mean=-1.000000  max_dev=0.007182  rel=0.718201%  (PASS)
  Bias vs flat edge: bias=-0.008269  flat_edge=-0.006784  diff=0.001486  rel_to_0.5%=29.713450%
  Bias constraint: fixed to P0 flat edge
EV-count graph:         41 points  res=0.250000  speed: 6590654 hands/sec
Count histogram:        total=461367104  symmetry_rel_diff=1.9593%  (PASS, expected roughly symmetric)
