Training fresh full deviations for the selected count...
Training rounds=100000000 speed=4373305 rounds/sec avg|delta Q|=0.34472528 threshold=0.00500000
Training rounds=200000000 speed=4351705 rounds/sec avg|delta Q|=0.04358075 threshold=0.00500000
Training rounds=300000000 speed=4271861 rounds/sec avg|delta Q|=0.02587269 threshold=0.00500000
Training rounds=400000000 speed=4267577 rounds/sec avg|delta Q|=0.01983909 threshold=0.00500000
Training rounds=500000000 speed=4244302 rounds/sec avg|delta Q|=0.01697508 threshold=0.00500000
Training rounds=600000000 speed=4225055 rounds/sec avg|delta Q|=0.01529448 threshold=0.00500000
Training rounds=700000000 speed=4206352 rounds/sec avg|delta Q|=0.01420157 threshold=0.00500000
Training rounds=800000000 speed=4179466 rounds/sec avg|delta Q|=0.01349375 threshold=0.00500000
Training rounds=900000000 speed=4165587 rounds/sec avg|delta Q|=0.01283745 threshold=0.00500000
Training rounds=1000000000 speed=4143068 rounds/sec avg|delta Q|=0.01213253 threshold=0.00500000
Training rounds=1100000000 speed=4129920 rounds/sec avg|delta Q|=0.01151191 threshold=0.00500000
Training rounds=1200000000 speed=4123357 rounds/sec avg|delta Q|=0.01103052 threshold=0.00500000
Training rounds=1300000000 speed=4106387 rounds/sec avg|delta Q|=0.01054216 threshold=0.00500000
Training rounds=1400000000 speed=4090386 rounds/sec avg|delta Q|=0.01032615 threshold=0.00500000
Training rounds=1500000000 speed=4075500 rounds/sec avg|delta Q|=0.01008689 threshold=0.00500000
Training rounds=1600000000 speed=4079156 rounds/sec avg|delta Q|=0.00954850 threshold=0.00500000
Training rounds=1700000000 speed=4063836 rounds/sec avg|delta Q|=0.00941153 threshold=0.00500000
Training rounds=1800000000 speed=4055452 rounds/sec avg|delta Q|=0.00904538 threshold=0.00500000
Training rounds=1900000000 speed=4040602 rounds/sec avg|delta Q|=0.00881290 threshold=0.00500000
Training rounds=2000000000 speed=4029528 rounds/sec avg|delta Q|=0.00855960 threshold=0.00500000
Training rounds=2100000000 speed=4017632 rounds/sec avg|delta Q|=0.00819548 threshold=0.00500000
Training rounds=2200000000 speed=4008169 rounds/sec avg|delta Q|=0.00810396 threshold=0.00500000
Training rounds=2300000000 speed=3999075 rounds/sec avg|delta Q|=0.00806126 threshold=0.00500000
Training rounds=2400000000 speed=3992594 rounds/sec avg|delta Q|=0.00782018 threshold=0.00500000
Training rounds=2500000000 speed=3984680 rounds/sec avg|delta Q|=0.00773356 threshold=0.00500000
Training rounds=2600000000 speed=3982941 rounds/sec avg|delta Q|=0.00742655 threshold=0.00500000
Training rounds=2700000000 speed=3974738 rounds/sec avg|delta Q|=0.00721323 threshold=0.00500000
Training rounds=2800000000 speed=3969779 rounds/sec avg|delta Q|=0.00709993 threshold=0.00500000
Training rounds=2900000000 speed=3956997 rounds/sec avg|delta Q|=0.00695154 threshold=0.00500000
Training rounds=3000000000 speed=3954455 rounds/sec avg|delta Q|=0.00680484 threshold=0.00500000
Training rounds=3100000000 speed=3949392 rounds/sec avg|delta Q|=0.00670714 threshold=0.00500000
Training rounds=3200000000 speed=3942732 rounds/sec avg|delta Q|=0.00647973 threshold=0.00500000
Training rounds=3300000000 speed=3934919 rounds/sec avg|delta Q|=0.00640668 threshold=0.00500000
Training rounds=3400000000 speed=3928687 rounds/sec avg|delta Q|=0.00630873 threshold=0.00500000
Training rounds=3500000000 speed=3923459 rounds/sec avg|delta Q|=0.00612201 threshold=0.00500000
Training rounds=3600000000 speed=3916159 rounds/sec avg|delta Q|=0.00604421 threshold=0.00500000
Training rounds=3700000000 speed=3910391 rounds/sec avg|delta Q|=0.00589164 threshold=0.00500000
Training rounds=3800000000 speed=3904267 rounds/sec avg|delta Q|=0.00589424 threshold=0.00500000
Training rounds=3900000000 speed=3895135 rounds/sec avg|delta Q|=0.00573685 threshold=0.00500000
Training rounds=4000000000 speed=3889919 rounds/sec avg|delta Q|=0.00561987 threshold=0.00500000
Training rounds=4100000000 speed=3884842 rounds/sec avg|delta Q|=0.00554265 threshold=0.00500000
Training rounds=4200000000 speed=3880248 rounds/sec avg|delta Q|=0.00545044 threshold=0.00500000
Training rounds=4300000000 speed=3874411 rounds/sec avg|delta Q|=0.00542990 threshold=0.00500000
Training rounds=4400000000 speed=3870973 rounds/sec avg|delta Q|=0.00529090 threshold=0.00500000
Training rounds=4500000000 speed=3865717 rounds/sec avg|delta Q|=0.00517145 threshold=0.00500000
Training rounds=4600000000 speed=3866313 rounds/sec avg|delta Q|=0.00509767 threshold=0.00500000
Training rounds=4700000000 speed=3862016 rounds/sec avg|delta Q|=0.00505473 threshold=0.00500000
Training rounds=4800000000 speed=3856738 rounds/sec avg|delta Q|=0.00496296 threshold=0.00500000

=== EvaluateCountPolicy ===
Command:          /home/pliops/BlackJackCounts/build/bin/EvaluateCountPolicy --game blackjack --count-name hilo --policy full-deviations --output-dir /home/pliops/BlackJackCounts/paper_materials/performance-suites/h17c03_5b_named_counts_continuous/bj6-5/hilo_d2/full_deviations --decks 2 --penetration 75 --ss17 false --peek true --surr no --das true --sas 4 --don ANY --rsa false --hsa false --bj 1.2 --factor 0.005 --bias -0.0183038 --count-normalization true --continuous-betting-count true --min-count -5 --max-count 5 --num-rounds 5000000000 --stop-mode diff --sample-rounds 100000000 --diff-threshold 0.005 --eval-rounds 5000000000 --kelly-rounds 1000000 --kelly-measurements 1000 --kelly-min 0.50 --kelly-max 1.00 --kelly-step 0.05 --max-total-wager-fraction 1.0 --num-threads 10 --seed 12345
Game:             blackjack
Scenario:         decks=2_ss17=False_das=True_sas=4_don=Any_reSplitAces=False_hitSplitAces=False_surr=no_peek=True_bj-pays=1.2
Penetration:      75.00000000%
Count:            named count hilo
Policy:           fresh full deviations trained for the selected count
Spread:           5000000000 rounds, 1:10
Kelly:            1000 x 1000000 rounds per multiplier
Kelly search:     0.50000000 to 1.00000000 step 0.05000000
Total wager cap:  1.00000000 x round-start bankroll
Threads:          10
Seed:             12345
Output:           /home/pliops/BlackJackCounts/paper_materials/performance-suites/h17c03_5b_named_counts_continuous/bj6-5/hilo_d2/full_deviations/

Count weights:
   2  1.000000000000
   3  1.000000000000
   4  1.000000000000
   5  1.000000000000
   6  1.000000000000
   7  0.000000000000
   8  0.000000000000
   9  0.000000000000
  10  -1.000000000000
   J  -1.000000000000
   Q  -1.000000000000
   K  -1.000000000000
   A  -1.000000000000
Transform: running = 0.000000000000 + (0.000000000000 * decks) + tags; selected=true_count
Signal f(c) = -0.018303800000 + 0.005000000000 * c

Running spread and Kelly evaluations...

=== Result ===
Spread edge:               0.003824908252
Kelly growth @1:           1.000020066827
Kelly exposure rounds @1: 1000000000
Mean gross wager/bankroll: 0.002260927695
Max gross wager/bankroll:  0.864600672727
Mean |fX|:                 0.002057145031
Max |fX|:                  0.757278805405

Saved results to /home/pliops/BlackJackCounts/paper_materials/performance-suites/h17c03_5b_named_counts_continuous/bj6-5/hilo_d2/full_deviations/
