Training fresh full deviations for the selected count...
Training rounds=100000000 speed=4391936 rounds/sec avg|delta Q|=0.31247773 threshold=0.00500000
Training rounds=200000000 speed=4370820 rounds/sec avg|delta Q|=0.04325022 threshold=0.00500000
Training rounds=300000000 speed=4375729 rounds/sec avg|delta Q|=0.02736720 threshold=0.00500000
Training rounds=400000000 speed=4385484 rounds/sec avg|delta Q|=0.02172325 threshold=0.00500000
Training rounds=500000000 speed=4313766 rounds/sec avg|delta Q|=0.01859630 threshold=0.00500000
Training rounds=600000000 speed=4318970 rounds/sec avg|delta Q|=0.01667155 threshold=0.00500000
Training rounds=700000000 speed=4252760 rounds/sec avg|delta Q|=0.01522897 threshold=0.00500000
Training rounds=800000000 speed=4243649 rounds/sec avg|delta Q|=0.01422888 threshold=0.00500000
Training rounds=900000000 speed=4230317 rounds/sec avg|delta Q|=0.01324291 threshold=0.00500000
Training rounds=1000000000 speed=4213702 rounds/sec avg|delta Q|=0.01264540 threshold=0.00500000
Training rounds=1100000000 speed=4189630 rounds/sec avg|delta Q|=0.01208335 threshold=0.00500000
Training rounds=1200000000 speed=4168201 rounds/sec avg|delta Q|=0.01149115 threshold=0.00500000
Training rounds=1300000000 speed=4157512 rounds/sec avg|delta Q|=0.01106687 threshold=0.00500000
Training rounds=1400000000 speed=4150116 rounds/sec avg|delta Q|=0.01052581 threshold=0.00500000
Training rounds=1500000000 speed=4148907 rounds/sec avg|delta Q|=0.01016894 threshold=0.00500000
Training rounds=1600000000 speed=4125753 rounds/sec avg|delta Q|=0.00984452 threshold=0.00500000
Training rounds=1700000000 speed=4115177 rounds/sec avg|delta Q|=0.00956859 threshold=0.00500000
Training rounds=1800000000 speed=4100648 rounds/sec avg|delta Q|=0.00931136 threshold=0.00500000
Training rounds=1900000000 speed=4087252 rounds/sec avg|delta Q|=0.00914507 threshold=0.00500000
Training rounds=2000000000 speed=4074573 rounds/sec avg|delta Q|=0.00896888 threshold=0.00500000
Training rounds=2100000000 speed=4077725 rounds/sec avg|delta Q|=0.00856861 threshold=0.00500000
Training rounds=2200000000 speed=4067882 rounds/sec avg|delta Q|=0.00850816 threshold=0.00500000
Training rounds=2300000000 speed=4058263 rounds/sec avg|delta Q|=0.00826706 threshold=0.00500000
Training rounds=2400000000 speed=4049293 rounds/sec avg|delta Q|=0.00804619 threshold=0.00500000
Training rounds=2500000000 speed=4040260 rounds/sec avg|delta Q|=0.00795899 threshold=0.00500000
Training rounds=2600000000 speed=4032746 rounds/sec avg|delta Q|=0.00775063 threshold=0.00500000
Training rounds=2700000000 speed=4028137 rounds/sec avg|delta Q|=0.00758909 threshold=0.00500000
Training rounds=2800000000 speed=4021394 rounds/sec avg|delta Q|=0.00747996 threshold=0.00500000
Training rounds=2900000000 speed=4014669 rounds/sec avg|delta Q|=0.00721048 threshold=0.00500000
Training rounds=3000000000 speed=4010583 rounds/sec avg|delta Q|=0.00712064 threshold=0.00500000
Training rounds=3100000000 speed=4008498 rounds/sec avg|delta Q|=0.00700889 threshold=0.00500000
Training rounds=3200000000 speed=4001616 rounds/sec avg|delta Q|=0.00686808 threshold=0.00500000
Training rounds=3300000000 speed=3994732 rounds/sec avg|delta Q|=0.00683459 threshold=0.00500000
Training rounds=3400000000 speed=3990676 rounds/sec avg|delta Q|=0.00665867 threshold=0.00500000
Training rounds=3500000000 speed=3985112 rounds/sec avg|delta Q|=0.00664861 threshold=0.00500000
Training rounds=3600000000 speed=3979937 rounds/sec avg|delta Q|=0.00651096 threshold=0.00500000
Training rounds=3700000000 speed=3975255 rounds/sec avg|delta Q|=0.00636421 threshold=0.00500000
Training rounds=3800000000 speed=3968076 rounds/sec avg|delta Q|=0.00627846 threshold=0.00500000
Training rounds=3900000000 speed=3965442 rounds/sec avg|delta Q|=0.00628521 threshold=0.00500000
Training rounds=4000000000 speed=3958413 rounds/sec avg|delta Q|=0.00605916 threshold=0.00500000
Training rounds=4100000000 speed=3954334 rounds/sec avg|delta Q|=0.00597884 threshold=0.00500000
Training rounds=4200000000 speed=3950413 rounds/sec avg|delta Q|=0.00594809 threshold=0.00500000
Training rounds=4300000000 speed=3946286 rounds/sec avg|delta Q|=0.00585198 threshold=0.00500000
Training rounds=4400000000 speed=3940675 rounds/sec avg|delta Q|=0.00571102 threshold=0.00500000
Training rounds=4500000000 speed=3937349 rounds/sec avg|delta Q|=0.00566376 threshold=0.00500000
Training rounds=4600000000 speed=3932115 rounds/sec avg|delta Q|=0.00568137 threshold=0.00500000
Training rounds=4700000000 speed=3931291 rounds/sec avg|delta Q|=0.00553957 threshold=0.00500000
Training rounds=4800000000 speed=3930888 rounds/sec avg|delta Q|=0.00536172 threshold=0.00500000
Training rounds=4900000000 speed=3925125 rounds/sec avg|delta Q|=0.00543838 threshold=0.00500000
Training rounds=5000000000 speed=3921698 rounds/sec avg|delta Q|=0.00527759 threshold=0.00500000
Training rounds=5100000000 speed=3918203 rounds/sec avg|delta Q|=0.00525472 threshold=0.00500000
Training rounds=5200000000 speed=3913488 rounds/sec avg|delta Q|=0.00522317 threshold=0.00500000
Training rounds=5300000000 speed=3915887 rounds/sec avg|delta Q|=0.00514427 threshold=0.00500000
Training rounds=5400000000 speed=3910997 rounds/sec avg|delta Q|=0.00508057 threshold=0.00500000
Training rounds=5500000000 speed=3908512 rounds/sec avg|delta Q|=0.00501913 threshold=0.00500000
Training rounds=5600000000 speed=3908917 rounds/sec avg|delta Q|=0.00500783 threshold=0.00500000
Training rounds=5700000000 speed=3905929 rounds/sec avg|delta Q|=0.00486744 threshold=0.00500000

=== EvaluateCountPolicy ===
Command:          /home/pliops/BlackJackCounts/build/bin/EvaluateCountPolicy --game blackjack --count-name omega2 --policy full-deviations --output-dir /home/pliops/BlackJackCounts/paper_materials/performance-suites/h17c03_5b_named_counts_continuous/bj6-5/omega2_d1/full_deviations --decks 1 --penetration 75 --ss17 false --peek true --surr no --das true --sas 4 --don ANY --rsa false --hsa false --bj 1.2 --factor 0.005 --bias -0.0155422 --count-normalization true --continuous-betting-count true --min-count -5 --max-count 5 --num-rounds 5000000000 --stop-mode diff --sample-rounds 100000000 --diff-threshold 0.005 --eval-rounds 5000000000 --kelly-rounds 1000000 --kelly-measurements 1000 --kelly-min 0.50 --kelly-max 1.00 --kelly-step 0.05 --max-total-wager-fraction 1.0 --num-threads 10 --seed 12345
Game:             blackjack
Scenario:         decks=1_ss17=False_das=True_sas=4_don=Any_reSplitAces=False_hitSplitAces=False_surr=no_peek=True_bj-pays=1.2
Penetration:      75.00000000%
Count:            named count omega2
Policy:           fresh full deviations trained for the selected count
Spread:           5000000000 rounds, 1:10
Kelly:            1000 x 1000000 rounds per multiplier
Kelly search:     0.50000000 to 1.00000000 step 0.05000000
Total wager cap:  1.00000000 x round-start bankroll
Threads:          10
Seed:             12345
Output:           /home/pliops/BlackJackCounts/paper_materials/performance-suites/h17c03_5b_named_counts_continuous/bj6-5/omega2_d1/full_deviations/

Count weights:
   2  1.000000000000
   3  1.000000000000
   4  2.000000000000
   5  2.000000000000
   6  2.000000000000
   7  1.000000000000
   8  0.000000000000
   9  -1.000000000000
  10  -2.000000000000
   J  -2.000000000000
   Q  -2.000000000000
   K  -2.000000000000
   A  0.000000000000
Transform: running = 0.000000000000 + (0.000000000000 * decks) + tags; selected=true_count
Signal f(c) = -0.015542200000 + 0.005000000000 * c

Running spread and Kelly evaluations...

=== Result ===
Spread edge:               0.039823031942
Kelly growth @1:           0.986884506770
Kelly exposure rounds @1: 1000000000
Mean gross wager/bankroll: 0.012282590768
Max gross wager/bankroll:  1.570746800000
Mean |fX|:                 0.011214096972
Max |fX|:                  1.570746800000

Saved results to /home/pliops/BlackJackCounts/paper_materials/performance-suites/h17c03_5b_named_counts_continuous/bj6-5/omega2_d1/full_deviations/
