Training fresh full deviations for the selected count...
Training rounds=100000000 speed=8250825 rounds/sec avg|delta Q|=0.33563109 threshold=0.00500000
Training rounds=200000000 speed=8159269 rounds/sec avg|delta Q|=0.04371556 threshold=0.00500000
Training rounds=300000000 speed=8079067 rounds/sec avg|delta Q|=0.02667013 threshold=0.00500000
Training rounds=400000000 speed=8018121 rounds/sec avg|delta Q|=0.02067380 threshold=0.00500000
Training rounds=500000000 speed=7965842 rounds/sec avg|delta Q|=0.01791886 threshold=0.00500000
Training rounds=600000000 speed=7923616 rounds/sec avg|delta Q|=0.01588441 threshold=0.00500000
Training rounds=700000000 speed=7873839 rounds/sec avg|delta Q|=0.01442599 threshold=0.00500000
Training rounds=800000000 speed=7853300 rounds/sec avg|delta Q|=0.01355394 threshold=0.00500000
Training rounds=900000000 speed=7814128 rounds/sec avg|delta Q|=0.01288463 threshold=0.00500000
Training rounds=1000000000 speed=7772846 rounds/sec avg|delta Q|=0.01225945 threshold=0.00500000
Training rounds=1100000000 speed=7738468 rounds/sec avg|delta Q|=0.01162332 threshold=0.00500000
Training rounds=1200000000 speed=7700848 rounds/sec avg|delta Q|=0.01117465 threshold=0.00500000
Training rounds=1300000000 speed=7672242 rounds/sec avg|delta Q|=0.01088861 threshold=0.00500000
Training rounds=1400000000 speed=7640045 rounds/sec avg|delta Q|=0.01033635 threshold=0.00500000
Training rounds=1500000000 speed=7618738 rounds/sec avg|delta Q|=0.00999960 threshold=0.00500000
Training rounds=1600000000 speed=7593843 rounds/sec avg|delta Q|=0.00978393 threshold=0.00500000
Training rounds=1700000000 speed=7572788 rounds/sec avg|delta Q|=0.00954806 threshold=0.00500000
Training rounds=1800000000 speed=7550779 rounds/sec avg|delta Q|=0.00914900 threshold=0.00500000
Training rounds=1900000000 speed=7528718 rounds/sec avg|delta Q|=0.00884266 threshold=0.00500000
Training rounds=2000000000 speed=7510016 rounds/sec avg|delta Q|=0.00865265 threshold=0.00500000
Training rounds=2100000000 speed=7489141 rounds/sec avg|delta Q|=0.00846589 threshold=0.00500000
Training rounds=2200000000 speed=7471227 rounds/sec avg|delta Q|=0.00822020 threshold=0.00500000
Training rounds=2300000000 speed=7454825 rounds/sec avg|delta Q|=0.00802968 threshold=0.00500000
Training rounds=2400000000 speed=7438170 rounds/sec avg|delta Q|=0.00791380 threshold=0.00500000
Training rounds=2500000000 speed=7423155 rounds/sec avg|delta Q|=0.00768567 threshold=0.00500000
Training rounds=2600000000 speed=7404496 rounds/sec avg|delta Q|=0.00750052 threshold=0.00500000
Training rounds=2700000000 speed=7389021 rounds/sec avg|delta Q|=0.00747262 threshold=0.00500000
Training rounds=2800000000 speed=7373874 rounds/sec avg|delta Q|=0.00728674 threshold=0.00500000
Training rounds=2900000000 speed=7361415 rounds/sec avg|delta Q|=0.00713764 threshold=0.00500000
Training rounds=3000000000 speed=7350023 rounds/sec avg|delta Q|=0.00685462 threshold=0.00500000
Training rounds=3100000000 speed=7339432 rounds/sec avg|delta Q|=0.00680408 threshold=0.00500000
Training rounds=3200000000 speed=7327416 rounds/sec avg|delta Q|=0.00666702 threshold=0.00500000
Training rounds=3300000000 speed=7319573 rounds/sec avg|delta Q|=0.00653281 threshold=0.00500000
Training rounds=3400000000 speed=7307349 rounds/sec avg|delta Q|=0.00637813 threshold=0.00500000
Training rounds=3500000000 speed=7295831 rounds/sec avg|delta Q|=0.00628482 threshold=0.00500000
Training rounds=3600000000 speed=7285001 rounds/sec avg|delta Q|=0.00621556 threshold=0.00500000
Training rounds=3700000000 speed=7275244 rounds/sec avg|delta Q|=0.00612842 threshold=0.00500000
Training rounds=3800000000 speed=7266038 rounds/sec avg|delta Q|=0.00596961 threshold=0.00500000
Training rounds=3900000000 speed=7256273 rounds/sec avg|delta Q|=0.00587722 threshold=0.00500000
Training rounds=4000000000 speed=7247073 rounds/sec avg|delta Q|=0.00585508 threshold=0.00500000
Training rounds=4100000000 speed=7236145 rounds/sec avg|delta Q|=0.00567011 threshold=0.00500000
Training rounds=4200000000 speed=7226888 rounds/sec avg|delta Q|=0.00548518 threshold=0.00500000
Training rounds=4300000000 speed=7217720 rounds/sec avg|delta Q|=0.00549813 threshold=0.00500000
Training rounds=4400000000 speed=7209593 rounds/sec avg|delta Q|=0.00549507 threshold=0.00500000
Training rounds=4500000000 speed=7202074 rounds/sec avg|delta Q|=0.00533197 threshold=0.00500000
Training rounds=4600000000 speed=7193851 rounds/sec avg|delta Q|=0.00528447 threshold=0.00500000
Training rounds=4700000000 speed=7187226 rounds/sec avg|delta Q|=0.00523989 threshold=0.00500000
Training rounds=4800000000 speed=7180093 rounds/sec avg|delta Q|=0.00509536 threshold=0.00500000
Training rounds=4900000000 speed=7172835 rounds/sec avg|delta Q|=0.00511433 threshold=0.00500000
Training rounds=5000000000 speed=7165439 rounds/sec avg|delta Q|=0.00499444 threshold=0.00500000

=== EvaluateCountPolicy ===
Command:          /home/neria/Desktop/BlackjaclCpp/build/bin/EvaluateCountPolicy --game blackjack --count-name hilo --policy full-deviations --output-dir /home/neria/Desktop/BlackjaclCpp/checkpoints/performance-suites/h17c03_5b_hilo_bias_continuous/bj6-5/fixed_0p5pct_d6/full_deviations --penetration 75 --ss17 false --peek true --surr no --das true --sas 4 --don ANY --rsa false --hsa false --bj 1.2 --num-rounds 5000000000 --stop-mode diff --sample-rounds 100000000 --diff-threshold 0.005 --eval-rounds 5000000000 --kelly-rounds 1000000 --kelly-measurements 1000 --kelly-min 0.50 --kelly-max 1.00 --kelly-step 0.05 --num-threads 10 --seed 12345 --decks 6 --factor 0.005 --bias -0.005 --continuous-betting-count true
Game:             blackjack
Scenario:         decks=6_ss17=False_das=True_sas=4_don=Any_reSplitAces=False_hitSplitAces=False_surr=no_peek=True_bj-pays=1.2
Penetration:      75.00000000%
Count:            named count hilo
Policy:           fresh full deviations trained for the selected count
Spread:           5000000000 rounds, 1:10
Kelly:            1000 x 1000000 rounds per multiplier
Kelly search:     0.50000000 to 1.00000000 step 0.05000000
Threads:          10
Seed:             12345
Output:           /home/neria/Desktop/BlackjaclCpp/checkpoints/performance-suites/h17c03_5b_hilo_bias_continuous/bj6-5/fixed_0p5pct_d6/full_deviations/

Count weights:
   2  1.000000000000
   3  1.000000000000
   4  1.000000000000
   5  1.000000000000
   6  1.000000000000
   7  0.000000000000
   8  0.000000000000
   9  0.000000000000
  10  -1.000000000000
   J  -1.000000000000
   Q  -1.000000000000
   K  -1.000000000000
   A  -1.000000000000
Transform: running = 0.000000000000 + (0.000000000000 * decks) + tags; selected=true_count
Signal f(c) = -0.005000000000 + 0.005000000000 * c

Running spread and Kelly evaluations...

=== Result ===
Spread edge:               -0.034174809113
Kelly growth @1:           0.999978350008
Kelly exposure rounds @1: 1000000000
Mean gross wager/bankroll: 0.002583305319
Max gross wager/bankroll:  0.528333333333
Mean |fX|:                 0.002364684615
Max |fX|:                  0.528333333333

Saved results to /home/neria/Desktop/BlackjaclCpp/checkpoints/performance-suites/h17c03_5b_hilo_bias_continuous/bj6-5/fixed_0p5pct_d6/full_deviations/
