Training fresh full deviations for the selected count...
Training rounds=100000000 speed=4217096 rounds/sec avg|delta Q|=0.33427376 threshold=0.00500000
Training rounds=200000000 speed=4227704 rounds/sec avg|delta Q|=0.04288220 threshold=0.00500000
Training rounds=300000000 speed=4336325 rounds/sec avg|delta Q|=0.02703076 threshold=0.00500000
Training rounds=400000000 speed=4292030 rounds/sec avg|delta Q|=0.02079716 threshold=0.00500000
Training rounds=500000000 speed=4326532 rounds/sec avg|delta Q|=0.01778812 threshold=0.00500000
Training rounds=600000000 speed=4301538 rounds/sec avg|delta Q|=0.01598342 threshold=0.00500000
Training rounds=700000000 speed=4300811 rounds/sec avg|delta Q|=0.01464819 threshold=0.00500000
Training rounds=800000000 speed=4300960 rounds/sec avg|delta Q|=0.01373962 threshold=0.00500000
Training rounds=900000000 speed=4275209 rounds/sec avg|delta Q|=0.01286468 threshold=0.00500000
Training rounds=1000000000 speed=4261666 rounds/sec avg|delta Q|=0.01217207 threshold=0.00500000
Training rounds=1100000000 speed=4256093 rounds/sec avg|delta Q|=0.01178826 threshold=0.00500000
Training rounds=1200000000 speed=4235030 rounds/sec avg|delta Q|=0.01120534 threshold=0.00500000
Training rounds=1300000000 speed=4238766 rounds/sec avg|delta Q|=0.01090912 threshold=0.00500000
Training rounds=1400000000 speed=4214418 rounds/sec avg|delta Q|=0.01030066 threshold=0.00500000
Training rounds=1500000000 speed=4206347 rounds/sec avg|delta Q|=0.00989734 threshold=0.00500000
Training rounds=1600000000 speed=4194202 rounds/sec avg|delta Q|=0.00987230 threshold=0.00500000
Training rounds=1700000000 speed=4177428 rounds/sec avg|delta Q|=0.00935265 threshold=0.00500000
Training rounds=1800000000 speed=4168452 rounds/sec avg|delta Q|=0.00920478 threshold=0.00500000
Training rounds=1900000000 speed=4155776 rounds/sec avg|delta Q|=0.00894062 threshold=0.00500000
Training rounds=2000000000 speed=4142485 rounds/sec avg|delta Q|=0.00859465 threshold=0.00500000
Training rounds=2100000000 speed=4133508 rounds/sec avg|delta Q|=0.00856143 threshold=0.00500000
Training rounds=2200000000 speed=4117629 rounds/sec avg|delta Q|=0.00826443 threshold=0.00500000
Training rounds=2300000000 speed=4110806 rounds/sec avg|delta Q|=0.00815270 threshold=0.00500000
Training rounds=2400000000 speed=4100664 rounds/sec avg|delta Q|=0.00797777 threshold=0.00500000
Training rounds=2500000000 speed=4088080 rounds/sec avg|delta Q|=0.00780522 threshold=0.00500000
Training rounds=2600000000 speed=4082274 rounds/sec avg|delta Q|=0.00762369 threshold=0.00500000
Training rounds=2700000000 speed=4071170 rounds/sec avg|delta Q|=0.00742008 threshold=0.00500000
Training rounds=2800000000 speed=4065501 rounds/sec avg|delta Q|=0.00728545 threshold=0.00500000
Training rounds=2900000000 speed=4056750 rounds/sec avg|delta Q|=0.00711653 threshold=0.00500000
Training rounds=3000000000 speed=4051070 rounds/sec avg|delta Q|=0.00694070 threshold=0.00500000
Training rounds=3100000000 speed=4048752 rounds/sec avg|delta Q|=0.00681444 threshold=0.00500000
Training rounds=3200000000 speed=4043564 rounds/sec avg|delta Q|=0.00671903 threshold=0.00500000
Training rounds=3300000000 speed=4029678 rounds/sec avg|delta Q|=0.00661575 threshold=0.00500000
Training rounds=3400000000 speed=4028804 rounds/sec avg|delta Q|=0.00649474 threshold=0.00500000
Training rounds=3500000000 speed=4018231 rounds/sec avg|delta Q|=0.00631382 threshold=0.00500000
Training rounds=3600000000 speed=4011683 rounds/sec avg|delta Q|=0.00616040 threshold=0.00500000
Training rounds=3700000000 speed=4006111 rounds/sec avg|delta Q|=0.00615427 threshold=0.00500000
Training rounds=3800000000 speed=3995937 rounds/sec avg|delta Q|=0.00594071 threshold=0.00500000
Training rounds=3900000000 speed=3994649 rounds/sec avg|delta Q|=0.00592168 threshold=0.00500000
Training rounds=4000000000 speed=3987897 rounds/sec avg|delta Q|=0.00582061 threshold=0.00500000
Training rounds=4100000000 speed=3984056 rounds/sec avg|delta Q|=0.00575277 threshold=0.00500000
Training rounds=4200000000 speed=3982734 rounds/sec avg|delta Q|=0.00560414 threshold=0.00500000
Training rounds=4300000000 speed=3981021 rounds/sec avg|delta Q|=0.00560609 threshold=0.00500000
Training rounds=4400000000 speed=3980758 rounds/sec avg|delta Q|=0.00547979 threshold=0.00500000
Training rounds=4500000000 speed=3974219 rounds/sec avg|delta Q|=0.00540250 threshold=0.00500000
Training rounds=4600000000 speed=3979841 rounds/sec avg|delta Q|=0.00529557 threshold=0.00500000
Training rounds=4700000000 speed=3973572 rounds/sec avg|delta Q|=0.00524406 threshold=0.00500000
Training rounds=4800000000 speed=3971665 rounds/sec avg|delta Q|=0.00514067 threshold=0.00500000
Training rounds=4900000000 speed=3971535 rounds/sec avg|delta Q|=0.00510018 threshold=0.00500000
Training rounds=5000000000 speed=3971548 rounds/sec avg|delta Q|=0.00499595 threshold=0.00500000

=== EvaluateCountPolicy ===
Command:          /home/pliops/BlackJackCounts/build/bin/EvaluateCountPolicy --game blackjack --count-name hiopt1 --policy full-deviations --output-dir /home/pliops/BlackJackCounts/paper_materials/performance-suites/h17c03_5b_named_counts_continuous/bj3-2/hiopt1_d1/full_deviations --decks 1 --penetration 75 --ss17 false --peek true --surr no --das true --sas 4 --don ANY --rsa false --hsa false --bj 1.5 --factor 0.005 --bias -0.0015945 --count-normalization true --continuous-betting-count true --min-count -5 --max-count 5 --num-rounds 5000000000 --stop-mode diff --sample-rounds 100000000 --diff-threshold 0.005 --eval-rounds 5000000000 --kelly-rounds 1000000 --kelly-measurements 1000 --kelly-min 0.50 --kelly-max 1.00 --kelly-step 0.05 --max-total-wager-fraction 1.0 --num-threads 10 --seed 12345
Game:             blackjack
Scenario:         decks=1_ss17=False_das=True_sas=4_don=Any_reSplitAces=False_hitSplitAces=False_surr=no_peek=True_bj-pays=1.5
Penetration:      75.00000000%
Count:            named count hiopt1
Policy:           fresh full deviations trained for the selected count
Spread:           5000000000 rounds, 1:10
Kelly:            1000 x 1000000 rounds per multiplier
Kelly search:     0.50000000 to 1.00000000 step 0.05000000
Total wager cap:  1.00000000 x round-start bankroll
Threads:          10
Seed:             12345
Output:           /home/pliops/BlackJackCounts/paper_materials/performance-suites/h17c03_5b_named_counts_continuous/bj3-2/hiopt1_d1/full_deviations/

Count weights:
   2  0.000000000000
   3  1.000000000000
   4  1.000000000000
   5  1.000000000000
   6  1.000000000000
   7  0.000000000000
   8  0.000000000000
   9  0.000000000000
  10  -1.000000000000
   J  -1.000000000000
   Q  -1.000000000000
   K  -1.000000000000
   A  0.000000000000
Transform: running = 0.000000000000 + (0.000000000000 * decks) + tags; selected=true_count
Signal f(c) = -0.001594500000 + 0.005000000000 * c

Running spread and Kelly evaluations...

=== Result ===
Spread edge:               0.097908181500
Kelly growth @1:           1.000156959082
Kelly exposure rounds @1: 1000000000
Mean gross wager/bankroll: 0.008646822808
Max gross wager/bankroll:  0.965433000000
Mean |fX|:                 0.008017522064
Max |fX|:                  0.965433000000

Saved results to /home/pliops/BlackJackCounts/paper_materials/performance-suites/h17c03_5b_named_counts_continuous/bj3-2/hiopt1_d1/full_deviations/
