Training fresh full deviations for the selected count...
Training rounds=100000000 speed=4742708 rounds/sec avg|delta Q|=0.31513337 threshold=0.00500000
Training rounds=200000000 speed=4694615 rounds/sec avg|delta Q|=0.04313308 threshold=0.00500000
Training rounds=300000000 speed=4667227 rounds/sec avg|delta Q|=0.02720284 threshold=0.00500000
Training rounds=400000000 speed=4607870 rounds/sec avg|delta Q|=0.02171058 threshold=0.00500000
Training rounds=500000000 speed=4524969 rounds/sec avg|delta Q|=0.01860225 threshold=0.00500000
Training rounds=600000000 speed=4514639 rounds/sec avg|delta Q|=0.01655667 threshold=0.00500000
Training rounds=700000000 speed=4470844 rounds/sec avg|delta Q|=0.01526369 threshold=0.00500000
Training rounds=800000000 speed=4424950 rounds/sec avg|delta Q|=0.01407468 threshold=0.00500000
Training rounds=900000000 speed=4431206 rounds/sec avg|delta Q|=0.01305354 threshold=0.00500000
Training rounds=1000000000 speed=4384350 rounds/sec avg|delta Q|=0.01256878 threshold=0.00500000
Training rounds=1100000000 speed=4384549 rounds/sec avg|delta Q|=0.01183149 threshold=0.00500000
Training rounds=1200000000 speed=4361368 rounds/sec avg|delta Q|=0.01144720 threshold=0.00500000
Training rounds=1300000000 speed=4343294 rounds/sec avg|delta Q|=0.01093948 threshold=0.00500000
Training rounds=1400000000 speed=4329781 rounds/sec avg|delta Q|=0.01059309 threshold=0.00500000
Training rounds=1500000000 speed=4319169 rounds/sec avg|delta Q|=0.01021805 threshold=0.00500000
Training rounds=1600000000 speed=4304083 rounds/sec avg|delta Q|=0.01008207 threshold=0.00500000
Training rounds=1700000000 speed=4285063 rounds/sec avg|delta Q|=0.00961969 threshold=0.00500000
Training rounds=1800000000 speed=4281575 rounds/sec avg|delta Q|=0.00939034 threshold=0.00500000
Training rounds=1900000000 speed=4272735 rounds/sec avg|delta Q|=0.00905307 threshold=0.00500000
Training rounds=2000000000 speed=4256496 rounds/sec avg|delta Q|=0.00897893 threshold=0.00500000
Training rounds=2100000000 speed=4252097 rounds/sec avg|delta Q|=0.00872401 threshold=0.00500000
Training rounds=2200000000 speed=4247818 rounds/sec avg|delta Q|=0.00851499 threshold=0.00500000
Training rounds=2300000000 speed=4234558 rounds/sec avg|delta Q|=0.00825076 threshold=0.00500000
Training rounds=2400000000 speed=4223337 rounds/sec avg|delta Q|=0.00809637 threshold=0.00500000
Training rounds=2500000000 speed=4217800 rounds/sec avg|delta Q|=0.00791795 threshold=0.00500000
Training rounds=2600000000 speed=4212471 rounds/sec avg|delta Q|=0.00765056 threshold=0.00500000
Training rounds=2700000000 speed=4197748 rounds/sec avg|delta Q|=0.00757258 threshold=0.00500000
Training rounds=2800000000 speed=4194995 rounds/sec avg|delta Q|=0.00736946 threshold=0.00500000
Training rounds=2900000000 speed=4182013 rounds/sec avg|delta Q|=0.00718620 threshold=0.00500000
Training rounds=3000000000 speed=4175081 rounds/sec avg|delta Q|=0.00707889 threshold=0.00500000
Training rounds=3100000000 speed=4165525 rounds/sec avg|delta Q|=0.00710728 threshold=0.00500000
Training rounds=3200000000 speed=4162975 rounds/sec avg|delta Q|=0.00699047 threshold=0.00500000
Training rounds=3300000000 speed=4150703 rounds/sec avg|delta Q|=0.00671802 threshold=0.00500000
Training rounds=3400000000 speed=4146964 rounds/sec avg|delta Q|=0.00651462 threshold=0.00500000
Training rounds=3500000000 speed=4139205 rounds/sec avg|delta Q|=0.00656420 threshold=0.00500000
Training rounds=3600000000 speed=4127276 rounds/sec avg|delta Q|=0.00640674 threshold=0.00500000
Training rounds=3700000000 speed=4120309 rounds/sec avg|delta Q|=0.00627658 threshold=0.00500000
Training rounds=3800000000 speed=4117416 rounds/sec avg|delta Q|=0.00622441 threshold=0.00500000
Training rounds=3900000000 speed=4115960 rounds/sec avg|delta Q|=0.00619561 threshold=0.00500000
Training rounds=4000000000 speed=4107135 rounds/sec avg|delta Q|=0.00613806 threshold=0.00500000
Training rounds=4100000000 speed=4102482 rounds/sec avg|delta Q|=0.00596778 threshold=0.00500000
Training rounds=4200000000 speed=4093216 rounds/sec avg|delta Q|=0.00587436 threshold=0.00500000
Training rounds=4300000000 speed=4094353 rounds/sec avg|delta Q|=0.00574058 threshold=0.00500000
Training rounds=4400000000 speed=4083269 rounds/sec avg|delta Q|=0.00571035 threshold=0.00500000
Training rounds=4500000000 speed=4082070 rounds/sec avg|delta Q|=0.00564399 threshold=0.00500000
Training rounds=4600000000 speed=4073240 rounds/sec avg|delta Q|=0.00559295 threshold=0.00500000
Training rounds=4700000000 speed=4069130 rounds/sec avg|delta Q|=0.00548589 threshold=0.00500000
Training rounds=4800000000 speed=4062818 rounds/sec avg|delta Q|=0.00534861 threshold=0.00500000
Training rounds=4900000000 speed=4056654 rounds/sec avg|delta Q|=0.00528822 threshold=0.00500000
Training rounds=5000000000 speed=4054545 rounds/sec avg|delta Q|=0.00533865 threshold=0.00500000
Training rounds=5100000000 speed=4053452 rounds/sec avg|delta Q|=0.00517951 threshold=0.00500000
Training rounds=5200000000 speed=4045654 rounds/sec avg|delta Q|=0.00523455 threshold=0.00500000
Training rounds=5300000000 speed=4043129 rounds/sec avg|delta Q|=0.00511587 threshold=0.00500000
Training rounds=5400000000 speed=4037353 rounds/sec avg|delta Q|=0.00503103 threshold=0.00500000
Training rounds=5500000000 speed=4037189 rounds/sec avg|delta Q|=0.00501628 threshold=0.00500000
Training rounds=5600000000 speed=4030116 rounds/sec avg|delta Q|=0.00494672 threshold=0.00500000

=== EvaluateCountPolicy ===
Command:          /home/pliops/BlackJackCounts/build/bin/EvaluateCountPolicy --game blackjack --count-name hiopt2 --policy full-deviations --output-dir /home/pliops/BlackJackCounts/paper_materials/performance-suites/h17c03_5b_named_counts_continuous/bj6-5/hiopt2_d1/full_deviations --decks 1 --penetration 75 --ss17 false --peek true --surr no --das true --sas 4 --don ANY --rsa false --hsa false --bj 1.2 --factor 0.005 --bias -0.0155422 --count-normalization true --continuous-betting-count true --min-count -5 --max-count 5 --num-rounds 5000000000 --stop-mode diff --sample-rounds 100000000 --diff-threshold 0.005 --eval-rounds 5000000000 --kelly-rounds 1000000 --kelly-measurements 1000 --kelly-min 0.50 --kelly-max 1.00 --kelly-step 0.05 --max-total-wager-fraction 1.0 --num-threads 10 --seed 12345
Game:             blackjack
Scenario:         decks=1_ss17=False_das=True_sas=4_don=Any_reSplitAces=False_hitSplitAces=False_surr=no_peek=True_bj-pays=1.2
Penetration:      75.00000000%
Count:            named count hiopt2
Policy:           fresh full deviations trained for the selected count
Spread:           5000000000 rounds, 1:10
Kelly:            1000 x 1000000 rounds per multiplier
Kelly search:     0.50000000 to 1.00000000 step 0.05000000
Total wager cap:  1.00000000 x round-start bankroll
Threads:          10
Seed:             12345
Output:           /home/pliops/BlackJackCounts/paper_materials/performance-suites/h17c03_5b_named_counts_continuous/bj6-5/hiopt2_d1/full_deviations/

Count weights:
   2  1.000000000000
   3  1.000000000000
   4  2.000000000000
   5  2.000000000000
   6  1.000000000000
   7  1.000000000000
   8  0.000000000000
   9  0.000000000000
  10  -2.000000000000
   J  -2.000000000000
   Q  -2.000000000000
   K  -2.000000000000
   A  0.000000000000
Transform: running = 0.000000000000 + (0.000000000000 * decks) + tags; selected=true_count
Signal f(c) = -0.015542200000 + 0.005000000000 * c

Running spread and Kelly evaluations...

=== Result ===
Spread edge:               0.039079168845
Kelly growth @1:           0.997919385501
Kelly exposure rounds @1: 1000000000
Mean gross wager/bankroll: 0.011186335313
Max gross wager/bankroll:  1.315146142857
Mean |fX|:                 0.010214244375
Max |fX|:                  1.315146142857

Saved results to /home/pliops/BlackJackCounts/paper_materials/performance-suites/h17c03_5b_named_counts_continuous/bj6-5/hiopt2_d1/full_deviations/
