Training fresh full deviations for the selected count...
Training rounds=100000000 speed=4213187 rounds/sec avg|delta Q|=0.35116369 threshold=0.00500000
Training rounds=200000000 speed=4338677 rounds/sec avg|delta Q|=0.04292263 threshold=0.00500000
Training rounds=300000000 speed=4351042 rounds/sec avg|delta Q|=0.02567531 threshold=0.00500000
Training rounds=400000000 speed=4324558 rounds/sec avg|delta Q|=0.01933166 threshold=0.00500000
Training rounds=500000000 speed=4300779 rounds/sec avg|delta Q|=0.01667493 threshold=0.00500000
Training rounds=600000000 speed=4279417 rounds/sec avg|delta Q|=0.01495005 threshold=0.00500000
Training rounds=700000000 speed=4261848 rounds/sec avg|delta Q|=0.01401006 threshold=0.00500000
Training rounds=800000000 speed=4265188 rounds/sec avg|delta Q|=0.01321595 threshold=0.00500000
Training rounds=900000000 speed=4263786 rounds/sec avg|delta Q|=0.01254838 threshold=0.00500000
Training rounds=1000000000 speed=4235888 rounds/sec avg|delta Q|=0.01198133 threshold=0.00500000
Training rounds=1100000000 speed=4239248 rounds/sec avg|delta Q|=0.01144902 threshold=0.00500000
Training rounds=1200000000 speed=4231550 rounds/sec avg|delta Q|=0.01111097 threshold=0.00500000
Training rounds=1300000000 speed=4210826 rounds/sec avg|delta Q|=0.01062441 threshold=0.00500000
Training rounds=1400000000 speed=4197335 rounds/sec avg|delta Q|=0.01024376 threshold=0.00500000
Training rounds=1500000000 speed=4179740 rounds/sec avg|delta Q|=0.00986438 threshold=0.00500000
Training rounds=1600000000 speed=4163219 rounds/sec avg|delta Q|=0.00957230 threshold=0.00500000
Training rounds=1700000000 speed=4157770 rounds/sec avg|delta Q|=0.00939521 threshold=0.00500000
Training rounds=1800000000 speed=4155566 rounds/sec avg|delta Q|=0.00909320 threshold=0.00500000
Training rounds=1900000000 speed=4140525 rounds/sec avg|delta Q|=0.00877543 threshold=0.00500000
Training rounds=2000000000 speed=4131856 rounds/sec avg|delta Q|=0.00842439 threshold=0.00500000
Training rounds=2100000000 speed=4134379 rounds/sec avg|delta Q|=0.00835504 threshold=0.00500000
Training rounds=2200000000 speed=4122498 rounds/sec avg|delta Q|=0.00806976 threshold=0.00500000
Training rounds=2300000000 speed=4116331 rounds/sec avg|delta Q|=0.00798037 threshold=0.00500000
Training rounds=2400000000 speed=4111920 rounds/sec avg|delta Q|=0.00781872 threshold=0.00500000
Training rounds=2500000000 speed=4099954 rounds/sec avg|delta Q|=0.00768903 threshold=0.00500000
Training rounds=2600000000 speed=4089947 rounds/sec avg|delta Q|=0.00739754 threshold=0.00500000
Training rounds=2700000000 speed=4081330 rounds/sec avg|delta Q|=0.00718096 threshold=0.00500000
Training rounds=2800000000 speed=4075175 rounds/sec avg|delta Q|=0.00692052 threshold=0.00500000
Training rounds=2900000000 speed=4076011 rounds/sec avg|delta Q|=0.00699456 threshold=0.00500000
Training rounds=3000000000 speed=4067322 rounds/sec avg|delta Q|=0.00677012 threshold=0.00500000
Training rounds=3100000000 speed=4059138 rounds/sec avg|delta Q|=0.00654009 threshold=0.00500000
Training rounds=3200000000 speed=4051961 rounds/sec avg|delta Q|=0.00645630 threshold=0.00500000
Training rounds=3300000000 speed=4051476 rounds/sec avg|delta Q|=0.00628165 threshold=0.00500000
Training rounds=3400000000 speed=4046492 rounds/sec avg|delta Q|=0.00617771 threshold=0.00500000
Training rounds=3500000000 speed=4036420 rounds/sec avg|delta Q|=0.00605039 threshold=0.00500000
Training rounds=3600000000 speed=4037549 rounds/sec avg|delta Q|=0.00594283 threshold=0.00500000
Training rounds=3700000000 speed=4029891 rounds/sec avg|delta Q|=0.00588153 threshold=0.00500000
Training rounds=3800000000 speed=4024298 rounds/sec avg|delta Q|=0.00574867 threshold=0.00500000
Training rounds=3900000000 speed=4015899 rounds/sec avg|delta Q|=0.00558594 threshold=0.00500000
Training rounds=4000000000 speed=4012157 rounds/sec avg|delta Q|=0.00560786 threshold=0.00500000
Training rounds=4100000000 speed=4011235 rounds/sec avg|delta Q|=0.00546200 threshold=0.00500000
Training rounds=4200000000 speed=4004962 rounds/sec avg|delta Q|=0.00536739 threshold=0.00500000
Training rounds=4300000000 speed=3997843 rounds/sec avg|delta Q|=0.00526951 threshold=0.00500000
Training rounds=4400000000 speed=3997206 rounds/sec avg|delta Q|=0.00522429 threshold=0.00500000
Training rounds=4500000000 speed=3994752 rounds/sec avg|delta Q|=0.00507769 threshold=0.00500000
Training rounds=4600000000 speed=3992466 rounds/sec avg|delta Q|=0.00498375 threshold=0.00500000

=== EvaluateCountPolicy ===
Command:          /home/pliops/BlackJackCounts/build/bin/EvaluateCountPolicy --game blackjack --count-name zen --policy full-deviations --output-dir /home/pliops/BlackJackCounts/paper_materials/performance-suites/h17c03_5b_named_counts_continuous/bj3-2/zen_d6/full_deviations --decks 6 --penetration 75 --ss17 false --peek true --surr no --das true --sas 4 --don ANY --rsa false --hsa false --bj 1.5 --factor 0.005 --bias -0.0063873 --count-normalization true --continuous-betting-count true --min-count -5 --max-count 5 --num-rounds 5000000000 --stop-mode diff --sample-rounds 100000000 --diff-threshold 0.005 --eval-rounds 5000000000 --kelly-rounds 1000000 --kelly-measurements 1000 --kelly-min 0.50 --kelly-max 1.00 --kelly-step 0.05 --max-total-wager-fraction 1.0 --num-threads 10 --seed 12345
Game:             blackjack
Scenario:         decks=6_ss17=False_das=True_sas=4_don=Any_reSplitAces=False_hitSplitAces=False_surr=no_peek=True_bj-pays=1.5
Penetration:      75.00000000%
Count:            named count zen
Policy:           fresh full deviations trained for the selected count
Spread:           5000000000 rounds, 1:10
Kelly:            1000 x 1000000 rounds per multiplier
Kelly search:     0.50000000 to 1.00000000 step 0.05000000
Total wager cap:  1.00000000 x round-start bankroll
Threads:          10
Seed:             12345
Output:           /home/pliops/BlackJackCounts/paper_materials/performance-suites/h17c03_5b_named_counts_continuous/bj3-2/zen_d6/full_deviations/

Count weights:
   2  1.000000000000
   3  1.000000000000
   4  2.000000000000
   5  2.000000000000
   6  2.000000000000
   7  1.000000000000
   8  0.000000000000
   9  0.000000000000
  10  -2.000000000000
   J  -2.000000000000
   Q  -2.000000000000
   K  -2.000000000000
   A  -1.000000000000
Transform: running = 0.000000000000 + (0.000000000000 * decks) + tags; selected=true_count
Signal f(c) = -0.006387300000 + 0.005000000000 * c

Running spread and Kelly evaluations...

=== Result ===
Spread edge:               0.015698829600
Kelly growth @1:           0.999982495988
Kelly exposure rounds @1: 1000000000
Mean gross wager/bankroll: 0.005434863593
Max gross wager/bankroll:  0.803444239806
Mean |fX|:                 0.005056507031
Max |fX|:                  0.803444239806

Saved results to /home/pliops/BlackJackCounts/paper_materials/performance-suites/h17c03_5b_named_counts_continuous/bj3-2/zen_d6/full_deviations/
