Training fresh full deviations for the selected count...
Training rounds=100000000 speed=3697131 rounds/sec avg|delta Q|=0.20952028 threshold=0.00500000
Training rounds=200000000 speed=3633193 rounds/sec avg|delta Q|=0.04730175 threshold=0.00500000
Training rounds=300000000 speed=3645555 rounds/sec avg|delta Q|=0.02975904 threshold=0.00500000
Training rounds=400000000 speed=3593406 rounds/sec avg|delta Q|=0.02266287 threshold=0.00500000
Training rounds=500000000 speed=3530724 rounds/sec avg|delta Q|=0.01893318 threshold=0.00500000
Training rounds=600000000 speed=3502995 rounds/sec avg|delta Q|=0.01664163 threshold=0.00500000
Training rounds=700000000 speed=3477121 rounds/sec avg|delta Q|=0.01501499 threshold=0.00500000
Training rounds=800000000 speed=3461061 rounds/sec avg|delta Q|=0.01386305 threshold=0.00500000
Training rounds=900000000 speed=3444752 rounds/sec avg|delta Q|=0.01299585 threshold=0.00500000
Training rounds=1000000000 speed=3434349 rounds/sec avg|delta Q|=0.01231652 threshold=0.00500000
Training rounds=1100000000 speed=3410958 rounds/sec avg|delta Q|=0.01163472 threshold=0.00500000
Training rounds=1200000000 speed=3404168 rounds/sec avg|delta Q|=0.01120253 threshold=0.00500000
Training rounds=1300000000 speed=3391803 rounds/sec avg|delta Q|=0.01077180 threshold=0.00500000
Training rounds=1400000000 speed=3384168 rounds/sec avg|delta Q|=0.01041915 threshold=0.00500000
Training rounds=1500000000 speed=3377466 rounds/sec avg|delta Q|=0.01003064 threshold=0.00500000
Training rounds=1600000000 speed=3366415 rounds/sec avg|delta Q|=0.00984467 threshold=0.00500000
Training rounds=1700000000 speed=3360149 rounds/sec avg|delta Q|=0.00954294 threshold=0.00500000
Training rounds=1800000000 speed=3349984 rounds/sec avg|delta Q|=0.00933462 threshold=0.00500000
Training rounds=1900000000 speed=3336635 rounds/sec avg|delta Q|=0.00903483 threshold=0.00500000
Training rounds=2000000000 speed=3337132 rounds/sec avg|delta Q|=0.00889105 threshold=0.00500000
Training rounds=2100000000 speed=3329201 rounds/sec avg|delta Q|=0.00867501 threshold=0.00500000
Training rounds=2200000000 speed=3326056 rounds/sec avg|delta Q|=0.00853251 threshold=0.00500000
Training rounds=2300000000 speed=3320350 rounds/sec avg|delta Q|=0.00833802 threshold=0.00500000
Training rounds=2400000000 speed=3314194 rounds/sec avg|delta Q|=0.00823863 threshold=0.00500000
Training rounds=2500000000 speed=3308213 rounds/sec avg|delta Q|=0.00801630 threshold=0.00500000
Training rounds=2600000000 speed=3302858 rounds/sec avg|delta Q|=0.00793696 threshold=0.00500000
Training rounds=2700000000 speed=3296905 rounds/sec avg|delta Q|=0.00775287 threshold=0.00500000
Training rounds=2800000000 speed=3288782 rounds/sec avg|delta Q|=0.00761283 threshold=0.00500000
Training rounds=2900000000 speed=3286354 rounds/sec avg|delta Q|=0.00748016 threshold=0.00500000
Training rounds=3000000000 speed=3282581 rounds/sec avg|delta Q|=0.00742426 threshold=0.00500000
Training rounds=3100000000 speed=3278009 rounds/sec avg|delta Q|=0.00728230 threshold=0.00500000
Training rounds=3200000000 speed=3270900 rounds/sec avg|delta Q|=0.00719810 threshold=0.00500000
Training rounds=3300000000 speed=3267556 rounds/sec avg|delta Q|=0.00707066 threshold=0.00500000
Training rounds=3400000000 speed=3261303 rounds/sec avg|delta Q|=0.00690468 threshold=0.00500000
Training rounds=3500000000 speed=3258108 rounds/sec avg|delta Q|=0.00685883 threshold=0.00500000
Training rounds=3600000000 speed=3251950 rounds/sec avg|delta Q|=0.00674419 threshold=0.00500000
Training rounds=3700000000 speed=3250798 rounds/sec avg|delta Q|=0.00670324 threshold=0.00500000
Training rounds=3800000000 speed=3244314 rounds/sec avg|delta Q|=0.00656035 threshold=0.00500000
Training rounds=3900000000 speed=3240812 rounds/sec avg|delta Q|=0.00651098 threshold=0.00500000
Training rounds=4000000000 speed=3238195 rounds/sec avg|delta Q|=0.00641375 threshold=0.00500000
Training rounds=4100000000 speed=3235674 rounds/sec avg|delta Q|=0.00631308 threshold=0.00500000
Training rounds=4200000000 speed=3233192 rounds/sec avg|delta Q|=0.00628537 threshold=0.00500000
Training rounds=4300000000 speed=3229897 rounds/sec avg|delta Q|=0.00619720 threshold=0.00500000
Training rounds=4400000000 speed=3225788 rounds/sec avg|delta Q|=0.00613041 threshold=0.00500000
Training rounds=4500000000 speed=3224066 rounds/sec avg|delta Q|=0.00605662 threshold=0.00500000
Training rounds=4600000000 speed=3220551 rounds/sec avg|delta Q|=0.00596553 threshold=0.00500000
Training rounds=4700000000 speed=3217512 rounds/sec avg|delta Q|=0.00590310 threshold=0.00500000
Training rounds=4800000000 speed=3214149 rounds/sec avg|delta Q|=0.00586704 threshold=0.00500000
Training rounds=4900000000 speed=3211746 rounds/sec avg|delta Q|=0.00580729 threshold=0.00500000
Training rounds=5000000000 speed=3210788 rounds/sec avg|delta Q|=0.00574011 threshold=0.00500000
Training rounds=5100000000 speed=3207313 rounds/sec avg|delta Q|=0.00570006 threshold=0.00500000
Training rounds=5200000000 speed=3204887 rounds/sec avg|delta Q|=0.00566391 threshold=0.00500000
Training rounds=5300000000 speed=3200238 rounds/sec avg|delta Q|=0.00554893 threshold=0.00500000
Training rounds=5400000000 speed=3199740 rounds/sec avg|delta Q|=0.00551344 threshold=0.00500000
Training rounds=5500000000 speed=3197466 rounds/sec avg|delta Q|=0.00548775 threshold=0.00500000
Training rounds=5600000000 speed=3195025 rounds/sec avg|delta Q|=0.00542330 threshold=0.00500000
Training rounds=5700000000 speed=3192911 rounds/sec avg|delta Q|=0.00536349 threshold=0.00500000
Training rounds=5800000000 speed=3189954 rounds/sec avg|delta Q|=0.00530196 threshold=0.00500000
Training rounds=5900000000 speed=3186118 rounds/sec avg|delta Q|=0.00528386 threshold=0.00500000
Training rounds=6000000000 speed=3183547 rounds/sec avg|delta Q|=0.00522092 threshold=0.00500000
Training rounds=6100000000 speed=3182699 rounds/sec avg|delta Q|=0.00515053 threshold=0.00500000
Training rounds=6200000000 speed=3182270 rounds/sec avg|delta Q|=0.00514760 threshold=0.00500000
Training rounds=6300000000 speed=3182802 rounds/sec avg|delta Q|=0.00510264 threshold=0.00500000
Training rounds=6400000000 speed=3181854 rounds/sec avg|delta Q|=0.00502878 threshold=0.00500000
Training rounds=6500000000 speed=3182585 rounds/sec avg|delta Q|=0.00498894 threshold=0.00500000

=== EvaluateCountPolicy ===
Command:          /home/pliops/BlackJackCounts/build/bin/EvaluateCountPolicy --game blackjack --count-name ko --policy full-deviations --output-dir /home/pliops/BlackJackCounts/paper_materials/performance-suites/h17c03_5b_named_counts_continuous/bj6-5/ko_d6/full_deviations --decks 6 --penetration 75 --ss17 false --peek true --surr no --das true --sas 4 --don ANY --rsa false --hsa false --bj 1.2 --factor 0.005 --bias -0.0199842 --count-normalization running --initial-count 0 --initial-count-per-deck 0 --continuous-betting-count true --min-count -20 --max-count 30 --num-rounds 5000000000 --stop-mode diff --sample-rounds 100000000 --diff-threshold 0.005 --eval-rounds 5000000000 --kelly-rounds 1000000 --kelly-measurements 1000 --kelly-min 0.50 --kelly-max 1.00 --kelly-step 0.05 --max-total-wager-fraction 1.0 --num-threads 10 --seed 12345
Game:             blackjack
Scenario:         decks=6_ss17=False_das=True_sas=4_don=Any_reSplitAces=False_hitSplitAces=False_surr=no_peek=True_bj-pays=1.2
Penetration:      75.00000000%
Count:            named count ko
Policy:           fresh full deviations trained for the selected count
Spread:           5000000000 rounds, 1:10
Kelly:            1000 x 1000000 rounds per multiplier
Kelly search:     0.50000000 to 1.00000000 step 0.05000000
Total wager cap:  1.00000000 x round-start bankroll
Threads:          10
Seed:             12345
Output:           /home/pliops/BlackJackCounts/paper_materials/performance-suites/h17c03_5b_named_counts_continuous/bj6-5/ko_d6/full_deviations/

Count weights:
   2  1.000000000000
   3  1.000000000000
   4  1.000000000000
   5  1.000000000000
   6  1.000000000000
   7  1.000000000000
   8  0.000000000000
   9  0.000000000000
  10  -1.000000000000
   J  -1.000000000000
   Q  -1.000000000000
   K  -1.000000000000
   A  -1.000000000000
Transform: running = 0.000000000000 + (0.000000000000 * decks) + tags; selected=running_count
Signal f(c) = -0.019984200000 + 0.005000000000 * c

Running spread and Kelly evaluations...

=== Result ===
Spread edge:               -0.118361352707
Kelly growth @1:           0.973269465678
Kelly exposure rounds @1: 1000000000
Mean gross wager/bankroll: 0.035681060501
Max gross wager/bankroll:  1.440126400000
Mean |fX|:                 0.032699199567
Max |fX|:                  1.440126400000

Saved results to /home/pliops/BlackJackCounts/paper_materials/performance-suites/h17c03_5b_named_counts_continuous/bj6-5/ko_d6/full_deviations/
