Training fresh full deviations for the selected count...
Training rounds=100000000 speed=4354452 rounds/sec avg|delta Q|=0.31248552 threshold=0.00500000
Training rounds=200000000 speed=4394349 rounds/sec avg|delta Q|=0.04337974 threshold=0.00500000
Training rounds=300000000 speed=4392387 rounds/sec avg|delta Q|=0.02731995 threshold=0.00500000
Training rounds=400000000 speed=4352320 rounds/sec avg|delta Q|=0.02163454 threshold=0.00500000
Training rounds=500000000 speed=4315032 rounds/sec avg|delta Q|=0.01885230 threshold=0.00500000
Training rounds=600000000 speed=4290556 rounds/sec avg|delta Q|=0.01676437 threshold=0.00500000
Training rounds=700000000 speed=4265016 rounds/sec avg|delta Q|=0.01542216 threshold=0.00500000
Training rounds=800000000 speed=4244482 rounds/sec avg|delta Q|=0.01415151 threshold=0.00500000
Training rounds=900000000 speed=4214272 rounds/sec avg|delta Q|=0.01336176 threshold=0.00500000
Training rounds=1000000000 speed=4196955 rounds/sec avg|delta Q|=0.01271413 threshold=0.00500000
Training rounds=1100000000 speed=4174906 rounds/sec avg|delta Q|=0.01192816 threshold=0.00500000
Training rounds=1200000000 speed=4160599 rounds/sec avg|delta Q|=0.01159425 threshold=0.00500000
Training rounds=1300000000 speed=4142542 rounds/sec avg|delta Q|=0.01097847 threshold=0.00500000
Training rounds=1400000000 speed=4124525 rounds/sec avg|delta Q|=0.01064639 threshold=0.00500000
Training rounds=1500000000 speed=4114865 rounds/sec avg|delta Q|=0.01030736 threshold=0.00500000
Training rounds=1600000000 speed=4115787 rounds/sec avg|delta Q|=0.00991410 threshold=0.00500000
Training rounds=1700000000 speed=4106161 rounds/sec avg|delta Q|=0.00960711 threshold=0.00500000
Training rounds=1800000000 speed=4093365 rounds/sec avg|delta Q|=0.00948876 threshold=0.00500000
Training rounds=1900000000 speed=4085837 rounds/sec avg|delta Q|=0.00913754 threshold=0.00500000
Training rounds=2000000000 speed=4072913 rounds/sec avg|delta Q|=0.00896250 threshold=0.00500000
Training rounds=2100000000 speed=4061440 rounds/sec avg|delta Q|=0.00864039 threshold=0.00500000
Training rounds=2200000000 speed=4052483 rounds/sec avg|delta Q|=0.00855983 threshold=0.00500000
Training rounds=2300000000 speed=4042108 rounds/sec avg|delta Q|=0.00836624 threshold=0.00500000
Training rounds=2400000000 speed=4032522 rounds/sec avg|delta Q|=0.00801158 threshold=0.00500000
Training rounds=2500000000 speed=4020585 rounds/sec avg|delta Q|=0.00786468 threshold=0.00500000
Training rounds=2600000000 speed=4014681 rounds/sec avg|delta Q|=0.00780896 threshold=0.00500000
Training rounds=2700000000 speed=4005275 rounds/sec avg|delta Q|=0.00765578 threshold=0.00500000
Training rounds=2800000000 speed=4007712 rounds/sec avg|delta Q|=0.00737511 threshold=0.00500000
Training rounds=2900000000 speed=4003330 rounds/sec avg|delta Q|=0.00733417 threshold=0.00500000
Training rounds=3000000000 speed=3999797 rounds/sec avg|delta Q|=0.00710641 threshold=0.00500000
Training rounds=3100000000 speed=3993214 rounds/sec avg|delta Q|=0.00718908 threshold=0.00500000
Training rounds=3200000000 speed=3985503 rounds/sec avg|delta Q|=0.00684058 threshold=0.00500000
Training rounds=3300000000 speed=3978799 rounds/sec avg|delta Q|=0.00691362 threshold=0.00500000
Training rounds=3400000000 speed=3973629 rounds/sec avg|delta Q|=0.00669174 threshold=0.00500000
Training rounds=3500000000 speed=3965386 rounds/sec avg|delta Q|=0.00664030 threshold=0.00500000
Training rounds=3600000000 speed=3965675 rounds/sec avg|delta Q|=0.00649360 threshold=0.00500000
Training rounds=3700000000 speed=3959379 rounds/sec avg|delta Q|=0.00638472 threshold=0.00500000
Training rounds=3800000000 speed=3952746 rounds/sec avg|delta Q|=0.00631159 threshold=0.00500000
Training rounds=3900000000 speed=3946474 rounds/sec avg|delta Q|=0.00608480 threshold=0.00500000
Training rounds=4000000000 speed=3939036 rounds/sec avg|delta Q|=0.00617673 threshold=0.00500000
Training rounds=4100000000 speed=3931394 rounds/sec avg|delta Q|=0.00601551 threshold=0.00500000
Training rounds=4200000000 speed=3926191 rounds/sec avg|delta Q|=0.00590362 threshold=0.00500000
Training rounds=4300000000 speed=3921490 rounds/sec avg|delta Q|=0.00591715 threshold=0.00500000
Training rounds=4400000000 speed=3915057 rounds/sec avg|delta Q|=0.00582201 threshold=0.00500000
Training rounds=4500000000 speed=3912135 rounds/sec avg|delta Q|=0.00574381 threshold=0.00500000
Training rounds=4600000000 speed=3902701 rounds/sec avg|delta Q|=0.00558067 threshold=0.00500000
Training rounds=4700000000 speed=3895998 rounds/sec avg|delta Q|=0.00542771 threshold=0.00500000
Training rounds=4800000000 speed=3895326 rounds/sec avg|delta Q|=0.00543573 threshold=0.00500000
Training rounds=4900000000 speed=3891360 rounds/sec avg|delta Q|=0.00539729 threshold=0.00500000
Training rounds=5000000000 speed=3887094 rounds/sec avg|delta Q|=0.00529673 threshold=0.00500000
Training rounds=5100000000 speed=3881562 rounds/sec avg|delta Q|=0.00529285 threshold=0.00500000
Training rounds=5200000000 speed=3876376 rounds/sec avg|delta Q|=0.00520162 threshold=0.00500000
Training rounds=5300000000 speed=3876250 rounds/sec avg|delta Q|=0.00522064 threshold=0.00500000
Training rounds=5400000000 speed=3872272 rounds/sec avg|delta Q|=0.00503277 threshold=0.00500000
Training rounds=5500000000 speed=3867441 rounds/sec avg|delta Q|=0.00494784 threshold=0.00500000

=== EvaluateCountPolicy ===
Command:          /home/pliops/BlackJackCounts/build/bin/EvaluateCountPolicy --game blackjack --count-name zen --policy full-deviations --output-dir /home/pliops/BlackJackCounts/paper_materials/performance-suites/h17c03_5b_named_counts_continuous/bj6-5/zen_d1/full_deviations --decks 1 --penetration 75 --ss17 false --peek true --surr no --das true --sas 4 --don ANY --rsa false --hsa false --bj 1.2 --factor 0.005 --bias -0.0155422 --count-normalization true --continuous-betting-count true --min-count -5 --max-count 5 --num-rounds 5000000000 --stop-mode diff --sample-rounds 100000000 --diff-threshold 0.005 --eval-rounds 5000000000 --kelly-rounds 1000000 --kelly-measurements 1000 --kelly-min 0.50 --kelly-max 1.00 --kelly-step 0.05 --max-total-wager-fraction 1.0 --num-threads 10 --seed 12345
Game:             blackjack
Scenario:         decks=1_ss17=False_das=True_sas=4_don=Any_reSplitAces=False_hitSplitAces=False_surr=no_peek=True_bj-pays=1.2
Penetration:      75.00000000%
Count:            named count zen
Policy:           fresh full deviations trained for the selected count
Spread:           5000000000 rounds, 1:10
Kelly:            1000 x 1000000 rounds per multiplier
Kelly search:     0.50000000 to 1.00000000 step 0.05000000
Total wager cap:  1.00000000 x round-start bankroll
Threads:          10
Seed:             12345
Output:           /home/pliops/BlackJackCounts/paper_materials/performance-suites/h17c03_5b_named_counts_continuous/bj6-5/zen_d1/full_deviations/

Count weights:
   2  1.000000000000
   3  1.000000000000
   4  2.000000000000
   5  2.000000000000
   6  2.000000000000
   7  1.000000000000
   8  0.000000000000
   9  0.000000000000
  10  -2.000000000000
   J  -2.000000000000
   Q  -2.000000000000
   K  -2.000000000000
   A  -1.000000000000
Transform: running = 0.000000000000 + (0.000000000000 * decks) + tags; selected=true_count
Signal f(c) = -0.015542200000 + 0.005000000000 * c

Running spread and Kelly evaluations...

=== Result ===
Spread edge:               0.039455911217
Kelly growth @1:           0.993880453235
Kelly exposure rounds @1: 1000000000
Mean gross wager/bankroll: 0.012484181668
Max gross wager/bankroll:  1.570746800000
Mean |fX|:                 0.011369190092
Max |fX|:                  1.570746800000

Saved results to /home/pliops/BlackJackCounts/paper_materials/performance-suites/h17c03_5b_named_counts_continuous/bj6-5/zen_d1/full_deviations/
