Training fresh full deviations for the selected count...
Training rounds=100000000 speed=4119464 rounds/sec avg|delta Q|=0.33928616 threshold=0.00500000
Training rounds=200000000 speed=4237019 rounds/sec avg|delta Q|=0.04311435 threshold=0.00500000
Training rounds=300000000 speed=4287491 rounds/sec avg|delta Q|=0.02668751 threshold=0.00500000
Training rounds=400000000 speed=4270311 rounds/sec avg|delta Q|=0.02052960 threshold=0.00500000
Training rounds=500000000 speed=4234884 rounds/sec avg|delta Q|=0.01765472 threshold=0.00500000
Training rounds=600000000 speed=4213454 rounds/sec avg|delta Q|=0.01577667 threshold=0.00500000
Training rounds=700000000 speed=4192370 rounds/sec avg|delta Q|=0.01440482 threshold=0.00500000
Training rounds=800000000 speed=4174276 rounds/sec avg|delta Q|=0.01368519 threshold=0.00500000
Training rounds=900000000 speed=4150545 rounds/sec avg|delta Q|=0.01271774 threshold=0.00500000
Training rounds=1000000000 speed=4136214 rounds/sec avg|delta Q|=0.01212333 threshold=0.00500000
Training rounds=1100000000 speed=4135105 rounds/sec avg|delta Q|=0.01172145 threshold=0.00500000
Training rounds=1200000000 speed=4119832 rounds/sec avg|delta Q|=0.01121284 threshold=0.00500000
Training rounds=1300000000 speed=4117090 rounds/sec avg|delta Q|=0.01092326 threshold=0.00500000
Training rounds=1400000000 speed=4102624 rounds/sec avg|delta Q|=0.01049981 threshold=0.00500000
Training rounds=1500000000 speed=4084300 rounds/sec avg|delta Q|=0.01007400 threshold=0.00500000
Training rounds=1600000000 speed=4077805 rounds/sec avg|delta Q|=0.00981332 threshold=0.00500000
Training rounds=1700000000 speed=4084791 rounds/sec avg|delta Q|=0.00950825 threshold=0.00500000
Training rounds=1800000000 speed=4073218 rounds/sec avg|delta Q|=0.00937674 threshold=0.00500000
Training rounds=1900000000 speed=4061660 rounds/sec avg|delta Q|=0.00899679 threshold=0.00500000
Training rounds=2000000000 speed=4052512 rounds/sec avg|delta Q|=0.00862939 threshold=0.00500000
Training rounds=2100000000 speed=4048130 rounds/sec avg|delta Q|=0.00852758 threshold=0.00500000
Training rounds=2200000000 speed=4045687 rounds/sec avg|delta Q|=0.00839610 threshold=0.00500000
Training rounds=2300000000 speed=4043821 rounds/sec avg|delta Q|=0.00813098 threshold=0.00500000
Training rounds=2400000000 speed=4037495 rounds/sec avg|delta Q|=0.00774413 threshold=0.00500000
Training rounds=2500000000 speed=4034060 rounds/sec avg|delta Q|=0.00768440 threshold=0.00500000
Training rounds=2600000000 speed=4024780 rounds/sec avg|delta Q|=0.00752325 threshold=0.00500000
Training rounds=2700000000 speed=4025243 rounds/sec avg|delta Q|=0.00740912 threshold=0.00500000
Training rounds=2800000000 speed=4019725 rounds/sec avg|delta Q|=0.00728368 threshold=0.00500000
Training rounds=2900000000 speed=4020519 rounds/sec avg|delta Q|=0.00709626 threshold=0.00500000
Training rounds=3000000000 speed=4012396 rounds/sec avg|delta Q|=0.00697686 threshold=0.00500000
Training rounds=3100000000 speed=4013433 rounds/sec avg|delta Q|=0.00684140 threshold=0.00500000
Training rounds=3200000000 speed=4006410 rounds/sec avg|delta Q|=0.00669252 threshold=0.00500000
Training rounds=3300000000 speed=4007612 rounds/sec avg|delta Q|=0.00650825 threshold=0.00500000
Training rounds=3400000000 speed=4000838 rounds/sec avg|delta Q|=0.00636456 threshold=0.00500000
Training rounds=3500000000 speed=4000370 rounds/sec avg|delta Q|=0.00625449 threshold=0.00500000
Training rounds=3600000000 speed=3994217 rounds/sec avg|delta Q|=0.00613689 threshold=0.00500000
Training rounds=3700000000 speed=3985566 rounds/sec avg|delta Q|=0.00612761 threshold=0.00500000
Training rounds=3800000000 speed=3988078 rounds/sec avg|delta Q|=0.00604283 threshold=0.00500000
Training rounds=3900000000 speed=3978853 rounds/sec avg|delta Q|=0.00589222 threshold=0.00500000
Training rounds=4000000000 speed=3971627 rounds/sec avg|delta Q|=0.00577167 threshold=0.00500000
Training rounds=4100000000 speed=3962394 rounds/sec avg|delta Q|=0.00566277 threshold=0.00500000
Training rounds=4200000000 speed=3955268 rounds/sec avg|delta Q|=0.00555166 threshold=0.00500000
Training rounds=4300000000 speed=3947489 rounds/sec avg|delta Q|=0.00543659 threshold=0.00500000
Training rounds=4400000000 speed=3939437 rounds/sec avg|delta Q|=0.00541165 threshold=0.00500000
Training rounds=4500000000 speed=3933725 rounds/sec avg|delta Q|=0.00528448 threshold=0.00500000
Training rounds=4600000000 speed=3926432 rounds/sec avg|delta Q|=0.00516843 threshold=0.00500000
Training rounds=4700000000 speed=3924499 rounds/sec avg|delta Q|=0.00519413 threshold=0.00500000
Training rounds=4800000000 speed=3919042 rounds/sec avg|delta Q|=0.00518465 threshold=0.00500000
Training rounds=4900000000 speed=3914069 rounds/sec avg|delta Q|=0.00501818 threshold=0.00500000
Training rounds=5000000000 speed=3907489 rounds/sec avg|delta Q|=0.00499422 threshold=0.00500000

=== EvaluateCountPolicy ===
Command:          /home/pliops/BlackJackCounts/build/bin/EvaluateCountPolicy --game blackjack --count-name zen --policy full-deviations --output-dir /home/pliops/BlackJackCounts/paper_materials/performance-suites/h17c03_5b_named_counts_continuous/bj3-2/zen_d2/full_deviations --decks 2 --penetration 75 --ss17 false --peek true --surr no --das true --sas 4 --don ANY --rsa false --hsa false --bj 1.5 --factor 0.005 --bias -0.0045688 --count-normalization true --continuous-betting-count true --min-count -5 --max-count 5 --num-rounds 5000000000 --stop-mode diff --sample-rounds 100000000 --diff-threshold 0.005 --eval-rounds 5000000000 --kelly-rounds 1000000 --kelly-measurements 1000 --kelly-min 0.50 --kelly-max 1.00 --kelly-step 0.05 --max-total-wager-fraction 1.0 --num-threads 10 --seed 12345
Game:             blackjack
Scenario:         decks=2_ss17=False_das=True_sas=4_don=Any_reSplitAces=False_hitSplitAces=False_surr=no_peek=True_bj-pays=1.5
Penetration:      75.00000000%
Count:            named count zen
Policy:           fresh full deviations trained for the selected count
Spread:           5000000000 rounds, 1:10
Kelly:            1000 x 1000000 rounds per multiplier
Kelly search:     0.50000000 to 1.00000000 step 0.05000000
Total wager cap:  1.00000000 x round-start bankroll
Threads:          10
Seed:             12345
Output:           /home/pliops/BlackJackCounts/paper_materials/performance-suites/h17c03_5b_named_counts_continuous/bj3-2/zen_d2/full_deviations/

Count weights:
   2  1.000000000000
   3  1.000000000000
   4  2.000000000000
   5  2.000000000000
   6  2.000000000000
   7  1.000000000000
   8  0.000000000000
   9  0.000000000000
  10  -2.000000000000
   J  -2.000000000000
   Q  -2.000000000000
   K  -2.000000000000
   A  -1.000000000000
Transform: running = 0.000000000000 + (0.000000000000 * decks) + tags; selected=true_count
Signal f(c) = -0.004568800000 + 0.005000000000 * c

Running spread and Kelly evaluations...

=== Result ===
Spread edge:               0.057222416100
Kelly growth @1:           0.999969090062
Kelly exposure rounds @1: 1000000000
Mean gross wager/bankroll: 0.011746843389
Max gross wager/bankroll:  0.998584571429
Mean |fX|:                 0.010927213785
Max |fX|:                  0.998584571429

Saved results to /home/pliops/BlackJackCounts/paper_materials/performance-suites/h17c03_5b_named_counts_continuous/bj3-2/zen_d2/full_deviations/
