Training fresh full deviations for the selected count...
Training rounds=100000000 speed=4536793 rounds/sec avg|delta Q|=0.33991436 threshold=0.00500000
Training rounds=200000000 speed=4400343 rounds/sec avg|delta Q|=0.04405273 threshold=0.00500000
Training rounds=300000000 speed=4413907 rounds/sec avg|delta Q|=0.02678440 threshold=0.00500000
Training rounds=400000000 speed=4431937 rounds/sec avg|delta Q|=0.02067878 threshold=0.00500000
Training rounds=500000000 speed=4400827 rounds/sec avg|delta Q|=0.01767687 threshold=0.00500000
Training rounds=600000000 speed=4344552 rounds/sec avg|delta Q|=0.01560623 threshold=0.00500000
Training rounds=700000000 speed=4326596 rounds/sec avg|delta Q|=0.01467263 threshold=0.00500000
Training rounds=800000000 speed=4327131 rounds/sec avg|delta Q|=0.01371993 threshold=0.00500000
Training rounds=900000000 speed=4297727 rounds/sec avg|delta Q|=0.01288460 threshold=0.00500000
Training rounds=1000000000 speed=4289195 rounds/sec avg|delta Q|=0.01216521 threshold=0.00500000
Training rounds=1100000000 speed=4259966 rounds/sec avg|delta Q|=0.01169882 threshold=0.00500000
Training rounds=1200000000 speed=4240013 rounds/sec avg|delta Q|=0.01124565 threshold=0.00500000
Training rounds=1300000000 speed=4230036 rounds/sec avg|delta Q|=0.01079482 threshold=0.00500000
Training rounds=1400000000 speed=4214544 rounds/sec avg|delta Q|=0.01033360 threshold=0.00500000
Training rounds=1500000000 speed=4215508 rounds/sec avg|delta Q|=0.00994098 threshold=0.00500000
Training rounds=1600000000 speed=4195742 rounds/sec avg|delta Q|=0.00977606 threshold=0.00500000
Training rounds=1700000000 speed=4178917 rounds/sec avg|delta Q|=0.00945195 threshold=0.00500000
Training rounds=1800000000 speed=4167139 rounds/sec avg|delta Q|=0.00899279 threshold=0.00500000
Training rounds=1900000000 speed=4172230 rounds/sec avg|delta Q|=0.00885398 threshold=0.00500000
Training rounds=2000000000 speed=4163726 rounds/sec avg|delta Q|=0.00868819 threshold=0.00500000
Training rounds=2100000000 speed=4167204 rounds/sec avg|delta Q|=0.00847862 threshold=0.00500000
Training rounds=2200000000 speed=4165286 rounds/sec avg|delta Q|=0.00826628 threshold=0.00500000
Training rounds=2300000000 speed=4166093 rounds/sec avg|delta Q|=0.00805252 threshold=0.00500000
Training rounds=2400000000 speed=4163710 rounds/sec avg|delta Q|=0.00789655 threshold=0.00500000
Training rounds=2500000000 speed=4165133 rounds/sec avg|delta Q|=0.00774803 threshold=0.00500000
Training rounds=2600000000 speed=4159168 rounds/sec avg|delta Q|=0.00750730 threshold=0.00500000
Training rounds=2700000000 speed=4154971 rounds/sec avg|delta Q|=0.00740509 threshold=0.00500000
Training rounds=2800000000 speed=4155536 rounds/sec avg|delta Q|=0.00717848 threshold=0.00500000
Training rounds=2900000000 speed=4155371 rounds/sec avg|delta Q|=0.00704209 threshold=0.00500000
Training rounds=3000000000 speed=4150411 rounds/sec avg|delta Q|=0.00699652 threshold=0.00500000
Training rounds=3100000000 speed=4146375 rounds/sec avg|delta Q|=0.00680365 threshold=0.00500000
Training rounds=3200000000 speed=4136547 rounds/sec avg|delta Q|=0.00655973 threshold=0.00500000
Training rounds=3300000000 speed=4127652 rounds/sec avg|delta Q|=0.00654751 threshold=0.00500000
Training rounds=3400000000 speed=4130861 rounds/sec avg|delta Q|=0.00639888 threshold=0.00500000
Training rounds=3500000000 speed=4132656 rounds/sec avg|delta Q|=0.00629226 threshold=0.00500000
Training rounds=3600000000 speed=4123815 rounds/sec avg|delta Q|=0.00616901 threshold=0.00500000
Training rounds=3700000000 speed=4122080 rounds/sec avg|delta Q|=0.00607371 threshold=0.00500000
Training rounds=3800000000 speed=4121480 rounds/sec avg|delta Q|=0.00598732 threshold=0.00500000
Training rounds=3900000000 speed=4120596 rounds/sec avg|delta Q|=0.00584691 threshold=0.00500000
Training rounds=4000000000 speed=4120559 rounds/sec avg|delta Q|=0.00569912 threshold=0.00500000
Training rounds=4100000000 speed=4116301 rounds/sec avg|delta Q|=0.00566709 threshold=0.00500000
Training rounds=4200000000 speed=4112237 rounds/sec avg|delta Q|=0.00550584 threshold=0.00500000
Training rounds=4300000000 speed=4109457 rounds/sec avg|delta Q|=0.00546054 threshold=0.00500000
Training rounds=4400000000 speed=4101516 rounds/sec avg|delta Q|=0.00541768 threshold=0.00500000
Training rounds=4500000000 speed=4101412 rounds/sec avg|delta Q|=0.00523348 threshold=0.00500000
Training rounds=4600000000 speed=4094702 rounds/sec avg|delta Q|=0.00517469 threshold=0.00500000
Training rounds=4700000000 speed=4093068 rounds/sec avg|delta Q|=0.00512022 threshold=0.00500000
Training rounds=4800000000 speed=4089858 rounds/sec avg|delta Q|=0.00518090 threshold=0.00500000
Training rounds=4900000000 speed=4085046 rounds/sec avg|delta Q|=0.00502180 threshold=0.00500000
Training rounds=5000000000 speed=4082719 rounds/sec avg|delta Q|=0.00499082 threshold=0.00500000

=== EvaluateCountPolicy ===
Command:          /home/pliops/BlackJackCounts/build/bin/EvaluateCountPolicy --game blackjack --count-name halves --policy full-deviations --output-dir /home/pliops/BlackJackCounts/paper_materials/performance-suites/h17c03_5b_named_counts_continuous/bj3-2/halves_d6/full_deviations --decks 6 --penetration 75 --ss17 false --peek true --surr no --das true --sas 4 --don ANY --rsa false --hsa false --bj 1.5 --factor 0.005 --bias -0.0063873 --count-normalization true --continuous-betting-count true --min-count -5 --max-count 5 --num-rounds 5000000000 --stop-mode diff --sample-rounds 100000000 --diff-threshold 0.005 --eval-rounds 5000000000 --kelly-rounds 1000000 --kelly-measurements 1000 --kelly-min 0.50 --kelly-max 1.00 --kelly-step 0.05 --max-total-wager-fraction 1.0 --num-threads 10 --seed 12345
Game:             blackjack
Scenario:         decks=6_ss17=False_das=True_sas=4_don=Any_reSplitAces=False_hitSplitAces=False_surr=no_peek=True_bj-pays=1.5
Penetration:      75.00000000%
Count:            named count halves
Policy:           fresh full deviations trained for the selected count
Spread:           5000000000 rounds, 1:10
Kelly:            1000 x 1000000 rounds per multiplier
Kelly search:     0.50000000 to 1.00000000 step 0.05000000
Total wager cap:  1.00000000 x round-start bankroll
Threads:          10
Seed:             12345
Output:           /home/pliops/BlackJackCounts/paper_materials/performance-suites/h17c03_5b_named_counts_continuous/bj3-2/halves_d6/full_deviations/

Count weights:
   2  0.500000000000
   3  1.000000000000
   4  1.000000000000
   5  1.500000000000
   6  1.000000000000
   7  0.500000000000
   8  0.000000000000
   9  -0.500000000000
  10  -1.000000000000
   J  -1.000000000000
   Q  -1.000000000000
   K  -1.000000000000
   A  -1.000000000000
Transform: running = 0.000000000000 + (0.000000000000 * decks) + tags; selected=true_count
Signal f(c) = -0.006387300000 + 0.005000000000 * c

Running spread and Kelly evaluations...

=== Result ===
Spread edge:               0.017374075600
Kelly growth @1:           1.000016910885
Kelly exposure rounds @1: 1000000000
Mean gross wager/bankroll: 0.002401043190
Max gross wager/bankroll:  0.420400011111
Mean |fX|:                 0.002230346397
Max |fX|:                  0.417413762963

Saved results to /home/pliops/BlackJackCounts/paper_materials/performance-suites/h17c03_5b_named_counts_continuous/bj3-2/halves_d6/full_deviations/
